2026-01-28 16:26:03.002 INFO  c.k.k.c.l.logback.LogbackConfigurator    - Logback default configuration initialized from: C:\Users\gopal.s\.katalon\packages\KSE-10.4.3\configuration\org.eclipse.osgi\133\0\.cp\resources\logback\logback-execution.xml
2026-01-28 16:26:03.027 INFO  c.k.k.c.l.logback.LogbackConfigurator    - Logback custom configuration initialized from: C:\Users\gopal.s\git\ProhanceWebApplication\Include\config\log.properties
2026-01-28 16:26:06.947 INFO  c.k.katalon.core.main.TestSuiteExecutor  - START Test Suites/general
2026-01-28 16:26:07.262 INFO  c.k.katalon.core.main.TestSuiteExecutor  - userFullName = Gopal
2026-01-28 16:26:07.265 INFO  c.k.katalon.core.main.TestSuiteExecutor  - projectName = ProhanceWebApplication
2026-01-28 16:26:07.267 INFO  c.k.katalon.core.main.TestSuiteExecutor  - hostName = gopal.s - JAMOCHA57.jamochahq.local
2026-01-28 16:26:07.269 INFO  c.k.katalon.core.main.TestSuiteExecutor  - os = Windows 11 64bit
2026-01-28 16:26:06.947 INFO  c.k.katalon.core.main.TestSuiteExecutor  - START Test Suites/general
2026-01-28 16:26:07.262 INFO  c.k.katalon.core.main.TestSuiteExecutor  - userFullName = Gopal
2026-01-28 16:26:07.265 INFO  c.k.katalon.core.main.TestSuiteExecutor  - projectName = ProhanceWebApplication
2026-01-28 16:26:07.267 INFO  c.k.katalon.core.main.TestSuiteExecutor  - hostName = gopal.s - JAMOCHA57.jamochahq.local
2026-01-28 16:26:07.269 INFO  c.k.katalon.core.main.TestSuiteExecutor  - os = Windows 11 64bit
2026-01-28 16:26:07.273 INFO  c.k.katalon.core.main.TestSuiteExecutor  - hostAddress = 10.10.10.136
2026-01-28 16:26:07.276 INFO  c.k.katalon.core.main.TestSuiteExecutor  - katalonVersion = 10.4.3.0
2026-01-28 16:26:09.457 INFO  c.k.katalon.core.main.TestCaseExecutor   - --------------------
2026-01-28 16:26:09.457 INFO  c.k.katalon.core.main.TestCaseExecutor   - START Test Cases/ProhanceWeb/General_TC/General_TC
2026-01-28 16:26:09.886 INFO  c.k.katalon.core.main.TestCaseExecutor   - userName = tsL9urF6O/D/xURRxzj/8w==
2026-01-28 16:26:09.891 INFO  c.k.katalon.core.main.TestCaseExecutor   - password = HeCM15nHKBI=
2026-01-28 16:26:09.897 INFO  c.k.katalon.core.main.TestCaseExecutor   - exportType = excel
2026-01-28 16:26:11.388 DEBUG testcase.General_TC                      - 1: callTestCase(findTestCase("Test Cases/ProhanceWeb/Login_Page/Login"), ["userName":userName, "password":password])
2026-01-28 16:26:12.374 INFO  c.k.katalon.core.main.TestCaseExecutor   - --------------------
2026-01-28 16:26:12.374 INFO  c.k.katalon.core.main.TestCaseExecutor   - CALL Test Cases/ProhanceWeb/Login_Page/Login
2026-01-28 16:26:12.547 INFO  c.k.katalon.core.main.TestCaseExecutor   - userName = tsL9urF6O/D/xURRxzj/8w==
2026-01-28 16:26:12.549 INFO  c.k.katalon.core.main.TestCaseExecutor   - password = HeCM15nHKBI=
2026-01-28 16:26:13.422 DEBUG testcase.Login                           - 1: openBrowser("")
2026-01-28 16:26:13.790 INFO  c.k.k.core.webui.driver.DriverFactory    - Starting 'Chrome' driver
2026-01-28 16:26:13.933 INFO  c.k.k.core.webui.driver.DriverFactory    - Action delay is set to 0 milliseconds
