2026-01-29 15:32:58.729 INFO  c.k.k.c.l.logback.LogbackConfigurator    - Logback default configuration initialized from: C:\Users\gopal.s\.katalon\packages\KSE-10.4.3\configuration\org.eclipse.osgi\133\0\.cp\resources\logback\logback-execution.xml
2026-01-29 15:32:58.734 INFO  c.k.k.c.l.logback.LogbackConfigurator    - Logback custom configuration initialized from: C:\Users\gopal.s\git\ProhanceWebApplication\Include\config\log.properties
2026-01-29 15:33:00.779 INFO  c.k.katalon.core.main.TestSuiteExecutor  - START Test Suites/Login_Genaral
2026-01-29 15:33:00.903 INFO  c.k.katalon.core.main.TestSuiteExecutor  - userFullName = Gopal
2026-01-29 15:33:00.906 INFO  c.k.katalon.core.main.TestSuiteExecutor  - projectName = ProhanceWebApplication
2026-01-29 15:33:00.908 INFO  c.k.katalon.core.main.TestSuiteExecutor  - hostName = gopal.s - JAMOCHA57.jamochahq.local
2026-01-29 15:33:00.909 INFO  c.k.katalon.core.main.TestSuiteExecutor  - os = Windows 11 64bit
2026-01-29 15:33:00.913 INFO  c.k.katalon.core.main.TestSuiteExecutor  - hostAddress = 10.10.10.136
2026-01-29 15:33:00.914 INFO  c.k.katalon.core.main.TestSuiteExecutor  - katalonVersion = 10.4.3.0
2026-01-29 15:33:01.506 INFO  c.k.katalon.core.main.TestCaseExecutor   - --------------------
2026-01-29 15:33:01.508 INFO  c.k.katalon.core.main.TestCaseExecutor   - START Test Cases/ProhanceWeb/Login_Page/Login
2026-01-29 15:33:01.594 INFO  c.k.katalon.core.main.TestCaseExecutor   - userName = tsL9urF6O/D/xURRxzj/8w==
2026-01-29 15:33:01.596 INFO  c.k.katalon.core.main.TestCaseExecutor   - password = HeCM15nHKBI=
2026-01-29 15:33:02.163 DEBUG testcase.Login                           - 1: openBrowser("")
2026-01-29 15:33:02.488 INFO  c.k.k.core.webui.driver.DriverFactory    - Starting 'Chrome' driver
2026-01-29 15:33:02.497 INFO  c.k.k.c.w.util.WebDriverPropertyUtil     - User set preference: ['prefs', '{download.default_directory=C:/Downloads, download.prompt_for_download=false, profile.default_content_settings.popups=0, safebrowsing.enabled=true}']
2026-01-29 15:33:02.498 INFO  c.k.k.c.w.util.WebDriverPropertyUtil     - User set preference: ['args', '[--safebrowsing-disable-download-protection]']
2026-01-29 15:33:02.563 INFO  c.k.k.core.webui.driver.DriverFactory    - Action delay is set to 0 milliseconds
Jan 29, 2026 3:34:09 PM org.openqa.selenium.devtools.CdpVersionFinder findNearestMatch
WARNING: Unable to find an exact match for CDP version 144, returning the closest version; found: 142; Please update to a Selenium version that supports CDP version 144
2026-01-29 15:34:09.953 INFO  c.k.k.core.webui.driver.DriverFactory    - sessionId = 1cd719b17c05110ced499e53d8e0579a
2026-01-29 15:34:09.956 INFO  c.k.k.core.webui.driver.DriverFactory    - browser = Chrome 144.0.7559.98
2026-01-29 15:34:09.958 INFO  c.k.k.core.webui.driver.DriverFactory    - platform = Windows 11
2026-01-29 15:34:09.958 INFO  c.k.k.core.webui.driver.DriverFactory    - seleniumVersion = 4.34.0
2026-01-29 15:34:09.969 INFO  c.k.k.core.webui.driver.DriverFactory    - proxyInformation = ProxyInformation { proxyOption=NO_PROXY, proxyServerType=HTTP, username=, password=********, proxyServerAddress=, proxyServerPort=0, executionList="", isApplyToDesiredCapabilities=true }
2026-01-29 15:34:10.027 DEBUG testcase.Login                           - 2: maximizeWindow()
2026-01-29 15:34:10.117 DEBUG testcase.Login                           - 3: waitForPageLoad(Delay, CONTINUE_ON_FAILURE)
2026-01-29 15:34:10.404 DEBUG testcase.Login                           - 4: navigateToUrl(URL)
2026-01-29 15:34:51.487 DEBUG testcase.Login                           - 5: try
2026-01-29 15:34:51.491 DEBUG testcase.Login                           - 1: setEncryptedText(findTestObject("Object Repository/Login/userName"), userName)
2026-01-29 15:34:52.428 DEBUG testcase.Login                           - 2: setEncryptedText(findTestObject("Object Repository/Login/Password"), password)
2026-01-29 15:34:52.923 DEBUG testcase.Login                           - 3: waitForElementClickable(findTestObject("Object Repository/Login/login_btn"), Delay)
2026-01-29 15:34:53.302 DEBUG testcase.Login                           - 4: click(findTestObject("Object Repository/Login/login_btn"))
2026-01-29 15:34:53.799 DEBUG testcase.Login                           - 5: if (waitForElementPresent(findTestObject("Object Repository/Login/session_Distroysession"), Delay, OPTIONAL))
2026-01-29 15:34:54.425 DEBUG testcase.Login                           - 1: waitForElementClickable(findTestObject("Object Repository/Login/session_Distroysession"), Delay, OPTIONAL)
2026-01-29 15:34:54.722 DEBUG testcase.Login                           - 2: click(findTestObject("Object Repository/Login/session_Distroysession"))
2026-01-29 15:34:55.184 DEBUG testcase.Login                           - 6: if (waitForElementPresent(findTestObject("Object Repository/Common/Accept Cookies"), Delay, OPTIONAL))
2026-01-29 15:34:56.843 DEBUG testcase.Login                           - 1: waitForElementClickable(findTestObject("Object Repository/Common/Accept Cookies"), Delay, OPTIONAL)
2026-01-29 15:34:57.134 DEBUG testcase.Login                           - 2: click(findTestObject("Object Repository/Common/Accept Cookies"))
2026-01-29 15:34:57.609 DEBUG testcase.Login                           - 7: Finally
2026-01-29 15:34:57.611 DEBUG testcase.Login                           - 1: timestamp = Date().format("yyyyMMdd_HHmmss")
2026-01-29 15:34:57.626 INFO  c.k.katalon.core.main.TestCaseExecutor   - END Test Cases/ProhanceWeb/Login_Page/Login
2026-01-29 15:34:57.679 INFO  c.k.katalon.core.main.TestCaseExecutor   - --------------------
2026-01-29 15:34:57.679 INFO  c.k.katalon.core.main.TestCaseExecutor   - START Test Cases/ProhanceWeb/Organization Settings/Activity DashBoard/ActivityDashBoard
2026-01-29 15:34:57.982 INFO  c.k.katalon.core.main.TestCaseExecutor   - exportType = excel
2026-01-29 15:34:57.984 INFO  c.k.katalon.core.main.TestCaseExecutor   - isFileDownload = true
2026-01-29 15:34:57.990 INFO  c.k.katalon.core.main.TestCaseExecutor   - isDataValion = false
2026-01-29 15:34:58.324 DEBUG testcase.ActivityDashBoard               - 1: explort = null
2026-01-29 15:34:58.326 DEBUG testcase.ActivityDashBoard               - 2: rows = null
2026-01-29 15:34:58.327 DEBUG testcase.ActivityDashBoard               - 3: webData = []
2026-01-29 15:34:58.330 DEBUG testcase.ActivityDashBoard               - 4: if (waitForElementPresent(findTestObject("Object Repository/Organization Settings/New Folder/Page_ProHance/a_WORK TIME"), Delay))
2026-01-29 15:34:58.607 DEBUG testcase.ActivityDashBoard               - 1: waitForElementClickable(findTestObject("Object Repository/Organization Settings/New Folder/Page_ProHance/a_WORK TIME"), Delay)
2026-01-29 15:34:58.923 DEBUG testcase.ActivityDashBoard               - 2: click(findTestObject("Object Repository/Organization Settings/New Folder/Page_ProHance/a_WORK TIME"))
2026-01-29 15:34:59.324 DEBUG testcase.ActivityDashBoard               - 3: waitForElementClickable(findTestObject("Object Repository/Organization Settings/New Folder/Page_ProHance/a_ACTIVITY DASHBOARD"), Delay)
2026-01-29 15:34:59.629 DEBUG testcase.ActivityDashBoard               - 4: click(findTestObject("Object Repository/Organization Settings/New Folder/Page_ProHance/a_ACTIVITY DASHBOARD"))
2026-01-29 15:35:00.059 DEBUG testcase.ActivityDashBoard               - 5: waitForElementClickable(findTestObject("Object Repository/Organization Settings/New Folder/Page_ProHance/First_Container"), Delay, STOP_ON_FAILURE)
2026-01-29 15:35:02.284 DEBUG testcase.ActivityDashBoard               - 6: click(findTestObject("Object Repository/Organization Settings/New Folder/Page_ProHance/First_Container"))
2026-01-29 15:35:03.051 DEBUG testcase.ActivityDashBoard               - 7: waitForPageLoad(Delay, STOP_ON_FAILURE)
2026-01-29 15:35:03.098 DEBUG testcase.ActivityDashBoard               - 8: waitForElementClickable(findTestObject("Object Repository/Organization Settings/New Folder/Page_ProHance/span_Top Applications For All Groups_drilld_ef368b"), Delay)
2026-01-29 15:35:03.627 DEBUG testcase.ActivityDashBoard               - 9: click(findTestObject("Object Repository/Organization Settings/New Folder/Page_ProHance/span_Top Applications For All Groups_drilld_ef368b"))
2026-01-29 15:35:04.302 DEBUG testcase.ActivityDashBoard               - 10: switchToWindowIndex(1)
2026-01-29 15:35:04.762 DEBUG testcase.ActivityDashBoard               - 11: waitForPageLoad(Delay, STOP_ON_FAILURE)
2026-01-29 15:35:04.811 DEBUG testcase.ActivityDashBoard               - 12: executeJavaScript("window.scrollTo(0, document.body.scrollHeight);", null)
2026-01-29 15:35:04.862 DEBUG testcase.ActivityDashBoard               - 13: if (isFileDownload)
2026-01-29 15:35:04.864 DEBUG testcase.ActivityDashBoard               - 1: com.prohancewebapplication.file.FileSizeFinder.exisitingFileDelete()
C:\Users\gopal.s\Downloads
2026-01-29 15:35:05.005 INFO  k.k.c.m.CustomKeywordDelegatingMetaClass - com.prohancewebapplication.file.FileSizeFinder.exisitingFileDelete is PASSED
2026-01-29 15:35:05.013 DEBUG testcase.ActivityDashBoard               - 2: explort = ((exportType != null)) ? exportType : false
2026-01-29 15:35:05.018 DEBUG testcase.ActivityDashBoard               - 3: browserName = getExecutedBrowser()
2026-01-29 15:35:05.022 DEBUG testcase.ActivityDashBoard               - 4: logInfo("Browser Name :" + " " + browserName)
2026-01-29 15:35:05.070 INFO  com.kms.katalon.core.util.KeywordUtil    - Browser Name : Chrome
2026-01-29 15:35:05.087 DEBUG testcase.ActivityDashBoard               - 5: xPath = com.prohanceebapplication.common.Export.export(explort)
2026-01-29 15:35:05.132 INFO  k.k.c.m.CustomKeywordDelegatingMetaClass - com.prohanceebapplication.common.Export.export is PASSED
2026-01-29 15:35:05.146 DEBUG testcase.ActivityDashBoard               - 6: out.println(xPath)
//span[.//img[@title='Export to Excel']]
2026-01-29 15:35:05.152 DEBUG testcase.ActivityDashBoard               - 7: if (xPath != null)
2026-01-29 15:35:05.153 DEBUG testcase.ActivityDashBoard               - 1: exportSpan = new com.kms.katalon.core.testobject.TestObject()
2026-01-29 15:35:05.163 DEBUG testcase.ActivityDashBoard               - 2: exportSpan.addProperty("xpath", EQUALS, xPath)
2026-01-29 15:35:05.177 DEBUG testcase.ActivityDashBoard               - 3: waitForElementPresent(exportSpan, Delay)
2026-01-29 15:35:06.700 DEBUG testcase.ActivityDashBoard               - 4: el = findWebElement(exportSpan, Delay)
2026-01-29 15:35:06.963 DEBUG testcase.ActivityDashBoard               - 5: executeJavaScript("arguments[0].scrollIntoView(true);", Arrays.asList(el))
2026-01-29 15:35:06.990 DEBUG testcase.ActivityDashBoard               - 6: executeJavaScript("arguments[0].click();", Arrays.asList(el))
2026-01-29 15:35:09.373 DEBUG testcase.ActivityDashBoard               - 8: if (isDataValion)
2026-01-29 15:35:09.375 DEBUG testcase.ActivityDashBoard               - 1: markError("...................................... : " + isDataValion)
2026-01-29 15:35:09.376 DEBUG testcase.ActivityDashBoard               - 2: rows = com.prohancewebapplication.webtable.Table.webTableDataReader(findTestObject("Object Repository/Organization Settings/Activity DashBoard/TopApplicationWebTable/FirstDrillDown/table_Id"), findTestObject("Object Repository/Organization Settings/Activity DashBoard/TopApplicationWebTable/FirstDrillDown/table_tr"))
2026-01-29 15:35:10.014 INFO  k.k.c.m.CustomKeywordDelegatingMetaClass - com.prohancewebapplication.webtable.Table.webTableDataReader is PASSED
2026-01-29 15:35:10.016 DEBUG testcase.ActivityDashBoard               - 3: if (rows != null)
2026-01-29 15:35:10.018 DEBUG testcase.ActivityDashBoard               - 1: com.prohanceapplication.webtableexcelvalidation.DataValidator.validateWebTableWithDownloadedExcel(rows)
2026-01-29 15:35:22.070 ERROR com.kms.katalon.core.util.KeywordUtil    - ❌ Excel file not found in Downloads
2026-01-29 15:35:22.073 ERROR k.k.c.m.CustomKeywordDelegatingMetaClass - ❌ com.kms.katalon.core.exception.StepFailedException: Excel file not found in Downloads
2026-01-29 15:35:22.087 DEBUG testcase.ActivityDashBoard               - 4: com.prohancewebapplication.file.FileSizeFinder.fileSize()
2026-01-29 15:35:22.091 INFO  k.k.c.m.CustomKeywordDelegatingMetaClass - com.prohancewebapplication.file.FileSizeFinder.fileSize is PASSED
2026-01-29 15:35:22.093 DEBUG testcase.ActivityDashBoard               - 14: switchToDefaultContent()
2026-01-29 15:35:22.125 DEBUG testcase.ActivityDashBoard               - 15: closeWindowIndex(1)
2026-01-29 15:35:22.247 DEBUG testcase.ActivityDashBoard               - 16: switchToWindowIndex(0)
2026-01-29 15:35:22.277 ERROR c.k.katalon.core.main.TestCaseExecutor   - ❌ Test Cases/ProhanceWeb/Organization Settings/Activity DashBoard/ActivityDashBoard FAILED.
Reason:
com.kms.katalon.core.exception.StepErrorException: ...................................... : false
	at com.kms.katalon.core.util.KeywordUtil.markError(KeywordUtil.java:67)
	at ActivityDashBoard.run(ActivityDashBoard:78)
	at com.kms.katalon.core.main.ScriptEngine.run(ScriptEngine.java:194)
	at com.kms.katalon.core.main.ScriptEngine.runScriptAsRawText(ScriptEngine.java:119)
	at com.kms.katalon.core.main.TestCaseExecutor.runScript(TestCaseExecutor.java:490)
	at com.kms.katalon.core.main.TestCaseExecutor.doExecute(TestCaseExecutor.java:481)
	at com.kms.katalon.core.main.TestCaseExecutor.processExecutionPhase(TestCaseExecutor.java:460)
	at com.kms.katalon.core.main.TestCaseExecutor.accessMainPhase(TestCaseExecutor.java:452)
	at com.kms.katalon.core.main.TestCaseExecutor.execute(TestCaseExecutor.java:322)
	at com.kms.katalon.core.common.CommonExecutor.accessTestCaseMainPhase(CommonExecutor.java:71)
	at com.kms.katalon.core.main.TestSuiteExecutor.accessTestSuiteMainPhase(TestSuiteExecutor.java:153)
	at com.kms.katalon.core.main.TestSuiteExecutor.execute(TestSuiteExecutor.java:110)
	at com.kms.katalon.core.main.TestCaseMain.startTestSuite(TestCaseMain.java:205)
	at TempTestSuite1769680971537.run(TempTestSuite1769680971537.groovy:35)
	at java.base/jdk.internal.reflect.NativeMethodAccessorImpl.invoke0(Native Method)
	at java.base/jdk.internal.reflect.NativeMethodAccessorImpl.invoke(NativeMethodAccessorImpl.java:77)
	at java.base/jdk.internal.reflect.DelegatingMethodAccessorImpl.invoke(DelegatingMethodAccessorImpl.java:43)

2026-01-29 15:35:22.279 INFO  c.k.katalon.core.main.TestCaseExecutor   - END Test Cases/ProhanceWeb/Organization Settings/Activity DashBoard/ActivityDashBoard
2026-01-29 15:35:22.282 INFO  c.k.katalon.core.main.TestCaseExecutor   - --------------------
2026-01-29 15:35:22.282 INFO  c.k.katalon.core.main.TestCaseExecutor   - START Test Cases/ProhanceWeb/Organization Settings/Activity DashBoard/ActivityDashBoard
2026-01-29 15:35:22.311 INFO  c.k.katalon.core.main.TestCaseExecutor   - exportType = excel
2026-01-29 15:35:22.313 INFO  c.k.katalon.core.main.TestCaseExecutor   - isFileDownload = true
2026-01-29 15:35:22.313 INFO  c.k.katalon.core.main.TestCaseExecutor   - isDataValion = false
2026-01-29 15:35:22.320 DEBUG testcase.ActivityDashBoard               - 1: explort = null
2026-01-29 15:35:22.322 DEBUG testcase.ActivityDashBoard               - 2: rows = null
2026-01-29 15:35:22.326 DEBUG testcase.ActivityDashBoard               - 3: webData = []
2026-01-29 15:35:22.328 DEBUG testcase.ActivityDashBoard               - 4: if (waitForElementPresent(findTestObject("Object Repository/Organization Settings/New Folder/Page_ProHance/a_WORK TIME"), Delay))
2026-01-29 15:35:22.623 DEBUG testcase.ActivityDashBoard               - 1: waitForElementClickable(findTestObject("Object Repository/Organization Settings/New Folder/Page_ProHance/a_WORK TIME"), Delay)
2026-01-29 15:35:22.987 DEBUG testcase.ActivityDashBoard               - 2: click(findTestObject("Object Repository/Organization Settings/New Folder/Page_ProHance/a_WORK TIME"))
2026-01-29 15:35:23.413 DEBUG testcase.ActivityDashBoard               - 3: waitForElementClickable(findTestObject("Object Repository/Organization Settings/New Folder/Page_ProHance/a_ACTIVITY DASHBOARD"), Delay)
2026-01-29 15:35:23.707 DEBUG testcase.ActivityDashBoard               - 4: click(findTestObject("Object Repository/Organization Settings/New Folder/Page_ProHance/a_ACTIVITY DASHBOARD"))
2026-01-29 15:35:24.112 DEBUG testcase.ActivityDashBoard               - 5: waitForElementClickable(findTestObject("Object Repository/Organization Settings/New Folder/Page_ProHance/First_Container"), Delay, STOP_ON_FAILURE)
2026-01-29 15:35:24.960 DEBUG testcase.ActivityDashBoard               - 6: click(findTestObject("Object Repository/Organization Settings/New Folder/Page_ProHance/First_Container"))
2026-01-29 15:35:25.515 DEBUG testcase.ActivityDashBoard               - 7: waitForPageLoad(Delay, STOP_ON_FAILURE)
2026-01-29 15:35:25.549 DEBUG testcase.ActivityDashBoard               - 8: waitForElementClickable(findTestObject("Object Repository/Organization Settings/New Folder/Page_ProHance/span_Top Applications For All Groups_drilld_ef368b"), Delay)
2026-01-29 15:35:26.066 DEBUG testcase.ActivityDashBoard               - 9: click(findTestObject("Object Repository/Organization Settings/New Folder/Page_ProHance/span_Top Applications For All Groups_drilld_ef368b"))
2026-01-29 15:35:26.541 DEBUG testcase.ActivityDashBoard               - 10: switchToWindowIndex(1)
2026-01-29 15:35:26.682 DEBUG testcase.ActivityDashBoard               - 11: waitForPageLoad(Delay, STOP_ON_FAILURE)
2026-01-29 15:35:26.773 DEBUG testcase.ActivityDashBoard               - 12: executeJavaScript("window.scrollTo(0, document.body.scrollHeight);", null)
2026-01-29 15:35:26.786 DEBUG testcase.ActivityDashBoard               - 13: if (isFileDownload)
2026-01-29 15:35:26.793 DEBUG testcase.ActivityDashBoard               - 1: com.prohancewebapplication.file.FileSizeFinder.exisitingFileDelete()
C:\Users\gopal.s\Downloads
2026-01-29 15:35:26.795 INFO  k.k.c.m.CustomKeywordDelegatingMetaClass - com.prohancewebapplication.file.FileSizeFinder.exisitingFileDelete is PASSED
2026-01-29 15:35:26.797 DEBUG testcase.ActivityDashBoard               - 2: explort = ((exportType != null)) ? exportType : false
2026-01-29 15:35:26.797 DEBUG testcase.ActivityDashBoard               - 3: browserName = getExecutedBrowser()
2026-01-29 15:35:26.799 DEBUG testcase.ActivityDashBoard               - 4: logInfo("Browser Name :" + " " + browserName)
2026-01-29 15:35:26.799 INFO  com.kms.katalon.core.util.KeywordUtil    - Browser Name : Chrome
2026-01-29 15:35:26.804 DEBUG testcase.ActivityDashBoard               - 5: xPath = com.prohanceebapplication.common.Export.export(explort)
2026-01-29 15:35:26.805 INFO  k.k.c.m.CustomKeywordDelegatingMetaClass - com.prohanceebapplication.common.Export.export is PASSED
2026-01-29 15:35:26.806 DEBUG testcase.ActivityDashBoard               - 6: out.println(xPath)
//span[.//img[@title='Export to Excel']]
2026-01-29 15:35:26.808 DEBUG testcase.ActivityDashBoard               - 7: if (xPath != null)
2026-01-29 15:35:26.809 DEBUG testcase.ActivityDashBoard               - 1: exportSpan = new com.kms.katalon.core.testobject.TestObject()
2026-01-29 15:35:26.811 DEBUG testcase.ActivityDashBoard               - 2: exportSpan.addProperty("xpath", EQUALS, xPath)
2026-01-29 15:35:26.812 DEBUG testcase.ActivityDashBoard               - 3: waitForElementPresent(exportSpan, Delay)
2026-01-29 15:35:27.886 DEBUG testcase.ActivityDashBoard               - 4: el = findWebElement(exportSpan, Delay)
2026-01-29 15:35:28.121 DEBUG testcase.ActivityDashBoard               - 5: executeJavaScript("arguments[0].scrollIntoView(true);", Arrays.asList(el))
2026-01-29 15:35:28.159 DEBUG testcase.ActivityDashBoard               - 6: executeJavaScript("arguments[0].click();", Arrays.asList(el))
2026-01-29 15:35:30.472 DEBUG testcase.ActivityDashBoard               - 8: if (isDataValion)
2026-01-29 15:35:30.477 DEBUG testcase.ActivityDashBoard               - 1: markError("...................................... : " + isDataValion)
2026-01-29 15:35:30.479 DEBUG testcase.ActivityDashBoard               - 2: rows = com.prohancewebapplication.webtable.Table.webTableDataReader(findTestObject("Object Repository/Organization Settings/Activity DashBoard/TopApplicationWebTable/FirstDrillDown/table_Id"), findTestObject("Object Repository/Organization Settings/Activity DashBoard/TopApplicationWebTable/FirstDrillDown/table_tr"))
2026-01-29 15:35:31.020 INFO  k.k.c.m.CustomKeywordDelegatingMetaClass - com.prohancewebapplication.webtable.Table.webTableDataReader is PASSED
2026-01-29 15:35:31.022 DEBUG testcase.ActivityDashBoard               - 3: if (rows != null)
2026-01-29 15:35:31.024 DEBUG testcase.ActivityDashBoard               - 1: com.prohanceapplication.webtableexcelvalidation.DataValidator.validateWebTableWithDownloadedExcel(rows)
2026-01-29 15:35:42.365 ERROR com.kms.katalon.core.util.KeywordUtil    - ❌ Excel file not found in Downloads
2026-01-29 15:35:42.365 ERROR k.k.c.m.CustomKeywordDelegatingMetaClass - ❌ com.kms.katalon.core.exception.StepFailedException: Excel file not found in Downloads
2026-01-29 15:35:42.365 DEBUG testcase.ActivityDashBoard               - 4: com.prohancewebapplication.file.FileSizeFinder.fileSize()
2026-01-29 15:35:42.370 INFO  k.k.c.m.CustomKeywordDelegatingMetaClass - com.prohancewebapplication.file.FileSizeFinder.fileSize is PASSED
2026-01-29 15:35:42.370 DEBUG testcase.ActivityDashBoard               - 14: switchToDefaultContent()
2026-01-29 15:35:42.380 DEBUG testcase.ActivityDashBoard               - 15: closeWindowIndex(1)
2026-01-29 15:35:42.450 DEBUG testcase.ActivityDashBoard               - 16: switchToWindowIndex(0)
2026-01-29 15:35:42.464 ERROR c.k.katalon.core.main.TestCaseExecutor   - ❌ Test Cases/ProhanceWeb/Organization Settings/Activity DashBoard/ActivityDashBoard FAILED.
Reason:
com.kms.katalon.core.exception.StepErrorException: ...................................... : false
	at com.kms.katalon.core.util.KeywordUtil.markError(KeywordUtil.java:67)
	at ActivityDashBoard.run(ActivityDashBoard:78)
	at com.kms.katalon.core.main.ScriptEngine.run(ScriptEngine.java:194)
	at com.kms.katalon.core.main.ScriptEngine.runScriptAsRawText(ScriptEngine.java:119)
	at com.kms.katalon.core.main.TestCaseExecutor.runScript(TestCaseExecutor.java:490)
	at com.kms.katalon.core.main.TestCaseExecutor.doExecute(TestCaseExecutor.java:481)
	at com.kms.katalon.core.main.TestCaseExecutor.processExecutionPhase(TestCaseExecutor.java:460)
	at com.kms.katalon.core.main.TestCaseExecutor.accessMainPhase(TestCaseExecutor.java:452)
	at com.kms.katalon.core.main.TestCaseExecutor.execute(TestCaseExecutor.java:322)
	at com.kms.katalon.core.main.TestCaseExecutor.execute(TestCaseExecutor.java:410)
	at com.kms.katalon.core.common.CommonExecutor.accessTestCaseMainPhase(CommonExecutor.java:71)
	at com.kms.katalon.core.main.TestSuiteExecutor.accessTestSuiteMainPhase(TestSuiteExecutor.java:153)
	at com.kms.katalon.core.main.TestSuiteExecutor.execute(TestSuiteExecutor.java:110)
	at com.kms.katalon.core.main.TestCaseMain.startTestSuite(TestCaseMain.java:205)
	at TempTestSuite1769680971537.run(TempTestSuite1769680971537.groovy:35)
	at java.base/jdk.internal.reflect.NativeMethodAccessorImpl.invoke0(Native Method)
	at java.base/jdk.internal.reflect.NativeMethodAccessorImpl.invoke(NativeMethodAccessorImpl.java:77)
	at java.base/jdk.internal.reflect.DelegatingMethodAccessorImpl.invoke(DelegatingMethodAccessorImpl.java:43)

2026-01-29 15:35:42.466 INFO  c.k.katalon.core.main.TestCaseExecutor   - END Test Cases/ProhanceWeb/Organization Settings/Activity DashBoard/ActivityDashBoard
2026-01-29 15:35:42.469 INFO  c.k.katalon.core.main.TestCaseExecutor   - --------------------
2026-01-29 15:35:42.469 INFO  c.k.katalon.core.main.TestCaseExecutor   - START Test Cases/ProhanceWeb/Organization Settings/Activity DashBoard/ActivityDashBoard
2026-01-29 15:35:42.485 INFO  c.k.katalon.core.main.TestCaseExecutor   - exportType = excel
2026-01-29 15:35:42.485 INFO  c.k.katalon.core.main.TestCaseExecutor   - isFileDownload = true
2026-01-29 15:35:42.485 INFO  c.k.katalon.core.main.TestCaseExecutor   - isDataValion = false
2026-01-29 15:35:42.488 DEBUG testcase.ActivityDashBoard               - 1: explort = null
2026-01-29 15:35:42.490 DEBUG testcase.ActivityDashBoard               - 2: rows = null
2026-01-29 15:35:42.492 DEBUG testcase.ActivityDashBoard               - 3: webData = []
2026-01-29 15:35:42.492 DEBUG testcase.ActivityDashBoard               - 4: if (waitForElementPresent(findTestObject("Object Repository/Organization Settings/New Folder/Page_ProHance/a_WORK TIME"), Delay))
2026-01-29 15:35:42.774 DEBUG testcase.ActivityDashBoard               - 1: waitForElementClickable(findTestObject("Object Repository/Organization Settings/New Folder/Page_ProHance/a_WORK TIME"), Delay)
2026-01-29 15:35:43.076 DEBUG testcase.ActivityDashBoard               - 2: click(findTestObject("Object Repository/Organization Settings/New Folder/Page_ProHance/a_WORK TIME"))
2026-01-29 15:35:43.451 DEBUG testcase.ActivityDashBoard               - 3: waitForElementClickable(findTestObject("Object Repository/Organization Settings/New Folder/Page_ProHance/a_ACTIVITY DASHBOARD"), Delay)
2026-01-29 15:35:43.748 DEBUG testcase.ActivityDashBoard               - 4: click(findTestObject("Object Repository/Organization Settings/New Folder/Page_ProHance/a_ACTIVITY DASHBOARD"))
2026-01-29 15:35:44.162 DEBUG testcase.ActivityDashBoard               - 5: waitForElementClickable(findTestObject("Object Repository/Organization Settings/New Folder/Page_ProHance/First_Container"), Delay, STOP_ON_FAILURE)
2026-01-29 15:35:45.049 DEBUG testcase.ActivityDashBoard               - 6: click(findTestObject("Object Repository/Organization Settings/New Folder/Page_ProHance/First_Container"))
2026-01-29 15:35:45.607 DEBUG testcase.ActivityDashBoard               - 7: waitForPageLoad(Delay, STOP_ON_FAILURE)
2026-01-29 15:35:45.640 DEBUG testcase.ActivityDashBoard               - 8: waitForElementClickable(findTestObject("Object Repository/Organization Settings/New Folder/Page_ProHance/span_Top Applications For All Groups_drilld_ef368b"), Delay)
2026-01-29 15:35:46.252 DEBUG testcase.ActivityDashBoard               - 9: click(findTestObject("Object Repository/Organization Settings/New Folder/Page_ProHance/span_Top Applications For All Groups_drilld_ef368b"))
2026-01-29 15:35:46.753 DEBUG testcase.ActivityDashBoard               - 10: switchToWindowIndex(1)
2026-01-29 15:35:46.875 DEBUG testcase.ActivityDashBoard               - 11: waitForPageLoad(Delay, STOP_ON_FAILURE)
2026-01-29 15:35:46.991 DEBUG testcase.ActivityDashBoard               - 12: executeJavaScript("window.scrollTo(0, document.body.scrollHeight);", null)
2026-01-29 15:35:47.001 DEBUG testcase.ActivityDashBoard               - 13: if (isFileDownload)
2026-01-29 15:35:47.001 DEBUG testcase.ActivityDashBoard               - 1: com.prohancewebapplication.file.FileSizeFinder.exisitingFileDelete()
C:\Users\gopal.s\Downloads
2026-01-29 15:35:47.002 INFO  k.k.c.m.CustomKeywordDelegatingMetaClass - com.prohancewebapplication.file.FileSizeFinder.exisitingFileDelete is PASSED
2026-01-29 15:35:47.003 DEBUG testcase.ActivityDashBoard               - 2: explort = ((exportType != null)) ? exportType : false
2026-01-29 15:35:47.003 DEBUG testcase.ActivityDashBoard               - 3: browserName = getExecutedBrowser()
2026-01-29 15:35:47.004 DEBUG testcase.ActivityDashBoard               - 4: logInfo("Browser Name :" + " " + browserName)
2026-01-29 15:35:47.006 INFO  com.kms.katalon.core.util.KeywordUtil    - Browser Name : Chrome
2026-01-29 15:35:47.007 DEBUG testcase.ActivityDashBoard               - 5: xPath = com.prohanceebapplication.common.Export.export(explort)
2026-01-29 15:35:47.007 INFO  k.k.c.m.CustomKeywordDelegatingMetaClass - com.prohanceebapplication.common.Export.export is PASSED
2026-01-29 15:35:47.007 DEBUG testcase.ActivityDashBoard               - 6: out.println(xPath)
//span[.//img[@title='Export to Excel']]
2026-01-29 15:35:47.007 DEBUG testcase.ActivityDashBoard               - 7: if (xPath != null)
2026-01-29 15:35:47.007 DEBUG testcase.ActivityDashBoard               - 1: exportSpan = new com.kms.katalon.core.testobject.TestObject()
2026-01-29 15:35:47.007 DEBUG testcase.ActivityDashBoard               - 2: exportSpan.addProperty("xpath", EQUALS, xPath)
2026-01-29 15:35:47.007 DEBUG testcase.ActivityDashBoard               - 3: waitForElementPresent(exportSpan, Delay)
2026-01-29 15:35:48.124 DEBUG testcase.ActivityDashBoard               - 4: el = findWebElement(exportSpan, Delay)
2026-01-29 15:35:48.397 DEBUG testcase.ActivityDashBoard               - 5: executeJavaScript("arguments[0].scrollIntoView(true);", Arrays.asList(el))
2026-01-29 15:35:48.415 DEBUG testcase.ActivityDashBoard               - 6: executeJavaScript("arguments[0].click();", Arrays.asList(el))
2026-01-29 15:35:50.673 DEBUG testcase.ActivityDashBoard               - 8: if (isDataValion)
2026-01-29 15:35:50.675 DEBUG testcase.ActivityDashBoard               - 1: markError("...................................... : " + isDataValion)
2026-01-29 15:35:50.679 DEBUG testcase.ActivityDashBoard               - 2: rows = com.prohancewebapplication.webtable.Table.webTableDataReader(findTestObject("Object Repository/Organization Settings/Activity DashBoard/TopApplicationWebTable/FirstDrillDown/table_Id"), findTestObject("Object Repository/Organization Settings/Activity DashBoard/TopApplicationWebTable/FirstDrillDown/table_tr"))
2026-01-29 15:35:51.222 INFO  k.k.c.m.CustomKeywordDelegatingMetaClass - com.prohancewebapplication.webtable.Table.webTableDataReader is PASSED
2026-01-29 15:35:51.222 DEBUG testcase.ActivityDashBoard               - 3: if (rows != null)
2026-01-29 15:35:51.238 DEBUG testcase.ActivityDashBoard               - 1: com.prohanceapplication.webtableexcelvalidation.DataValidator.validateWebTableWithDownloadedExcel(rows)
2026-01-29 15:36:02.562 ERROR com.kms.katalon.core.util.KeywordUtil    - ❌ Excel file not found in Downloads
2026-01-29 15:36:02.562 ERROR k.k.c.m.CustomKeywordDelegatingMetaClass - ❌ com.kms.katalon.core.exception.StepFailedException: Excel file not found in Downloads
2026-01-29 15:36:02.567 DEBUG testcase.ActivityDashBoard               - 4: com.prohancewebapplication.file.FileSizeFinder.fileSize()
2026-01-29 15:36:02.567 INFO  k.k.c.m.CustomKeywordDelegatingMetaClass - com.prohancewebapplication.file.FileSizeFinder.fileSize is PASSED
2026-01-29 15:36:02.567 DEBUG testcase.ActivityDashBoard               - 14: switchToDefaultContent()
2026-01-29 15:36:02.569 DEBUG testcase.ActivityDashBoard               - 15: closeWindowIndex(1)
2026-01-29 15:36:02.635 DEBUG testcase.ActivityDashBoard               - 16: switchToWindowIndex(0)
2026-01-29 15:36:02.652 ERROR c.k.katalon.core.main.TestCaseExecutor   - ❌ Test Cases/ProhanceWeb/Organization Settings/Activity DashBoard/ActivityDashBoard FAILED.
Reason:
com.kms.katalon.core.exception.StepErrorException: ...................................... : false
	at com.kms.katalon.core.util.KeywordUtil.markError(KeywordUtil.java:67)
	at ActivityDashBoard.run(ActivityDashBoard:78)
	at com.kms.katalon.core.main.ScriptEngine.run(ScriptEngine.java:194)
	at com.kms.katalon.core.main.ScriptEngine.runScriptAsRawText(ScriptEngine.java:119)
	at com.kms.katalon.core.main.TestCaseExecutor.runScript(TestCaseExecutor.java:490)
	at com.kms.katalon.core.main.TestCaseExecutor.doExecute(TestCaseExecutor.java:481)
	at com.kms.katalon.core.main.TestCaseExecutor.processExecutionPhase(TestCaseExecutor.java:460)
	at com.kms.katalon.core.main.TestCaseExecutor.accessMainPhase(TestCaseExecutor.java:452)
	at com.kms.katalon.core.main.TestCaseExecutor.execute(TestCaseExecutor.java:322)
	at com.kms.katalon.core.main.TestCaseExecutor.execute(TestCaseExecutor.java:410)
	at com.kms.katalon.core.main.TestCaseExecutor.execute(TestCaseExecutor.java:410)
	at com.kms.katalon.core.common.CommonExecutor.accessTestCaseMainPhase(CommonExecutor.java:71)
	at com.kms.katalon.core.main.TestSuiteExecutor.accessTestSuiteMainPhase(TestSuiteExecutor.java:153)
	at com.kms.katalon.core.main.TestSuiteExecutor.execute(TestSuiteExecutor.java:110)
	at com.kms.katalon.core.main.TestCaseMain.startTestSuite(TestCaseMain.java:205)
	at TempTestSuite1769680971537.run(TempTestSuite1769680971537.groovy:35)
	at java.base/jdk.internal.reflect.NativeMethodAccessorImpl.invoke0(Native Method)
	at java.base/jdk.internal.reflect.NativeMethodAccessorImpl.invoke(NativeMethodAccessorImpl.java:77)
	at java.base/jdk.internal.reflect.DelegatingMethodAccessorImpl.invoke(DelegatingMethodAccessorImpl.java:43)

2026-01-29 15:36:02.655 INFO  c.k.katalon.core.main.TestCaseExecutor   - END Test Cases/ProhanceWeb/Organization Settings/Activity DashBoard/ActivityDashBoard
2026-01-29 15:36:02.659 INFO  c.k.katalon.core.main.TestCaseExecutor   - --------------------
2026-01-29 15:36:02.659 INFO  c.k.katalon.core.main.TestCaseExecutor   - START Test Cases/ProhanceWeb/Organization Settings/Activity DashBoard/ActivityDashBoard
2026-01-29 15:36:02.678 INFO  c.k.katalon.core.main.TestCaseExecutor   - exportType = excel
2026-01-29 15:36:02.678 INFO  c.k.katalon.core.main.TestCaseExecutor   - isFileDownload = true
2026-01-29 15:36:02.678 INFO  c.k.katalon.core.main.TestCaseExecutor   - isDataValion = false
2026-01-29 15:36:02.680 DEBUG testcase.ActivityDashBoard               - 1: explort = null
2026-01-29 15:36:02.680 DEBUG testcase.ActivityDashBoard               - 2: rows = null
2026-01-29 15:36:02.680 DEBUG testcase.ActivityDashBoard               - 3: webData = []
2026-01-29 15:36:02.682 DEBUG testcase.ActivityDashBoard               - 4: if (waitForElementPresent(findTestObject("Object Repository/Organization Settings/New Folder/Page_ProHance/a_WORK TIME"), Delay))
2026-01-29 15:36:02.953 DEBUG testcase.ActivityDashBoard               - 1: waitForElementClickable(findTestObject("Object Repository/Organization Settings/New Folder/Page_ProHance/a_WORK TIME"), Delay)
2026-01-29 15:36:03.241 DEBUG testcase.ActivityDashBoard               - 2: click(findTestObject("Object Repository/Organization Settings/New Folder/Page_ProHance/a_WORK TIME"))
2026-01-29 15:36:03.642 DEBUG testcase.ActivityDashBoard               - 3: waitForElementClickable(findTestObject("Object Repository/Organization Settings/New Folder/Page_ProHance/a_ACTIVITY DASHBOARD"), Delay)
2026-01-29 15:36:03.939 DEBUG testcase.ActivityDashBoard               - 4: click(findTestObject("Object Repository/Organization Settings/New Folder/Page_ProHance/a_ACTIVITY DASHBOARD"))
2026-01-29 15:36:04.308 DEBUG testcase.ActivityDashBoard               - 5: waitForElementClickable(findTestObject("Object Repository/Organization Settings/New Folder/Page_ProHance/First_Container"), Delay, STOP_ON_FAILURE)
2026-01-29 15:36:05.186 DEBUG testcase.ActivityDashBoard               - 6: click(findTestObject("Object Repository/Organization Settings/New Folder/Page_ProHance/First_Container"))
2026-01-29 15:36:05.763 DEBUG testcase.ActivityDashBoard               - 7: waitForPageLoad(Delay, STOP_ON_FAILURE)
2026-01-29 15:36:05.800 DEBUG testcase.ActivityDashBoard               - 8: waitForElementClickable(findTestObject("Object Repository/Organization Settings/New Folder/Page_ProHance/span_Top Applications For All Groups_drilld_ef368b"), Delay)
2026-01-29 15:36:06.406 DEBUG testcase.ActivityDashBoard               - 9: click(findTestObject("Object Repository/Organization Settings/New Folder/Page_ProHance/span_Top Applications For All Groups_drilld_ef368b"))
2026-01-29 15:36:06.889 DEBUG testcase.ActivityDashBoard               - 10: switchToWindowIndex(1)
2026-01-29 15:36:07.024 DEBUG testcase.ActivityDashBoard               - 11: waitForPageLoad(Delay, STOP_ON_FAILURE)
2026-01-29 15:36:07.102 DEBUG testcase.ActivityDashBoard               - 12: executeJavaScript("window.scrollTo(0, document.body.scrollHeight);", null)
2026-01-29 15:36:07.115 DEBUG testcase.ActivityDashBoard               - 13: if (isFileDownload)
2026-01-29 15:36:07.115 DEBUG testcase.ActivityDashBoard               - 1: com.prohancewebapplication.file.FileSizeFinder.exisitingFileDelete()
C:\Users\gopal.s\Downloads
2026-01-29 15:36:07.116 INFO  k.k.c.m.CustomKeywordDelegatingMetaClass - com.prohancewebapplication.file.FileSizeFinder.exisitingFileDelete is PASSED
2026-01-29 15:36:07.117 DEBUG testcase.ActivityDashBoard               - 2: explort = ((exportType != null)) ? exportType : false
2026-01-29 15:36:07.117 DEBUG testcase.ActivityDashBoard               - 3: browserName = getExecutedBrowser()
2026-01-29 15:36:07.118 DEBUG testcase.ActivityDashBoard               - 4: logInfo("Browser Name :" + " " + browserName)
2026-01-29 15:36:07.118 INFO  com.kms.katalon.core.util.KeywordUtil    - Browser Name : Chrome
2026-01-29 15:36:07.118 DEBUG testcase.ActivityDashBoard               - 5: xPath = com.prohanceebapplication.common.Export.export(explort)
2026-01-29 15:36:07.120 INFO  k.k.c.m.CustomKeywordDelegatingMetaClass - com.prohanceebapplication.common.Export.export is PASSED
2026-01-29 15:36:07.120 DEBUG testcase.ActivityDashBoard               - 6: out.println(xPath)
//span[.//img[@title='Export to Excel']]
2026-01-29 15:36:07.120 DEBUG testcase.ActivityDashBoard               - 7: if (xPath != null)
2026-01-29 15:36:07.121 DEBUG testcase.ActivityDashBoard               - 1: exportSpan = new com.kms.katalon.core.testobject.TestObject()
2026-01-29 15:36:07.121 DEBUG testcase.ActivityDashBoard               - 2: exportSpan.addProperty("xpath", EQUALS, xPath)
2026-01-29 15:36:07.122 DEBUG testcase.ActivityDashBoard               - 3: waitForElementPresent(exportSpan, Delay)
2026-01-29 15:36:08.205 DEBUG testcase.ActivityDashBoard               - 4: el = findWebElement(exportSpan, Delay)
2026-01-29 15:36:08.449 DEBUG testcase.ActivityDashBoard               - 5: executeJavaScript("arguments[0].scrollIntoView(true);", Arrays.asList(el))
2026-01-29 15:36:08.469 DEBUG testcase.ActivityDashBoard               - 6: executeJavaScript("arguments[0].click();", Arrays.asList(el))
2026-01-29 15:36:10.764 DEBUG testcase.ActivityDashBoard               - 8: if (isDataValion)
2026-01-29 15:36:10.764 DEBUG testcase.ActivityDashBoard               - 1: markError("...................................... : " + isDataValion)
2026-01-29 15:36:10.764 DEBUG testcase.ActivityDashBoard               - 2: rows = com.prohancewebapplication.webtable.Table.webTableDataReader(findTestObject("Object Repository/Organization Settings/Activity DashBoard/TopApplicationWebTable/FirstDrillDown/table_Id"), findTestObject("Object Repository/Organization Settings/Activity DashBoard/TopApplicationWebTable/FirstDrillDown/table_tr"))
2026-01-29 15:36:11.297 INFO  k.k.c.m.CustomKeywordDelegatingMetaClass - com.prohancewebapplication.webtable.Table.webTableDataReader is PASSED
2026-01-29 15:36:11.297 DEBUG testcase.ActivityDashBoard               - 3: if (rows != null)
2026-01-29 15:36:11.297 DEBUG testcase.ActivityDashBoard               - 1: com.prohanceapplication.webtableexcelvalidation.DataValidator.validateWebTableWithDownloadedExcel(rows)
2026-01-29 15:36:22.709 ERROR com.kms.katalon.core.util.KeywordUtil    - ❌ Excel file not found in Downloads
2026-01-29 15:36:22.709 ERROR k.k.c.m.CustomKeywordDelegatingMetaClass - ❌ com.kms.katalon.core.exception.StepFailedException: Excel file not found in Downloads
2026-01-29 15:36:22.709 DEBUG testcase.ActivityDashBoard               - 4: com.prohancewebapplication.file.FileSizeFinder.fileSize()
2026-01-29 15:36:22.709 INFO  k.k.c.m.CustomKeywordDelegatingMetaClass - com.prohancewebapplication.file.FileSizeFinder.fileSize is PASSED
2026-01-29 15:36:22.709 DEBUG testcase.ActivityDashBoard               - 14: switchToDefaultContent()
2026-01-29 15:36:22.724 DEBUG testcase.ActivityDashBoard               - 15: closeWindowIndex(1)
2026-01-29 15:36:22.789 DEBUG testcase.ActivityDashBoard               - 16: switchToWindowIndex(0)
2026-01-29 15:36:22.805 ERROR c.k.katalon.core.main.TestCaseExecutor   - ❌ Test Cases/ProhanceWeb/Organization Settings/Activity DashBoard/ActivityDashBoard FAILED.
Reason:
com.kms.katalon.core.exception.StepErrorException: ...................................... : false
	at com.kms.katalon.core.util.KeywordUtil.markError(KeywordUtil.java:67)
	at ActivityDashBoard.run(ActivityDashBoard:78)
	at com.kms.katalon.core.main.ScriptEngine.run(ScriptEngine.java:194)
	at com.kms.katalon.core.main.ScriptEngine.runScriptAsRawText(ScriptEngine.java:119)
	at com.kms.katalon.core.main.TestCaseExecutor.runScript(TestCaseExecutor.java:490)
	at com.kms.katalon.core.main.TestCaseExecutor.doExecute(TestCaseExecutor.java:481)
	at com.kms.katalon.core.main.TestCaseExecutor.processExecutionPhase(TestCaseExecutor.java:460)
	at com.kms.katalon.core.main.TestCaseExecutor.accessMainPhase(TestCaseExecutor.java:452)
	at com.kms.katalon.core.main.TestCaseExecutor.execute(TestCaseExecutor.java:322)
	at com.kms.katalon.core.main.TestCaseExecutor.execute(TestCaseExecutor.java:410)
	at com.kms.katalon.core.main.TestCaseExecutor.execute(TestCaseExecutor.java:410)
	at com.kms.katalon.core.main.TestCaseExecutor.execute(TestCaseExecutor.java:410)
	at com.kms.katalon.core.common.CommonExecutor.accessTestCaseMainPhase(CommonExecutor.java:71)
	at com.kms.katalon.core.main.TestSuiteExecutor.accessTestSuiteMainPhase(TestSuiteExecutor.java:153)
	at com.kms.katalon.core.main.TestSuiteExecutor.execute(TestSuiteExecutor.java:110)
	at com.kms.katalon.core.main.TestCaseMain.startTestSuite(TestCaseMain.java:205)
	at TempTestSuite1769680971537.run(TempTestSuite1769680971537.groovy:35)
	at java.base/jdk.internal.reflect.NativeMethodAccessorImpl.invoke0(Native Method)
	at java.base/jdk.internal.reflect.NativeMethodAccessorImpl.invoke(NativeMethodAccessorImpl.java:77)
	at java.base/jdk.internal.reflect.DelegatingMethodAccessorImpl.invoke(DelegatingMethodAccessorImpl.java:43)

2026-01-29 15:36:22.807 INFO  c.k.katalon.core.main.TestCaseExecutor   - END Test Cases/ProhanceWeb/Organization Settings/Activity DashBoard/ActivityDashBoard
2026-01-29 15:36:22.811 INFO  c.k.katalon.core.main.TestCaseExecutor   - --------------------
2026-01-29 15:36:22.811 INFO  c.k.katalon.core.main.TestCaseExecutor   - START Test Cases/ProhanceWeb/LogOut_Page/LogOut
2026-01-29 15:36:22.915 DEBUG testcase.LogOut                          - 1: try
2026-01-29 15:36:22.915 DEBUG testcase.LogOut                          - 1: waitForElementPresent(findTestObject("Object Repository/Logout/userProfileIcon"), Delay)
2026-01-29 15:36:23.183 DEBUG testcase.LogOut                          - 2: click(findTestObject("Object Repository/Logout/userProfileIcon"), STOP_ON_FAILURE)
2026-01-29 15:36:23.546 DEBUG testcase.LogOut                          - 3: waitForElementPresent(findTestObject("Object Repository/Logout/logOut"), Delay)
2026-01-29 15:36:24.047 DEBUG testcase.LogOut                          - 4: click(findTestObject("Object Repository/Logout/logOut"), STOP_ON_FAILURE)
2026-01-29 15:36:24.602 INFO  c.k.katalon.core.main.TestCaseExecutor   - END Test Cases/ProhanceWeb/LogOut_Page/LogOut
2026-01-29 15:36:25.051 INFO  c.k.katalon.core.main.TestSuiteExecutor  - --------------------
2026-01-29 15:36:25.051 INFO  c.k.katalon.core.main.TestSuiteExecutor  - END Test Suites/Login_Genaral
2026-01-29 15:36:25.051 INFO  c.k.katalon.core.main.TestSuiteExecutor  - ====================
