2026-01-28 12:39:35.655 INFO  c.k.k.c.l.logback.LogbackConfigurator    - Logback default configuration initialized from: C:\Users\gopal.s\.katalon\packages\KSE-10.4.3\configuration\org.eclipse.osgi\133\0\.cp\resources\logback\logback-execution.xml
2026-01-28 12:39:35.660 INFO  c.k.k.c.l.logback.LogbackConfigurator    - Logback custom configuration initialized from: C:\Users\gopal.s\git\ProhanceWebApplication\Include\config\log.properties
2026-01-28 12:39:37.712 INFO  c.k.katalon.core.main.TestSuiteExecutor  - START Test Suites/Login_Genaral
2026-01-28 12:39:37.824 INFO  c.k.katalon.core.main.TestSuiteExecutor  - userFullName = Gopal
2026-01-28 12:39:37.828 INFO  c.k.katalon.core.main.TestSuiteExecutor  - projectName = ProhanceWebApplication
2026-01-28 12:39:37.830 INFO  c.k.katalon.core.main.TestSuiteExecutor  - hostName = gopal.s - JAMOCHA57.jamochahq.local
2026-01-28 12:39:37.831 INFO  c.k.katalon.core.main.TestSuiteExecutor  - os = Windows 11 64bit
2026-01-28 12:39:37.834 INFO  c.k.katalon.core.main.TestSuiteExecutor  - hostAddress = 10.10.10.136
2026-01-28 12:39:37.837 INFO  c.k.katalon.core.main.TestSuiteExecutor  - katalonVersion = 10.4.3.0
2026-01-28 12:39:38.562 INFO  c.k.katalon.core.main.TestCaseExecutor   - --------------------
2026-01-28 12:39:38.562 INFO  c.k.katalon.core.main.TestCaseExecutor   - START Test Cases/ProhanceWeb/Login_Page/Login
2026-01-28 12:39:38.651 INFO  c.k.katalon.core.main.TestCaseExecutor   - userName = tsL9urF6O/D/xURRxzj/8w==
2026-01-28 12:39:38.653 INFO  c.k.katalon.core.main.TestCaseExecutor   - password = tsL9urF6O/APwsPS+50KRA==
2026-01-28 12:39:39.226 DEBUG testcase.Login                           - 1: openBrowser("")
2026-01-28 12:39:39.541 INFO  c.k.k.core.webui.driver.DriverFactory    - Starting 'Chrome' driver
2026-01-28 12:39:39.618 INFO  c.k.k.core.webui.driver.DriverFactory    - Action delay is set to 0 milliseconds
Jan 28, 2026 12:40:48 PM org.openqa.selenium.devtools.CdpVersionFinder findNearestMatch
WARNING: Unable to find an exact match for CDP version 144, returning the closest version; found: 142; Please update to a Selenium version that supports CDP version 144
2026-01-28 12:40:49.744 INFO  c.k.k.core.webui.driver.DriverFactory    - sessionId = e666297f3a8ade4a2d7c484e9a89ff1b
2026-01-28 12:40:49.747 INFO  c.k.k.core.webui.driver.DriverFactory    - browser = Chrome 144.0.7559.97
2026-01-28 12:40:49.792 INFO  c.k.k.core.webui.driver.DriverFactory    - platform = Windows 11
2026-01-28 12:40:49.794 INFO  c.k.k.core.webui.driver.DriverFactory    - seleniumVersion = 4.34.0
2026-01-28 12:40:49.831 INFO  c.k.k.core.webui.driver.DriverFactory    - proxyInformation = ProxyInformation { proxyOption=NO_PROXY, proxyServerType=HTTP, username=, password=********, proxyServerAddress=, proxyServerPort=0, executionList="", isApplyToDesiredCapabilities=true }
2026-01-28 12:40:49.991 DEBUG testcase.Login                           - 2: maximizeWindow()
2026-01-28 12:40:50.118 DEBUG testcase.Login                           - 3: waitForPageLoad(Delay, CONTINUE_ON_FAILURE)
2026-01-28 12:40:50.571 DEBUG testcase.Login                           - 4: navigateToUrl(URL)
2026-01-28 12:41:41.471 DEBUG testcase.Login                           - 5: try
2026-01-28 12:41:41.473 DEBUG testcase.Login                           - 1: setEncryptedText(findTestObject("Object Repository/Login/userName"), userName)
2026-01-28 12:41:42.979 DEBUG testcase.Login                           - 2: setEncryptedText(findTestObject("Object Repository/Login/Password"), password)
2026-01-28 12:41:43.535 DEBUG testcase.Login                           - 3: waitForElementClickable(findTestObject("Object Repository/Login/login_btn"), Delay)
2026-01-28 12:41:44.070 DEBUG testcase.Login                           - 4: click(findTestObject("Object Repository/Login/login_btn"))
2026-01-28 12:41:46.946 DEBUG testcase.Login                           - 5: if (verifyElementPresent(findTestObject("Object Repository/Login/session_Distroysession"), Delay))
2026-01-28 12:41:47.805 DEBUG testcase.Login                           - 1: waitForElementClickable(findTestObject("Object Repository/Login/session_Distroysession"), Delay)
2026-01-28 12:41:48.145 DEBUG testcase.Login                           - 2: click(findTestObject("Object Repository/Login/session_Distroysession"))
2026-01-28 12:41:48.624 DEBUG testcase.Login                           - 6: if (verifyElementPresent(findTestObject("Object Repository/Common/Accept Cookies"), Delay))
2026-01-28 12:41:50.852 DEBUG testcase.Login                           - 1: waitForElementClickable(findTestObject("Object Repository/Common/Accept Cookies"), Delay)
2026-01-28 12:41:51.229 DEBUG testcase.Login                           - 2: click(findTestObject("Object Repository/Common/Accept Cookies"))
2026-01-28 12:41:51.710 DEBUG testcase.Login                           - 7: Finally
2026-01-28 12:41:51.724 DEBUG testcase.Login                           - 1: timestamp = Date().format("yyyyMMdd_HHmmss")
2026-01-28 12:41:51.737 INFO  c.k.katalon.core.main.TestCaseExecutor   - END Test Cases/ProhanceWeb/Login_Page/Login
2026-01-28 12:41:51.760 INFO  c.k.katalon.core.main.TestCaseExecutor   - --------------------
2026-01-28 12:41:51.760 INFO  c.k.katalon.core.main.TestCaseExecutor   - START Test Cases/ProhanceWeb/Organization Settings/Activity DashBoard/ActivityDashBoard
2026-01-28 12:41:51.949 INFO  c.k.katalon.core.main.TestCaseExecutor   - exportType = excel
2026-01-28 12:41:52.411 DEBUG testcase.ActivityDashBoard               - 1: explort = null
2026-01-28 12:41:52.416 DEBUG testcase.ActivityDashBoard               - 2: rows = null
2026-01-28 12:41:52.418 DEBUG testcase.ActivityDashBoard               - 3: if (verifyElementPresent(findTestObject("Object Repository/Organization Settings/New Folder/Page_ProHance/a_WORK TIME"), Delay))
2026-01-28 12:41:52.734 DEBUG testcase.ActivityDashBoard               - 1: waitForElementClickable(findTestObject("Object Repository/Organization Settings/New Folder/Page_ProHance/a_WORK TIME"), Delay)
2026-01-28 12:41:53.102 DEBUG testcase.ActivityDashBoard               - 2: click(findTestObject("Object Repository/Organization Settings/New Folder/Page_ProHance/a_WORK TIME"))
2026-01-28 12:41:53.647 DEBUG testcase.ActivityDashBoard               - 3: waitForElementClickable(findTestObject("Object Repository/Organization Settings/New Folder/Page_ProHance/a_ACTIVITY DASHBOARD"), Delay)
2026-01-28 12:41:54.047 DEBUG testcase.ActivityDashBoard               - 4: click(findTestObject("Object Repository/Organization Settings/New Folder/Page_ProHance/a_ACTIVITY DASHBOARD"))
2026-01-28 12:41:54.538 DEBUG testcase.ActivityDashBoard               - 5: waitForElementClickable(findTestObject("Object Repository/Organization Settings/New Folder/Page_ProHance/First_Container"), Delay, STOP_ON_FAILURE)
2026-01-28 12:42:00.937 DEBUG testcase.ActivityDashBoard               - 6: click(findTestObject("Object Repository/Organization Settings/New Folder/Page_ProHance/First_Container"))
2026-01-28 12:42:04.200 DEBUG testcase.ActivityDashBoard               - 7: waitForPageLoad(Delay, STOP_ON_FAILURE)
2026-01-28 12:42:04.221 DEBUG testcase.ActivityDashBoard               - 8: waitForElementClickable(findTestObject("Object Repository/Organization Settings/New Folder/Page_ProHance/span_Top Applications For All Groups_drilld_ef368b"), Delay)
2026-01-28 12:42:07.943 DEBUG testcase.ActivityDashBoard               - 9: click(findTestObject("Object Repository/Organization Settings/New Folder/Page_ProHance/span_Top Applications For All Groups_drilld_ef368b"))
2026-01-28 12:42:10.647 DEBUG testcase.ActivityDashBoard               - 10: switchToWindowIndex(1)
2026-01-28 12:42:10.933 DEBUG testcase.ActivityDashBoard               - 11: waitForPageLoad(Delay, STOP_ON_FAILURE)
2026-01-28 12:42:11.117 DEBUG testcase.ActivityDashBoard               - 12: rows = com.prohancewebapplication.webtable.Table.webTableDataReader(findTestObject("Object Repository/Organization Settings/Activity DashBoard/TopApplicationWebTable/FirstDrillDown/table_Id"), findTestObject("Object Repository/Organization Settings/Activity DashBoard/TopApplicationWebTable/FirstDrillDown/table_tr"))
2026-01-28 12:42:13.834 INFO  k.k.c.m.CustomKeywordDelegatingMetaClass - com.prohancewebapplication.webtable.Table.webTableDataReader is PASSED
2026-01-28 12:42:13.842 DEBUG testcase.ActivityDashBoard               - 13: if (rows != null)
2026-01-28 12:42:13.844 DEBUG testcase.ActivityDashBoard               - 1: com.prohancewebapplication.webtable.Table.webTableDataWriter(rows)
2026-01-28 12:42:14.658 INFO  com.kms.katalon.core.util.KeywordUtil    - Row 0:  | Rank | Activity | Duration | #Users | #Switches | Rating | Category | 
2026-01-28 12:42:15.041 INFO  com.kms.katalon.core.util.KeywordUtil    - Row 1:  | 1 | ProHance | 2255.95h | 71 | 387769 | +2 | Business Tools | 
2026-01-28 12:42:15.407 INFO  com.kms.katalon.core.util.KeywordUtil    - Row 2:  | 2 | Eclipse | 1313.47h | 43 | 278776 | +2 | Development Tools | 
2026-01-28 12:42:15.758 INFO  com.kms.katalon.core.util.KeywordUtil    - Row 3:  | 3 | MS Teams | 600.82h | 71 | 114436 | +2 | Communication Tools | 
2026-01-28 12:42:16.268 INFO  com.kms.katalon.core.util.KeywordUtil    - Row 4:  | 4 | Notepad | 402.11h | 70 | 126054 | +2 | Development Tools | 
2026-01-28 12:42:16.628 INFO  com.kms.katalon.core.util.KeywordUtil    - Row 5:  | 5 | Windows Components | 389.58h | 70 | 310685 | +2 | Support Tools | 
2026-01-28 12:42:16.945 INFO  com.kms.katalon.core.util.KeywordUtil    - Row 6:  | 6 | UNKNOWN AOS | 342.17h | 71 | 101505 |  |  | 
2026-01-28 12:42:17.320 INFO  com.kms.katalon.core.util.KeywordUtil    - Row 7:  | 7 | Email Applications | 240.60h | 71 | 40301 | +2 | Communication Tools | 
2026-01-28 12:42:17.680 INFO  com.kms.katalon.core.util.KeywordUtil    - Row 8:  | 8 | Excel | 208.74h | 68 | 45628 | +2 | Documentation Tools | 
2026-01-28 12:42:18.016 INFO  com.kms.katalon.core.util.KeywordUtil    - Row 9:  | 9 | Remote Desktop | 173.36h | 47 | 9759 | +1 | Support Tools | 
2026-01-28 12:42:18.347 INFO  com.kms.katalon.core.util.KeywordUtil    - Row 10:  | 10 | Chat GPT | 157.40h | 68 | 20238 | +2 | Business Tools | 
2026-01-28 12:42:18.652 INFO  com.kms.katalon.core.util.KeywordUtil    - Row 11:  | 11 | XCode | 131.30h | 5 | 6795 | +2 | Development Tools | 
2026-01-28 12:42:19.004 INFO  com.kms.katalon.core.util.KeywordUtil    - Row 12:  | 12 | Techmate Application | 114.72h | 59 | 18172 | +2 | Support Tools | 
2026-01-28 12:42:19.339 INFO  com.kms.katalon.core.util.KeywordUtil    - Row 13:  | 13 | MS Visual Studio | 109.84h | 14 | 24935 | +2 | Development Tools | 
2026-01-28 12:42:19.659 INFO  com.kms.katalon.core.util.KeywordUtil    - Row 14:  | 14 | Customer Connect Apps | 85.25h | 61 | 13517 | +2 | Support Tools | 
2026-01-28 12:42:20.013 INFO  com.kms.katalon.core.util.KeywordUtil    - Row 15:  | 15 | MYSQL Server | 74.07h | 45 | 10378 | +2 | Development Tools | 
2026-01-28 12:42:20.353 INFO  com.kms.katalon.core.util.KeywordUtil    - Row 16:  | 16 | Personal Time | 71.85h | 28 | 256 |  |  | 
2026-01-28 12:42:20.712 INFO  com.kms.katalon.core.util.KeywordUtil    - Row 17:  | 17 | MSSQL Server | 54.69h | 37 | 13428 | +2 | Development Tools | 
2026-01-28 12:42:21.033 INFO  com.kms.katalon.core.util.KeywordUtil    - Row 18:  | 18 | General Web Browsing | 32.81h | 69 | 7811 | 0 | Documentation Tools | 
2026-01-28 12:42:21.408 INFO  com.kms.katalon.core.util.KeywordUtil    - Row 19:  | 19 | License Portal | 30.29h | 52 | 8048 | +2 | Documentation Tools | 
2026-01-28 12:42:21.734 INFO  com.kms.katalon.core.util.KeywordUtil    - Row 20:  | 20 | Python | 26.75h | 4 | 3238 | +2 | Development Tools | 
2026-01-28 12:42:22.097 INFO  com.kms.katalon.core.util.KeywordUtil    - Row 21:  | 21 | Files & Folders | 17.76h | 70 | 9574 | 0 | System Tools | 
2026-01-28 12:42:24.060 INFO  com.kms.katalon.core.util.KeywordUtil    - Row 22:  | 22 | Power Point | 13.13h | 11 | 1606 | +2 | Documentation Tools | 
2026-01-28 12:42:24.393 INFO  com.kms.katalon.core.util.KeywordUtil    - Row 23:  | 23 | Unproductive Sites | 10.41h | 52 | 1587 | 0 | Unproductive | 
2026-01-28 12:42:24.752 INFO  com.kms.katalon.core.util.KeywordUtil    - Row 24:  | 24 | Electron | 10.37h | 2 | 1195 | +2 | Development Tools | 
2026-01-28 12:42:25.080 INFO  com.kms.katalon.core.util.KeywordUtil    - Row 25:  | 25 | Paint | 10.09h | 64 | 5638 | 0 | Documentation Tools | 
2026-01-28 12:42:25.417 INFO  com.kms.katalon.core.util.KeywordUtil    - Row 26:  | 26 | Grey Tip HR | 09.67h | 50 | 1281 | +2 | Internal Applications | 
2026-01-28 12:42:25.750 INFO  com.kms.katalon.core.util.KeywordUtil    - Row 27:  | 27 | Automation Robot | 08.92h | 4 | 2483 | +2 | Development Tools | 
2026-01-28 12:42:26.067 INFO  com.kms.katalon.core.util.KeywordUtil    - Row 28:  | 28 | Advanced Rest Client | 08.68h | 22 | 1538 | +2 | Documentation Tools | 
2026-01-28 12:42:26.926 INFO  com.kms.katalon.core.util.KeywordUtil    - Row 29:  | 29 | Jenkins | 08.11h | 54 | 3598 | +2 | Development Tools | 
2026-01-28 12:42:27.232 INFO  com.kms.katalon.core.util.KeywordUtil    - Row 30:  | 30 | Word | 07.99h | 18 | 1003 | +2 | Documentation Tools | 
2026-01-28 12:42:27.581 INFO  com.kms.katalon.core.util.KeywordUtil    - Row 31:  | 31 | Tutorials | 07.13h | 37 | 948 | +1 | Documentation Tools | 
2026-01-28 12:42:27.581 INFO  com.kms.katalon.core.util.KeywordUtil    - Row 31:  | 31 | Tutorials | 07.13h | 37 | 948 | +1 | Documentation Tools | 
2026-01-28 12:42:27.908 INFO  com.kms.katalon.core.util.KeywordUtil    - Row 32:  | 32 | IP Messenger | 06.72h | 47 | 3236 | +1 | Communication Tools | 
2026-01-28 12:42:28.289 INFO  com.kms.katalon.core.util.KeywordUtil    - Row 33:  | 33 | CAST Application | 03.42h | 13 | 359 | +2 | Development Tools | 
2026-01-28 12:42:28.617 INFO  com.kms.katalon.core.util.KeywordUtil    - Row 34:  | 34 | Mouse Jiggles | 02.71h | 4 | 235 | 0 | Unproductive | 
2026-01-28 12:42:28.949 INFO  com.kms.katalon.core.util.KeywordUtil    - Row 35:  | 35 | Advanced Rest Client | 02.35h | 12 | 566 | +2 | Development Tools | 
2026-01-28 12:42:29.257 INFO  com.kms.katalon.core.util.KeywordUtil    - Row 36:  | 36 | Automation Robot | 02.17h | 3 | 1015 | +2 | Quality Tools | 
2026-01-28 12:42:29.573 INFO  com.kms.katalon.core.util.KeywordUtil    - Row 37:  | 37 | Compress Utilities | 01.83h | 53 | 2853 | +1 | System Tools | 
2026-01-28 12:42:29.891 INFO  com.kms.katalon.core.util.KeywordUtil    - Row 38:  | 38 | Jira | 01.48h | 16 | 349 | +2 | Documentation Tools | 
2026-01-28 12:42:30.234 INFO  com.kms.katalon.core.util.KeywordUtil    - Row 39:  | 39 | Browser Extensions and Addons | 00.76h | 7 | 138 | +2 | Development Tools | 
2026-01-28 12:42:30.558 INFO  com.kms.katalon.core.util.KeywordUtil    - Row 40:  | 40 | LinkedIn | 00.60h | 12 | 181 | 0 | Communication Tools | 
2026-01-28 12:42:30.879 INFO  com.kms.katalon.core.util.KeywordUtil    - Row 41:  | 41 | Internet Information Services (IIS) Manager | 00.49h | 3 | 282 | +2 | Development Tools | 
2026-01-28 12:42:31.341 INFO  com.kms.katalon.core.util.KeywordUtil    - Row 42:  | 42 | Whatsapp | 00.06h | 5 | 18 | 0 | Unproductive | 
2026-01-28 12:42:31.655 INFO  com.kms.katalon.core.util.KeywordUtil    - Row 43:  | 43 | Hopstack Vacus App | 00.01h | 1 | 2 | 0 | Business Tools | 
2026-01-28 12:42:32.008 INFO  com.kms.katalon.core.util.KeywordUtil    - Row 44:  | 44 | Testing Tools | 00.00h | 2 | 8 | +2 | Quality Tools | 
2026-01-28 12:42:32.008 INFO  k.k.c.m.CustomKeywordDelegatingMetaClass - com.prohancewebapplication.webtable.Table.webTableDataWriter is PASSED
2026-01-28 12:42:32.010 DEBUG testcase.ActivityDashBoard               - 14: executeJavaScript("window.scrollTo(0, document.body.scrollHeight);", null)
2026-01-28 12:42:32.060 DEBUG testcase.ActivityDashBoard               - 15: com.prohancewebapplication.file.FileSizeFinder.exisitingFileDelete()
C:\Users\gopal.s\Downloads
2026-01-28 12:42:32.145 INFO  k.k.c.m.CustomKeywordDelegatingMetaClass - com.prohancewebapplication.file.FileSizeFinder.exisitingFileDelete is PASSED
2026-01-28 12:42:32.154 DEBUG testcase.ActivityDashBoard               - 16: explort = ((exportType != null)) ? exportType : false
2026-01-28 12:42:32.158 DEBUG testcase.ActivityDashBoard               - 17: browserName = getExecutedBrowser()
2026-01-28 12:42:32.160 DEBUG testcase.ActivityDashBoard               - 18: logInfo("Browser Name :" + " " + browserName)
2026-01-28 12:42:32.168 INFO  com.kms.katalon.core.util.KeywordUtil    - Browser Name : Chrome
2026-01-28 12:42:32.170 DEBUG testcase.ActivityDashBoard               - 19: xPath = com.prohanceebapplication.common.Export.export(explort)
2026-01-28 12:42:32.188 INFO  k.k.c.m.CustomKeywordDelegatingMetaClass - com.prohanceebapplication.common.Export.export is PASSED
2026-01-28 12:42:32.194 DEBUG testcase.ActivityDashBoard               - 20: out.println(xPath)
//span[.//img[@title='Export to Excel']]
2026-01-28 12:42:32.202 DEBUG testcase.ActivityDashBoard               - 21: if (xPath != null)
2026-01-28 12:42:32.206 DEBUG testcase.ActivityDashBoard               - 1: exportSpan = new com.kms.katalon.core.testobject.TestObject()
2026-01-28 12:42:32.208 DEBUG testcase.ActivityDashBoard               - 2: exportSpan.addProperty("xpath", EQUALS, xPath)
2026-01-28 12:42:32.221 DEBUG testcase.ActivityDashBoard               - 3: waitForElementPresent(exportSpan, Delay)
2026-01-28 12:42:32.540 DEBUG testcase.ActivityDashBoard               - 4: el = findWebElement(exportSpan, Delay)
2026-01-28 12:42:32.833 DEBUG testcase.ActivityDashBoard               - 5: executeJavaScript("arguments[0].scrollIntoView(true);", Arrays.asList(el))
2026-01-28 12:42:32.857 DEBUG testcase.ActivityDashBoard               - 6: executeJavaScript("arguments[0].click();", Arrays.asList(el))
2026-01-28 12:42:34.284 DEBUG testcase.ActivityDashBoard               - 22: com.prohancewebapplication.file.FileSizeFinder.fileSize()
2026-01-28 12:42:34.299 INFO  k.k.c.m.CustomKeywordDelegatingMetaClass - com.prohancewebapplication.file.FileSizeFinder.fileSize is PASSED
2026-01-28 12:42:34.307 DEBUG testcase.ActivityDashBoard               - 23: switchToDefaultContent()
2026-01-28 12:42:34.352 DEBUG testcase.ActivityDashBoard               - 24: closeWindowIndex(1)
2026-01-28 12:42:34.494 DEBUG testcase.ActivityDashBoard               - 25: switchToWindowIndex(0)
2026-01-28 12:42:34.531 INFO  c.k.katalon.core.main.TestCaseExecutor   - END Test Cases/ProhanceWeb/Organization Settings/Activity DashBoard/ActivityDashBoard
2026-01-28 12:42:34.536 INFO  c.k.katalon.core.main.TestCaseExecutor   - --------------------
2026-01-28 12:42:34.536 INFO  c.k.katalon.core.main.TestCaseExecutor   - START Test Cases/ProhanceWeb/LogOut_Page/LogOut
2026-01-28 12:42:34.850 DEBUG testcase.LogOut                          - 1: try
2026-01-28 12:42:34.852 DEBUG testcase.LogOut                          - 1: waitForElementPresent(findTestObject("Object Repository/Logout/userProfileIcon"), Delay)
2026-01-28 12:42:35.180 DEBUG testcase.LogOut                          - 2: click(findTestObject("Object Repository/Logout/userProfileIcon"), STOP_ON_FAILURE)
2026-01-28 12:42:35.607 DEBUG testcase.LogOut                          - 3: waitForElementPresent(findTestObject("Object Repository/Logout/logOut"), Delay)
2026-01-28 12:42:36.007 DEBUG testcase.LogOut                          - 4: click(findTestObject("Object Repository/Logout/logOut"), STOP_ON_FAILURE)
2026-01-28 12:42:37.077 INFO  c.k.katalon.core.main.TestCaseExecutor   - END Test Cases/ProhanceWeb/LogOut_Page/LogOut
2026-01-28 12:42:38.485 INFO  c.k.katalon.core.main.TestSuiteExecutor  - --------------------
2026-01-28 12:42:38.485 INFO  c.k.katalon.core.main.TestSuiteExecutor  - END Test Suites/Login_Genaral
2026-01-28 12:42:38.485 INFO  c.k.katalon.core.main.TestSuiteExecutor  - ====================
