2026-01-28 16:36:55.661 INFO  c.k.k.c.l.logback.LogbackConfigurator    - Logback default configuration initialized from: C:\Users\gopal.s\.katalon\packages\KSE-10.4.3\configuration\org.eclipse.osgi\133\0\.cp\resources\logback\logback-execution.xml
2026-01-28 16:36:55.666 INFO  c.k.k.c.l.logback.LogbackConfigurator    - Logback custom configuration initialized from: C:\Users\gopal.s\git\ProhanceWebApplication\Include\config\log.properties
2026-01-28 16:36:58.935 INFO  c.k.katalon.core.main.TestSuiteExecutor  - START Test Suites/general
2026-01-28 16:36:59.151 INFO  c.k.katalon.core.main.TestSuiteExecutor  - userFullName = Gopal
2026-01-28 16:36:59.153 INFO  c.k.katalon.core.main.TestSuiteExecutor  - projectName = ProhanceWebApplication
2026-01-28 16:36:59.154 INFO  c.k.katalon.core.main.TestSuiteExecutor  - hostName = gopal.s - JAMOCHA57.jamochahq.local
2026-01-28 16:36:59.155 INFO  c.k.katalon.core.main.TestSuiteExecutor  - os = Windows 11 64bit
2026-01-28 16:36:59.157 INFO  c.k.katalon.core.main.TestSuiteExecutor  - hostAddress = 10.10.10.136
2026-01-28 16:36:59.158 INFO  c.k.katalon.core.main.TestSuiteExecutor  - katalonVersion = 10.4.3.0
2026-01-28 16:37:00.569 INFO  c.k.katalon.core.main.TestCaseExecutor   - --------------------
2026-01-28 16:37:00.569 INFO  c.k.katalon.core.main.TestCaseExecutor   - START Test Cases/ProhanceWeb/General_TC/General_TC
2026-01-28 16:37:00.627 INFO  c.k.katalon.core.main.TestCaseExecutor   - userName = tsL9urF6O/D/xURRxzj/8w==
2026-01-28 16:37:00.630 INFO  c.k.katalon.core.main.TestCaseExecutor   - password = HeCM15nHKBI=
2026-01-28 16:37:00.635 INFO  c.k.katalon.core.main.TestCaseExecutor   - exportType = excel
2026-01-28 16:37:01.269 DEBUG testcase.General_TC                      - 1: callTestCase(findTestCase("Test Cases/ProhanceWeb/Login_Page/Login"), ["userName":userName, "password":password])
2026-01-28 16:37:01.703 INFO  c.k.katalon.core.main.TestCaseExecutor   - --------------------
2026-01-28 16:37:01.704 INFO  c.k.katalon.core.main.TestCaseExecutor   - CALL Test Cases/ProhanceWeb/Login_Page/Login
2026-01-28 16:37:02.017 INFO  c.k.katalon.core.main.TestCaseExecutor   - userName = tsL9urF6O/D/xURRxzj/8w==
2026-01-28 16:37:02.021 INFO  c.k.katalon.core.main.TestCaseExecutor   - password = HeCM15nHKBI=
2026-01-28 16:37:02.418 DEBUG testcase.Login                           - 1: openBrowser("")
2026-01-28 16:37:02.856 INFO  c.k.k.core.webui.driver.DriverFactory    - Starting 'Edge Chromium' driver
2026-01-28 16:37:03.045 INFO  c.k.k.core.webui.driver.DriverFactory    - Action delay is set to 0 milliseconds
Jan 28, 2026 4:38:34 PM org.openqa.selenium.devtools.CdpVersionFinder findNearestMatch
WARNING: Unable to find an exact match for CDP version 144, returning the closest version; found: 142; Please update to a Selenium version that supports CDP version 144
2026-01-28 16:38:35.013 INFO  c.k.k.core.webui.driver.DriverFactory    - sessionId = 6ab9f8c5b3441ab10099686887098e3d
2026-01-28 16:38:35.016 INFO  c.k.k.core.webui.driver.DriverFactory    - browser = Edge Chromium 144.0.3719.92
2026-01-28 16:38:35.016 INFO  c.k.k.core.webui.driver.DriverFactory    - platform = Windows 11
2026-01-28 16:38:35.017 INFO  c.k.k.core.webui.driver.DriverFactory    - seleniumVersion = 4.34.0
2026-01-28 16:38:35.026 INFO  c.k.k.core.webui.driver.DriverFactory    - proxyInformation = ProxyInformation { proxyOption=NO_PROXY, proxyServerType=HTTP, username=, password=********, proxyServerAddress=, proxyServerPort=0, executionList="", isApplyToDesiredCapabilities=true }
2026-01-28 16:38:35.110 DEBUG testcase.Login                           - 2: maximizeWindow()
2026-01-28 16:38:35.213 DEBUG testcase.Login                           - 3: waitForPageLoad(Delay, CONTINUE_ON_FAILURE)
2026-01-28 16:38:35.575 DEBUG testcase.Login                           - 4: navigateToUrl(URL)
2026-01-28 16:39:50.106 DEBUG testcase.Login                           - 5: try
2026-01-28 16:39:50.117 DEBUG testcase.Login                           - 1: setEncryptedText(findTestObject("Object Repository/Login/userName"), userName)
2026-01-28 16:39:51.672 DEBUG testcase.Login                           - 2: setEncryptedText(findTestObject("Object Repository/Login/Password"), password)
2026-01-28 16:39:52.375 DEBUG testcase.Login                           - 3: waitForElementClickable(findTestObject("Object Repository/Login/login_btn"), Delay)
2026-01-28 16:39:53.035 DEBUG testcase.Login                           - 4: click(findTestObject("Object Repository/Login/login_btn"))
2026-01-28 16:39:53.547 DEBUG testcase.Login                           - 5: if (verifyElementPresent(findTestObject("Object Repository/Login/session_Distroysession"), Delay))
2026-01-28 16:39:54.534 DEBUG testcase.Login                           - 1: waitForElementClickable(findTestObject("Object Repository/Login/session_Distroysession"), Delay)
2026-01-28 16:39:54.891 DEBUG testcase.Login                           - 2: click(findTestObject("Object Repository/Login/session_Distroysession"))
2026-01-28 16:39:55.275 DEBUG testcase.Login                           - 6: if (verifyElementPresent(findTestObject("Object Repository/Common/Accept Cookies"), Delay))
2026-01-28 16:39:56.523 DEBUG testcase.Login                           - 1: waitForElementClickable(findTestObject("Object Repository/Common/Accept Cookies"), Delay)
2026-01-28 16:39:56.962 DEBUG testcase.Login                           - 2: click(findTestObject("Object Repository/Common/Accept Cookies"))
2026-01-28 16:39:57.371 DEBUG testcase.Login                           - 7: Finally
2026-01-28 16:39:57.374 DEBUG testcase.Login                           - 1: timestamp = Date().format("yyyyMMdd_HHmmss")
2026-01-28 16:39:57.424 INFO  c.k.katalon.core.main.TestCaseExecutor   - END CALL Test Cases/ProhanceWeb/Login_Page/Login
2026-01-28 16:39:57.424 INFO  c.k.katalon.core.main.TestCaseExecutor   - --------------------
2026-01-28 16:39:57.444 DEBUG testcase.General_TC                      - 2: callTestCase(findTestCase("Test Cases/ProhanceWeb/Organization Settings/Activity DashBoard/ActivityDashBoard"), ["exportType":exportType])
2026-01-28 16:39:57.559 INFO  c.k.katalon.core.main.TestCaseExecutor   - --------------------
2026-01-28 16:39:57.559 INFO  c.k.katalon.core.main.TestCaseExecutor   - CALL Test Cases/ProhanceWeb/Organization Settings/Activity DashBoard/ActivityDashBoard
2026-01-28 16:39:57.707 INFO  c.k.katalon.core.main.TestCaseExecutor   - exportType = excel
2026-01-28 16:39:58.016 DEBUG testcase.ActivityDashBoard               - 1: explort = null
2026-01-28 16:39:58.016 DEBUG testcase.ActivityDashBoard               - 2: rows = null
2026-01-28 16:39:58.025 DEBUG testcase.ActivityDashBoard               - 3: if (verifyElementPresent(findTestObject("Object Repository/Organization Settings/New Folder/Page_ProHance/a_WORK TIME"), Delay))
2026-01-28 16:39:58.294 DEBUG testcase.ActivityDashBoard               - 1: waitForElementClickable(findTestObject("Object Repository/Organization Settings/New Folder/Page_ProHance/a_WORK TIME"), Delay)
2026-01-28 16:39:58.949 DEBUG testcase.ActivityDashBoard               - 2: click(findTestObject("Object Repository/Organization Settings/New Folder/Page_ProHance/a_WORK TIME"))
2026-01-28 16:39:59.311 DEBUG testcase.ActivityDashBoard               - 3: waitForElementClickable(findTestObject("Object Repository/Organization Settings/New Folder/Page_ProHance/a_ACTIVITY DASHBOARD"), Delay)
2026-01-28 16:39:59.995 DEBUG testcase.ActivityDashBoard               - 4: click(findTestObject("Object Repository/Organization Settings/New Folder/Page_ProHance/a_ACTIVITY DASHBOARD"))
2026-01-28 16:40:00.520 DEBUG testcase.ActivityDashBoard               - 5: waitForElementClickable(findTestObject("Object Repository/Organization Settings/New Folder/Page_ProHance/First_Container"), Delay, STOP_ON_FAILURE)
2026-01-28 16:40:03.090 DEBUG testcase.ActivityDashBoard               - 6: click(findTestObject("Object Repository/Organization Settings/New Folder/Page_ProHance/First_Container"))
2026-01-28 16:40:04.141 DEBUG testcase.ActivityDashBoard               - 7: waitForPageLoad(Delay, STOP_ON_FAILURE)
2026-01-28 16:40:04.160 DEBUG testcase.ActivityDashBoard               - 8: waitForElementClickable(findTestObject("Object Repository/Organization Settings/New Folder/Page_ProHance/span_Top Applications For All Groups_drilld_ef368b"), Delay)
2026-01-28 16:40:04.969 DEBUG testcase.ActivityDashBoard               - 9: click(findTestObject("Object Repository/Organization Settings/New Folder/Page_ProHance/span_Top Applications For All Groups_drilld_ef368b"))
2026-01-28 16:40:06.113 DEBUG testcase.ActivityDashBoard               - 10: switchToWindowIndex(1)
2026-01-28 16:40:06.682 DEBUG testcase.ActivityDashBoard               - 11: waitForPageLoad(Delay, STOP_ON_FAILURE)
2026-01-28 16:40:06.776 DEBUG testcase.ActivityDashBoard               - 12: rows = com.prohancewebapplication.webtable.Table.webTableDataReader(findTestObject("Object Repository/Organization Settings/Activity DashBoard/TopApplicationWebTable/FirstDrillDown/table_Id"), findTestObject("Object Repository/Organization Settings/Activity DashBoard/TopApplicationWebTable/FirstDrillDown/table_tr"))
2026-01-28 16:40:09.919 INFO  k.k.c.m.CustomKeywordDelegatingMetaClass - com.prohancewebapplication.webtable.Table.webTableDataReader is PASSED
2026-01-28 16:40:09.927 DEBUG testcase.ActivityDashBoard               - 13: if (rows != null)
2026-01-28 16:40:09.933 DEBUG testcase.ActivityDashBoard               - 1: com.prohancewebapplication.webtable.Table.webTableDataWriter(rows)
2026-01-28 16:40:10.750 INFO  com.kms.katalon.core.util.KeywordUtil    - Row 0:  | Rank | Activity | Duration | #Users | #Switches | Rating | Category | 
2026-01-28 16:40:11.711 INFO  com.kms.katalon.core.util.KeywordUtil    - Row 1:  | 1 | Eclipse | 8d 11 : 41 : 56 | 6 | 31942 | +2 | Development Tools | 
2026-01-28 16:40:12.272 INFO  com.kms.katalon.core.util.KeywordUtil    - Row 2:  | 2 | XCode | 5d 02 : 16 : 51 | 5 | 6492 | +2 | Development Tools | 
2026-01-28 16:40:12.687 INFO  com.kms.katalon.core.util.KeywordUtil    - Row 3:  | 3 | ProHance | 3d 22 : 46 : 36 | 6 | 16796 | +2 | Business Tools | 
2026-01-28 16:40:13.029 INFO  com.kms.katalon.core.util.KeywordUtil    - Row 4:  | 4 | Notepad | 2d 03 : 03 : 03 | 6 | 7549 | +2 | Development Tools | 
2026-01-28 16:40:13.345 INFO  com.kms.katalon.core.util.KeywordUtil    - Row 5:  | 5 | MS Teams | 2d 00 : 24 : 14 | 6 | 5308 | +2 | Communication Tools | 
2026-01-28 16:40:13.677 INFO  com.kms.katalon.core.util.KeywordUtil    - Row 6:  | 6 | UNKNOWN AOS | 1d 16 : 14 : 33 | 6 | 7178 |  |  | 
2026-01-28 16:40:14.129 INFO  com.kms.katalon.core.util.KeywordUtil    - Row 7:  | 7 | Email Applications | 1d 05 : 30 : 50 | 6 | 2553 | +2 | Communication Tools | 
2026-01-28 16:40:15.065 INFO  com.kms.katalon.core.util.KeywordUtil    - Row 8:  | 8 | Excel | 1d 02 : 53 : 56 | 6 | 6197 | +2 | Documentation Tools | 
2026-01-28 16:40:15.593 INFO  com.kms.katalon.core.util.KeywordUtil    - Row 9:  | 9 | Remote Desktop | 18 : 16 : 38 | 1 | 1348 | +1 | Support Tools | 
2026-01-28 16:40:15.935 INFO  com.kms.katalon.core.util.KeywordUtil    - Row 10:  | 10 | Files & Folders | 14 : 12 : 41 | 6 | 6212 | 0 | System Tools | 
2026-01-28 16:40:16.294 INFO  com.kms.katalon.core.util.KeywordUtil    - Row 11:  | 11 | General Web Browsing | 13 : 09 : 23 | 6 | 1942 | 0 | Documentation Tools | 
2026-01-28 16:40:16.638 INFO  com.kms.katalon.core.util.KeywordUtil    - Row 12:  | 12 | CAST Application | 11 : 38 : 14 | 4 | 915 | +2 | Development Tools | 
2026-01-28 16:40:17.020 INFO  com.kms.katalon.core.util.KeywordUtil    - Row 13:  | 13 | Windows Components | 10 : 52 : 25 | 6 | 7372 | +2 | Support Tools | 
2026-01-28 16:40:17.411 INFO  com.kms.katalon.core.util.KeywordUtil    - Row 14:  | 14 | Advanced Rest Client | 07 : 08 : 58 | 4 | 1214 | 0 | Documentation Tools | 
2026-01-28 16:40:17.748 INFO  com.kms.katalon.core.util.KeywordUtil    - Row 15:  | 15 | Chat GPT | 06 : 21 : 05 | 6 | 1051 | +2 | Business Tools | 
2026-01-28 16:40:18.060 INFO  com.kms.katalon.core.util.KeywordUtil    - Row 16:  | 16 | Electron | 06 : 09 : 12 | 2 | 650 | +2 | Development Tools | 
2026-01-28 16:40:18.409 INFO  com.kms.katalon.core.util.KeywordUtil    - Row 17:  | 17 | Word | 05 : 23 : 07 | 2 | 395 | +2 | Documentation Tools | 
2026-01-28 16:40:18.777 INFO  com.kms.katalon.core.util.KeywordUtil    - Row 18:  | 18 | Customer Connect Apps | 04 : 58 : 58 | 5 | 314 | +2 | Support Tools | 
2026-01-28 16:40:19.103 INFO  com.kms.katalon.core.util.KeywordUtil    - Row 19:  | 19 | Techmate Application | 04 : 19 : 52 | 4 | 370 | +2 | Support Tools | 
2026-01-28 16:40:19.424 INFO  com.kms.katalon.core.util.KeywordUtil    - Row 20:  | 20 | Tutorials | 03 : 28 : 36 | 6 | 299 | +1 | Documentation Tools | 
2026-01-28 16:40:19.742 INFO  com.kms.katalon.core.util.KeywordUtil    - Row 21:  | 21 | MYSQL Server | 02 : 29 : 02 | 3 | 378 | +2 | Development Tools | 
2026-01-28 16:40:20.082 INFO  com.kms.katalon.core.util.KeywordUtil    - Row 22:  | 22 | Jenkins | 01 : 53 : 42 | 5 | 352 | +2 | Development Tools | 
2026-01-28 16:40:20.401 INFO  com.kms.katalon.core.util.KeywordUtil    - Row 23:  | 23 | MS Visual Studio | 00 : 51 : 06 | 2 | 83 | +2 | Development Tools | 
2026-01-28 16:40:20.813 INFO  com.kms.katalon.core.util.KeywordUtil    - Row 24:  | 24 | Browser Extensions and Addons | 00 : 45 : 47 | 4 | 115 | +2 | Development Tools | 
2026-01-28 16:40:21.136 INFO  com.kms.katalon.core.util.KeywordUtil    - Row 25:  | 25 | Unproductive Sites | 00 : 38 : 10 | 6 | 159 | -2 | Unproductive | 
2026-01-28 16:40:21.543 INFO  com.kms.katalon.core.util.KeywordUtil    - Row 26:  | 26 | License Portal | 00 : 29 : 05 | 6 | 137 | 0 | Documentation Tools | 
2026-01-28 16:40:21.923 INFO  com.kms.katalon.core.util.KeywordUtil    - Row 27:  | 27 | Power Point | 00 : 21 : 20 | 1 | 20 | +2 | Documentation Tools | 
2026-01-28 16:40:22.268 INFO  com.kms.katalon.core.util.KeywordUtil    - Row 28:  | 28 | Personal Time | 00 : 18 : 00 | 2 | 5 |  |  | 
2026-01-28 16:40:22.677 INFO  com.kms.katalon.core.util.KeywordUtil    - Row 29:  | 29 | Grey Tip HR | 00 : 14 : 15 | 3 | 29 | 0 | Internal Applications | 
2026-01-28 16:40:23.030 INFO  com.kms.katalon.core.util.KeywordUtil    - Row 30:  | 30 | IP Messenger | 00 : 09 : 37 | 2 | 36 | +1 | Communication Tools | 
2026-01-28 16:40:23.380 INFO  com.kms.katalon.core.util.KeywordUtil    - Row 31:  | 31 | LinkedIn | 00 : 01 : 54 | 1 | 10 | 0 | Communication Tools | 
2026-01-28 16:40:23.718 INFO  com.kms.katalon.core.util.KeywordUtil    - Row 32:  | 32 | MSSQL Server | 00 : 00 : 24 | 1 | 5 | +2 | Development Tools | 
2026-01-28 16:40:24.086 INFO  com.kms.katalon.core.util.KeywordUtil    - Row 33:  | 33 | Paint | 00 : 00 : 16 | 2 | 5 | 0 | Documentation Tools | 
2026-01-28 16:40:24.086 INFO  k.k.c.m.CustomKeywordDelegatingMetaClass - com.prohancewebapplication.webtable.Table.webTableDataWriter is PASSED
2026-01-28 16:40:24.088 DEBUG testcase.ActivityDashBoard               - 14: executeJavaScript("window.scrollTo(0, document.body.scrollHeight);", null)
2026-01-28 16:40:24.370 DEBUG testcase.ActivityDashBoard               - 15: com.prohancewebapplication.file.FileSizeFinder.exisitingFileDelete()
C:\Users\gopal.s\Downloads
2026-01-28 16:40:24.578 INFO  k.k.c.m.CustomKeywordDelegatingMetaClass - com.prohancewebapplication.file.FileSizeFinder.exisitingFileDelete is PASSED
2026-01-28 16:40:24.580 DEBUG testcase.ActivityDashBoard               - 16: explort = ((exportType != null)) ? exportType : false
2026-01-28 16:40:24.584 DEBUG testcase.ActivityDashBoard               - 17: browserName = getExecutedBrowser()
2026-01-28 16:40:24.586 DEBUG testcase.ActivityDashBoard               - 18: logInfo("Browser Name :" + " " + browserName)
2026-01-28 16:40:24.589 INFO  com.kms.katalon.core.util.KeywordUtil    - Browser Name : Edge Chromium
2026-01-28 16:40:24.589 DEBUG testcase.ActivityDashBoard               - 19: xPath = com.prohanceebapplication.common.Export.export(explort)
2026-01-28 16:40:24.619 INFO  k.k.c.m.CustomKeywordDelegatingMetaClass - com.prohanceebapplication.common.Export.export is PASSED
2026-01-28 16:40:24.621 DEBUG testcase.ActivityDashBoard               - 20: out.println(xPath)
//span[.//img[@title='Export to Excel']]
2026-01-28 16:40:24.623 DEBUG testcase.ActivityDashBoard               - 21: if (xPath != null)
2026-01-28 16:40:24.625 DEBUG testcase.ActivityDashBoard               - 1: exportSpan = new com.kms.katalon.core.testobject.TestObject()
2026-01-28 16:40:24.626 DEBUG testcase.ActivityDashBoard               - 2: exportSpan.addProperty("xpath", EQUALS, xPath)
2026-01-28 16:40:24.644 DEBUG testcase.ActivityDashBoard               - 3: waitForElementPresent(exportSpan, Delay)
2026-01-28 16:40:24.975 DEBUG testcase.ActivityDashBoard               - 4: el = findWebElement(exportSpan, Delay)
2026-01-28 16:40:25.247 DEBUG testcase.ActivityDashBoard               - 5: executeJavaScript("arguments[0].scrollIntoView(true);", Arrays.asList(el))
2026-01-28 16:40:25.347 DEBUG testcase.ActivityDashBoard               - 6: executeJavaScript("arguments[0].click();", Arrays.asList(el))
2026-01-28 16:40:28.620 DEBUG testcase.ActivityDashBoard               - 22: com.prohancewebapplication.file.FileSizeFinder.fileSize()
2026-01-28 16:40:28.625 INFO  k.k.c.m.CustomKeywordDelegatingMetaClass - com.prohancewebapplication.file.FileSizeFinder.fileSize is PASSED
2026-01-28 16:40:28.628 DEBUG testcase.ActivityDashBoard               - 23: switchToDefaultContent()
2026-01-28 16:40:28.698 DEBUG testcase.ActivityDashBoard               - 24: closeWindowIndex(1)
2026-01-28 16:40:29.113 DEBUG testcase.ActivityDashBoard               - 25: switchToWindowIndex(0)
2026-01-28 16:40:29.142 INFO  c.k.katalon.core.main.TestCaseExecutor   - END CALL Test Cases/ProhanceWeb/Organization Settings/Activity DashBoard/ActivityDashBoard
2026-01-28 16:40:29.142 INFO  c.k.katalon.core.main.TestCaseExecutor   - --------------------
2026-01-28 16:40:29.145 DEBUG testcase.General_TC                      - 3: callTestCase(findTestCase("Test Cases/ProhanceWeb/LogOut_Page/LogOut"), [:])
2026-01-28 16:40:29.218 INFO  c.k.katalon.core.main.TestCaseExecutor   - --------------------
2026-01-28 16:40:29.218 INFO  c.k.katalon.core.main.TestCaseExecutor   - CALL Test Cases/ProhanceWeb/LogOut_Page/LogOut
2026-01-28 16:40:29.520 DEBUG testcase.LogOut                          - 1: try
2026-01-28 16:40:29.525 DEBUG testcase.LogOut                          - 1: waitForElementPresent(findTestObject("Object Repository/Logout/userProfileIcon"), Delay)
2026-01-28 16:40:29.931 DEBUG testcase.LogOut                          - 2: click(findTestObject("Object Repository/Logout/userProfileIcon"), STOP_ON_FAILURE)
2026-01-28 16:40:30.441 DEBUG testcase.LogOut                          - 3: waitForElementPresent(findTestObject("Object Repository/Logout/logOut"), Delay)
2026-01-28 16:40:30.852 DEBUG testcase.LogOut                          - 4: click(findTestObject("Object Repository/Logout/logOut"), STOP_ON_FAILURE)
2026-01-28 16:40:31.985 INFO  c.k.katalon.core.main.TestCaseExecutor   - END CALL Test Cases/ProhanceWeb/LogOut_Page/LogOut
2026-01-28 16:40:31.986 INFO  c.k.katalon.core.main.TestCaseExecutor   - --------------------
2026-01-28 16:40:31.998 INFO  c.k.katalon.core.main.TestCaseExecutor   - END Test Cases/ProhanceWeb/General_TC/General_TC
2026-01-28 16:40:32.193 INFO  c.k.katalon.core.main.TestCaseExecutor   - --------------------
2026-01-28 16:40:32.195 INFO  c.k.katalon.core.main.TestCaseExecutor   - START Test Cases/ProhanceWeb/General_TC/General_TC
2026-01-28 16:40:32.289 INFO  c.k.katalon.core.main.TestCaseExecutor   - userName = vG9BolkT2AE==
2026-01-28 16:40:32.296 INFO  c.k.katalon.core.main.TestCaseExecutor   - password = HeCM15nHKBI=
2026-01-28 16:40:32.297 INFO  c.k.katalon.core.main.TestCaseExecutor   - exportType = pdf
2026-01-28 16:40:32.301 DEBUG testcase.General_TC                      - 1: callTestCase(findTestCase("Test Cases/ProhanceWeb/Login_Page/Login"), ["userName":userName, "password":password])
2026-01-28 16:40:32.389 INFO  c.k.katalon.core.main.TestCaseExecutor   - --------------------
2026-01-28 16:40:32.389 INFO  c.k.katalon.core.main.TestCaseExecutor   - CALL Test Cases/ProhanceWeb/Login_Page/Login
2026-01-28 16:40:32.407 INFO  c.k.katalon.core.main.TestCaseExecutor   - userName = vG9BolkT2AE==
2026-01-28 16:40:32.408 INFO  c.k.katalon.core.main.TestCaseExecutor   - password = HeCM15nHKBI=
2026-01-28 16:40:32.411 DEBUG testcase.Login                           - 1: openBrowser("")
2026-01-28 16:40:32.414 WARN  c.k.k.core.webui.driver.DriverFactory    - A browser is already opened. Closing browser and opening a new one
2026-01-28 16:40:35.092 INFO  c.k.k.core.webui.driver.DriverFactory    - Starting 'Edge Chromium' driver
2026-01-28 16:40:35.096 INFO  c.k.k.core.webui.driver.DriverFactory    - Action delay is set to 0 milliseconds
