2026-01-29 13:07:13.477 INFO  c.k.k.c.l.logback.LogbackConfigurator    - Logback default configuration initialized from: C:\Users\gopal.s\.katalon\packages\KSE-10.4.3\configuration\org.eclipse.osgi\133\0\.cp\resources\logback\logback-execution.xml
2026-01-29 13:07:13.483 INFO  c.k.k.c.l.logback.LogbackConfigurator    - Logback custom configuration initialized from: C:\Users\gopal.s\git\ProhanceWebApplication\Include\config\log.properties
2026-01-29 13:07:15.305 INFO  c.k.katalon.core.main.TestSuiteExecutor  - START Test Suites/Login_Genaral
2026-01-29 13:07:15.431 INFO  c.k.katalon.core.main.TestSuiteExecutor  - userFullName = Gopal
2026-01-29 13:07:15.432 INFO  c.k.katalon.core.main.TestSuiteExecutor  - projectName = ProhanceWebApplication
2026-01-29 13:07:15.434 INFO  c.k.katalon.core.main.TestSuiteExecutor  - hostName = gopal.s - JAMOCHA57.jamochahq.local
2026-01-29 13:07:15.435 INFO  c.k.katalon.core.main.TestSuiteExecutor  - os = Windows 11 64bit
2026-01-29 13:07:15.435 INFO  c.k.katalon.core.main.TestSuiteExecutor  - hostAddress = 10.10.10.136
2026-01-29 13:07:15.436 INFO  c.k.katalon.core.main.TestSuiteExecutor  - katalonVersion = 10.4.3.0
2026-01-29 13:07:16.077 INFO  c.k.katalon.core.main.TestCaseExecutor   - --------------------
2026-01-29 13:07:16.077 INFO  c.k.katalon.core.main.TestCaseExecutor   - START Test Cases/ProhanceWeb/Login_Page/Login
2026-01-29 13:07:16.168 INFO  c.k.katalon.core.main.TestCaseExecutor   - userName = tsL9urF6O/D/xURRxzj/8w==
2026-01-29 13:07:16.169 INFO  c.k.katalon.core.main.TestCaseExecutor   - password = HeCM15nHKBI=
2026-01-29 13:07:16.752 DEBUG testcase.Login                           - 1: openBrowser("")
2026-01-29 13:07:17.101 INFO  c.k.k.core.webui.driver.DriverFactory    - Starting 'Edge Chromium' driver
2026-01-29 13:07:17.246 INFO  c.k.k.core.webui.driver.DriverFactory    - Action delay is set to 0 milliseconds
Jan 29, 2026 1:08:45 PM org.openqa.selenium.devtools.CdpVersionFinder findNearestMatch
WARNING: Unable to find an exact match for CDP version 144, returning the closest version; found: 142; Please update to a Selenium version that supports CDP version 144
2026-01-29 13:08:46.261 INFO  c.k.k.core.webui.driver.DriverFactory    - sessionId = 59a9f00ae3c8dc3f8563f1e821305f31
2026-01-29 13:08:46.262 INFO  c.k.k.core.webui.driver.DriverFactory    - browser = Edge Chromium 144.0.3719.92
2026-01-29 13:08:46.265 INFO  c.k.k.core.webui.driver.DriverFactory    - platform = Windows 11
2026-01-29 13:08:46.266 INFO  c.k.k.core.webui.driver.DriverFactory    - seleniumVersion = 4.34.0
2026-01-29 13:08:46.276 INFO  c.k.k.core.webui.driver.DriverFactory    - proxyInformation = ProxyInformation { proxyOption=NO_PROXY, proxyServerType=HTTP, username=, password=********, proxyServerAddress=, proxyServerPort=0, executionList="", isApplyToDesiredCapabilities=true }
2026-01-29 13:08:46.336 DEBUG testcase.Login                           - 2: maximizeWindow()
2026-01-29 13:08:46.442 DEBUG testcase.Login                           - 3: waitForPageLoad(Delay, CONTINUE_ON_FAILURE)
2026-01-29 13:08:46.805 DEBUG testcase.Login                           - 4: navigateToUrl(URL)
2026-01-29 13:10:02.208 DEBUG testcase.Login                           - 5: try
2026-01-29 13:10:02.212 DEBUG testcase.Login                           - 1: setEncryptedText(findTestObject("Object Repository/Login/userName"), userName)
2026-01-29 13:10:03.287 DEBUG testcase.Login                           - 2: setEncryptedText(findTestObject("Object Repository/Login/Password"), password)
2026-01-29 13:10:03.720 DEBUG testcase.Login                           - 3: waitForElementClickable(findTestObject("Object Repository/Login/login_btn"), Delay)
2026-01-29 13:10:04.182 DEBUG testcase.Login                           - 4: click(findTestObject("Object Repository/Login/login_btn"))
2026-01-29 13:10:04.751 DEBUG testcase.Login                           - 5: if (verifyElementPresent(findTestObject("Object Repository/Login/session_Distroysession"), Delay, OPTIONAL))
2026-01-29 13:10:09.861 WARN  c.k.k.core.keyword.internal.KeywordMain  - com.kms.katalon.core.webui.exception.WebElementNotFoundException: Web element with id: 'Object Repository/Login/session_Distroysession' located by 'By.xpath: //input[@id='distroysession']' not found (Root cause: com.kms.katalon.core.exception.StepFailedException: com.kms.katalon.core.webui.exception.WebElementNotFoundException: Web element with id: 'Object Repository/Login/session_Distroysession' located by 'By.xpath: //input[@id='distroysession']' not found
	at com.kms.katalon.core.webui.keyword.internal.WebUIKeywordMain.stepFailed(WebUIKeywordMain.groovy:177)
	at com.kms.katalon.core.webui.keyword.builtin.VerifyElementPresentKeyword$_verifyElementPresent_closure1.doCall(VerifyElementPresentKeyword.groovy:88)
	at com.kms.katalon.core.webui.keyword.builtin.VerifyElementPresentKeyword$_verifyElementPresent_closure1.call(VerifyElementPresentKeyword.groovy)
	at com.kms.katalon.core.webui.keyword.internal.WebUIKeywordMain.runKeyword(WebUIKeywordMain.groovy:41)
	at com.kms.katalon.core.webui.keyword.builtin.VerifyElementPresentKeyword.verifyElementPresent(VerifyElementPresentKeyword.groovy:95)
	at com.kms.katalon.core.webui.keyword.builtin.VerifyElementPresentKeyword.execute(VerifyElementPresentKeyword.groovy:68)
	at com.kms.katalon.core.keyword.internal.KeywordExecutor.executeKeywordForPlatform(KeywordExecutor.groovy:90)
	at com.kms.katalon.core.webui.keyword.WebUiBuiltInKeywords.verifyElementPresent(WebUiBuiltInKeywords.groovy:1549)
	at Login.run(Login:41)
	at com.kms.katalon.core.main.ScriptEngine.run(ScriptEngine.java:194)
	at com.kms.katalon.core.main.ScriptEngine.runScriptAsRawText(ScriptEngine.java:119)
	at com.kms.katalon.core.main.TestCaseExecutor.runScript(TestCaseExecutor.java:490)
	at com.kms.katalon.core.main.TestCaseExecutor.doExecute(TestCaseExecutor.java:481)
	at com.kms.katalon.core.main.TestCaseExecutor.processExecutionPhase(TestCaseExecutor.java:460)
	at com.kms.katalon.core.main.TestCaseExecutor.accessMainPhase(TestCaseExecutor.java:452)
	at com.kms.katalon.core.main.TestCaseExecutor.execute(TestCaseExecutor.java:322)
	at com.kms.katalon.core.common.CommonExecutor.accessTestCaseMainPhase(CommonExecutor.java:71)
	at com.kms.katalon.core.main.TestSuiteExecutor.accessTestSuiteMainPhase(TestSuiteExecutor.java:153)
	at com.kms.katalon.core.main.TestSuiteExecutor.execute(TestSuiteExecutor.java:110)
	at com.kms.katalon.core.main.TestCaseMain.startTestSuite(TestCaseMain.java:205)
	at TempTestSuite1769672225870.run(TempTestSuite1769672225870.groovy:35)
	at java.base/jdk.internal.reflect.NativeMethodAccessorImpl.invoke0(Native Method)
	at java.base/jdk.internal.reflect.NativeMethodAccessorImpl.invoke(NativeMethodAccessorImpl.java:77)
	at java.base/jdk.internal.reflect.DelegatingMethodAccessorImpl.invoke(DelegatingMethodAccessorImpl.java:43)
)
2026-01-29 13:10:09.868 DEBUG testcase.Login                           - 6: if (verifyElementPresent(findTestObject("Object Repository/Common/Accept Cookies"), Delay, OPTIONAL))
2026-01-29 13:10:10.150 DEBUG testcase.Login                           - 1: waitForElementClickable(findTestObject("Object Repository/Common/Accept Cookies"), Delay, OPTIONAL)
2026-01-29 13:10:10.449 DEBUG testcase.Login                           - 2: click(findTestObject("Object Repository/Common/Accept Cookies"))
2026-01-29 13:10:10.819 DEBUG testcase.Login                           - 7: Finally
2026-01-29 13:10:10.821 DEBUG testcase.Login                           - 1: timestamp = Date().format("yyyyMMdd_HHmmss")
2026-01-29 13:10:10.838 INFO  c.k.katalon.core.main.TestCaseExecutor   - END Test Cases/ProhanceWeb/Login_Page/Login
2026-01-29 13:10:10.893 INFO  c.k.katalon.core.main.TestCaseExecutor   - --------------------
2026-01-29 13:10:10.893 INFO  c.k.katalon.core.main.TestCaseExecutor   - START Test Cases/ProhanceWeb/Organization Settings/Activity DashBoard/ActivityDashBoard
2026-01-29 13:10:11.143 INFO  c.k.katalon.core.main.TestCaseExecutor   - exportType = excel
2026-01-29 13:10:11.145 INFO  c.k.katalon.core.main.TestCaseExecutor   - isFileDownload = false
2026-01-29 13:10:11.160 INFO  c.k.katalon.core.main.TestCaseExecutor   - isDataValion = false
2026-01-29 13:10:11.810 DEBUG testcase.ActivityDashBoard               - 1: explort = null
2026-01-29 13:10:11.813 DEBUG testcase.ActivityDashBoard               - 2: rows = null
2026-01-29 13:10:11.815 DEBUG testcase.ActivityDashBoard               - 3: webData = []
2026-01-29 13:10:11.817 DEBUG testcase.ActivityDashBoard               - 4: if (verifyElementPresent(findTestObject("Object Repository/Organization Settings/New Folder/Page_ProHance/a_WORK TIME"), Delay))
2026-01-29 13:10:12.100 DEBUG testcase.ActivityDashBoard               - 1: waitForElementClickable(findTestObject("Object Repository/Organization Settings/New Folder/Page_ProHance/a_WORK TIME"), Delay)
2026-01-29 13:10:12.450 DEBUG testcase.ActivityDashBoard               - 2: click(findTestObject("Object Repository/Organization Settings/New Folder/Page_ProHance/a_WORK TIME"))
2026-01-29 13:10:12.860 DEBUG testcase.ActivityDashBoard               - 3: waitForElementClickable(findTestObject("Object Repository/Organization Settings/New Folder/Page_ProHance/a_ACTIVITY DASHBOARD"), Delay)
2026-01-29 13:10:13.217 DEBUG testcase.ActivityDashBoard               - 4: click(findTestObject("Object Repository/Organization Settings/New Folder/Page_ProHance/a_ACTIVITY DASHBOARD"))
2026-01-29 13:10:13.597 DEBUG testcase.ActivityDashBoard               - 5: waitForElementClickable(findTestObject("Object Repository/Organization Settings/New Folder/Page_ProHance/First_Container"), Delay, STOP_ON_FAILURE)
2026-01-29 13:10:14.697 DEBUG testcase.ActivityDashBoard               - 6: click(findTestObject("Object Repository/Organization Settings/New Folder/Page_ProHance/First_Container"))
2026-01-29 13:10:15.306 DEBUG testcase.ActivityDashBoard               - 7: waitForPageLoad(Delay, STOP_ON_FAILURE)
2026-01-29 13:10:15.401 DEBUG testcase.ActivityDashBoard               - 8: waitForElementClickable(findTestObject("Object Repository/Organization Settings/New Folder/Page_ProHance/span_Top Applications For All Groups_drilld_ef368b"), Delay)
2026-01-29 13:10:15.937 DEBUG testcase.ActivityDashBoard               - 9: click(findTestObject("Object Repository/Organization Settings/New Folder/Page_ProHance/span_Top Applications For All Groups_drilld_ef368b"))
2026-01-29 13:10:16.541 DEBUG testcase.ActivityDashBoard               - 10: switchToWindowIndex(1)
2026-01-29 13:10:16.784 DEBUG testcase.ActivityDashBoard               - 11: waitForPageLoad(Delay, STOP_ON_FAILURE)
2026-01-29 13:10:16.881 DEBUG testcase.ActivityDashBoard               - 12: executeJavaScript("window.scrollTo(0, document.body.scrollHeight);", null)
2026-01-29 13:10:16.915 DEBUG testcase.ActivityDashBoard               - 13: if (isFileDownload)
2026-01-29 13:10:16.925 DEBUG testcase.ActivityDashBoard               - 1: com.prohancewebapplication.file.FileSizeFinder.exisitingFileDelete()
C:\Users\gopal.s\Downloads
2026-01-29 13:10:16.975 INFO  k.k.c.m.CustomKeywordDelegatingMetaClass - com.prohancewebapplication.file.FileSizeFinder.exisitingFileDelete is PASSED
2026-01-29 13:10:16.978 DEBUG testcase.ActivityDashBoard               - 2: explort = ((exportType != null)) ? exportType : false
2026-01-29 13:10:16.982 DEBUG testcase.ActivityDashBoard               - 3: browserName = getExecutedBrowser()
2026-01-29 13:10:16.984 DEBUG testcase.ActivityDashBoard               - 4: logInfo("Browser Name :" + " " + browserName)
2026-01-29 13:10:16.998 INFO  com.kms.katalon.core.util.KeywordUtil    - Browser Name : Edge Chromium
2026-01-29 13:10:17.000 DEBUG testcase.ActivityDashBoard               - 5: xPath = com.prohanceebapplication.common.Export.export(explort)
2026-01-29 13:10:17.028 INFO  k.k.c.m.CustomKeywordDelegatingMetaClass - com.prohanceebapplication.common.Export.export is PASSED
2026-01-29 13:10:17.030 DEBUG testcase.ActivityDashBoard               - 6: out.println(xPath)
//span[.//img[@title='Export to Excel']]
2026-01-29 13:10:17.032 DEBUG testcase.ActivityDashBoard               - 7: if (xPath != null)
2026-01-29 13:10:17.035 DEBUG testcase.ActivityDashBoard               - 1: exportSpan = new com.kms.katalon.core.testobject.TestObject()
2026-01-29 13:10:17.041 DEBUG testcase.ActivityDashBoard               - 2: exportSpan.addProperty("xpath", EQUALS, xPath)
2026-01-29 13:10:17.062 DEBUG testcase.ActivityDashBoard               - 3: waitForElementPresent(exportSpan, Delay)
2026-01-29 13:10:18.510 DEBUG testcase.ActivityDashBoard               - 4: el = findWebElement(exportSpan, Delay)
2026-01-29 13:10:18.835 DEBUG testcase.ActivityDashBoard               - 5: executeJavaScript("arguments[0].scrollIntoView(true);", Arrays.asList(el))
2026-01-29 13:10:18.917 DEBUG testcase.ActivityDashBoard               - 6: executeJavaScript("arguments[0].click();", Arrays.asList(el))
2026-01-29 13:10:21.286 DEBUG testcase.ActivityDashBoard               - 8: if (isDataValion)
2026-01-29 13:10:21.295 DEBUG testcase.ActivityDashBoard               - 1: rows = com.prohancewebapplication.webtable.Table.webTableDataReader(findTestObject("Object Repository/Organization Settings/Activity DashBoard/TopApplicationWebTable/FirstDrillDown/table_Id"), findTestObject("Object Repository/Organization Settings/Activity DashBoard/TopApplicationWebTable/FirstDrillDown/table_tr"))
2026-01-29 13:10:21.906 INFO  k.k.c.m.CustomKeywordDelegatingMetaClass - com.prohancewebapplication.webtable.Table.webTableDataReader is PASSED
2026-01-29 13:10:21.908 DEBUG testcase.ActivityDashBoard               - 2: if (rows != null)
2026-01-29 13:10:21.910 DEBUG testcase.ActivityDashBoard               - 1: com.prohanceapplication.webtableexcelvalidation.DataValidator.validateWebTableWithDownloadedExcel(rows)
2026-01-29 13:10:35.276 DEBUG com.kms.katalon.core.util.KeywordUtil    - ✓ Mismatch | Row: 1, Column: 1 | Web: '' | Excel: ''
2026-01-29 13:10:35.306 DEBUG com.kms.katalon.core.util.KeywordUtil    - ✓ Mismatch | Row: 1, Column: 2 | Web: '1' | Excel: '1'
2026-01-29 13:10:35.308 DEBUG com.kms.katalon.core.util.KeywordUtil    - ✓ Mismatch | Row: 1, Column: 3 | Web: 'Eclipse' | Excel: 'Eclipse'
2026-01-29 13:10:35.310 DEBUG com.kms.katalon.core.util.KeywordUtil    - ✓ Mismatch | Row: 1, Column: 4 | Web: '8d 11 : 41 : 56' | Excel: '8d 11 : 41 : 56'
2026-01-29 13:10:35.312 DEBUG com.kms.katalon.core.util.KeywordUtil    - ✓ Mismatch | Row: 1, Column: 5 | Web: '6' | Excel: '6'
2026-01-29 13:10:35.314 DEBUG com.kms.katalon.core.util.KeywordUtil    - ✓ Mismatch | Row: 1, Column: 6 | Web: '31942' | Excel: '31942'
2026-01-29 13:10:35.315 DEBUG com.kms.katalon.core.util.KeywordUtil    - ✓ Mismatch | Row: 1, Column: 7 | Web: '2' | Excel: '2'
2026-01-29 13:10:35.320 DEBUG com.kms.katalon.core.util.KeywordUtil    - ✓ Mismatch | Row: 1, Column: 8 | Web: 'Development Tools' | Excel: 'Development Tools'
2026-01-29 13:10:35.321 DEBUG com.kms.katalon.core.util.KeywordUtil    - ✓ Mismatch | Row: 2, Column: 1 | Web: '' | Excel: ''
2026-01-29 13:10:35.326 DEBUG com.kms.katalon.core.util.KeywordUtil    - ✓ Mismatch | Row: 2, Column: 2 | Web: '2' | Excel: '2'
2026-01-29 13:10:35.328 DEBUG com.kms.katalon.core.util.KeywordUtil    - ✓ Mismatch | Row: 2, Column: 3 | Web: 'XCode' | Excel: 'XCode'
2026-01-29 13:10:35.331 DEBUG com.kms.katalon.core.util.KeywordUtil    - ✓ Mismatch | Row: 2, Column: 4 | Web: '5d 02 : 16 : 51' | Excel: '5d 02 : 16 : 51'
2026-01-29 13:10:35.337 DEBUG com.kms.katalon.core.util.KeywordUtil    - ✓ Mismatch | Row: 2, Column: 5 | Web: '5' | Excel: '5'
2026-01-29 13:10:35.339 DEBUG com.kms.katalon.core.util.KeywordUtil    - ✓ Mismatch | Row: 2, Column: 6 | Web: '6492' | Excel: '6492'
2026-01-29 13:10:35.341 DEBUG com.kms.katalon.core.util.KeywordUtil    - ✓ Mismatch | Row: 2, Column: 7 | Web: '2' | Excel: '2'
2026-01-29 13:10:35.343 DEBUG com.kms.katalon.core.util.KeywordUtil    - ✓ Mismatch | Row: 2, Column: 8 | Web: 'Development Tools' | Excel: 'Development Tools'
2026-01-29 13:10:35.347 DEBUG com.kms.katalon.core.util.KeywordUtil    - ✓ Mismatch | Row: 3, Column: 1 | Web: '' | Excel: ''
2026-01-29 13:10:35.349 DEBUG com.kms.katalon.core.util.KeywordUtil    - ✓ Mismatch | Row: 3, Column: 2 | Web: '3' | Excel: '3'
2026-01-29 13:10:35.350 DEBUG com.kms.katalon.core.util.KeywordUtil    - ✓ Mismatch | Row: 3, Column: 3 | Web: 'ProHance' | Excel: 'ProHance'
2026-01-29 13:10:35.354 DEBUG com.kms.katalon.core.util.KeywordUtil    - ✓ Mismatch | Row: 3, Column: 4 | Web: '3d 22 : 46 : 36' | Excel: '3d 22 : 46 : 36'
2026-01-29 13:10:35.357 DEBUG com.kms.katalon.core.util.KeywordUtil    - ✓ Mismatch | Row: 3, Column: 5 | Web: '6' | Excel: '6'
2026-01-29 13:10:35.357 DEBUG com.kms.katalon.core.util.KeywordUtil    - ✓ Mismatch | Row: 3, Column: 6 | Web: '16796' | Excel: '16796'
2026-01-29 13:10:35.359 DEBUG com.kms.katalon.core.util.KeywordUtil    - ✓ Mismatch | Row: 3, Column: 7 | Web: '2' | Excel: '2'
2026-01-29 13:10:35.361 DEBUG com.kms.katalon.core.util.KeywordUtil    - ✓ Mismatch | Row: 3, Column: 8 | Web: 'Business Tools' | Excel: 'Business Tools'
2026-01-29 13:10:35.363 DEBUG com.kms.katalon.core.util.KeywordUtil    - ✓ Mismatch | Row: 4, Column: 1 | Web: '' | Excel: ''
2026-01-29 13:10:35.365 DEBUG com.kms.katalon.core.util.KeywordUtil    - ✓ Mismatch | Row: 4, Column: 2 | Web: '4' | Excel: '4'
2026-01-29 13:10:35.366 DEBUG com.kms.katalon.core.util.KeywordUtil    - ✓ Mismatch | Row: 4, Column: 3 | Web: 'Notepad' | Excel: 'Notepad'
2026-01-29 13:10:35.368 DEBUG com.kms.katalon.core.util.KeywordUtil    - ✓ Mismatch | Row: 4, Column: 4 | Web: '2d 03 : 03 : 03' | Excel: '2d 03 : 03 : 03'
2026-01-29 13:10:35.370 DEBUG com.kms.katalon.core.util.KeywordUtil    - ✓ Mismatch | Row: 4, Column: 5 | Web: '6' | Excel: '6'
2026-01-29 13:10:35.372 DEBUG com.kms.katalon.core.util.KeywordUtil    - ✓ Mismatch | Row: 4, Column: 6 | Web: '7549' | Excel: '7549'
2026-01-29 13:10:35.374 DEBUG com.kms.katalon.core.util.KeywordUtil    - ✓ Mismatch | Row: 4, Column: 7 | Web: '2' | Excel: '2'
2026-01-29 13:10:35.374 DEBUG com.kms.katalon.core.util.KeywordUtil    - ✓ Mismatch | Row: 4, Column: 8 | Web: 'Development Tools' | Excel: 'Development Tools'
2026-01-29 13:10:35.376 DEBUG com.kms.katalon.core.util.KeywordUtil    - ✓ Mismatch | Row: 5, Column: 1 | Web: '' | Excel: ''
2026-01-29 13:10:35.378 DEBUG com.kms.katalon.core.util.KeywordUtil    - ✓ Mismatch | Row: 5, Column: 2 | Web: '5' | Excel: '5'
2026-01-29 13:10:35.378 DEBUG com.kms.katalon.core.util.KeywordUtil    - ✓ Mismatch | Row: 5, Column: 3 | Web: 'MS Teams' | Excel: 'MS Teams'
2026-01-29 13:10:35.382 DEBUG com.kms.katalon.core.util.KeywordUtil    - ✓ Mismatch | Row: 5, Column: 4 | Web: '2d 00 : 24 : 14' | Excel: '2d 00 : 24 : 14'
2026-01-29 13:10:35.386 DEBUG com.kms.katalon.core.util.KeywordUtil    - ✓ Mismatch | Row: 5, Column: 5 | Web: '6' | Excel: '6'
2026-01-29 13:10:35.386 DEBUG com.kms.katalon.core.util.KeywordUtil    - ✓ Mismatch | Row: 5, Column: 6 | Web: '5308' | Excel: '5308'
2026-01-29 13:10:35.388 DEBUG com.kms.katalon.core.util.KeywordUtil    - ✓ Mismatch | Row: 5, Column: 7 | Web: '2' | Excel: '2'
2026-01-29 13:10:35.390 DEBUG com.kms.katalon.core.util.KeywordUtil    - ✓ Mismatch | Row: 5, Column: 8 | Web: 'Communication Tools' | Excel: 'Communication Tools'
2026-01-29 13:10:35.390 DEBUG com.kms.katalon.core.util.KeywordUtil    - ✓ Mismatch | Row: 6, Column: 1 | Web: '' | Excel: ''
2026-01-29 13:10:35.392 DEBUG com.kms.katalon.core.util.KeywordUtil    - ✓ Mismatch | Row: 6, Column: 2 | Web: '6' | Excel: '6'
2026-01-29 13:10:35.394 DEBUG com.kms.katalon.core.util.KeywordUtil    - ✓ Mismatch | Row: 6, Column: 3 | Web: 'UNKNOWN AOS' | Excel: 'UNKNOWN AOS'
2026-01-29 13:10:35.396 DEBUG com.kms.katalon.core.util.KeywordUtil    - ✓ Mismatch | Row: 6, Column: 4 | Web: '1d 16 : 14 : 33' | Excel: '1d 16 : 14 : 33'
2026-01-29 13:10:35.396 DEBUG com.kms.katalon.core.util.KeywordUtil    - ✓ Mismatch | Row: 6, Column: 5 | Web: '6' | Excel: '6'
2026-01-29 13:10:35.398 DEBUG com.kms.katalon.core.util.KeywordUtil    - ✓ Mismatch | Row: 6, Column: 6 | Web: '7178' | Excel: '7178'
2026-01-29 13:10:35.400 DEBUG com.kms.katalon.core.util.KeywordUtil    - ✓ Mismatch | Row: 6, Column: 7 | Web: '' | Excel: ''
2026-01-29 13:10:35.402 DEBUG com.kms.katalon.core.util.KeywordUtil    - ✓ Mismatch | Row: 6, Column: 8 | Web: '' | Excel: ''
2026-01-29 13:10:35.404 DEBUG com.kms.katalon.core.util.KeywordUtil    - ✓ Mismatch | Row: 7, Column: 1 | Web: '' | Excel: ''
2026-01-29 13:10:35.406 DEBUG com.kms.katalon.core.util.KeywordUtil    - ✓ Mismatch | Row: 7, Column: 2 | Web: '7' | Excel: '7'
2026-01-29 13:10:35.410 DEBUG com.kms.katalon.core.util.KeywordUtil    - ✓ Mismatch | Row: 7, Column: 3 | Web: 'Email Applications' | Excel: 'Email Applications'
2026-01-29 13:10:35.414 DEBUG com.kms.katalon.core.util.KeywordUtil    - ✓ Mismatch | Row: 7, Column: 4 | Web: '1d 05 : 30 : 50' | Excel: '1d 05 : 30 : 50'
2026-01-29 13:10:35.414 DEBUG com.kms.katalon.core.util.KeywordUtil    - ✓ Mismatch | Row: 7, Column: 5 | Web: '6' | Excel: '6'
2026-01-29 13:10:35.420 DEBUG com.kms.katalon.core.util.KeywordUtil    - ✓ Mismatch | Row: 7, Column: 6 | Web: '2553' | Excel: '2553'
2026-01-29 13:10:35.420 DEBUG com.kms.katalon.core.util.KeywordUtil    - ✓ Mismatch | Row: 7, Column: 7 | Web: '2' | Excel: '2'
2026-01-29 13:10:35.424 DEBUG com.kms.katalon.core.util.KeywordUtil    - ✓ Mismatch | Row: 7, Column: 8 | Web: 'Communication Tools' | Excel: 'Communication Tools'
2026-01-29 13:10:35.426 DEBUG com.kms.katalon.core.util.KeywordUtil    - ✓ Mismatch | Row: 8, Column: 1 | Web: '' | Excel: ''
2026-01-29 13:10:35.426 DEBUG com.kms.katalon.core.util.KeywordUtil    - ✓ Mismatch | Row: 8, Column: 2 | Web: '8' | Excel: '8'
2026-01-29 13:10:35.428 DEBUG com.kms.katalon.core.util.KeywordUtil    - ✓ Mismatch | Row: 8, Column: 3 | Web: 'Excel' | Excel: 'Excel'
2026-01-29 13:10:35.433 DEBUG com.kms.katalon.core.util.KeywordUtil    - ✓ Mismatch | Row: 8, Column: 4 | Web: '1d 02 : 53 : 56' | Excel: '1d 02 : 53 : 56'
2026-01-29 13:10:35.437 DEBUG com.kms.katalon.core.util.KeywordUtil    - ✓ Mismatch | Row: 8, Column: 5 | Web: '6' | Excel: '6'
2026-01-29 13:10:35.439 DEBUG com.kms.katalon.core.util.KeywordUtil    - ✓ Mismatch | Row: 8, Column: 6 | Web: '6197' | Excel: '6197'
2026-01-29 13:10:35.441 DEBUG com.kms.katalon.core.util.KeywordUtil    - ✓ Mismatch | Row: 8, Column: 7 | Web: '2' | Excel: '2'
2026-01-29 13:10:35.447 DEBUG com.kms.katalon.core.util.KeywordUtil    - ✓ Mismatch | Row: 8, Column: 8 | Web: 'Documentation Tools' | Excel: 'Documentation Tools'
2026-01-29 13:10:35.451 DEBUG com.kms.katalon.core.util.KeywordUtil    - ✓ Mismatch | Row: 9, Column: 1 | Web: '' | Excel: ''
2026-01-29 13:10:35.455 DEBUG com.kms.katalon.core.util.KeywordUtil    - ✓ Mismatch | Row: 9, Column: 2 | Web: '9' | Excel: '9'
2026-01-29 13:10:35.479 DEBUG com.kms.katalon.core.util.KeywordUtil    - ✓ Mismatch | Row: 9, Column: 3 | Web: 'Remote Desktop' | Excel: 'Remote Desktop'
2026-01-29 13:10:35.486 DEBUG com.kms.katalon.core.util.KeywordUtil    - ✓ Mismatch | Row: 9, Column: 4 | Web: '18 : 16 : 38' | Excel: '18 : 16 : 38'
2026-01-29 13:10:35.488 DEBUG com.kms.katalon.core.util.KeywordUtil    - ✓ Mismatch | Row: 9, Column: 5 | Web: '1' | Excel: '1'
2026-01-29 13:10:35.490 DEBUG com.kms.katalon.core.util.KeywordUtil    - ✓ Mismatch | Row: 9, Column: 6 | Web: '1348' | Excel: '1348'
2026-01-29 13:10:35.493 DEBUG com.kms.katalon.core.util.KeywordUtil    - ✓ Mismatch | Row: 9, Column: 7 | Web: '1' | Excel: '1'
2026-01-29 13:10:35.495 DEBUG com.kms.katalon.core.util.KeywordUtil    - ✓ Mismatch | Row: 9, Column: 8 | Web: 'Support Tools' | Excel: 'Support Tools'
2026-01-29 13:10:35.505 DEBUG com.kms.katalon.core.util.KeywordUtil    - ✓ Mismatch | Row: 10, Column: 1 | Web: '' | Excel: ''
2026-01-29 13:10:35.511 DEBUG com.kms.katalon.core.util.KeywordUtil    - ✓ Mismatch | Row: 10, Column: 2 | Web: '10' | Excel: '10'
2026-01-29 13:10:35.513 DEBUG com.kms.katalon.core.util.KeywordUtil    - ✓ Mismatch | Row: 10, Column: 3 | Web: 'Files & Folders' | Excel: 'Files & Folders'
2026-01-29 13:10:35.521 DEBUG com.kms.katalon.core.util.KeywordUtil    - ✓ Mismatch | Row: 10, Column: 4 | Web: '14 : 12 : 41' | Excel: '14 : 12 : 41'
2026-01-29 13:10:35.521 DEBUG com.kms.katalon.core.util.KeywordUtil    - ✓ Mismatch | Row: 10, Column: 5 | Web: '6' | Excel: '6'
2026-01-29 13:10:35.524 DEBUG com.kms.katalon.core.util.KeywordUtil    - ✓ Mismatch | Row: 10, Column: 6 | Web: '6212' | Excel: '6212'
2026-01-29 13:10:35.524 DEBUG com.kms.katalon.core.util.KeywordUtil    - ✓ Mismatch | Row: 10, Column: 7 | Web: '0' | Excel: '0'
2026-01-29 13:10:35.526 DEBUG com.kms.katalon.core.util.KeywordUtil    - ✓ Mismatch | Row: 10, Column: 8 | Web: 'System Tools' | Excel: 'System Tools'
2026-01-29 13:10:35.528 DEBUG com.kms.katalon.core.util.KeywordUtil    - ✓ Mismatch | Row: 11, Column: 1 | Web: '' | Excel: ''
2026-01-29 13:10:35.530 DEBUG com.kms.katalon.core.util.KeywordUtil    - ✓ Mismatch | Row: 11, Column: 2 | Web: '11' | Excel: '11'
2026-01-29 13:10:35.532 DEBUG com.kms.katalon.core.util.KeywordUtil    - ✓ Mismatch | Row: 11, Column: 3 | Web: 'General Web Browsing' | Excel: 'General Web Browsing'
2026-01-29 13:10:35.532 DEBUG com.kms.katalon.core.util.KeywordUtil    - ✓ Mismatch | Row: 11, Column: 4 | Web: '13 : 09 : 23' | Excel: '13 : 09 : 23'
2026-01-29 13:10:35.553 DEBUG com.kms.katalon.core.util.KeywordUtil    - ✓ Mismatch | Row: 11, Column: 5 | Web: '6' | Excel: '6'
2026-01-29 13:10:35.553 DEBUG com.kms.katalon.core.util.KeywordUtil    - ✓ Mismatch | Row: 11, Column: 6 | Web: '1942' | Excel: '1942'
2026-01-29 13:10:35.560 DEBUG com.kms.katalon.core.util.KeywordUtil    - ✓ Mismatch | Row: 11, Column: 7 | Web: '0' | Excel: '0'
2026-01-29 13:10:35.560 DEBUG com.kms.katalon.core.util.KeywordUtil    - ✓ Mismatch | Row: 11, Column: 8 | Web: 'Documentation Tools' | Excel: 'Documentation Tools'
2026-01-29 13:10:35.562 DEBUG com.kms.katalon.core.util.KeywordUtil    - ✓ Mismatch | Row: 12, Column: 1 | Web: '' | Excel: ''
2026-01-29 13:10:35.562 DEBUG com.kms.katalon.core.util.KeywordUtil    - ✓ Mismatch | Row: 12, Column: 2 | Web: '12' | Excel: '12'
2026-01-29 13:10:35.564 DEBUG com.kms.katalon.core.util.KeywordUtil    - ✓ Mismatch | Row: 12, Column: 3 | Web: 'CAST Application' | Excel: 'CAST Application'
2026-01-29 13:10:35.564 DEBUG com.kms.katalon.core.util.KeywordUtil    - ✓ Mismatch | Row: 12, Column: 4 | Web: '11 : 38 : 14' | Excel: '11 : 38 : 14'
2026-01-29 13:10:35.564 DEBUG com.kms.katalon.core.util.KeywordUtil    - ✓ Mismatch | Row: 12, Column: 5 | Web: '4' | Excel: '4'
2026-01-29 13:10:35.570 DEBUG com.kms.katalon.core.util.KeywordUtil    - ✓ Mismatch | Row: 12, Column: 6 | Web: '915' | Excel: '915'
2026-01-29 13:10:35.570 DEBUG com.kms.katalon.core.util.KeywordUtil    - ✓ Mismatch | Row: 12, Column: 7 | Web: '2' | Excel: '2'
2026-01-29 13:10:35.572 DEBUG com.kms.katalon.core.util.KeywordUtil    - ✓ Mismatch | Row: 12, Column: 8 | Web: 'Development Tools' | Excel: 'Development Tools'
2026-01-29 13:10:35.574 DEBUG com.kms.katalon.core.util.KeywordUtil    - ✓ Mismatch | Row: 13, Column: 1 | Web: '' | Excel: ''
2026-01-29 13:10:35.574 DEBUG com.kms.katalon.core.util.KeywordUtil    - ✓ Mismatch | Row: 13, Column: 2 | Web: '13' | Excel: '13'
2026-01-29 13:10:35.575 DEBUG com.kms.katalon.core.util.KeywordUtil    - ✓ Mismatch | Row: 13, Column: 3 | Web: 'Windows Components' | Excel: 'Windows Components'
2026-01-29 13:10:35.575 DEBUG com.kms.katalon.core.util.KeywordUtil    - ✓ Mismatch | Row: 13, Column: 4 | Web: '10 : 52 : 25' | Excel: '10 : 52 : 25'
2026-01-29 13:10:35.575 DEBUG com.kms.katalon.core.util.KeywordUtil    - ✓ Mismatch | Row: 13, Column: 5 | Web: '6' | Excel: '6'
2026-01-29 13:10:35.579 DEBUG com.kms.katalon.core.util.KeywordUtil    - ✓ Mismatch | Row: 13, Column: 6 | Web: '7372' | Excel: '7372'
2026-01-29 13:10:35.580 DEBUG com.kms.katalon.core.util.KeywordUtil    - ✓ Mismatch | Row: 13, Column: 7 | Web: '2' | Excel: '2'
2026-01-29 13:10:35.584 DEBUG com.kms.katalon.core.util.KeywordUtil    - ✓ Mismatch | Row: 13, Column: 8 | Web: 'Support Tools' | Excel: 'Support Tools'
2026-01-29 13:10:35.590 DEBUG com.kms.katalon.core.util.KeywordUtil    - ✓ Mismatch | Row: 14, Column: 1 | Web: '' | Excel: ''
2026-01-29 13:10:35.590 DEBUG com.kms.katalon.core.util.KeywordUtil    - ✓ Mismatch | Row: 14, Column: 2 | Web: '14' | Excel: '14'
2026-01-29 13:10:35.590 DEBUG com.kms.katalon.core.util.KeywordUtil    - ✓ Mismatch | Row: 14, Column: 3 | Web: 'Advanced Rest Client' | Excel: 'Advanced Rest Client'
2026-01-29 13:10:35.590 DEBUG com.kms.katalon.core.util.KeywordUtil    - ✓ Mismatch | Row: 14, Column: 4 | Web: '07 : 08 : 58' | Excel: '07 : 08 : 58'
2026-01-29 13:10:35.590 DEBUG com.kms.katalon.core.util.KeywordUtil    - ✓ Mismatch | Row: 14, Column: 5 | Web: '4' | Excel: '4'
2026-01-29 13:10:35.596 DEBUG com.kms.katalon.core.util.KeywordUtil    - ✓ Mismatch | Row: 14, Column: 6 | Web: '1214' | Excel: '1214'
2026-01-29 13:10:35.596 DEBUG com.kms.katalon.core.util.KeywordUtil    - ✓ Mismatch | Row: 14, Column: 7 | Web: '0' | Excel: '0'
2026-01-29 13:10:35.596 DEBUG com.kms.katalon.core.util.KeywordUtil    - ✓ Mismatch | Row: 14, Column: 8 | Web: 'Documentation Tools' | Excel: 'Documentation Tools'
2026-01-29 13:10:35.596 DEBUG com.kms.katalon.core.util.KeywordUtil    - ✓ Mismatch | Row: 15, Column: 1 | Web: '' | Excel: ''
2026-01-29 13:10:35.602 DEBUG com.kms.katalon.core.util.KeywordUtil    - ✓ Mismatch | Row: 15, Column: 2 | Web: '15' | Excel: '15'
2026-01-29 13:10:35.604 DEBUG com.kms.katalon.core.util.KeywordUtil    - ✓ Mismatch | Row: 15, Column: 3 | Web: 'Chat GPT' | Excel: 'Chat GPT'
2026-01-29 13:10:35.614 DEBUG com.kms.katalon.core.util.KeywordUtil    - ✓ Mismatch | Row: 15, Column: 4 | Web: '06 : 21 : 05' | Excel: '06 : 21 : 05'
2026-01-29 13:10:35.616 DEBUG com.kms.katalon.core.util.KeywordUtil    - ✓ Mismatch | Row: 15, Column: 5 | Web: '6' | Excel: '6'
2026-01-29 13:10:35.618 DEBUG com.kms.katalon.core.util.KeywordUtil    - ✓ Mismatch | Row: 15, Column: 6 | Web: '1051' | Excel: '1051'
2026-01-29 13:10:35.619 DEBUG com.kms.katalon.core.util.KeywordUtil    - ✓ Mismatch | Row: 15, Column: 7 | Web: '2' | Excel: '2'
2026-01-29 13:10:35.619 DEBUG com.kms.katalon.core.util.KeywordUtil    - ✓ Mismatch | Row: 15, Column: 8 | Web: 'Business Tools' | Excel: 'Business Tools'
2026-01-29 13:10:35.621 DEBUG com.kms.katalon.core.util.KeywordUtil    - ✓ Mismatch | Row: 16, Column: 1 | Web: '' | Excel: ''
2026-01-29 13:10:35.623 DEBUG com.kms.katalon.core.util.KeywordUtil    - ✓ Mismatch | Row: 16, Column: 2 | Web: '16' | Excel: '16'
2026-01-29 13:10:35.623 DEBUG com.kms.katalon.core.util.KeywordUtil    - ✓ Mismatch | Row: 16, Column: 3 | Web: 'Electron' | Excel: 'Electron'
2026-01-29 13:10:35.623 DEBUG com.kms.katalon.core.util.KeywordUtil    - ✓ Mismatch | Row: 16, Column: 4 | Web: '06 : 09 : 12' | Excel: '06 : 09 : 12'
2026-01-29 13:10:35.625 DEBUG com.kms.katalon.core.util.KeywordUtil    - ✓ Mismatch | Row: 16, Column: 5 | Web: '2' | Excel: '2'
2026-01-29 13:10:35.625 DEBUG com.kms.katalon.core.util.KeywordUtil    - ✓ Mismatch | Row: 16, Column: 6 | Web: '650' | Excel: '650'
2026-01-29 13:10:35.629 DEBUG com.kms.katalon.core.util.KeywordUtil    - ✓ Mismatch | Row: 16, Column: 7 | Web: '2' | Excel: '2'
2026-01-29 13:10:35.631 DEBUG com.kms.katalon.core.util.KeywordUtil    - ✓ Mismatch | Row: 16, Column: 8 | Web: 'Development Tools' | Excel: 'Development Tools'
2026-01-29 13:10:35.633 DEBUG com.kms.katalon.core.util.KeywordUtil    - ✓ Mismatch | Row: 17, Column: 1 | Web: '' | Excel: ''
2026-01-29 13:10:35.635 DEBUG com.kms.katalon.core.util.KeywordUtil    - ✓ Mismatch | Row: 17, Column: 2 | Web: '17' | Excel: '17'
2026-01-29 13:10:35.637 DEBUG com.kms.katalon.core.util.KeywordUtil    - ✓ Mismatch | Row: 17, Column: 3 | Web: 'Word' | Excel: 'Word'
2026-01-29 13:10:35.637 DEBUG com.kms.katalon.core.util.KeywordUtil    - ✓ Mismatch | Row: 17, Column: 4 | Web: '05 : 23 : 07' | Excel: '05 : 23 : 07'
2026-01-29 13:10:35.637 DEBUG com.kms.katalon.core.util.KeywordUtil    - ✓ Mismatch | Row: 17, Column: 5 | Web: '2' | Excel: '2'
2026-01-29 13:10:35.639 DEBUG com.kms.katalon.core.util.KeywordUtil    - ✓ Mismatch | Row: 17, Column: 6 | Web: '395' | Excel: '395'
2026-01-29 13:10:35.639 DEBUG com.kms.katalon.core.util.KeywordUtil    - ✓ Mismatch | Row: 17, Column: 7 | Web: '2' | Excel: '2'
2026-01-29 13:10:35.639 DEBUG com.kms.katalon.core.util.KeywordUtil    - ✓ Mismatch | Row: 17, Column: 8 | Web: 'Documentation Tools' | Excel: 'Documentation Tools'
2026-01-29 13:10:35.642 DEBUG com.kms.katalon.core.util.KeywordUtil    - ✓ Mismatch | Row: 18, Column: 1 | Web: '' | Excel: ''
2026-01-29 13:10:35.642 DEBUG com.kms.katalon.core.util.KeywordUtil    - ✓ Mismatch | Row: 18, Column: 2 | Web: '18' | Excel: '18'
2026-01-29 13:10:35.642 DEBUG com.kms.katalon.core.util.KeywordUtil    - ✓ Mismatch | Row: 18, Column: 3 | Web: 'Customer Connect Apps' | Excel: 'Customer Connect Apps'
2026-01-29 13:10:35.642 DEBUG com.kms.katalon.core.util.KeywordUtil    - ✓ Mismatch | Row: 18, Column: 4 | Web: '04 : 58 : 58' | Excel: '04 : 58 : 58'
2026-01-29 13:10:35.642 DEBUG com.kms.katalon.core.util.KeywordUtil    - ✓ Mismatch | Row: 18, Column: 5 | Web: '5' | Excel: '5'
2026-01-29 13:10:35.642 DEBUG com.kms.katalon.core.util.KeywordUtil    - ✓ Mismatch | Row: 18, Column: 6 | Web: '314' | Excel: '314'
2026-01-29 13:10:35.642 DEBUG com.kms.katalon.core.util.KeywordUtil    - ✓ Mismatch | Row: 18, Column: 7 | Web: '2' | Excel: '2'
2026-01-29 13:10:35.642 DEBUG com.kms.katalon.core.util.KeywordUtil    - ✓ Mismatch | Row: 18, Column: 8 | Web: 'Support Tools' | Excel: 'Support Tools'
2026-01-29 13:10:35.649 DEBUG com.kms.katalon.core.util.KeywordUtil    - ✓ Mismatch | Row: 19, Column: 1 | Web: '' | Excel: ''
2026-01-29 13:10:35.651 DEBUG com.kms.katalon.core.util.KeywordUtil    - ✓ Mismatch | Row: 19, Column: 2 | Web: '19' | Excel: '19'
2026-01-29 13:10:35.653 DEBUG com.kms.katalon.core.util.KeywordUtil    - ✓ Mismatch | Row: 19, Column: 3 | Web: 'Techmate Application' | Excel: 'Techmate Application'
2026-01-29 13:10:35.653 DEBUG com.kms.katalon.core.util.KeywordUtil    - ✓ Mismatch | Row: 19, Column: 4 | Web: '04 : 19 : 52' | Excel: '04 : 19 : 52'
2026-01-29 13:10:35.655 DEBUG com.kms.katalon.core.util.KeywordUtil    - ✓ Mismatch | Row: 19, Column: 5 | Web: '4' | Excel: '4'
2026-01-29 13:10:35.655 DEBUG com.kms.katalon.core.util.KeywordUtil    - ✓ Mismatch | Row: 19, Column: 6 | Web: '370' | Excel: '370'
2026-01-29 13:10:35.655 DEBUG com.kms.katalon.core.util.KeywordUtil    - ✓ Mismatch | Row: 19, Column: 7 | Web: '2' | Excel: '2'
2026-01-29 13:10:35.655 DEBUG com.kms.katalon.core.util.KeywordUtil    - ✓ Mismatch | Row: 19, Column: 8 | Web: 'Support Tools' | Excel: 'Support Tools'
2026-01-29 13:10:35.655 DEBUG com.kms.katalon.core.util.KeywordUtil    - ✓ Mismatch | Row: 20, Column: 1 | Web: '' | Excel: ''
2026-01-29 13:10:35.662 DEBUG com.kms.katalon.core.util.KeywordUtil    - ✓ Mismatch | Row: 20, Column: 2 | Web: '20' | Excel: '20'
2026-01-29 13:10:35.664 DEBUG com.kms.katalon.core.util.KeywordUtil    - ✓ Mismatch | Row: 20, Column: 3 | Web: 'Tutorials' | Excel: 'Tutorials'
2026-01-29 13:10:35.674 DEBUG com.kms.katalon.core.util.KeywordUtil    - ✓ Mismatch | Row: 20, Column: 4 | Web: '03 : 28 : 36' | Excel: '03 : 28 : 36'
2026-01-29 13:10:35.682 DEBUG com.kms.katalon.core.util.KeywordUtil    - ✓ Mismatch | Row: 20, Column: 5 | Web: '6' | Excel: '6'
2026-01-29 13:10:35.682 DEBUG com.kms.katalon.core.util.KeywordUtil    - ✓ Mismatch | Row: 20, Column: 6 | Web: '299' | Excel: '299'
2026-01-29 13:10:35.688 DEBUG com.kms.katalon.core.util.KeywordUtil    - ✓ Mismatch | Row: 20, Column: 7 | Web: '1' | Excel: '1'
2026-01-29 13:10:35.688 DEBUG com.kms.katalon.core.util.KeywordUtil    - ✓ Mismatch | Row: 20, Column: 8 | Web: 'Documentation Tools' | Excel: 'Documentation Tools'
2026-01-29 13:10:35.690 DEBUG com.kms.katalon.core.util.KeywordUtil    - ✓ Mismatch | Row: 21, Column: 1 | Web: '' | Excel: ''
2026-01-29 13:10:35.690 DEBUG com.kms.katalon.core.util.KeywordUtil    - ✓ Mismatch | Row: 21, Column: 2 | Web: '21' | Excel: '21'
2026-01-29 13:10:35.692 DEBUG com.kms.katalon.core.util.KeywordUtil    - ✓ Mismatch | Row: 21, Column: 3 | Web: 'MYSQL Server' | Excel: 'MYSQL Server'
2026-01-29 13:10:35.692 DEBUG com.kms.katalon.core.util.KeywordUtil    - ✓ Mismatch | Row: 21, Column: 4 | Web: '02 : 29 : 02' | Excel: '02 : 29 : 02'
2026-01-29 13:10:35.694 DEBUG com.kms.katalon.core.util.KeywordUtil    - ✓ Mismatch | Row: 21, Column: 5 | Web: '3' | Excel: '3'
2026-01-29 13:10:35.694 DEBUG com.kms.katalon.core.util.KeywordUtil    - ✓ Mismatch | Row: 21, Column: 6 | Web: '378' | Excel: '378'
2026-01-29 13:10:35.696 DEBUG com.kms.katalon.core.util.KeywordUtil    - ✓ Mismatch | Row: 21, Column: 7 | Web: '2' | Excel: '2'
2026-01-29 13:10:35.698 DEBUG com.kms.katalon.core.util.KeywordUtil    - ✓ Mismatch | Row: 21, Column: 8 | Web: 'Development Tools' | Excel: 'Development Tools'
2026-01-29 13:10:35.698 DEBUG com.kms.katalon.core.util.KeywordUtil    - ✓ Mismatch | Row: 22, Column: 1 | Web: '' | Excel: ''
2026-01-29 13:10:35.700 DEBUG com.kms.katalon.core.util.KeywordUtil    - ✓ Mismatch | Row: 22, Column: 2 | Web: '22' | Excel: '22'
2026-01-29 13:10:35.700 DEBUG com.kms.katalon.core.util.KeywordUtil    - ✓ Mismatch | Row: 22, Column: 3 | Web: 'Jenkins' | Excel: 'Jenkins'
2026-01-29 13:10:35.702 DEBUG com.kms.katalon.core.util.KeywordUtil    - ✓ Mismatch | Row: 22, Column: 4 | Web: '01 : 53 : 42' | Excel: '01 : 53 : 42'
2026-01-29 13:10:35.704 DEBUG com.kms.katalon.core.util.KeywordUtil    - ✓ Mismatch | Row: 22, Column: 5 | Web: '5' | Excel: '5'
2026-01-29 13:10:35.704 DEBUG com.kms.katalon.core.util.KeywordUtil    - ✓ Mismatch | Row: 22, Column: 6 | Web: '352' | Excel: '352'
2026-01-29 13:10:35.706 DEBUG com.kms.katalon.core.util.KeywordUtil    - ✓ Mismatch | Row: 22, Column: 7 | Web: '2' | Excel: '2'
2026-01-29 13:10:35.706 DEBUG com.kms.katalon.core.util.KeywordUtil    - ✓ Mismatch | Row: 22, Column: 8 | Web: 'Development Tools' | Excel: 'Development Tools'
2026-01-29 13:10:35.708 DEBUG com.kms.katalon.core.util.KeywordUtil    - ✓ Mismatch | Row: 23, Column: 1 | Web: '' | Excel: ''
2026-01-29 13:10:35.708 DEBUG com.kms.katalon.core.util.KeywordUtil    - ✓ Mismatch | Row: 23, Column: 2 | Web: '23' | Excel: '23'
2026-01-29 13:10:35.710 DEBUG com.kms.katalon.core.util.KeywordUtil    - ✓ Mismatch | Row: 23, Column: 3 | Web: 'MS Visual Studio' | Excel: 'MS Visual Studio'
2026-01-29 13:10:35.710 DEBUG com.kms.katalon.core.util.KeywordUtil    - ✓ Mismatch | Row: 23, Column: 4 | Web: '00 : 51 : 06' | Excel: '00 : 51 : 06'
2026-01-29 13:10:35.710 DEBUG com.kms.katalon.core.util.KeywordUtil    - ✓ Mismatch | Row: 23, Column: 5 | Web: '2' | Excel: '2'
2026-01-29 13:10:35.712 DEBUG com.kms.katalon.core.util.KeywordUtil    - ✓ Mismatch | Row: 23, Column: 6 | Web: '83' | Excel: '83'
2026-01-29 13:10:35.712 DEBUG com.kms.katalon.core.util.KeywordUtil    - ✓ Mismatch | Row: 23, Column: 7 | Web: '2' | Excel: '2'
2026-01-29 13:10:35.714 DEBUG com.kms.katalon.core.util.KeywordUtil    - ✓ Mismatch | Row: 23, Column: 8 | Web: 'Development Tools' | Excel: 'Development Tools'
2026-01-29 13:10:35.714 DEBUG com.kms.katalon.core.util.KeywordUtil    - ✓ Mismatch | Row: 24, Column: 1 | Web: '' | Excel: ''
2026-01-29 13:10:35.718 DEBUG com.kms.katalon.core.util.KeywordUtil    - ✓ Mismatch | Row: 24, Column: 2 | Web: '24' | Excel: '24'
2026-01-29 13:10:35.720 DEBUG com.kms.katalon.core.util.KeywordUtil    - ✓ Mismatch | Row: 24, Column: 3 | Web: 'Browser Extensions and Addons' | Excel: 'Browser Extensions and Addons'
2026-01-29 13:10:35.722 DEBUG com.kms.katalon.core.util.KeywordUtil    - ✓ Mismatch | Row: 24, Column: 4 | Web: '00 : 45 : 47' | Excel: '00 : 45 : 47'
2026-01-29 13:10:35.724 DEBUG com.kms.katalon.core.util.KeywordUtil    - ✓ Mismatch | Row: 24, Column: 5 | Web: '4' | Excel: '4'
2026-01-29 13:10:35.724 DEBUG com.kms.katalon.core.util.KeywordUtil    - ✓ Mismatch | Row: 24, Column: 6 | Web: '115' | Excel: '115'
2026-01-29 13:10:35.726 DEBUG com.kms.katalon.core.util.KeywordUtil    - ✓ Mismatch | Row: 24, Column: 7 | Web: '2' | Excel: '2'
2026-01-29 13:10:35.728 DEBUG com.kms.katalon.core.util.KeywordUtil    - ✓ Mismatch | Row: 24, Column: 8 | Web: 'Development Tools' | Excel: 'Development Tools'
2026-01-29 13:10:35.732 DEBUG com.kms.katalon.core.util.KeywordUtil    - ✓ Mismatch | Row: 25, Column: 1 | Web: '' | Excel: ''
2026-01-29 13:10:35.734 DEBUG com.kms.katalon.core.util.KeywordUtil    - ✓ Mismatch | Row: 25, Column: 2 | Web: '25' | Excel: '25'
2026-01-29 13:10:35.734 DEBUG com.kms.katalon.core.util.KeywordUtil    - ✓ Mismatch | Row: 25, Column: 3 | Web: 'Unproductive Sites' | Excel: 'Unproductive Sites'
2026-01-29 13:10:35.736 DEBUG com.kms.katalon.core.util.KeywordUtil    - ✓ Mismatch | Row: 25, Column: 4 | Web: '00 : 38 : 10' | Excel: '00 : 38 : 10'
2026-01-29 13:10:35.738 DEBUG com.kms.katalon.core.util.KeywordUtil    - ✓ Mismatch | Row: 25, Column: 5 | Web: '6' | Excel: '6'
2026-01-29 13:10:35.740 ERROR com.kms.katalon.core.util.KeywordUtil    - ❌ Mismatch | Row: 25, Column: 7 | Web: '2' | Excel: '-2'
2026-01-29 13:10:35.738 DEBUG com.kms.katalon.core.util.KeywordUtil    - ✓ Mismatch | Row: 25, Column: 6 | Web: '159' | Excel: '159'
2026-01-29 13:10:35.745 DEBUG com.kms.katalon.core.util.KeywordUtil    - ✓ Mismatch | Row: 25, Column: 8 | Web: 'Unproductive' | Excel: 'Unproductive'
2026-01-29 13:10:35.747 DEBUG com.kms.katalon.core.util.KeywordUtil    - ✓ Mismatch | Row: 26, Column: 1 | Web: '' | Excel: ''
2026-01-29 13:10:35.747 DEBUG com.kms.katalon.core.util.KeywordUtil    - ✓ Mismatch | Row: 26, Column: 2 | Web: '26' | Excel: '26'
2026-01-29 13:10:35.747 DEBUG com.kms.katalon.core.util.KeywordUtil    - ✓ Mismatch | Row: 26, Column: 3 | Web: 'License Portal' | Excel: 'License Portal'
2026-01-29 13:10:35.749 DEBUG com.kms.katalon.core.util.KeywordUtil    - ✓ Mismatch | Row: 26, Column: 4 | Web: '00 : 29 : 05' | Excel: '00 : 29 : 05'
2026-01-29 13:10:35.751 DEBUG com.kms.katalon.core.util.KeywordUtil    - ✓ Mismatch | Row: 26, Column: 5 | Web: '6' | Excel: '6'
2026-01-29 13:10:35.753 DEBUG com.kms.katalon.core.util.KeywordUtil    - ✓ Mismatch | Row: 26, Column: 6 | Web: '137' | Excel: '137'
2026-01-29 13:10:35.755 DEBUG com.kms.katalon.core.util.KeywordUtil    - ✓ Mismatch | Row: 26, Column: 7 | Web: '0' | Excel: '0'
2026-01-29 13:10:35.757 DEBUG com.kms.katalon.core.util.KeywordUtil    - ✓ Mismatch | Row: 26, Column: 8 | Web: 'Documentation Tools' | Excel: 'Documentation Tools'
2026-01-29 13:10:35.757 DEBUG com.kms.katalon.core.util.KeywordUtil    - ✓ Mismatch | Row: 27, Column: 1 | Web: '' | Excel: ''
2026-01-29 13:10:35.761 DEBUG com.kms.katalon.core.util.KeywordUtil    - ✓ Mismatch | Row: 27, Column: 2 | Web: '27' | Excel: '27'
2026-01-29 13:10:35.863 DEBUG com.kms.katalon.core.util.KeywordUtil    - ✓ Mismatch | Row: 27, Column: 3 | Web: 'Power Point' | Excel: 'Power Point'
2026-01-29 13:10:35.865 DEBUG com.kms.katalon.core.util.KeywordUtil    - ✓ Mismatch | Row: 27, Column: 4 | Web: '00 : 21 : 20' | Excel: '00 : 21 : 20'
2026-01-29 13:10:35.865 DEBUG com.kms.katalon.core.util.KeywordUtil    - ✓ Mismatch | Row: 27, Column: 5 | Web: '1' | Excel: '1'
2026-01-29 13:10:35.867 DEBUG com.kms.katalon.core.util.KeywordUtil    - ✓ Mismatch | Row: 27, Column: 6 | Web: '20' | Excel: '20'
2026-01-29 13:10:35.867 DEBUG com.kms.katalon.core.util.KeywordUtil    - ✓ Mismatch | Row: 27, Column: 7 | Web: '2' | Excel: '2'
2026-01-29 13:10:35.872 DEBUG com.kms.katalon.core.util.KeywordUtil    - ✓ Mismatch | Row: 27, Column: 8 | Web: 'Documentation Tools' | Excel: 'Documentation Tools'
2026-01-29 13:10:35.872 DEBUG com.kms.katalon.core.util.KeywordUtil    - ✓ Mismatch | Row: 28, Column: 1 | Web: '' | Excel: ''
2026-01-29 13:10:35.876 DEBUG com.kms.katalon.core.util.KeywordUtil    - ✓ Mismatch | Row: 28, Column: 2 | Web: '28' | Excel: '28'
2026-01-29 13:10:35.876 DEBUG com.kms.katalon.core.util.KeywordUtil    - ✓ Mismatch | Row: 28, Column: 3 | Web: 'Personal Time' | Excel: 'Personal Time'
2026-01-29 13:10:35.880 DEBUG com.kms.katalon.core.util.KeywordUtil    - ✓ Mismatch | Row: 28, Column: 4 | Web: '00 : 18 : 00' | Excel: '00 : 18 : 00'
2026-01-29 13:10:35.880 DEBUG com.kms.katalon.core.util.KeywordUtil    - ✓ Mismatch | Row: 28, Column: 5 | Web: '2' | Excel: '2'
2026-01-29 13:10:35.884 DEBUG com.kms.katalon.core.util.KeywordUtil    - ✓ Mismatch | Row: 28, Column: 6 | Web: '5' | Excel: '5'
2026-01-29 13:10:35.886 DEBUG com.kms.katalon.core.util.KeywordUtil    - ✓ Mismatch | Row: 28, Column: 7 | Web: '' | Excel: ''
2026-01-29 13:10:35.888 DEBUG com.kms.katalon.core.util.KeywordUtil    - ✓ Mismatch | Row: 28, Column: 8 | Web: '' | Excel: ''
2026-01-29 13:10:35.890 DEBUG com.kms.katalon.core.util.KeywordUtil    - ✓ Mismatch | Row: 29, Column: 1 | Web: '' | Excel: ''
2026-01-29 13:10:35.890 DEBUG com.kms.katalon.core.util.KeywordUtil    - ✓ Mismatch | Row: 29, Column: 2 | Web: '29' | Excel: '29'
2026-01-29 13:10:35.894 DEBUG com.kms.katalon.core.util.KeywordUtil    - ✓ Mismatch | Row: 29, Column: 3 | Web: 'Grey Tip HR' | Excel: 'Grey Tip HR'
2026-01-29 13:10:35.896 DEBUG com.kms.katalon.core.util.KeywordUtil    - ✓ Mismatch | Row: 29, Column: 4 | Web: '00 : 14 : 15' | Excel: '00 : 14 : 15'
2026-01-29 13:10:35.898 DEBUG com.kms.katalon.core.util.KeywordUtil    - ✓ Mismatch | Row: 29, Column: 5 | Web: '3' | Excel: '3'
2026-01-29 13:10:35.898 DEBUG com.kms.katalon.core.util.KeywordUtil    - ✓ Mismatch | Row: 29, Column: 6 | Web: '29' | Excel: '29'
2026-01-29 13:10:35.900 DEBUG com.kms.katalon.core.util.KeywordUtil    - ✓ Mismatch | Row: 29, Column: 7 | Web: '0' | Excel: '0'
2026-01-29 13:10:35.903 DEBUG com.kms.katalon.core.util.KeywordUtil    - ✓ Mismatch | Row: 29, Column: 8 | Web: 'Internal Applications' | Excel: 'Internal Applications'
2026-01-29 13:10:35.903 DEBUG com.kms.katalon.core.util.KeywordUtil    - ✓ Mismatch | Row: 30, Column: 1 | Web: '' | Excel: ''
2026-01-29 13:10:35.905 DEBUG com.kms.katalon.core.util.KeywordUtil    - ✓ Mismatch | Row: 30, Column: 2 | Web: '30' | Excel: '30'
2026-01-29 13:10:35.905 DEBUG com.kms.katalon.core.util.KeywordUtil    - ✓ Mismatch | Row: 30, Column: 3 | Web: 'IP Messenger' | Excel: 'IP Messenger'
2026-01-29 13:10:35.907 DEBUG com.kms.katalon.core.util.KeywordUtil    - ✓ Mismatch | Row: 30, Column: 4 | Web: '00 : 09 : 37' | Excel: '00 : 09 : 37'
2026-01-29 13:10:35.907 DEBUG com.kms.katalon.core.util.KeywordUtil    - ✓ Mismatch | Row: 30, Column: 5 | Web: '2' | Excel: '2'
2026-01-29 13:10:35.911 DEBUG com.kms.katalon.core.util.KeywordUtil    - ✓ Mismatch | Row: 30, Column: 6 | Web: '36' | Excel: '36'
2026-01-29 13:10:35.911 DEBUG com.kms.katalon.core.util.KeywordUtil    - ✓ Mismatch | Row: 30, Column: 7 | Web: '1' | Excel: '1'
2026-01-29 13:10:35.913 DEBUG com.kms.katalon.core.util.KeywordUtil    - ✓ Mismatch | Row: 30, Column: 8 | Web: 'Communication Tools' | Excel: 'Communication Tools'
2026-01-29 13:10:35.917 DEBUG com.kms.katalon.core.util.KeywordUtil    - ✓ Mismatch | Row: 31, Column: 1 | Web: '' | Excel: ''
2026-01-29 13:10:35.917 DEBUG com.kms.katalon.core.util.KeywordUtil    - ✓ Mismatch | Row: 31, Column: 2 | Web: '31' | Excel: '31'
2026-01-29 13:10:35.919 DEBUG com.kms.katalon.core.util.KeywordUtil    - ✓ Mismatch | Row: 31, Column: 3 | Web: 'LinkedIn' | Excel: 'LinkedIn'
2026-01-29 13:10:35.921 DEBUG com.kms.katalon.core.util.KeywordUtil    - ✓ Mismatch | Row: 31, Column: 4 | Web: '00 : 01 : 54' | Excel: '00 : 01 : 54'
2026-01-29 13:10:35.923 DEBUG com.kms.katalon.core.util.KeywordUtil    - ✓ Mismatch | Row: 31, Column: 5 | Web: '1' | Excel: '1'
2026-01-29 13:10:35.923 DEBUG com.kms.katalon.core.util.KeywordUtil    - ✓ Mismatch | Row: 31, Column: 6 | Web: '10' | Excel: '10'
2026-01-29 13:10:35.923 DEBUG com.kms.katalon.core.util.KeywordUtil    - ✓ Mismatch | Row: 31, Column: 7 | Web: '0' | Excel: '0'
2026-01-29 13:10:35.927 DEBUG com.kms.katalon.core.util.KeywordUtil    - ✓ Mismatch | Row: 31, Column: 8 | Web: 'Communication Tools' | Excel: 'Communication Tools'
2026-01-29 13:10:35.927 DEBUG com.kms.katalon.core.util.KeywordUtil    - ✓ Mismatch | Row: 32, Column: 1 | Web: '' | Excel: ''
2026-01-29 13:10:35.931 DEBUG com.kms.katalon.core.util.KeywordUtil    - ✓ Mismatch | Row: 32, Column: 2 | Web: '32' | Excel: '32'
2026-01-29 13:10:35.931 DEBUG com.kms.katalon.core.util.KeywordUtil    - ✓ Mismatch | Row: 32, Column: 3 | Web: 'MSSQL Server' | Excel: 'MSSQL Server'
2026-01-29 13:10:35.933 DEBUG com.kms.katalon.core.util.KeywordUtil    - ✓ Mismatch | Row: 32, Column: 4 | Web: '00 : 00 : 24' | Excel: '00 : 00 : 24'
2026-01-29 13:10:35.933 DEBUG com.kms.katalon.core.util.KeywordUtil    - ✓ Mismatch | Row: 32, Column: 5 | Web: '1' | Excel: '1'
2026-01-29 13:10:35.935 DEBUG com.kms.katalon.core.util.KeywordUtil    - ✓ Mismatch | Row: 32, Column: 6 | Web: '5' | Excel: '5'
2026-01-29 13:10:35.939 DEBUG com.kms.katalon.core.util.KeywordUtil    - ✓ Mismatch | Row: 32, Column: 7 | Web: '2' | Excel: '2'
2026-01-29 13:10:35.941 DEBUG com.kms.katalon.core.util.KeywordUtil    - ✓ Mismatch | Row: 32, Column: 8 | Web: 'Development Tools' | Excel: 'Development Tools'
2026-01-29 13:10:35.941 DEBUG com.kms.katalon.core.util.KeywordUtil    - ✓ Mismatch | Row: 33, Column: 1 | Web: '' | Excel: ''
2026-01-29 13:10:35.943 DEBUG com.kms.katalon.core.util.KeywordUtil    - ✓ Mismatch | Row: 33, Column: 2 | Web: '33' | Excel: '33'
2026-01-29 13:10:35.943 DEBUG com.kms.katalon.core.util.KeywordUtil    - ✓ Mismatch | Row: 33, Column: 3 | Web: 'Paint' | Excel: 'Paint'
2026-01-29 13:10:35.943 DEBUG com.kms.katalon.core.util.KeywordUtil    - ✓ Mismatch | Row: 33, Column: 4 | Web: '00 : 00 : 16' | Excel: '00 : 00 : 16'
2026-01-29 13:10:35.945 DEBUG com.kms.katalon.core.util.KeywordUtil    - ✓ Mismatch | Row: 33, Column: 5 | Web: '2' | Excel: '2'
2026-01-29 13:10:35.945 DEBUG com.kms.katalon.core.util.KeywordUtil    - ✓ Mismatch | Row: 33, Column: 6 | Web: '5' | Excel: '5'
2026-01-29 13:10:35.947 DEBUG com.kms.katalon.core.util.KeywordUtil    - ✓ Mismatch | Row: 33, Column: 7 | Web: '0' | Excel: '0'
2026-01-29 13:10:35.947 DEBUG com.kms.katalon.core.util.KeywordUtil    - ✓ Mismatch | Row: 33, Column: 8 | Web: 'Documentation Tools' | Excel: 'Documentation Tools'
2026-01-29 13:10:35.947 DEBUG com.kms.katalon.core.util.KeywordUtil    - ✓ Web table data perfectly matches Excel file
2026-01-29 13:10:35.947 ERROR k.k.c.m.CustomKeywordDelegatingMetaClass - ❌ com.kms.katalon.core.exception.StepFailedException: Mismatch | Row: 25, Column: 7 | Web: '2' | Excel: '-2'
2026-01-29 13:10:35.951 DEBUG testcase.ActivityDashBoard               - 3: com.prohancewebapplication.file.FileSizeFinder.fileSize()
2026-01-29 13:10:35.954 INFO  com.kms.katalon.core.util.KeywordUtil    - Top Applications Details Report.xlsx 7015
2026-01-29 13:10:35.961 INFO  k.k.c.m.CustomKeywordDelegatingMetaClass - com.prohancewebapplication.file.FileSizeFinder.fileSize is PASSED
2026-01-29 13:10:35.961 DEBUG testcase.ActivityDashBoard               - 14: switchToDefaultContent()
2026-01-29 13:10:36.013 DEBUG testcase.ActivityDashBoard               - 15: closeWindowIndex(1)
2026-01-29 13:10:36.123 DEBUG testcase.ActivityDashBoard               - 16: switchToWindowIndex(0)
2026-01-29 13:10:36.168 ERROR c.k.katalon.core.main.TestCaseExecutor   - ❌ Test Cases/ProhanceWeb/Organization Settings/Activity DashBoard/ActivityDashBoard FAILED.
Reason:
com.kms.katalon.core.exception.StepFailedException: Mismatch | Row: 25, Column: 7 | Web: '2' | Excel: '-2'
	at com.kms.katalon.core.util.KeywordUtil.markFailed(KeywordUtil.java:19)
	at com.prohanceapplication.webtableexcelvalidation.DataValidator.validateWebTableWithDownloadedExcel(DataValidator.groovy:137)
	at java.base/jdk.internal.reflect.NativeMethodAccessorImpl.invoke0(Native Method)
	at java.base/jdk.internal.reflect.NativeMethodAccessorImpl.invoke(NativeMethodAccessorImpl.java:77)
	at java.base/jdk.internal.reflect.DelegatingMethodAccessorImpl.invoke(DelegatingMethodAccessorImpl.java:43)
	at com.kms.katalon.core.main.CustomKeywordDelegatingMetaClass.invokeStaticMethod(CustomKeywordDelegatingMetaClass.java:55)
	at ActivityDashBoard.run(ActivityDashBoard:81)
	at com.kms.katalon.core.main.ScriptEngine.run(ScriptEngine.java:194)
	at com.kms.katalon.core.main.ScriptEngine.runScriptAsRawText(ScriptEngine.java:119)
	at com.kms.katalon.core.main.TestCaseExecutor.runScript(TestCaseExecutor.java:490)
	at com.kms.katalon.core.main.TestCaseExecutor.doExecute(TestCaseExecutor.java:481)
	at com.kms.katalon.core.main.TestCaseExecutor.processExecutionPhase(TestCaseExecutor.java:460)
	at com.kms.katalon.core.main.TestCaseExecutor.accessMainPhase(TestCaseExecutor.java:452)
	at com.kms.katalon.core.main.TestCaseExecutor.execute(TestCaseExecutor.java:322)
	at com.kms.katalon.core.common.CommonExecutor.accessTestCaseMainPhase(CommonExecutor.java:71)
	at com.kms.katalon.core.main.TestSuiteExecutor.accessTestSuiteMainPhase(TestSuiteExecutor.java:153)
	at com.kms.katalon.core.main.TestSuiteExecutor.execute(TestSuiteExecutor.java:110)
	at com.kms.katalon.core.main.TestCaseMain.startTestSuite(TestCaseMain.java:205)
	at TempTestSuite1769672225870.run(TempTestSuite1769672225870.groovy:35)
	at java.base/jdk.internal.reflect.NativeMethodAccessorImpl.invoke0(Native Method)
	at java.base/jdk.internal.reflect.NativeMethodAccessorImpl.invoke(NativeMethodAccessorImpl.java:77)
	at java.base/jdk.internal.reflect.DelegatingMethodAccessorImpl.invoke(DelegatingMethodAccessorImpl.java:43)

2026-01-29 13:10:36.175 INFO  c.k.katalon.core.main.TestCaseExecutor   - END Test Cases/ProhanceWeb/Organization Settings/Activity DashBoard/ActivityDashBoard
2026-01-29 13:10:36.193 INFO  c.k.katalon.core.main.TestCaseExecutor   - --------------------
2026-01-29 13:10:36.193 INFO  c.k.katalon.core.main.TestCaseExecutor   - START Test Cases/ProhanceWeb/Organization Settings/Activity DashBoard/ActivityDashBoard
2026-01-29 13:10:36.233 INFO  c.k.katalon.core.main.TestCaseExecutor   - exportType = excel
2026-01-29 13:10:36.233 INFO  c.k.katalon.core.main.TestCaseExecutor   - isFileDownload = false
2026-01-29 13:10:36.233 INFO  c.k.katalon.core.main.TestCaseExecutor   - isDataValion = false
2026-01-29 13:10:36.237 DEBUG testcase.ActivityDashBoard               - 1: explort = null
2026-01-29 13:10:36.251 DEBUG testcase.ActivityDashBoard               - 2: rows = null
2026-01-29 13:10:36.252 DEBUG testcase.ActivityDashBoard               - 3: webData = []
2026-01-29 13:10:36.256 DEBUG testcase.ActivityDashBoard               - 4: if (verifyElementPresent(findTestObject("Object Repository/Organization Settings/New Folder/Page_ProHance/a_WORK TIME"), Delay))
2026-01-29 13:10:36.505 DEBUG testcase.ActivityDashBoard               - 1: waitForElementClickable(findTestObject("Object Repository/Organization Settings/New Folder/Page_ProHance/a_WORK TIME"), Delay)
2026-01-29 13:10:36.795 DEBUG testcase.ActivityDashBoard               - 2: click(findTestObject("Object Repository/Organization Settings/New Folder/Page_ProHance/a_WORK TIME"))
2026-01-29 13:10:37.151 DEBUG testcase.ActivityDashBoard               - 3: waitForElementClickable(findTestObject("Object Repository/Organization Settings/New Folder/Page_ProHance/a_ACTIVITY DASHBOARD"), Delay)
2026-01-29 13:10:37.429 DEBUG testcase.ActivityDashBoard               - 4: click(findTestObject("Object Repository/Organization Settings/New Folder/Page_ProHance/a_ACTIVITY DASHBOARD"))
2026-01-29 13:10:37.813 DEBUG testcase.ActivityDashBoard               - 5: waitForElementClickable(findTestObject("Object Repository/Organization Settings/New Folder/Page_ProHance/First_Container"), Delay, STOP_ON_FAILURE)
2026-01-29 13:10:38.716 DEBUG testcase.ActivityDashBoard               - 6: click(findTestObject("Object Repository/Organization Settings/New Folder/Page_ProHance/First_Container"))
2026-01-29 13:10:39.307 DEBUG testcase.ActivityDashBoard               - 7: waitForPageLoad(Delay, STOP_ON_FAILURE)
2026-01-29 13:10:39.333 DEBUG testcase.ActivityDashBoard               - 8: waitForElementClickable(findTestObject("Object Repository/Organization Settings/New Folder/Page_ProHance/span_Top Applications For All Groups_drilld_ef368b"), Delay)
2026-01-29 13:10:39.938 DEBUG testcase.ActivityDashBoard               - 9: click(findTestObject("Object Repository/Organization Settings/New Folder/Page_ProHance/span_Top Applications For All Groups_drilld_ef368b"))
2026-01-29 13:10:40.462 DEBUG testcase.ActivityDashBoard               - 10: switchToWindowIndex(1)
2026-01-29 13:10:40.612 DEBUG testcase.ActivityDashBoard               - 11: waitForPageLoad(Delay, STOP_ON_FAILURE)
2026-01-29 13:10:40.676 DEBUG testcase.ActivityDashBoard               - 12: executeJavaScript("window.scrollTo(0, document.body.scrollHeight);", null)
2026-01-29 13:10:40.691 DEBUG testcase.ActivityDashBoard               - 13: if (isFileDownload)
2026-01-29 13:10:40.691 DEBUG testcase.ActivityDashBoard               - 1: com.prohancewebapplication.file.FileSizeFinder.exisitingFileDelete()
C:\Users\gopal.s\Downloads
2026-01-29 13:10:40.697 INFO  k.k.c.m.CustomKeywordDelegatingMetaClass - com.prohancewebapplication.file.FileSizeFinder.exisitingFileDelete is PASSED
2026-01-29 13:10:40.699 DEBUG testcase.ActivityDashBoard               - 2: explort = ((exportType != null)) ? exportType : false
2026-01-29 13:10:40.701 DEBUG testcase.ActivityDashBoard               - 3: browserName = getExecutedBrowser()
2026-01-29 13:10:40.706 DEBUG testcase.ActivityDashBoard               - 4: logInfo("Browser Name :" + " " + browserName)
2026-01-29 13:10:40.707 INFO  com.kms.katalon.core.util.KeywordUtil    - Browser Name : Edge Chromium
2026-01-29 13:10:40.708 DEBUG testcase.ActivityDashBoard               - 5: xPath = com.prohanceebapplication.common.Export.export(explort)
2026-01-29 13:10:40.712 INFO  k.k.c.m.CustomKeywordDelegatingMetaClass - com.prohanceebapplication.common.Export.export is PASSED
2026-01-29 13:10:40.714 DEBUG testcase.ActivityDashBoard               - 6: out.println(xPath)
//span[.//img[@title='Export to Excel']]
2026-01-29 13:10:40.714 DEBUG testcase.ActivityDashBoard               - 7: if (xPath != null)
2026-01-29 13:10:40.716 DEBUG testcase.ActivityDashBoard               - 1: exportSpan = new com.kms.katalon.core.testobject.TestObject()
2026-01-29 13:10:40.716 DEBUG testcase.ActivityDashBoard               - 2: exportSpan.addProperty("xpath", EQUALS, xPath)
2026-01-29 13:10:40.721 DEBUG testcase.ActivityDashBoard               - 3: waitForElementPresent(exportSpan, Delay)
2026-01-29 13:10:41.871 DEBUG testcase.ActivityDashBoard               - 4: el = findWebElement(exportSpan, Delay)
2026-01-29 13:10:42.111 DEBUG testcase.ActivityDashBoard               - 5: executeJavaScript("arguments[0].scrollIntoView(true);", Arrays.asList(el))
2026-01-29 13:10:42.136 DEBUG testcase.ActivityDashBoard               - 6: executeJavaScript("arguments[0].click();", Arrays.asList(el))
2026-01-29 13:10:44.451 DEBUG testcase.ActivityDashBoard               - 8: if (isDataValion)
2026-01-29 13:10:44.452 DEBUG testcase.ActivityDashBoard               - 1: rows = com.prohancewebapplication.webtable.Table.webTableDataReader(findTestObject("Object Repository/Organization Settings/Activity DashBoard/TopApplicationWebTable/FirstDrillDown/table_Id"), findTestObject("Object Repository/Organization Settings/Activity DashBoard/TopApplicationWebTable/FirstDrillDown/table_tr"))
2026-01-29 13:10:45.057 INFO  k.k.c.m.CustomKeywordDelegatingMetaClass - com.prohancewebapplication.webtable.Table.webTableDataReader is PASSED
2026-01-29 13:10:45.058 DEBUG testcase.ActivityDashBoard               - 2: if (rows != null)
2026-01-29 13:10:45.059 DEBUG testcase.ActivityDashBoard               - 1: com.prohanceapplication.webtableexcelvalidation.DataValidator.validateWebTableWithDownloadedExcel(rows)
