2026-01-30 09:39:42.821 INFO  c.k.k.c.l.logback.LogbackConfigurator    - Logback default configuration initialized from: E:\Katalon_Studio_Windows_64-11.0.0\Katalon_Studio_Windows_64-11.0.0\configuration\org.eclipse.osgi\148\0\.cp\resources\logback\logback-execution.xml
2026-01-30 09:39:42.823 INFO  c.k.k.c.l.logback.LogbackConfigurator    - Logback custom configuration initialized from: E:\ProhanceWebApplication\Include\config\log.properties
2026-01-30 09:39:43.030 INFO  c.k.katalon.core.main.TestSuiteExecutor  - START Test Suites/Login_Genaral
2026-01-30 09:39:43.193 INFO  c.k.katalon.core.main.TestSuiteExecutor  - userFullName = Gopal
2026-01-30 09:39:43.203 INFO  c.k.katalon.core.main.TestSuiteExecutor  - projectName = ProhanceWebApplication
2026-01-30 09:39:43.207 INFO  c.k.katalon.core.main.TestSuiteExecutor  - hostName = gopal.s - JAMOCHA57.jamochahq.local
2026-01-30 09:39:43.209 INFO  c.k.katalon.core.main.TestSuiteExecutor  - os = Windows 11 64bit
2026-01-30 09:39:43.213 INFO  c.k.katalon.core.main.TestSuiteExecutor  - hostAddress = 10.10.10.136
2026-01-30 09:39:43.217 INFO  c.k.katalon.core.main.TestSuiteExecutor  - katalonVersion = 11.0.0.0
2026-01-30 09:39:43.819 INFO  c.k.katalon.core.main.TestCaseExecutor   - --------------------
2026-01-30 09:39:43.819 INFO  c.k.katalon.core.main.TestCaseExecutor   - START Test Cases/ProhanceWeb/Login_Page/Login
2026-01-30 09:39:44.096 INFO  c.k.katalon.core.main.TestCaseExecutor   - userName = tsL9urF6O/D/xURRxzj/8w==
2026-01-30 09:39:44.098 INFO  c.k.katalon.core.main.TestCaseExecutor   - password = HeCM15nHKBI=
2026-01-30 09:39:44.885 DEBUG testcase.Login                           - 1: openBrowser("")
2026-01-30 09:39:45.211 INFO  c.k.k.core.webui.driver.DriverFactory    - Starting 'Chrome' driver
2026-01-30 09:39:45.223 INFO  c.k.k.c.w.util.WebDriverPropertyUtil     - User set preference: ['args', '[--allow-running-insecure-content, --ignore-certificate-errors, --disable-web-security, --unsafely-treat-insecure-origin-as-secure=http://10.10.10.157:1001/prohance]']
2026-01-30 09:39:45.225 INFO  c.k.k.c.w.util.WebDriverPropertyUtil     - User set preference: ['prefs', '{download.default_directory=C:/Users/gopal.s/Downloads, download.prompt_for_download=false, download.directory_upgrade=true, profile.default_content_setting_values.automatic_downloads=1, plugins.always_open_pdf_externally=true, safebrowsing.enabled=true}']
2026-01-30 09:39:45.272 INFO  c.k.k.core.webui.driver.DriverFactory    - Action delay is set to 0 milliseconds
Jan 30, 2026 9:40:02 AM org.openqa.selenium.devtools.CdpVersionFinder findNearestMatch
WARNING: Unable to find an exact match for CDP version 144, returning the closest version; found: 143; Please update to a Selenium version that supports CDP version 144
2026-01-30 09:40:04.664 INFO  c.k.k.core.webui.driver.DriverFactory    - sessionId = cd2593656ab595fe27844009e35ee3e4
2026-01-30 09:40:04.680 INFO  c.k.k.core.webui.driver.DriverFactory    - browser = Chrome 144.0.7559.98
2026-01-30 09:40:04.684 INFO  c.k.k.core.webui.driver.DriverFactory    - platform = Windows 11
2026-01-30 09:40:04.690 INFO  c.k.k.core.webui.driver.DriverFactory    - seleniumVersion = 4.39.0
2026-01-30 09:40:04.708 INFO  c.k.k.core.webui.driver.DriverFactory    - proxyInformation = ProxyInformation { proxyOption=NO_PROXY, proxyServerType=HTTP, username=, password=********, proxyServerAddress=, proxyServerPort=0, executionList="", isApplyToDesiredCapabilities=true }
2026-01-30 09:40:04.795 DEBUG testcase.Login                           - 2: maximizeWindow()
2026-01-30 09:40:04.889 DEBUG testcase.Login                           - 3: waitForPageLoad(Delay, CONTINUE_ON_FAILURE)
2026-01-30 09:40:05.441 DEBUG testcase.Login                           - 4: navigateToUrl(URL)
2026-01-30 09:40:14.913 DEBUG testcase.Login                           - 5: try
2026-01-30 09:40:14.931 DEBUG testcase.Login                           - 1: setEncryptedText(findTestObject("Object Repository/Login/userName"), userName)
2026-01-30 09:40:18.655 DEBUG testcase.Login                           - 2: setEncryptedText(findTestObject("Object Repository/Login/Password"), password)
2026-01-30 09:40:19.188 DEBUG testcase.Login                           - 3: waitForElementClickable(findTestObject("Object Repository/Login/login_btn"), Delay)
2026-01-30 09:40:19.610 DEBUG testcase.Login                           - 4: click(findTestObject("Object Repository/Login/login_btn"))
2026-01-30 09:40:20.145 DEBUG testcase.Login                           - 5: if (waitForElementPresent(findTestObject("Object Repository/Login/session_Distroysession"), Delay, OPTIONAL))
2026-01-30 09:40:25.543 WARN  k.k.c.w.k.b.WaitForElementPresentKeyword - Object 'Object Repository/Login/session_Distroysession' is not present after 5 second(s)
2026-01-30 09:40:25.561 DEBUG testcase.Login                           - 6: if (waitForElementPresent(findTestObject("Object Repository/Common/Accept Cookies"), Delay, OPTIONAL))
2026-01-30 09:40:32.627 DEBUG testcase.Login                           - 1: waitForElementClickable(findTestObject("Object Repository/Common/Accept Cookies"), Delay, OPTIONAL)
2026-01-30 09:40:33.333 DEBUG testcase.Login                           - 2: click(findTestObject("Object Repository/Common/Accept Cookies"))
2026-01-30 09:40:33.750 DEBUG testcase.Login                           - 7: Finally
2026-01-30 09:40:33.755 DEBUG testcase.Login                           - 1: timestamp = Date().format("yyyyMMdd_HHmmss")
2026-01-30 09:40:33.774 INFO  c.k.katalon.core.main.TestCaseExecutor   - END Test Cases/ProhanceWeb/Login_Page/Login
2026-01-30 09:40:33.801 INFO  c.k.katalon.core.main.TestCaseExecutor   - --------------------
2026-01-30 09:40:33.801 INFO  c.k.katalon.core.main.TestCaseExecutor   - START Test Cases/ProhanceWeb/Organization Settings/Work Time/Activity DashBoard/ActivityDashBoard
2026-01-30 09:40:34.063 INFO  c.k.katalon.core.main.TestCaseExecutor   - exportType = excel
2026-01-30 09:40:34.065 INFO  c.k.katalon.core.main.TestCaseExecutor   - isFileDownload = true
2026-01-30 09:40:34.072 INFO  c.k.katalon.core.main.TestCaseExecutor   - isDataValion = true
2026-01-30 09:40:34.370 DEBUG testcase.ActivityDashBoard               - 1: explort = null
2026-01-30 09:40:34.380 DEBUG testcase.ActivityDashBoard               - 2: rows = null
2026-01-30 09:40:34.384 DEBUG testcase.ActivityDashBoard               - 3: webData = []
2026-01-30 09:40:34.388 DEBUG testcase.ActivityDashBoard               - 4: if (waitForElementPresent(findTestObject("Object Repository/Organization Settings/New Folder/Page_ProHance/a_WORK TIME"), Delay))
2026-01-30 09:40:34.668 DEBUG testcase.ActivityDashBoard               - 1: waitForElementClickable(findTestObject("Object Repository/Organization Settings/New Folder/Page_ProHance/a_WORK TIME"), Delay)
2026-01-30 09:40:34.981 DEBUG testcase.ActivityDashBoard               - 2: click(findTestObject("Object Repository/Organization Settings/New Folder/Page_ProHance/a_WORK TIME"))
2026-01-30 09:40:35.781 DEBUG testcase.ActivityDashBoard               - 3: waitForElementClickable(findTestObject("Object Repository/Organization Settings/New Folder/Page_ProHance/a_ACTIVITY DASHBOARD"), Delay)
2026-01-30 09:40:36.108 DEBUG testcase.ActivityDashBoard               - 4: click(findTestObject("Object Repository/Organization Settings/New Folder/Page_ProHance/a_ACTIVITY DASHBOARD"))
2026-01-30 09:40:36.716 DEBUG testcase.ActivityDashBoard               - 5: waitForElementClickable(findTestObject("Object Repository/Organization Settings/New Folder/Page_ProHance/First_Container"), Delay, STOP_ON_FAILURE)
2026-01-30 09:40:42.711 WARN  k.c.w.k.b.WaitForElementClickableKeyword - Web element with id: 'Object Repository/Organization Settings/New Folder/Page_ProHance/First_Container' located by 'By.xpath: //ul [@ id='tabsDiv']//li[@ id='tab_1']' not found
2026-01-30 09:40:42.711 DEBUG testcase.ActivityDashBoard               - 6: click(findTestObject("Object Repository/Organization Settings/New Folder/Page_ProHance/First_Container"))
2026-01-30 09:40:52.654 DEBUG testcase.ActivityDashBoard               - 7: waitForPageLoad(Delay, STOP_ON_FAILURE)
2026-01-30 09:40:52.702 DEBUG testcase.ActivityDashBoard               - 8: waitForElementClickable(findTestObject("Object Repository/Organization Settings/New Folder/Page_ProHance/span_Top Applications For All Groups_drilld_ef368b"), Delay)
2026-01-30 09:40:53.278 DEBUG testcase.ActivityDashBoard               - 9: click(findTestObject("Object Repository/Organization Settings/New Folder/Page_ProHance/span_Top Applications For All Groups_drilld_ef368b"))
2026-01-30 09:40:54.121 DEBUG testcase.ActivityDashBoard               - 10: switchToWindowIndex(1)
2026-01-30 09:40:54.417 DEBUG testcase.ActivityDashBoard               - 11: waitForPageLoad(Delay, STOP_ON_FAILURE)
2026-01-30 09:40:54.549 DEBUG testcase.ActivityDashBoard               - 12: executeJavaScript("window.scrollTo(0, document.body.scrollHeight);", null)
2026-01-30 09:40:54.585 DEBUG testcase.ActivityDashBoard               - 13: if (isFileDownload.toBoolean())
2026-01-30 09:40:54.585 DEBUG testcase.ActivityDashBoard               - 1: com.prohancewebapplication.file.FileSizeFinder.exisitingFileDelete()
C:\Users\gopal.s\Downloads
2026-01-30 09:40:54.650 INFO  k.k.c.m.CustomKeywordDelegatingMetaClass - com.prohancewebapplication.file.FileSizeFinder.exisitingFileDelete is PASSED
2026-01-30 09:40:54.650 DEBUG testcase.ActivityDashBoard               - 2: explort = ((exportType != null)) ? exportType : false
2026-01-30 09:40:54.656 DEBUG testcase.ActivityDashBoard               - 3: browserName = getExecutedBrowser()
2026-01-30 09:40:54.656 DEBUG testcase.ActivityDashBoard               - 4: logInfo("Browser Name :" + " " + browserName)
2026-01-30 09:40:54.666 INFO  com.kms.katalon.core.util.KeywordUtil    - Browser Name : Chrome
2026-01-30 09:40:54.674 DEBUG testcase.ActivityDashBoard               - 5: xPath = com.prohanceebapplication.common.Export.export(explort)
2026-01-30 09:40:54.686 INFO  k.k.c.m.CustomKeywordDelegatingMetaClass - com.prohanceebapplication.common.Export.export is PASSED
2026-01-30 09:40:54.688 DEBUG testcase.ActivityDashBoard               - 6: out.println(xPath)
//span[.//img[@title='Export to Excel']]
2026-01-30 09:40:54.692 DEBUG testcase.ActivityDashBoard               - 7: if (xPath != null)
2026-01-30 09:40:54.694 DEBUG testcase.ActivityDashBoard               - 1: exportSpan = new com.kms.katalon.core.testobject.TestObject()
2026-01-30 09:40:54.702 DEBUG testcase.ActivityDashBoard               - 2: exportSpan.addProperty("xpath", EQUALS, xPath)
2026-01-30 09:40:54.710 DEBUG testcase.ActivityDashBoard               - 3: waitForElementPresent(exportSpan, Delay)
2026-01-30 09:40:57.694 DEBUG testcase.ActivityDashBoard               - 4: el = findWebElement(exportSpan, Delay)
2026-01-30 09:40:57.994 DEBUG testcase.ActivityDashBoard               - 5: executeJavaScript("arguments[0].scrollIntoView(true);", Arrays.asList(el))
2026-01-30 09:40:58.050 DEBUG testcase.ActivityDashBoard               - 6: executeJavaScript("arguments[0].click();", Arrays.asList(el))
2026-01-30 09:41:01.715 DEBUG testcase.ActivityDashBoard               - 8: if (isDataValion.toBoolean())
2026-01-30 09:41:01.720 DEBUG testcase.ActivityDashBoard               - 1: rows = com.prohancewebapplication.webtable.Table.webTableDataReader(findTestObject("Object Repository/Organization Settings/Work Time/Activity DashBoard/TopApplicationWebTable/FirstDrillDown/table_Id"), findTestObject("Object Repository/Organization Settings/Work Time/Activity DashBoard/TopApplicationWebTable/FirstDrillDown/table_tr"))
2026-01-30 09:41:02.409 INFO  k.k.c.m.CustomKeywordDelegatingMetaClass - com.prohancewebapplication.webtable.Table.webTableDataReader is PASSED
2026-01-30 09:41:02.409 DEBUG testcase.ActivityDashBoard               - 2: if (rows != null)
2026-01-30 09:41:02.417 DEBUG testcase.ActivityDashBoard               - 1: com.prohanceapplication.webtableexcelvalidation.DataValidator.validateWebTableWithDownloadedExcel(rows)
2026-01-30 09:41:16.282 DEBUG com.kms.katalon.core.util.KeywordUtil    - ✓ Mismatch | Row: 1, Column: 1 | Web: '' | Excel: ''
2026-01-30 09:41:16.311 DEBUG com.kms.katalon.core.util.KeywordUtil    - ✓ Mismatch | Row: 1, Column: 2 | Web: '1' | Excel: '1'
2026-01-30 09:41:16.312 DEBUG com.kms.katalon.core.util.KeywordUtil    - ✓ Mismatch | Row: 1, Column: 3 | Web: 'Eclipse' | Excel: 'Eclipse'
2026-01-30 09:41:16.317 DEBUG com.kms.katalon.core.util.KeywordUtil    - ✓ Mismatch | Row: 1, Column: 4 | Web: '8d 11 : 41 : 56' | Excel: '8d 11 : 41 : 56'
2026-01-30 09:41:16.323 DEBUG com.kms.katalon.core.util.KeywordUtil    - ✓ Mismatch | Row: 1, Column: 5 | Web: '6' | Excel: '6'
2026-01-30 09:41:16.326 DEBUG com.kms.katalon.core.util.KeywordUtil    - ✓ Mismatch | Row: 1, Column: 6 | Web: '31942' | Excel: '31942'
2026-01-30 09:41:16.331 DEBUG com.kms.katalon.core.util.KeywordUtil    - ✓ Mismatch | Row: 1, Column: 7 | Web: '2' | Excel: '2'
2026-01-30 09:41:16.333 DEBUG com.kms.katalon.core.util.KeywordUtil    - ✓ Mismatch | Row: 1, Column: 8 | Web: 'Development Tools' | Excel: 'Development Tools'
2026-01-30 09:41:16.338 DEBUG com.kms.katalon.core.util.KeywordUtil    - ✓ Mismatch | Row: 2, Column: 1 | Web: '' | Excel: ''
2026-01-30 09:41:16.341 DEBUG com.kms.katalon.core.util.KeywordUtil    - ✓ Mismatch | Row: 2, Column: 2 | Web: '2' | Excel: '2'
2026-01-30 09:41:16.342 DEBUG com.kms.katalon.core.util.KeywordUtil    - ✓ Mismatch | Row: 2, Column: 3 | Web: 'XCode' | Excel: 'XCode'
2026-01-30 09:41:16.345 DEBUG com.kms.katalon.core.util.KeywordUtil    - ✓ Mismatch | Row: 2, Column: 4 | Web: '5d 02 : 16 : 51' | Excel: '5d 02 : 16 : 51'
2026-01-30 09:41:16.347 DEBUG com.kms.katalon.core.util.KeywordUtil    - ✓ Mismatch | Row: 2, Column: 5 | Web: '5' | Excel: '5'
2026-01-30 09:41:16.348 DEBUG com.kms.katalon.core.util.KeywordUtil    - ✓ Mismatch | Row: 2, Column: 6 | Web: '6492' | Excel: '6492'
2026-01-30 09:41:16.350 DEBUG com.kms.katalon.core.util.KeywordUtil    - ✓ Mismatch | Row: 2, Column: 7 | Web: '2' | Excel: '2'
2026-01-30 09:41:16.351 DEBUG com.kms.katalon.core.util.KeywordUtil    - ✓ Mismatch | Row: 2, Column: 8 | Web: 'Development Tools' | Excel: 'Development Tools'
2026-01-30 09:41:16.355 DEBUG com.kms.katalon.core.util.KeywordUtil    - ✓ Mismatch | Row: 3, Column: 1 | Web: '' | Excel: ''
2026-01-30 09:41:16.357 DEBUG com.kms.katalon.core.util.KeywordUtil    - ✓ Mismatch | Row: 3, Column: 2 | Web: '3' | Excel: '3'
2026-01-30 09:41:16.359 DEBUG com.kms.katalon.core.util.KeywordUtil    - ✓ Mismatch | Row: 3, Column: 3 | Web: 'ProHance' | Excel: 'ProHance'
2026-01-30 09:41:16.360 DEBUG com.kms.katalon.core.util.KeywordUtil    - ✓ Mismatch | Row: 3, Column: 4 | Web: '3d 22 : 46 : 36' | Excel: '3d 22 : 46 : 36'
2026-01-30 09:41:16.363 DEBUG com.kms.katalon.core.util.KeywordUtil    - ✓ Mismatch | Row: 3, Column: 5 | Web: '6' | Excel: '6'
2026-01-30 09:41:16.367 DEBUG com.kms.katalon.core.util.KeywordUtil    - ✓ Mismatch | Row: 3, Column: 6 | Web: '16796' | Excel: '16796'
2026-01-30 09:41:16.374 DEBUG com.kms.katalon.core.util.KeywordUtil    - ✓ Mismatch | Row: 3, Column: 7 | Web: '2' | Excel: '2'
2026-01-30 09:41:16.379 DEBUG com.kms.katalon.core.util.KeywordUtil    - ✓ Mismatch | Row: 3, Column: 8 | Web: 'Business Tools' | Excel: 'Business Tools'
2026-01-30 09:41:16.380 DEBUG com.kms.katalon.core.util.KeywordUtil    - ✓ Mismatch | Row: 4, Column: 1 | Web: '' | Excel: ''
2026-01-30 09:41:16.384 DEBUG com.kms.katalon.core.util.KeywordUtil    - ✓ Mismatch | Row: 4, Column: 2 | Web: '4' | Excel: '4'
2026-01-30 09:41:16.385 DEBUG com.kms.katalon.core.util.KeywordUtil    - ✓ Mismatch | Row: 4, Column: 3 | Web: 'Notepad' | Excel: 'Notepad'
2026-01-30 09:41:16.391 DEBUG com.kms.katalon.core.util.KeywordUtil    - ✓ Mismatch | Row: 4, Column: 4 | Web: '2d 03 : 03 : 03' | Excel: '2d 03 : 03 : 03'
2026-01-30 09:41:16.394 DEBUG com.kms.katalon.core.util.KeywordUtil    - ✓ Mismatch | Row: 4, Column: 5 | Web: '6' | Excel: '6'
2026-01-30 09:41:16.397 DEBUG com.kms.katalon.core.util.KeywordUtil    - ✓ Mismatch | Row: 4, Column: 6 | Web: '7549' | Excel: '7549'
2026-01-30 09:41:16.398 DEBUG com.kms.katalon.core.util.KeywordUtil    - ✓ Mismatch | Row: 4, Column: 7 | Web: '2' | Excel: '2'
2026-01-30 09:41:16.400 DEBUG com.kms.katalon.core.util.KeywordUtil    - ✓ Mismatch | Row: 4, Column: 8 | Web: 'Development Tools' | Excel: 'Development Tools'
2026-01-30 09:41:16.401 DEBUG com.kms.katalon.core.util.KeywordUtil    - ✓ Mismatch | Row: 5, Column: 1 | Web: '' | Excel: ''
2026-01-30 09:41:16.403 DEBUG com.kms.katalon.core.util.KeywordUtil    - ✓ Mismatch | Row: 5, Column: 2 | Web: '5' | Excel: '5'
2026-01-30 09:41:16.407 DEBUG com.kms.katalon.core.util.KeywordUtil    - ✓ Mismatch | Row: 5, Column: 3 | Web: 'MS Teams' | Excel: 'MS Teams'
2026-01-30 09:41:16.408 DEBUG com.kms.katalon.core.util.KeywordUtil    - ✓ Mismatch | Row: 5, Column: 4 | Web: '2d 00 : 24 : 14' | Excel: '2d 00 : 24 : 14'
2026-01-30 09:41:16.409 DEBUG com.kms.katalon.core.util.KeywordUtil    - ✓ Mismatch | Row: 5, Column: 5 | Web: '6' | Excel: '6'
2026-01-30 09:41:16.415 DEBUG com.kms.katalon.core.util.KeywordUtil    - ✓ Mismatch | Row: 5, Column: 6 | Web: '5308' | Excel: '5308'
2026-01-30 09:41:16.426 DEBUG com.kms.katalon.core.util.KeywordUtil    - ✓ Mismatch | Row: 5, Column: 7 | Web: '2' | Excel: '2'
2026-01-30 09:41:16.427 DEBUG com.kms.katalon.core.util.KeywordUtil    - ✓ Mismatch | Row: 5, Column: 8 | Web: 'Communication Tools' | Excel: 'Communication Tools'
2026-01-30 09:41:16.430 DEBUG com.kms.katalon.core.util.KeywordUtil    - ✓ Mismatch | Row: 6, Column: 1 | Web: '' | Excel: ''
2026-01-30 09:41:16.432 DEBUG com.kms.katalon.core.util.KeywordUtil    - ✓ Mismatch | Row: 6, Column: 2 | Web: '6' | Excel: '6'
2026-01-30 09:41:16.434 DEBUG com.kms.katalon.core.util.KeywordUtil    - ✓ Mismatch | Row: 6, Column: 3 | Web: 'UNKNOWN AOS' | Excel: 'UNKNOWN AOS'
2026-01-30 09:41:16.436 DEBUG com.kms.katalon.core.util.KeywordUtil    - ✓ Mismatch | Row: 6, Column: 4 | Web: '1d 16 : 14 : 33' | Excel: '1d 16 : 14 : 33'
2026-01-30 09:41:16.439 DEBUG com.kms.katalon.core.util.KeywordUtil    - ✓ Mismatch | Row: 6, Column: 5 | Web: '6' | Excel: '6'
2026-01-30 09:41:16.444 DEBUG com.kms.katalon.core.util.KeywordUtil    - ✓ Mismatch | Row: 6, Column: 6 | Web: '7178' | Excel: '7178'
2026-01-30 09:41:16.447 DEBUG com.kms.katalon.core.util.KeywordUtil    - ✓ Mismatch | Row: 6, Column: 7 | Web: '' | Excel: ''
2026-01-30 09:41:16.450 DEBUG com.kms.katalon.core.util.KeywordUtil    - ✓ Mismatch | Row: 6, Column: 8 | Web: '' | Excel: ''
2026-01-30 09:41:16.452 DEBUG com.kms.katalon.core.util.KeywordUtil    - ✓ Mismatch | Row: 7, Column: 1 | Web: '' | Excel: ''
2026-01-30 09:41:16.453 DEBUG com.kms.katalon.core.util.KeywordUtil    - ✓ Mismatch | Row: 7, Column: 2 | Web: '7' | Excel: '7'
2026-01-30 09:41:16.456 DEBUG com.kms.katalon.core.util.KeywordUtil    - ✓ Mismatch | Row: 7, Column: 3 | Web: 'Email Applications' | Excel: 'Email Applications'
2026-01-30 09:41:16.458 DEBUG com.kms.katalon.core.util.KeywordUtil    - ✓ Mismatch | Row: 7, Column: 4 | Web: '1d 05 : 30 : 50' | Excel: '1d 05 : 30 : 50'
2026-01-30 09:41:16.459 DEBUG com.kms.katalon.core.util.KeywordUtil    - ✓ Mismatch | Row: 7, Column: 5 | Web: '6' | Excel: '6'
2026-01-30 09:41:16.461 DEBUG com.kms.katalon.core.util.KeywordUtil    - ✓ Mismatch | Row: 7, Column: 6 | Web: '2553' | Excel: '2553'
2026-01-30 09:41:16.465 DEBUG com.kms.katalon.core.util.KeywordUtil    - ✓ Mismatch | Row: 7, Column: 7 | Web: '2' | Excel: '2'
2026-01-30 09:41:16.466 DEBUG com.kms.katalon.core.util.KeywordUtil    - ✓ Mismatch | Row: 7, Column: 8 | Web: 'Communication Tools' | Excel: 'Communication Tools'
2026-01-30 09:41:16.468 DEBUG com.kms.katalon.core.util.KeywordUtil    - ✓ Mismatch | Row: 8, Column: 1 | Web: '' | Excel: ''
2026-01-30 09:41:16.469 DEBUG com.kms.katalon.core.util.KeywordUtil    - ✓ Mismatch | Row: 8, Column: 2 | Web: '8' | Excel: '8'
2026-01-30 09:41:16.472 DEBUG com.kms.katalon.core.util.KeywordUtil    - ✓ Mismatch | Row: 8, Column: 3 | Web: 'Excel' | Excel: 'Excel'
2026-01-30 09:41:16.474 DEBUG com.kms.katalon.core.util.KeywordUtil    - ✓ Mismatch | Row: 8, Column: 4 | Web: '1d 02 : 53 : 56' | Excel: '1d 02 : 53 : 56'
2026-01-30 09:41:16.476 DEBUG com.kms.katalon.core.util.KeywordUtil    - ✓ Mismatch | Row: 8, Column: 5 | Web: '6' | Excel: '6'
2026-01-30 09:41:16.477 DEBUG com.kms.katalon.core.util.KeywordUtil    - ✓ Mismatch | Row: 8, Column: 6 | Web: '6197' | Excel: '6197'
2026-01-30 09:41:16.478 DEBUG com.kms.katalon.core.util.KeywordUtil    - ✓ Mismatch | Row: 8, Column: 7 | Web: '2' | Excel: '2'
2026-01-30 09:41:16.480 DEBUG com.kms.katalon.core.util.KeywordUtil    - ✓ Mismatch | Row: 8, Column: 8 | Web: 'Documentation Tools' | Excel: 'Documentation Tools'
2026-01-30 09:41:16.481 DEBUG com.kms.katalon.core.util.KeywordUtil    - ✓ Mismatch | Row: 9, Column: 1 | Web: '' | Excel: ''
2026-01-30 09:41:16.483 DEBUG com.kms.katalon.core.util.KeywordUtil    - ✓ Mismatch | Row: 9, Column: 2 | Web: '9' | Excel: '9'
2026-01-30 09:41:16.484 DEBUG com.kms.katalon.core.util.KeywordUtil    - ✓ Mismatch | Row: 9, Column: 3 | Web: 'Remote Desktop' | Excel: 'Remote Desktop'
2026-01-30 09:41:16.486 DEBUG com.kms.katalon.core.util.KeywordUtil    - ✓ Mismatch | Row: 9, Column: 4 | Web: '18 : 16 : 38' | Excel: '18 : 16 : 38'
2026-01-30 09:41:16.489 DEBUG com.kms.katalon.core.util.KeywordUtil    - ✓ Mismatch | Row: 9, Column: 5 | Web: '1' | Excel: '1'
2026-01-30 09:41:16.491 DEBUG com.kms.katalon.core.util.KeywordUtil    - ✓ Mismatch | Row: 9, Column: 6 | Web: '1348' | Excel: '1348'
2026-01-30 09:41:16.492 DEBUG com.kms.katalon.core.util.KeywordUtil    - ✓ Mismatch | Row: 9, Column: 7 | Web: '1' | Excel: '1'
2026-01-30 09:41:16.493 DEBUG com.kms.katalon.core.util.KeywordUtil    - ✓ Mismatch | Row: 9, Column: 8 | Web: 'Support Tools' | Excel: 'Support Tools'
2026-01-30 09:41:16.497 DEBUG com.kms.katalon.core.util.KeywordUtil    - ✓ Mismatch | Row: 10, Column: 1 | Web: '' | Excel: ''
2026-01-30 09:41:16.499 DEBUG com.kms.katalon.core.util.KeywordUtil    - ✓ Mismatch | Row: 10, Column: 2 | Web: '10' | Excel: '10'
2026-01-30 09:41:16.501 DEBUG com.kms.katalon.core.util.KeywordUtil    - ✓ Mismatch | Row: 10, Column: 3 | Web: 'Files & Folders' | Excel: 'Files & Folders'
2026-01-30 09:41:16.503 DEBUG com.kms.katalon.core.util.KeywordUtil    - ✓ Mismatch | Row: 10, Column: 4 | Web: '14 : 12 : 41' | Excel: '14 : 12 : 41'
2026-01-30 09:41:16.509 DEBUG com.kms.katalon.core.util.KeywordUtil    - ✓ Mismatch | Row: 10, Column: 5 | Web: '6' | Excel: '6'
2026-01-30 09:41:16.512 DEBUG com.kms.katalon.core.util.KeywordUtil    - ✓ Mismatch | Row: 10, Column: 6 | Web: '6212' | Excel: '6212'
2026-01-30 09:41:16.514 DEBUG com.kms.katalon.core.util.KeywordUtil    - ✓ Mismatch | Row: 10, Column: 7 | Web: '0' | Excel: '0'
2026-01-30 09:41:16.515 DEBUG com.kms.katalon.core.util.KeywordUtil    - ✓ Mismatch | Row: 10, Column: 8 | Web: 'System Tools' | Excel: 'System Tools'
2026-01-30 09:41:16.518 DEBUG com.kms.katalon.core.util.KeywordUtil    - ✓ Mismatch | Row: 11, Column: 1 | Web: '' | Excel: ''
2026-01-30 09:41:16.520 DEBUG com.kms.katalon.core.util.KeywordUtil    - ✓ Mismatch | Row: 11, Column: 2 | Web: '11' | Excel: '11'
2026-01-30 09:41:16.525 DEBUG com.kms.katalon.core.util.KeywordUtil    - ✓ Mismatch | Row: 11, Column: 3 | Web: 'General Web Browsing' | Excel: 'General Web Browsing'
2026-01-30 09:41:16.529 DEBUG com.kms.katalon.core.util.KeywordUtil    - ✓ Mismatch | Row: 11, Column: 4 | Web: '13 : 09 : 23' | Excel: '13 : 09 : 23'
2026-01-30 09:41:16.530 DEBUG com.kms.katalon.core.util.KeywordUtil    - ✓ Mismatch | Row: 11, Column: 5 | Web: '6' | Excel: '6'
2026-01-30 09:41:16.532 DEBUG com.kms.katalon.core.util.KeywordUtil    - ✓ Mismatch | Row: 11, Column: 6 | Web: '1942' | Excel: '1942'
2026-01-30 09:41:16.533 DEBUG com.kms.katalon.core.util.KeywordUtil    - ✓ Mismatch | Row: 11, Column: 7 | Web: '0' | Excel: '0'
2026-01-30 09:41:16.535 DEBUG com.kms.katalon.core.util.KeywordUtil    - ✓ Mismatch | Row: 11, Column: 8 | Web: 'Documentation Tools' | Excel: 'Documentation Tools'
2026-01-30 09:41:16.539 DEBUG com.kms.katalon.core.util.KeywordUtil    - ✓ Mismatch | Row: 12, Column: 1 | Web: '' | Excel: ''
2026-01-30 09:41:16.541 DEBUG com.kms.katalon.core.util.KeywordUtil    - ✓ Mismatch | Row: 12, Column: 2 | Web: '12' | Excel: '12'
2026-01-30 09:41:16.543 DEBUG com.kms.katalon.core.util.KeywordUtil    - ✓ Mismatch | Row: 12, Column: 3 | Web: 'CAST Application' | Excel: 'CAST Application'
2026-01-30 09:41:16.545 DEBUG com.kms.katalon.core.util.KeywordUtil    - ✓ Mismatch | Row: 12, Column: 4 | Web: '11 : 38 : 14' | Excel: '11 : 38 : 14'
2026-01-30 09:41:16.547 DEBUG com.kms.katalon.core.util.KeywordUtil    - ✓ Mismatch | Row: 12, Column: 5 | Web: '4' | Excel: '4'
2026-01-30 09:41:16.549 DEBUG com.kms.katalon.core.util.KeywordUtil    - ✓ Mismatch | Row: 12, Column: 6 | Web: '915' | Excel: '915'
2026-01-30 09:41:16.551 DEBUG com.kms.katalon.core.util.KeywordUtil    - ✓ Mismatch | Row: 12, Column: 7 | Web: '2' | Excel: '2'
2026-01-30 09:41:16.552 DEBUG com.kms.katalon.core.util.KeywordUtil    - ✓ Mismatch | Row: 12, Column: 8 | Web: 'Development Tools' | Excel: 'Development Tools'
2026-01-30 09:41:16.553 DEBUG com.kms.katalon.core.util.KeywordUtil    - ✓ Mismatch | Row: 13, Column: 1 | Web: '' | Excel: ''
2026-01-30 09:41:16.556 DEBUG com.kms.katalon.core.util.KeywordUtil    - ✓ Mismatch | Row: 13, Column: 2 | Web: '13' | Excel: '13'
2026-01-30 09:41:16.557 DEBUG com.kms.katalon.core.util.KeywordUtil    - ✓ Mismatch | Row: 13, Column: 3 | Web: 'Windows Components' | Excel: 'Windows Components'
2026-01-30 09:41:16.559 DEBUG com.kms.katalon.core.util.KeywordUtil    - ✓ Mismatch | Row: 13, Column: 4 | Web: '10 : 52 : 25' | Excel: '10 : 52 : 25'
2026-01-30 09:41:16.561 DEBUG com.kms.katalon.core.util.KeywordUtil    - ✓ Mismatch | Row: 13, Column: 5 | Web: '6' | Excel: '6'
2026-01-30 09:41:16.562 DEBUG com.kms.katalon.core.util.KeywordUtil    - ✓ Mismatch | Row: 13, Column: 6 | Web: '7372' | Excel: '7372'
2026-01-30 09:41:16.566 DEBUG com.kms.katalon.core.util.KeywordUtil    - ✓ Mismatch | Row: 13, Column: 7 | Web: '2' | Excel: '2'
2026-01-30 09:41:16.568 DEBUG com.kms.katalon.core.util.KeywordUtil    - ✓ Mismatch | Row: 13, Column: 8 | Web: 'Support Tools' | Excel: 'Support Tools'
2026-01-30 09:41:16.569 DEBUG com.kms.katalon.core.util.KeywordUtil    - ✓ Mismatch | Row: 14, Column: 1 | Web: '' | Excel: ''
2026-01-30 09:41:16.574 DEBUG com.kms.katalon.core.util.KeywordUtil    - ✓ Mismatch | Row: 14, Column: 2 | Web: '14' | Excel: '14'
2026-01-30 09:41:16.575 DEBUG com.kms.katalon.core.util.KeywordUtil    - ✓ Mismatch | Row: 14, Column: 3 | Web: 'Advanced Rest Client' | Excel: 'Advanced Rest Client'
2026-01-30 09:41:16.576 DEBUG com.kms.katalon.core.util.KeywordUtil    - ✓ Mismatch | Row: 14, Column: 4 | Web: '07 : 08 : 58' | Excel: '07 : 08 : 58'
2026-01-30 09:41:16.578 DEBUG com.kms.katalon.core.util.KeywordUtil    - ✓ Mismatch | Row: 14, Column: 5 | Web: '4' | Excel: '4'
2026-01-30 09:41:16.580 DEBUG com.kms.katalon.core.util.KeywordUtil    - ✓ Mismatch | Row: 14, Column: 6 | Web: '1214' | Excel: '1214'
2026-01-30 09:41:16.582 DEBUG com.kms.katalon.core.util.KeywordUtil    - ✓ Mismatch | Row: 14, Column: 7 | Web: '0' | Excel: '0'
2026-01-30 09:41:16.583 DEBUG com.kms.katalon.core.util.KeywordUtil    - ✓ Mismatch | Row: 14, Column: 8 | Web: 'Documentation Tools' | Excel: 'Documentation Tools'
2026-01-30 09:41:16.584 DEBUG com.kms.katalon.core.util.KeywordUtil    - ✓ Mismatch | Row: 15, Column: 1 | Web: '' | Excel: ''
2026-01-30 09:41:16.590 DEBUG com.kms.katalon.core.util.KeywordUtil    - ✓ Mismatch | Row: 15, Column: 2 | Web: '15' | Excel: '15'
2026-01-30 09:41:16.591 DEBUG com.kms.katalon.core.util.KeywordUtil    - ✓ Mismatch | Row: 15, Column: 3 | Web: 'Chat GPT' | Excel: 'Chat GPT'
2026-01-30 09:41:16.593 DEBUG com.kms.katalon.core.util.KeywordUtil    - ✓ Mismatch | Row: 15, Column: 4 | Web: '06 : 21 : 05' | Excel: '06 : 21 : 05'
2026-01-30 09:41:16.594 DEBUG com.kms.katalon.core.util.KeywordUtil    - ✓ Mismatch | Row: 15, Column: 5 | Web: '6' | Excel: '6'
2026-01-30 09:41:16.595 DEBUG com.kms.katalon.core.util.KeywordUtil    - ✓ Mismatch | Row: 15, Column: 6 | Web: '1051' | Excel: '1051'
2026-01-30 09:41:16.598 DEBUG com.kms.katalon.core.util.KeywordUtil    - ✓ Mismatch | Row: 15, Column: 7 | Web: '2' | Excel: '2'
2026-01-30 09:41:16.599 DEBUG com.kms.katalon.core.util.KeywordUtil    - ✓ Mismatch | Row: 15, Column: 8 | Web: 'Business Tools' | Excel: 'Business Tools'
2026-01-30 09:41:16.601 DEBUG com.kms.katalon.core.util.KeywordUtil    - ✓ Mismatch | Row: 16, Column: 1 | Web: '' | Excel: ''
2026-01-30 09:41:16.603 DEBUG com.kms.katalon.core.util.KeywordUtil    - ✓ Mismatch | Row: 16, Column: 2 | Web: '16' | Excel: '16'
2026-01-30 09:41:16.606 DEBUG com.kms.katalon.core.util.KeywordUtil    - ✓ Mismatch | Row: 16, Column: 3 | Web: 'Electron' | Excel: 'Electron'
2026-01-30 09:41:16.608 DEBUG com.kms.katalon.core.util.KeywordUtil    - ✓ Mismatch | Row: 16, Column: 4 | Web: '06 : 09 : 12' | Excel: '06 : 09 : 12'
2026-01-30 09:41:16.611 DEBUG com.kms.katalon.core.util.KeywordUtil    - ✓ Mismatch | Row: 16, Column: 5 | Web: '2' | Excel: '2'
2026-01-30 09:41:16.613 DEBUG com.kms.katalon.core.util.KeywordUtil    - ✓ Mismatch | Row: 16, Column: 6 | Web: '650' | Excel: '650'
2026-01-30 09:41:16.615 DEBUG com.kms.katalon.core.util.KeywordUtil    - ✓ Mismatch | Row: 16, Column: 7 | Web: '2' | Excel: '2'
2026-01-30 09:41:16.624 DEBUG com.kms.katalon.core.util.KeywordUtil    - ✓ Mismatch | Row: 16, Column: 8 | Web: 'Development Tools' | Excel: 'Development Tools'
2026-01-30 09:41:16.642 DEBUG com.kms.katalon.core.util.KeywordUtil    - ✓ Mismatch | Row: 17, Column: 1 | Web: '' | Excel: ''
2026-01-30 09:41:16.644 DEBUG com.kms.katalon.core.util.KeywordUtil    - ✓ Mismatch | Row: 17, Column: 2 | Web: '17' | Excel: '17'
2026-01-30 09:41:16.647 DEBUG com.kms.katalon.core.util.KeywordUtil    - ✓ Mismatch | Row: 17, Column: 3 | Web: 'Word' | Excel: 'Word'
2026-01-30 09:41:16.648 DEBUG com.kms.katalon.core.util.KeywordUtil    - ✓ Mismatch | Row: 17, Column: 4 | Web: '05 : 23 : 07' | Excel: '05 : 23 : 07'
2026-01-30 09:41:16.651 DEBUG com.kms.katalon.core.util.KeywordUtil    - ✓ Mismatch | Row: 17, Column: 5 | Web: '2' | Excel: '2'
2026-01-30 09:41:16.653 DEBUG com.kms.katalon.core.util.KeywordUtil    - ✓ Mismatch | Row: 17, Column: 6 | Web: '395' | Excel: '395'
2026-01-30 09:41:16.657 DEBUG com.kms.katalon.core.util.KeywordUtil    - ✓ Mismatch | Row: 17, Column: 7 | Web: '2' | Excel: '2'
2026-01-30 09:41:16.659 DEBUG com.kms.katalon.core.util.KeywordUtil    - ✓ Mismatch | Row: 17, Column: 8 | Web: 'Documentation Tools' | Excel: 'Documentation Tools'
2026-01-30 09:41:16.663 DEBUG com.kms.katalon.core.util.KeywordUtil    - ✓ Mismatch | Row: 18, Column: 1 | Web: '' | Excel: ''
2026-01-30 09:41:16.665 DEBUG com.kms.katalon.core.util.KeywordUtil    - ✓ Mismatch | Row: 18, Column: 2 | Web: '18' | Excel: '18'
2026-01-30 09:41:16.666 DEBUG com.kms.katalon.core.util.KeywordUtil    - ✓ Mismatch | Row: 18, Column: 3 | Web: 'Customer Connect Apps' | Excel: 'Customer Connect Apps'
2026-01-30 09:41:16.669 DEBUG com.kms.katalon.core.util.KeywordUtil    - ✓ Mismatch | Row: 18, Column: 4 | Web: '04 : 58 : 58' | Excel: '04 : 58 : 58'
2026-01-30 09:41:16.673 DEBUG com.kms.katalon.core.util.KeywordUtil    - ✓ Mismatch | Row: 18, Column: 5 | Web: '5' | Excel: '5'
2026-01-30 09:41:16.675 DEBUG com.kms.katalon.core.util.KeywordUtil    - ✓ Mismatch | Row: 18, Column: 6 | Web: '314' | Excel: '314'
2026-01-30 09:41:16.676 DEBUG com.kms.katalon.core.util.KeywordUtil    - ✓ Mismatch | Row: 18, Column: 7 | Web: '2' | Excel: '2'
2026-01-30 09:41:16.678 DEBUG com.kms.katalon.core.util.KeywordUtil    - ✓ Mismatch | Row: 18, Column: 8 | Web: 'Support Tools' | Excel: 'Support Tools'
2026-01-30 09:41:16.681 DEBUG com.kms.katalon.core.util.KeywordUtil    - ✓ Mismatch | Row: 19, Column: 1 | Web: '' | Excel: ''
2026-01-30 09:41:16.683 DEBUG com.kms.katalon.core.util.KeywordUtil    - ✓ Mismatch | Row: 19, Column: 2 | Web: '19' | Excel: '19'
2026-01-30 09:41:16.684 DEBUG com.kms.katalon.core.util.KeywordUtil    - ✓ Mismatch | Row: 19, Column: 3 | Web: 'Techmate Application' | Excel: 'Techmate Application'
2026-01-30 09:41:16.686 DEBUG com.kms.katalon.core.util.KeywordUtil    - ✓ Mismatch | Row: 19, Column: 4 | Web: '04 : 19 : 52' | Excel: '04 : 19 : 52'
2026-01-30 09:41:16.689 DEBUG com.kms.katalon.core.util.KeywordUtil    - ✓ Mismatch | Row: 19, Column: 5 | Web: '4' | Excel: '4'
2026-01-30 09:41:16.693 DEBUG com.kms.katalon.core.util.KeywordUtil    - ✓ Mismatch | Row: 19, Column: 6 | Web: '370' | Excel: '370'
2026-01-30 09:41:16.695 DEBUG com.kms.katalon.core.util.KeywordUtil    - ✓ Mismatch | Row: 19, Column: 7 | Web: '2' | Excel: '2'
2026-01-30 09:41:16.696 DEBUG com.kms.katalon.core.util.KeywordUtil    - ✓ Mismatch | Row: 19, Column: 8 | Web: 'Support Tools' | Excel: 'Support Tools'
2026-01-30 09:41:16.698 DEBUG com.kms.katalon.core.util.KeywordUtil    - ✓ Mismatch | Row: 20, Column: 1 | Web: '' | Excel: ''
2026-01-30 09:41:16.700 DEBUG com.kms.katalon.core.util.KeywordUtil    - ✓ Mismatch | Row: 20, Column: 2 | Web: '20' | Excel: '20'
2026-01-30 09:41:16.702 DEBUG com.kms.katalon.core.util.KeywordUtil    - ✓ Mismatch | Row: 20, Column: 3 | Web: 'Tutorials' | Excel: 'Tutorials'
2026-01-30 09:41:16.703 DEBUG com.kms.katalon.core.util.KeywordUtil    - ✓ Mismatch | Row: 20, Column: 4 | Web: '03 : 28 : 36' | Excel: '03 : 28 : 36'
2026-01-30 09:41:16.707 DEBUG com.kms.katalon.core.util.KeywordUtil    - ✓ Mismatch | Row: 20, Column: 5 | Web: '6' | Excel: '6'
2026-01-30 09:41:16.708 DEBUG com.kms.katalon.core.util.KeywordUtil    - ✓ Mismatch | Row: 20, Column: 6 | Web: '299' | Excel: '299'
2026-01-30 09:41:16.710 DEBUG com.kms.katalon.core.util.KeywordUtil    - ✓ Mismatch | Row: 20, Column: 7 | Web: '1' | Excel: '1'
2026-01-30 09:41:16.711 DEBUG com.kms.katalon.core.util.KeywordUtil    - ✓ Mismatch | Row: 20, Column: 8 | Web: 'Documentation Tools' | Excel: 'Documentation Tools'
2026-01-30 09:41:16.712 DEBUG com.kms.katalon.core.util.KeywordUtil    - ✓ Mismatch | Row: 21, Column: 1 | Web: '' | Excel: ''
2026-01-30 09:41:16.714 DEBUG com.kms.katalon.core.util.KeywordUtil    - ✓ Mismatch | Row: 21, Column: 2 | Web: '21' | Excel: '21'
2026-01-30 09:41:16.716 DEBUG com.kms.katalon.core.util.KeywordUtil    - ✓ Mismatch | Row: 21, Column: 3 | Web: 'MYSQL Server' | Excel: 'MYSQL Server'
2026-01-30 09:41:16.718 DEBUG com.kms.katalon.core.util.KeywordUtil    - ✓ Mismatch | Row: 21, Column: 4 | Web: '02 : 29 : 02' | Excel: '02 : 29 : 02'
2026-01-30 09:41:16.720 DEBUG com.kms.katalon.core.util.KeywordUtil    - ✓ Mismatch | Row: 21, Column: 5 | Web: '3' | Excel: '3'
2026-01-30 09:41:16.723 DEBUG com.kms.katalon.core.util.KeywordUtil    - ✓ Mismatch | Row: 21, Column: 6 | Web: '378' | Excel: '378'
2026-01-30 09:41:16.726 DEBUG com.kms.katalon.core.util.KeywordUtil    - ✓ Mismatch | Row: 21, Column: 7 | Web: '2' | Excel: '2'
2026-01-30 09:41:16.727 DEBUG com.kms.katalon.core.util.KeywordUtil    - ✓ Mismatch | Row: 21, Column: 8 | Web: 'Development Tools' | Excel: 'Development Tools'
2026-01-30 09:41:16.729 DEBUG com.kms.katalon.core.util.KeywordUtil    - ✓ Mismatch | Row: 22, Column: 1 | Web: '' | Excel: ''
2026-01-30 09:41:16.731 DEBUG com.kms.katalon.core.util.KeywordUtil    - ✓ Mismatch | Row: 22, Column: 2 | Web: '22' | Excel: '22'
2026-01-30 09:41:16.733 DEBUG com.kms.katalon.core.util.KeywordUtil    - ✓ Mismatch | Row: 22, Column: 3 | Web: 'Jenkins' | Excel: 'Jenkins'
2026-01-30 09:41:16.735 DEBUG com.kms.katalon.core.util.KeywordUtil    - ✓ Mismatch | Row: 22, Column: 4 | Web: '01 : 53 : 42' | Excel: '01 : 53 : 42'
2026-01-30 09:41:16.736 DEBUG com.kms.katalon.core.util.KeywordUtil    - ✓ Mismatch | Row: 22, Column: 5 | Web: '5' | Excel: '5'
2026-01-30 09:41:16.748 DEBUG com.kms.katalon.core.util.KeywordUtil    - ✓ Mismatch | Row: 22, Column: 6 | Web: '352' | Excel: '352'
2026-01-30 09:41:16.750 DEBUG com.kms.katalon.core.util.KeywordUtil    - ✓ Mismatch | Row: 22, Column: 7 | Web: '2' | Excel: '2'
2026-01-30 09:41:16.752 DEBUG com.kms.katalon.core.util.KeywordUtil    - ✓ Mismatch | Row: 22, Column: 8 | Web: 'Development Tools' | Excel: 'Development Tools'
2026-01-30 09:41:16.754 DEBUG com.kms.katalon.core.util.KeywordUtil    - ✓ Mismatch | Row: 23, Column: 1 | Web: '' | Excel: ''
2026-01-30 09:41:16.757 DEBUG com.kms.katalon.core.util.KeywordUtil    - ✓ Mismatch | Row: 23, Column: 2 | Web: '23' | Excel: '23'
2026-01-30 09:41:16.760 DEBUG com.kms.katalon.core.util.KeywordUtil    - ✓ Mismatch | Row: 23, Column: 3 | Web: 'MS Visual Studio' | Excel: 'MS Visual Studio'
2026-01-30 09:41:16.761 DEBUG com.kms.katalon.core.util.KeywordUtil    - ✓ Mismatch | Row: 23, Column: 4 | Web: '00 : 51 : 06' | Excel: '00 : 51 : 06'
2026-01-30 09:41:16.764 DEBUG com.kms.katalon.core.util.KeywordUtil    - ✓ Mismatch | Row: 23, Column: 5 | Web: '2' | Excel: '2'
2026-01-30 09:41:16.767 DEBUG com.kms.katalon.core.util.KeywordUtil    - ✓ Mismatch | Row: 23, Column: 6 | Web: '83' | Excel: '83'
2026-01-30 09:41:16.769 DEBUG com.kms.katalon.core.util.KeywordUtil    - ✓ Mismatch | Row: 23, Column: 7 | Web: '2' | Excel: '2'
2026-01-30 09:41:16.771 DEBUG com.kms.katalon.core.util.KeywordUtil    - ✓ Mismatch | Row: 23, Column: 8 | Web: 'Development Tools' | Excel: 'Development Tools'
2026-01-30 09:41:16.774 DEBUG com.kms.katalon.core.util.KeywordUtil    - ✓ Mismatch | Row: 24, Column: 1 | Web: '' | Excel: ''
2026-01-30 09:41:16.776 DEBUG com.kms.katalon.core.util.KeywordUtil    - ✓ Mismatch | Row: 24, Column: 2 | Web: '24' | Excel: '24'
2026-01-30 09:41:16.777 DEBUG com.kms.katalon.core.util.KeywordUtil    - ✓ Mismatch | Row: 24, Column: 3 | Web: 'Browser Extensions and Addons' | Excel: 'Browser Extensions and Addons'
2026-01-30 09:41:16.778 DEBUG com.kms.katalon.core.util.KeywordUtil    - ✓ Mismatch | Row: 24, Column: 4 | Web: '00 : 45 : 47' | Excel: '00 : 45 : 47'
2026-01-30 09:41:16.781 DEBUG com.kms.katalon.core.util.KeywordUtil    - ✓ Mismatch | Row: 24, Column: 5 | Web: '4' | Excel: '4'
2026-01-30 09:41:16.783 DEBUG com.kms.katalon.core.util.KeywordUtil    - ✓ Mismatch | Row: 24, Column: 6 | Web: '115' | Excel: '115'
2026-01-30 09:41:16.787 DEBUG com.kms.katalon.core.util.KeywordUtil    - ✓ Mismatch | Row: 24, Column: 7 | Web: '2' | Excel: '2'
2026-01-30 09:41:16.790 DEBUG com.kms.katalon.core.util.KeywordUtil    - ✓ Mismatch | Row: 24, Column: 8 | Web: 'Development Tools' | Excel: 'Development Tools'
2026-01-30 09:41:16.791 DEBUG com.kms.katalon.core.util.KeywordUtil    - ✓ Mismatch | Row: 25, Column: 1 | Web: '' | Excel: ''
2026-01-30 09:41:16.793 DEBUG com.kms.katalon.core.util.KeywordUtil    - ✓ Mismatch | Row: 25, Column: 2 | Web: '25' | Excel: '25'
2026-01-30 09:41:16.794 DEBUG com.kms.katalon.core.util.KeywordUtil    - ✓ Mismatch | Row: 25, Column: 3 | Web: 'Unproductive Sites' | Excel: 'Unproductive Sites'
2026-01-30 09:41:16.795 DEBUG com.kms.katalon.core.util.KeywordUtil    - ✓ Mismatch | Row: 25, Column: 4 | Web: '00 : 38 : 10' | Excel: '00 : 38 : 10'
2026-01-30 09:41:16.796 DEBUG com.kms.katalon.core.util.KeywordUtil    - ✓ Mismatch | Row: 25, Column: 5 | Web: '6' | Excel: '6'
2026-01-30 09:41:16.799 DEBUG com.kms.katalon.core.util.KeywordUtil    - ✓ Mismatch | Row: 25, Column: 6 | Web: '159' | Excel: '159'
2026-01-30 09:41:16.801 DEBUG com.kms.katalon.core.util.KeywordUtil    - ✓ Mismatch | Row: 25, Column: 7 | Web: '-2' | Excel: '-2'
2026-01-30 09:41:16.802 DEBUG com.kms.katalon.core.util.KeywordUtil    - ✓ Mismatch | Row: 25, Column: 8 | Web: 'Unproductive' | Excel: 'Unproductive'
2026-01-30 09:41:16.803 DEBUG com.kms.katalon.core.util.KeywordUtil    - ✓ Mismatch | Row: 26, Column: 1 | Web: '' | Excel: ''
2026-01-30 09:41:16.805 DEBUG com.kms.katalon.core.util.KeywordUtil    - ✓ Mismatch | Row: 26, Column: 2 | Web: '26' | Excel: '26'
2026-01-30 09:41:16.807 DEBUG com.kms.katalon.core.util.KeywordUtil    - ✓ Mismatch | Row: 26, Column: 3 | Web: 'License Portal' | Excel: 'License Portal'
2026-01-30 09:41:16.809 DEBUG com.kms.katalon.core.util.KeywordUtil    - ✓ Mismatch | Row: 26, Column: 4 | Web: '00 : 29 : 05' | Excel: '00 : 29 : 05'
2026-01-30 09:41:16.811 DEBUG com.kms.katalon.core.util.KeywordUtil    - ✓ Mismatch | Row: 26, Column: 5 | Web: '6' | Excel: '6'
2026-01-30 09:41:16.813 DEBUG com.kms.katalon.core.util.KeywordUtil    - ✓ Mismatch | Row: 26, Column: 6 | Web: '137' | Excel: '137'
2026-01-30 09:41:16.814 DEBUG com.kms.katalon.core.util.KeywordUtil    - ✓ Mismatch | Row: 26, Column: 7 | Web: '0' | Excel: '0'
2026-01-30 09:41:16.816 DEBUG com.kms.katalon.core.util.KeywordUtil    - ✓ Mismatch | Row: 26, Column: 8 | Web: 'Documentation Tools' | Excel: 'Documentation Tools'
2026-01-30 09:41:16.817 DEBUG com.kms.katalon.core.util.KeywordUtil    - ✓ Mismatch | Row: 27, Column: 1 | Web: '' | Excel: ''
2026-01-30 09:41:16.819 DEBUG com.kms.katalon.core.util.KeywordUtil    - ✓ Mismatch | Row: 27, Column: 2 | Web: '27' | Excel: '27'
2026-01-30 09:41:16.826 DEBUG com.kms.katalon.core.util.KeywordUtil    - ✓ Mismatch | Row: 27, Column: 3 | Web: 'Power Point' | Excel: 'Power Point'
2026-01-30 09:41:16.827 DEBUG com.kms.katalon.core.util.KeywordUtil    - ✓ Mismatch | Row: 27, Column: 4 | Web: '00 : 21 : 20' | Excel: '00 : 21 : 20'
2026-01-30 09:41:16.829 DEBUG com.kms.katalon.core.util.KeywordUtil    - ✓ Mismatch | Row: 27, Column: 5 | Web: '1' | Excel: '1'
2026-01-30 09:41:16.831 DEBUG com.kms.katalon.core.util.KeywordUtil    - ✓ Mismatch | Row: 27, Column: 6 | Web: '20' | Excel: '20'
2026-01-30 09:41:16.832 DEBUG com.kms.katalon.core.util.KeywordUtil    - ✓ Mismatch | Row: 27, Column: 7 | Web: '2' | Excel: '2'
2026-01-30 09:41:16.834 DEBUG com.kms.katalon.core.util.KeywordUtil    - ✓ Mismatch | Row: 27, Column: 8 | Web: 'Documentation Tools' | Excel: 'Documentation Tools'
2026-01-30 09:41:16.835 DEBUG com.kms.katalon.core.util.KeywordUtil    - ✓ Mismatch | Row: 28, Column: 1 | Web: '' | Excel: ''
2026-01-30 09:41:16.837 DEBUG com.kms.katalon.core.util.KeywordUtil    - ✓ Mismatch | Row: 28, Column: 2 | Web: '28' | Excel: '28'
2026-01-30 09:41:16.842 DEBUG com.kms.katalon.core.util.KeywordUtil    - ✓ Mismatch | Row: 28, Column: 3 | Web: 'Personal Time' | Excel: 'Personal Time'
2026-01-30 09:41:16.843 DEBUG com.kms.katalon.core.util.KeywordUtil    - ✓ Mismatch | Row: 28, Column: 4 | Web: '00 : 18 : 00' | Excel: '00 : 18 : 00'
2026-01-30 09:41:16.845 DEBUG com.kms.katalon.core.util.KeywordUtil    - ✓ Mismatch | Row: 28, Column: 5 | Web: '2' | Excel: '2'
2026-01-30 09:41:16.850 DEBUG com.kms.katalon.core.util.KeywordUtil    - ✓ Mismatch | Row: 28, Column: 6 | Web: '5' | Excel: '5'
2026-01-30 09:41:16.851 DEBUG com.kms.katalon.core.util.KeywordUtil    - ✓ Mismatch | Row: 28, Column: 7 | Web: '' | Excel: ''
2026-01-30 09:41:16.853 DEBUG com.kms.katalon.core.util.KeywordUtil    - ✓ Mismatch | Row: 28, Column: 8 | Web: '' | Excel: ''
2026-01-30 09:41:16.857 DEBUG com.kms.katalon.core.util.KeywordUtil    - ✓ Mismatch | Row: 29, Column: 1 | Web: '' | Excel: ''
2026-01-30 09:41:16.858 DEBUG com.kms.katalon.core.util.KeywordUtil    - ✓ Mismatch | Row: 29, Column: 2 | Web: '29' | Excel: '29'
2026-01-30 09:41:16.860 DEBUG com.kms.katalon.core.util.KeywordUtil    - ✓ Mismatch | Row: 29, Column: 3 | Web: 'Grey Tip HR' | Excel: 'Grey Tip HR'
2026-01-30 09:41:16.862 DEBUG com.kms.katalon.core.util.KeywordUtil    - ✓ Mismatch | Row: 29, Column: 4 | Web: '00 : 14 : 15' | Excel: '00 : 14 : 15'
2026-01-30 09:41:16.863 DEBUG com.kms.katalon.core.util.KeywordUtil    - ✓ Mismatch | Row: 29, Column: 5 | Web: '3' | Excel: '3'
2026-01-30 09:41:16.866 DEBUG com.kms.katalon.core.util.KeywordUtil    - ✓ Mismatch | Row: 29, Column: 6 | Web: '29' | Excel: '29'
2026-01-30 09:41:16.868 DEBUG com.kms.katalon.core.util.KeywordUtil    - ✓ Mismatch | Row: 29, Column: 7 | Web: '0' | Excel: '0'
2026-01-30 09:41:16.875 DEBUG com.kms.katalon.core.util.KeywordUtil    - ✓ Mismatch | Row: 29, Column: 8 | Web: 'Internal Applications' | Excel: 'Internal Applications'
2026-01-30 09:41:16.879 DEBUG com.kms.katalon.core.util.KeywordUtil    - ✓ Mismatch | Row: 30, Column: 1 | Web: '' | Excel: ''
2026-01-30 09:41:16.884 DEBUG com.kms.katalon.core.util.KeywordUtil    - ✓ Mismatch | Row: 30, Column: 2 | Web: '30' | Excel: '30'
2026-01-30 09:41:16.886 DEBUG com.kms.katalon.core.util.KeywordUtil    - ✓ Mismatch | Row: 30, Column: 3 | Web: 'IP Messenger' | Excel: 'IP Messenger'
2026-01-30 09:41:16.895 DEBUG com.kms.katalon.core.util.KeywordUtil    - ✓ Mismatch | Row: 30, Column: 4 | Web: '00 : 09 : 37' | Excel: '00 : 09 : 37'
2026-01-30 09:41:16.898 DEBUG com.kms.katalon.core.util.KeywordUtil    - ✓ Mismatch | Row: 30, Column: 5 | Web: '2' | Excel: '2'
2026-01-30 09:41:16.905 DEBUG com.kms.katalon.core.util.KeywordUtil    - ✓ Mismatch | Row: 30, Column: 6 | Web: '36' | Excel: '36'
2026-01-30 09:41:16.907 DEBUG com.kms.katalon.core.util.KeywordUtil    - ✓ Mismatch | Row: 30, Column: 7 | Web: '1' | Excel: '1'
2026-01-30 09:41:16.913 DEBUG com.kms.katalon.core.util.KeywordUtil    - ✓ Mismatch | Row: 30, Column: 8 | Web: 'Communication Tools' | Excel: 'Communication Tools'
2026-01-30 09:41:16.914 DEBUG com.kms.katalon.core.util.KeywordUtil    - ✓ Mismatch | Row: 31, Column: 1 | Web: '' | Excel: ''
2026-01-30 09:41:16.921 DEBUG com.kms.katalon.core.util.KeywordUtil    - ✓ Mismatch | Row: 31, Column: 2 | Web: '31' | Excel: '31'
2026-01-30 09:41:16.924 DEBUG com.kms.katalon.core.util.KeywordUtil    - ✓ Mismatch | Row: 31, Column: 3 | Web: 'LinkedIn' | Excel: 'LinkedIn'
2026-01-30 09:41:16.926 DEBUG com.kms.katalon.core.util.KeywordUtil    - ✓ Mismatch | Row: 31, Column: 4 | Web: '00 : 01 : 54' | Excel: '00 : 01 : 54'
2026-01-30 09:41:16.927 DEBUG com.kms.katalon.core.util.KeywordUtil    - ✓ Mismatch | Row: 31, Column: 5 | Web: '1' | Excel: '1'
2026-01-30 09:41:16.929 DEBUG com.kms.katalon.core.util.KeywordUtil    - ✓ Mismatch | Row: 31, Column: 6 | Web: '10' | Excel: '10'
2026-01-30 09:41:16.931 DEBUG com.kms.katalon.core.util.KeywordUtil    - ✓ Mismatch | Row: 31, Column: 7 | Web: '0' | Excel: '0'
2026-01-30 09:41:16.931 DEBUG com.kms.katalon.core.util.KeywordUtil    - ✓ Mismatch | Row: 31, Column: 8 | Web: 'Communication Tools' | Excel: 'Communication Tools'
2026-01-30 09:41:16.932 DEBUG com.kms.katalon.core.util.KeywordUtil    - ✓ Mismatch | Row: 32, Column: 1 | Web: '' | Excel: ''
2026-01-30 09:41:16.934 DEBUG com.kms.katalon.core.util.KeywordUtil    - ✓ Mismatch | Row: 32, Column: 2 | Web: '32' | Excel: '32'
2026-01-30 09:41:16.935 DEBUG com.kms.katalon.core.util.KeywordUtil    - ✓ Mismatch | Row: 32, Column: 3 | Web: 'MSSQL Server' | Excel: 'MSSQL Server'
2026-01-30 09:41:16.936 DEBUG com.kms.katalon.core.util.KeywordUtil    - ✓ Mismatch | Row: 32, Column: 4 | Web: '00 : 00 : 24' | Excel: '00 : 00 : 24'
2026-01-30 09:41:16.937 DEBUG com.kms.katalon.core.util.KeywordUtil    - ✓ Mismatch | Row: 32, Column: 5 | Web: '1' | Excel: '1'
2026-01-30 09:41:16.939 DEBUG com.kms.katalon.core.util.KeywordUtil    - ✓ Mismatch | Row: 32, Column: 6 | Web: '5' | Excel: '5'
2026-01-30 09:41:16.942 DEBUG com.kms.katalon.core.util.KeywordUtil    - ✓ Mismatch | Row: 32, Column: 7 | Web: '2' | Excel: '2'
2026-01-30 09:41:16.943 DEBUG com.kms.katalon.core.util.KeywordUtil    - ✓ Mismatch | Row: 32, Column: 8 | Web: 'Development Tools' | Excel: 'Development Tools'
2026-01-30 09:41:16.944 DEBUG com.kms.katalon.core.util.KeywordUtil    - ✓ Mismatch | Row: 33, Column: 1 | Web: '' | Excel: ''
2026-01-30 09:41:16.947 DEBUG com.kms.katalon.core.util.KeywordUtil    - ✓ Mismatch | Row: 33, Column: 2 | Web: '33' | Excel: '33'
2026-01-30 09:41:16.948 DEBUG com.kms.katalon.core.util.KeywordUtil    - ✓ Mismatch | Row: 33, Column: 3 | Web: 'Paint' | Excel: 'Paint'
2026-01-30 09:41:16.948 DEBUG com.kms.katalon.core.util.KeywordUtil    - ✓ Mismatch | Row: 33, Column: 4 | Web: '00 : 00 : 16' | Excel: '00 : 00 : 16'
2026-01-30 09:41:16.952 DEBUG com.kms.katalon.core.util.KeywordUtil    - ✓ Mismatch | Row: 33, Column: 5 | Web: '2' | Excel: '2'
2026-01-30 09:41:16.954 DEBUG com.kms.katalon.core.util.KeywordUtil    - ✓ Mismatch | Row: 33, Column: 6 | Web: '5' | Excel: '5'
2026-01-30 09:41:16.959 DEBUG com.kms.katalon.core.util.KeywordUtil    - ✓ Mismatch | Row: 33, Column: 7 | Web: '0' | Excel: '0'
2026-01-30 09:41:16.962 DEBUG com.kms.katalon.core.util.KeywordUtil    - ✓ Mismatch | Row: 33, Column: 8 | Web: 'Documentation Tools' | Excel: 'Documentation Tools'
2026-01-30 09:41:16.965 DEBUG com.kms.katalon.core.util.KeywordUtil    - ✓ Web table data perfectly matches Excel file
2026-01-30 09:41:16.978 DEBUG testcase.ActivityDashBoard               - 3: com.prohancewebapplication.file.FileSizeFinder.fileSize()
2026-01-30 09:41:17.011 INFO  com.kms.katalon.core.util.KeywordUtil    - Top Applications Details Report.xlsx 7015
2026-01-30 09:41:17.012 INFO  k.k.c.m.CustomKeywordDelegatingMetaClass - com.prohancewebapplication.file.FileSizeFinder.fileSize is PASSED
2026-01-30 09:41:17.018 DEBUG testcase.ActivityDashBoard               - 14: switchToDefaultContent()
2026-01-30 09:41:17.102 DEBUG testcase.ActivityDashBoard               - 15: closeWindowIndex(1)
2026-01-30 09:41:17.466 DEBUG testcase.ActivityDashBoard               - 16: switchToWindowIndex(0)
2026-01-30 09:41:17.481 INFO  c.k.katalon.core.main.TestCaseExecutor   - END Test Cases/ProhanceWeb/Organization Settings/Work Time/Activity DashBoard/ActivityDashBoard
2026-01-30 09:41:17.485 INFO  c.k.katalon.core.main.TestCaseExecutor   - --------------------
2026-01-30 09:41:17.485 INFO  c.k.katalon.core.main.TestCaseExecutor   - START Test Cases/ProhanceWeb/LogOut_Page/LogOut
2026-01-30 09:41:17.672 DEBUG testcase.LogOut                          - 1: try
2026-01-30 09:41:17.679 DEBUG testcase.LogOut                          - 1: waitForElementPresent(findTestObject("Object Repository/Logout/userProfileIcon"), Delay)
2026-01-30 09:41:17.971 DEBUG testcase.LogOut                          - 2: click(findTestObject("Object Repository/Logout/userProfileIcon"), STOP_ON_FAILURE)
2026-01-30 09:41:18.456 DEBUG testcase.LogOut                          - 3: waitForElementPresent(findTestObject("Object Repository/Logout/logOut"), Delay)
2026-01-30 09:41:19.057 DEBUG testcase.LogOut                          - 4: click(findTestObject("Object Repository/Logout/logOut"), STOP_ON_FAILURE)
2026-01-30 09:41:19.840 INFO  c.k.katalon.core.main.TestCaseExecutor   - END Test Cases/ProhanceWeb/LogOut_Page/LogOut
2026-01-30 09:41:22.655 INFO  c.k.katalon.core.main.TestSuiteExecutor  - --------------------
2026-01-30 09:41:22.656 INFO  c.k.katalon.core.main.TestSuiteExecutor  - END Test Suites/Login_Genaral
2026-01-30 09:41:22.656 INFO  c.k.katalon.core.main.TestSuiteExecutor  - ====================
