2026-02-03 08:45:31.817 INFO  c.k.k.c.l.logback.LogbackConfigurator    - Logback default configuration initialized from: C:\Users\KRISHNA\.katalon\packages\KS-11.0.0\configuration\org.eclipse.osgi\148\0\.cp\resources\logback\logback-execution.xml
2026-02-03 08:45:31.820 INFO  c.k.k.c.l.logback.LogbackConfigurator    - Logback custom configuration initialized from: D:\ProhanceWebApplicationsssd\ProhanceWebApplicationsssd\Include\config\log.properties
2026-02-03 08:45:31.987 INFO  c.k.katalon.core.main.TestSuiteExecutor  - START Test Suites/WorkTime/Custom Reports/Custom Reports
2026-02-03 08:45:32.119 INFO  c.k.katalon.core.main.TestSuiteExecutor  - userFullName = Gopal
2026-02-03 08:45:32.120 INFO  c.k.katalon.core.main.TestSuiteExecutor  - projectName = ProhanceWebApplication
2026-02-03 08:45:32.120 INFO  c.k.katalon.core.main.TestSuiteExecutor  - hostName = KRISHNA - krishna
2026-02-03 08:45:32.121 INFO  c.k.katalon.core.main.TestSuiteExecutor  - os = Windows 11 64bit
2026-02-03 08:45:32.121 INFO  c.k.katalon.core.main.TestSuiteExecutor  - hostAddress = 192.168.0.9
2026-02-03 08:45:32.122 INFO  c.k.katalon.core.main.TestSuiteExecutor  - katalonVersion = 11.0.0.0
2026-02-03 08:45:32.569 INFO  c.k.katalon.core.main.TestCaseExecutor   - --------------------
2026-02-03 08:45:32.569 INFO  c.k.katalon.core.main.TestCaseExecutor   - START Test Cases/ProhanceWeb/Login_Page/Login
2026-02-03 08:45:32.647 INFO  c.k.katalon.core.main.TestCaseExecutor   - userName = tsL9urF6O/D/xURRxzj/8w==
2026-02-03 08:45:32.648 INFO  c.k.katalon.core.main.TestCaseExecutor   - password = tsL9urF6O/APwsPS+50KRA==
2026-02-03 08:45:33.064 DEBUG testcase.Login                           - 1: openBrowser("")
2026-02-03 08:45:33.387 INFO  c.k.k.core.webui.driver.DriverFactory    - Starting 'Chrome' driver
2026-02-03 08:45:33.395 INFO  c.k.k.c.w.util.WebDriverPropertyUtil     - User set preference: ['args', '[--allow-running-insecure-content, --ignore-certificate-errors, --disable-web-security, --unsafely-treat-insecure-origin-as-secure=http://10.10.10.157:1001/prohance]']
2026-02-03 08:45:33.396 INFO  c.k.k.c.w.util.WebDriverPropertyUtil     - User set preference: ['prefs', '{download.default_directory=C:/Users/gopal.s/Downloads, download.prompt_for_download=false, download.directory_upgrade=true, profile.default_content_setting_values.automatic_downloads=1, plugins.always_open_pdf_externally=true, safebrowsing.enabled=true}']
2026-02-03 08:45:33.463 INFO  c.k.k.core.webui.driver.DriverFactory    - Action delay is set to 0 milliseconds
Feb 03, 2026 8:45:35 AM org.openqa.selenium.devtools.CdpVersionFinder findNearestMatch
WARNING: Unable to find an exact match for CDP version 144, returning the closest version; found: 143; Please update to a Selenium version that supports CDP version 144
2026-02-03 08:45:35.526 INFO  c.k.k.core.webui.driver.DriverFactory    - sessionId = ec2bd3610422764eb4392753b3abb955
2026-02-03 08:45:35.528 INFO  c.k.k.core.webui.driver.DriverFactory    - browser = Chrome 144.0.7559.110
2026-02-03 08:45:35.528 INFO  c.k.k.core.webui.driver.DriverFactory    - platform = Windows 11
2026-02-03 08:45:35.529 INFO  c.k.k.core.webui.driver.DriverFactory    - seleniumVersion = 4.39.0
2026-02-03 08:45:35.536 INFO  c.k.k.core.webui.driver.DriverFactory    - proxyInformation = ProxyInformation { proxyOption=NO_PROXY, proxyServerType=HTTP, username=, password=********, proxyServerAddress=, proxyServerPort=0, executionList="", isApplyToDesiredCapabilities=true }
2026-02-03 08:45:35.591 DEBUG testcase.Login                           - 2: maximizeWindow()
2026-02-03 08:45:35.664 DEBUG testcase.Login                           - 3: waitForPageLoad(Delay, CONTINUE_ON_FAILURE)
2026-02-03 08:45:35.983 DEBUG testcase.Login                           - 4: navigateToUrl(URL)
2026-02-03 08:45:36.457 DEBUG testcase.Login                           - 5: try
2026-02-03 08:45:36.459 DEBUG testcase.Login                           - 1: setEncryptedText(findTestObject("Object Repository/Login/userName"), userName)
2026-02-03 08:45:37.162 DEBUG testcase.Login                           - 2: setEncryptedText(findTestObject("Object Repository/Login/Password"), password)
2026-02-03 08:45:37.575 DEBUG testcase.Login                           - 3: waitForElementClickable(findTestObject("Object Repository/Login/login_btn"), Delay)
2026-02-03 08:45:37.923 DEBUG testcase.Login                           - 4: click(findTestObject("Object Repository/Login/login_btn"))
2026-02-03 08:45:38.369 DEBUG testcase.Login                           - 5: if (waitForElementPresent(findTestObject("Object Repository/Login/session_Distroysession"), Delay, OPTIONAL))
2026-02-03 08:45:39.137 DEBUG testcase.Login                           - 1: waitForElementClickable(findTestObject("Object Repository/Login/session_Distroysession"), Delay, OPTIONAL)
2026-02-03 08:45:39.453 DEBUG testcase.Login                           - 2: click(findTestObject("Object Repository/Login/session_Distroysession"))
2026-02-03 08:45:39.864 DEBUG testcase.Login                           - 6: if (waitForElementPresent(findTestObject("Object Repository/Common/Accept Cookies"), Delay, OPTIONAL))
2026-02-03 08:45:40.995 DEBUG testcase.Login                           - 1: waitForElementClickable(findTestObject("Object Repository/Common/Accept Cookies"), Delay, OPTIONAL)
2026-02-03 08:45:41.325 DEBUG testcase.Login                           - 2: click(findTestObject("Object Repository/Common/Accept Cookies"))
2026-02-03 08:45:41.734 DEBUG testcase.Login                           - 7: Finally
2026-02-03 08:45:41.738 DEBUG testcase.Login                           - 1: timestamp = Date().format("yyyyMMdd_HHmmss")
2026-02-03 08:45:41.764 INFO  c.k.katalon.core.main.TestCaseExecutor   - END Test Cases/ProhanceWeb/Login_Page/Login
2026-02-03 08:45:41.774 INFO  c.k.katalon.core.main.TestCaseExecutor   - --------------------
2026-02-03 08:45:41.774 INFO  c.k.katalon.core.main.TestCaseExecutor   - START Test Cases/ProhanceWeb/Organization Settings/Work Time/Custom Reports/Custom Reports
2026-02-03 08:45:42.422 DEBUG testcase.Custom Reports                  - 1: ViewBy = null
2026-02-03 08:45:42.424 DEBUG testcase.Custom Reports                  - 2: UserType = null
2026-02-03 08:45:42.427 DEBUG testcase.Custom Reports                  - 3: if (waitForElementPresent(findTestObject("Object Repository/Organization Settings/New Folder/Page_ProHance/a_WORK TIME"), Delay))
2026-02-03 08:45:42.702 DEBUG testcase.Custom Reports                  - 1: waitForElementClickable(findTestObject("Object Repository/Organization Settings/New Folder/Page_ProHance/a_WORK TIME"), Delay)
2026-02-03 08:45:43.008 DEBUG testcase.Custom Reports                  - 2: click(findTestObject("Object Repository/Organization Settings/New Folder/Page_ProHance/a_WORK TIME"))
2026-02-03 08:45:43.390 DEBUG testcase.Custom Reports                  - 3: driver = getWebDriver()
2026-02-03 08:45:43.395 DEBUG testcase.Custom Reports                  - 4: efficiencyLinks = driver.findElements(By.xpath("//a[@data-menulink='EfficiencyDetailsFilter']"))
2026-02-03 08:45:43.651 DEBUG testcase.Custom Reports                  - 5: if (!(efficiencyLinks.isEmpty()))
2026-02-03 08:45:43.656 DEBUG testcase.Custom Reports                  - 1: get(0).click()
2026-02-03 08:45:43.896 DEBUG testcase.Custom Reports                  - 7: getImmediateChildFolders = com.prohanceapplication.common.ObjectUtils.getImmediateChildFolders("Organization Settings/Work Time/Custom Reports/Check_Box")
2026-02-03 08:45:43.935 INFO  k.k.c.m.CustomKeywordDelegatingMetaClass - com.prohanceapplication.common.ObjectUtils.getImmediateChildFolders is PASSED
2026-02-03 08:45:43.939 DEBUG testcase.Custom Reports                  - 8: for (String filePath : getImmediateChildFolders)
2026-02-03 08:45:43.944 DEBUG testcase.Custom Reports                  - 9: switchToWindowIndex(1)
2026-02-03 08:45:44.086 DEBUG testcase.Custom Reports                  - 10: filterMenu = driver.findElement(By.xpath("//span[@id='show-content-menu-main']"))
2026-02-03 08:45:47.301 DEBUG testcase.Custom Reports                  - 11: filterMenu.click()
2026-02-03 08:45:47.488 DEBUG testcase.Custom Reports                  - 12: viewByDropdown = new com.kms.katalon.core.testobject.TestObject(ViewByDropdown)
2026-02-03 08:45:47.492 DEBUG testcase.Custom Reports                  - 13: viewByDropdown.addProperty("xpath", EQUALS, "//select[@id='customReportViewByFilter']")
2026-02-03 08:45:47.501 DEBUG testcase.Custom Reports                  - 14: waitForElementPresent(viewByDropdown, 20)
2026-02-03 08:45:47.788 DEBUG testcase.Custom Reports                  - 15: dropdownElement = findWebElement(viewByDropdown)
2026-02-03 08:45:48.048 DEBUG testcase.Custom Reports                  - 16: select = new org.openqa.selenium.support.ui.Select(dropdownElement)
2026-02-03 08:45:48.077 DEBUG testcase.Custom Reports                  - 17: selectedValue = getText().trim()
2026-02-03 08:45:48.376 DEBUG testcase.Custom Reports                  - 18: println("Selected View By Value: " + selectedValue)
Selected View By Value: User Groups
2026-02-03 08:45:48.381 DEBUG testcase.Custom Reports                  - 19: dropdownValues = []
2026-02-03 08:45:48.383 DEBUG testcase.Custom Reports                  - 20: getOptions().each({ -> ... })
2026-02-03 08:45:48.796 DEBUG testcase.Custom Reports                  - 21: reportDuration = "M"
2026-02-03 08:45:48.798 DEBUG testcase.Custom Reports                  - 22: UserType = "All Users"
2026-02-03 08:45:48.800 DEBUG testcase.Custom Reports                  - 23: dodCheck = true
2026-02-03 08:45:48.804 DEBUG testcase.Custom Reports                  - 24: reportDurationElementValue = findWebElement(findTestObject("Object Repository/Organization Settings/Work Time/Custom Reports/Custom Reports Hidden Element/Report Duration")).getAttribute("Value")
2026-02-03 08:45:49.084 DEBUG testcase.Custom Reports                  - 25: if (reportDuration != null && reportDuration != "" && reportDurationElementValue != null && reportDurationElementValue != "")
2026-02-03 08:45:49.087 DEBUG testcase.Custom Reports                  - 1: com.prohanceapplication.customreports.CustomReports.selectReportDuration(reportDuration, reportDurationElementValue)
2026-02-03 08:45:49.628 WARN  com.kms.katalon.core.util.KeywordUtil    - Selected Value : Decorated {[[[[CChromeDriver: chrome on windows (ec2bd3610422764eb4392753b3abb955)] -> xpath: //select[@id='CustomDurationViewBy']]] -> tag name: option]}
2026-02-03 08:45:49.909 INFO  k.k.c.m.CustomKeywordDelegatingMetaClass - com.prohanceapplication.customreports.CustomReports.selectReportDuration is PASSED
2026-02-03 08:45:49.909 DEBUG testcase.Custom Reports                  - 26: if (UserType != null && UserType != "")
2026-02-03 08:45:49.912 DEBUG testcase.Custom Reports                  - 1: com.prohanceapplication.customreports.CustomReports.selectUserType(UserType)
2026-02-03 08:45:50.506 INFO  k.k.c.m.CustomKeywordDelegatingMetaClass - com.prohanceapplication.customreports.CustomReports.selectUserType is PASSED
2026-02-03 08:45:50.507 DEBUG testcase.Custom Reports                  - 27: checkbox = findTestObject("Object Repository/Organization Settings/Work Time/Custom Reports/Common/Chk_ Display Overall Data")
2026-02-03 08:45:50.513 DEBUG testcase.Custom Reports                  - 28: waitForElementPresent(checkbox, 0, OPTIONAL)
2026-02-03 08:45:50.526 WARN  c.k.k.c.webui.common.WebUiCommonHelper   - Timeout '0' is invalid. Using default page load timeout: '10'
2026-02-03 08:45:50.773 DEBUG testcase.Custom Reports                  - 29: isChecked = verifyElementChecked(checkbox, 1, OPTIONAL)
2026-02-03 08:45:51.080 DEBUG testcase.Custom Reports                  - 30: if (dodCheck && !(isChecked))
2026-02-03 08:45:51.081 DEBUG testcase.Custom Reports                  - 32: immediateChildFolders = com.prohanceapplication.common.ObjectUtils.getImmediateChildFolders("Organization Settings/Work Time/Custom Reports/Check_Box")
2026-02-03 08:45:51.085 INFO  k.k.c.m.CustomKeywordDelegatingMetaClass - com.prohanceapplication.common.ObjectUtils.getImmediateChildFolders is PASSED
2026-02-03 08:45:51.089 DEBUG testcase.Custom Reports                  - 33: for (String filePath : immediateChildFolders)
2026-02-03 08:45:51.091 DEBUG testcase.Custom Reports                  - 1: customizeReportView(filePath)
2026-02-03 08:45:51.093 DEBUG testcase.Custom Reports                  - 1: getObjectsAsMap = com.prohanceapplication.common.ObjectUtils.getObjectsAsMap(filePath)
2026-02-03 08:45:51.194 INFO  k.k.c.m.CustomKeywordDelegatingMetaClass - com.prohanceapplication.common.ObjectUtils.getObjectsAsMap is PASSED
2026-02-03 08:45:51.195 DEBUG testcase.Custom Reports                  - 2: grouped = getObjectsAsMap.groupBy({ java.lang.Object entry -> ... })
2026-02-03 08:45:51.222 DEBUG testcase.Custom Reports                  - 3: grouped.each({ java.lang.Object groupKey, java.lang.Object entries -> ... })
2026-02-03 08:46:08.874 DEBUG testcase.Custom Reports                  - 2: for ([i = 0, i < getOptions().size(), (i++)])
2026-02-03 08:46:09.116 DEBUG testcase.Custom Reports                  - 1: select.selectByIndex(i)
2026-02-03 08:46:09.407 DEBUG testcase.Custom Reports                  - 2: delay(1)
2026-02-03 08:46:10.443 DEBUG testcase.Custom Reports                  - 3: waitForElementClickable(findTestObject("Object Repository/Organization Settings/Work Time/Custom Reports/Common/UPDATE FIELDS"), 5)
2026-02-03 08:46:10.759 DEBUG testcase.Custom Reports                  - 4: click(findTestObject("Object Repository/Organization Settings/Work Time/Custom Reports/Common/UPDATE FIELDS"))
2026-02-03 08:46:11.467 DEBUG testcase.Custom Reports                  - 5: waitForElementClickable(findTestObject("Object Repository/Organization Settings/Work Time/Custom Reports/Common/FETCH"), 5)
2026-02-03 08:46:11.766 DEBUG testcase.Custom Reports                  - 6: click(findTestObject("Object Repository/Organization Settings/Work Time/Custom Reports/Common/FETCH"))
2026-02-03 08:46:12.413 DEBUG testcase.Custom Reports                  - 7: waitForPageLoad(10)
2026-02-03 08:46:12.428 DEBUG testcase.Custom Reports                  - 8: waitForElementClickable(findTestObject("Object Repository/Organization Settings/Work Time/Custom Reports/Common/CUSTOMIZE REPORT FIELDS"), 5)
2026-02-03 08:46:13.887 DEBUG testcase.Custom Reports                  - 9: click(findTestObject("Object Repository/Organization Settings/Work Time/Custom Reports/Common/CUSTOMIZE REPORT FIELDS"))
2026-02-03 08:46:15.184 DEBUG testcase.Custom Reports                  - 1: select.selectByIndex(i)
2026-02-03 08:46:15.651 DEBUG testcase.Custom Reports                  - 2: delay(1)
2026-02-03 08:46:16.662 DEBUG testcase.Custom Reports                  - 3: waitForElementClickable(findTestObject("Object Repository/Organization Settings/Work Time/Custom Reports/Common/UPDATE FIELDS"), 5)
2026-02-03 08:46:16.986 DEBUG testcase.Custom Reports                  - 4: click(findTestObject("Object Repository/Organization Settings/Work Time/Custom Reports/Common/UPDATE FIELDS"))
2026-02-03 08:46:17.554 DEBUG testcase.Custom Reports                  - 5: waitForElementClickable(findTestObject("Object Repository/Organization Settings/Work Time/Custom Reports/Common/FETCH"), 5)
2026-02-03 08:46:17.859 DEBUG testcase.Custom Reports                  - 6: click(findTestObject("Object Repository/Organization Settings/Work Time/Custom Reports/Common/FETCH"))
2026-02-03 08:46:18.426 DEBUG testcase.Custom Reports                  - 7: waitForPageLoad(10)
2026-02-03 08:46:18.436 DEBUG testcase.Custom Reports                  - 8: waitForElementClickable(findTestObject("Object Repository/Organization Settings/Work Time/Custom Reports/Common/CUSTOMIZE REPORT FIELDS"), 5)
2026-02-03 08:46:19.686 DEBUG testcase.Custom Reports                  - 9: click(findTestObject("Object Repository/Organization Settings/Work Time/Custom Reports/Common/CUSTOMIZE REPORT FIELDS"))
2026-02-03 08:46:20.761 DEBUG testcase.Custom Reports                  - 1: select.selectByIndex(i)
2026-02-03 08:46:21.284 DEBUG testcase.Custom Reports                  - 2: delay(1)
2026-02-03 08:46:22.293 DEBUG testcase.Custom Reports                  - 3: waitForElementClickable(findTestObject("Object Repository/Organization Settings/Work Time/Custom Reports/Common/UPDATE FIELDS"), 5)
2026-02-03 08:46:22.611 DEBUG testcase.Custom Reports                  - 4: click(findTestObject("Object Repository/Organization Settings/Work Time/Custom Reports/Common/UPDATE FIELDS"))
2026-02-03 08:46:23.290 DEBUG testcase.Custom Reports                  - 5: waitForElementClickable(findTestObject("Object Repository/Organization Settings/Work Time/Custom Reports/Common/FETCH"), 5)
2026-02-03 08:46:23.611 DEBUG testcase.Custom Reports                  - 6: click(findTestObject("Object Repository/Organization Settings/Work Time/Custom Reports/Common/FETCH"))
2026-02-03 08:46:24.314 DEBUG testcase.Custom Reports                  - 7: waitForPageLoad(10)
2026-02-03 08:46:24.321 DEBUG testcase.Custom Reports                  - 8: waitForElementClickable(findTestObject("Object Repository/Organization Settings/Work Time/Custom Reports/Common/CUSTOMIZE REPORT FIELDS"), 5)
2026-02-03 08:46:25.536 DEBUG testcase.Custom Reports                  - 9: click(findTestObject("Object Repository/Organization Settings/Work Time/Custom Reports/Common/CUSTOMIZE REPORT FIELDS"))
2026-02-03 08:46:26.888 DEBUG testcase.Custom Reports                  - 1: select.selectByIndex(i)
2026-02-03 08:46:27.405 DEBUG testcase.Custom Reports                  - 2: delay(1)
2026-02-03 08:46:28.416 DEBUG testcase.Custom Reports                  - 3: waitForElementClickable(findTestObject("Object Repository/Organization Settings/Work Time/Custom Reports/Common/UPDATE FIELDS"), 5)
2026-02-03 08:46:28.703 DEBUG testcase.Custom Reports                  - 4: click(findTestObject("Object Repository/Organization Settings/Work Time/Custom Reports/Common/UPDATE FIELDS"))
2026-02-03 08:46:29.249 DEBUG testcase.Custom Reports                  - 5: waitForElementClickable(findTestObject("Object Repository/Organization Settings/Work Time/Custom Reports/Common/FETCH"), 5)
2026-02-03 08:46:29.530 DEBUG testcase.Custom Reports                  - 6: click(findTestObject("Object Repository/Organization Settings/Work Time/Custom Reports/Common/FETCH"))
2026-02-03 08:46:30.084 DEBUG testcase.Custom Reports                  - 7: waitForPageLoad(10)
2026-02-03 08:46:30.092 DEBUG testcase.Custom Reports                  - 8: waitForElementClickable(findTestObject("Object Repository/Organization Settings/Work Time/Custom Reports/Common/CUSTOMIZE REPORT FIELDS"), 5)
2026-02-03 08:46:30.803 DEBUG testcase.Custom Reports                  - 9: click(findTestObject("Object Repository/Organization Settings/Work Time/Custom Reports/Common/CUSTOMIZE REPORT FIELDS"))
2026-02-03 08:46:32.047 DEBUG testcase.Custom Reports                  - 1: select.selectByIndex(i)
2026-02-03 08:46:32.600 DEBUG testcase.Custom Reports                  - 2: delay(1)
2026-02-03 08:46:33.618 DEBUG testcase.Custom Reports                  - 3: waitForElementClickable(findTestObject("Object Repository/Organization Settings/Work Time/Custom Reports/Common/UPDATE FIELDS"), 5)
2026-02-03 08:46:33.921 DEBUG testcase.Custom Reports                  - 4: click(findTestObject("Object Repository/Organization Settings/Work Time/Custom Reports/Common/UPDATE FIELDS"))
2026-02-03 08:46:34.488 DEBUG testcase.Custom Reports                  - 5: waitForElementClickable(findTestObject("Object Repository/Organization Settings/Work Time/Custom Reports/Common/FETCH"), 5)
2026-02-03 08:46:34.778 DEBUG testcase.Custom Reports                  - 6: click(findTestObject("Object Repository/Organization Settings/Work Time/Custom Reports/Common/FETCH"))
2026-02-03 08:46:35.358 DEBUG testcase.Custom Reports                  - 7: waitForPageLoad(10)
2026-02-03 08:46:35.370 DEBUG testcase.Custom Reports                  - 8: waitForElementClickable(findTestObject("Object Repository/Organization Settings/Work Time/Custom Reports/Common/CUSTOMIZE REPORT FIELDS"), 5)
2026-02-03 08:46:36.500 DEBUG testcase.Custom Reports                  - 9: click(findTestObject("Object Repository/Organization Settings/Work Time/Custom Reports/Common/CUSTOMIZE REPORT FIELDS"))
2026-02-03 08:46:37.793 DEBUG testcase.Custom Reports                  - 1: select.selectByIndex(i)
2026-02-03 08:46:38.383 DEBUG testcase.Custom Reports                  - 2: delay(1)
2026-02-03 08:46:39.388 DEBUG testcase.Custom Reports                  - 3: waitForElementClickable(findTestObject("Object Repository/Organization Settings/Work Time/Custom Reports/Common/UPDATE FIELDS"), 5)
2026-02-03 08:46:39.692 DEBUG testcase.Custom Reports                  - 4: click(findTestObject("Object Repository/Organization Settings/Work Time/Custom Reports/Common/UPDATE FIELDS"))
2026-02-03 08:46:40.311 DEBUG testcase.Custom Reports                  - 5: waitForElementClickable(findTestObject("Object Repository/Organization Settings/Work Time/Custom Reports/Common/FETCH"), 5)
2026-02-03 08:46:40.597 DEBUG testcase.Custom Reports                  - 6: click(findTestObject("Object Repository/Organization Settings/Work Time/Custom Reports/Common/FETCH"))
2026-02-03 08:46:41.166 DEBUG testcase.Custom Reports                  - 7: waitForPageLoad(10)
2026-02-03 08:46:41.176 DEBUG testcase.Custom Reports                  - 8: waitForElementClickable(findTestObject("Object Repository/Organization Settings/Work Time/Custom Reports/Common/CUSTOMIZE REPORT FIELDS"), 5)
2026-02-03 08:46:42.236 DEBUG testcase.Custom Reports                  - 9: click(findTestObject("Object Repository/Organization Settings/Work Time/Custom Reports/Common/CUSTOMIZE REPORT FIELDS"))
2026-02-03 08:46:43.559 DEBUG testcase.Custom Reports                  - 1: select.selectByIndex(i)
2026-02-03 08:46:44.131 DEBUG testcase.Custom Reports                  - 2: delay(1)
2026-02-03 08:46:45.149 DEBUG testcase.Custom Reports                  - 3: waitForElementClickable(findTestObject("Object Repository/Organization Settings/Work Time/Custom Reports/Common/UPDATE FIELDS"), 5)
2026-02-03 08:46:45.474 DEBUG testcase.Custom Reports                  - 4: click(findTestObject("Object Repository/Organization Settings/Work Time/Custom Reports/Common/UPDATE FIELDS"))
2026-02-03 08:46:46.086 DEBUG testcase.Custom Reports                  - 5: waitForElementClickable(findTestObject("Object Repository/Organization Settings/Work Time/Custom Reports/Common/FETCH"), 5)
2026-02-03 08:46:46.372 DEBUG testcase.Custom Reports                  - 6: click(findTestObject("Object Repository/Organization Settings/Work Time/Custom Reports/Common/FETCH"))
2026-02-03 08:46:46.912 DEBUG testcase.Custom Reports                  - 7: waitForPageLoad(10)
2026-02-03 08:46:46.921 DEBUG testcase.Custom Reports                  - 8: waitForElementClickable(findTestObject("Object Repository/Organization Settings/Work Time/Custom Reports/Common/CUSTOMIZE REPORT FIELDS"), 5)
2026-02-03 08:46:49.664 DEBUG testcase.Custom Reports                  - 9: click(findTestObject("Object Repository/Organization Settings/Work Time/Custom Reports/Common/CUSTOMIZE REPORT FIELDS"))
2026-02-03 08:46:50.969 DEBUG testcase.Custom Reports                  - 1: select.selectByIndex(i)
2026-02-03 08:46:51.543 DEBUG testcase.Custom Reports                  - 2: delay(1)
2026-02-03 08:46:52.547 DEBUG testcase.Custom Reports                  - 3: waitForElementClickable(findTestObject("Object Repository/Organization Settings/Work Time/Custom Reports/Common/UPDATE FIELDS"), 5)
2026-02-03 08:46:52.846 DEBUG testcase.Custom Reports                  - 4: click(findTestObject("Object Repository/Organization Settings/Work Time/Custom Reports/Common/UPDATE FIELDS"))
2026-02-03 08:46:53.418 DEBUG testcase.Custom Reports                  - 5: waitForElementClickable(findTestObject("Object Repository/Organization Settings/Work Time/Custom Reports/Common/FETCH"), 5)
2026-02-03 08:46:53.721 DEBUG testcase.Custom Reports                  - 6: click(findTestObject("Object Repository/Organization Settings/Work Time/Custom Reports/Common/FETCH"))
2026-02-03 08:46:54.267 DEBUG testcase.Custom Reports                  - 7: waitForPageLoad(10)
2026-02-03 08:46:54.277 DEBUG testcase.Custom Reports                  - 8: waitForElementClickable(findTestObject("Object Repository/Organization Settings/Work Time/Custom Reports/Common/CUSTOMIZE REPORT FIELDS"), 5)
2026-02-03 08:46:55.281 DEBUG testcase.Custom Reports                  - 9: click(findTestObject("Object Repository/Organization Settings/Work Time/Custom Reports/Common/CUSTOMIZE REPORT FIELDS"))
2026-02-03 08:46:56.624 DEBUG testcase.Custom Reports                  - 1: select.selectByIndex(i)
2026-02-03 08:46:57.247 DEBUG testcase.Custom Reports                  - 2: delay(1)
2026-02-03 08:46:58.259 DEBUG testcase.Custom Reports                  - 3: waitForElementClickable(findTestObject("Object Repository/Organization Settings/Work Time/Custom Reports/Common/UPDATE FIELDS"), 5)
2026-02-03 08:46:58.577 DEBUG testcase.Custom Reports                  - 4: click(findTestObject("Object Repository/Organization Settings/Work Time/Custom Reports/Common/UPDATE FIELDS"))
2026-02-03 08:46:59.176 DEBUG testcase.Custom Reports                  - 5: waitForElementClickable(findTestObject("Object Repository/Organization Settings/Work Time/Custom Reports/Common/FETCH"), 5)
2026-02-03 08:46:59.464 DEBUG testcase.Custom Reports                  - 6: click(findTestObject("Object Repository/Organization Settings/Work Time/Custom Reports/Common/FETCH"))
2026-02-03 08:47:00.008 DEBUG testcase.Custom Reports                  - 7: waitForPageLoad(10)
2026-02-03 08:47:00.022 DEBUG testcase.Custom Reports                  - 8: waitForElementClickable(findTestObject("Object Repository/Organization Settings/Work Time/Custom Reports/Common/CUSTOMIZE REPORT FIELDS"), 5)
2026-02-03 08:47:00.646 DEBUG testcase.Custom Reports                  - 9: click(findTestObject("Object Repository/Organization Settings/Work Time/Custom Reports/Common/CUSTOMIZE REPORT FIELDS"))
2026-02-03 08:47:02.041 DEBUG testcase.Custom Reports                  - 1: select.selectByIndex(i)
2026-02-03 08:47:02.682 DEBUG testcase.Custom Reports                  - 2: delay(1)
2026-02-03 08:47:03.685 DEBUG testcase.Custom Reports                  - 3: waitForElementClickable(findTestObject("Object Repository/Organization Settings/Work Time/Custom Reports/Common/UPDATE FIELDS"), 5)
2026-02-03 08:47:03.987 DEBUG testcase.Custom Reports                  - 4: click(findTestObject("Object Repository/Organization Settings/Work Time/Custom Reports/Common/UPDATE FIELDS"))
2026-02-03 08:47:04.734 DEBUG testcase.Custom Reports                  - 5: waitForElementClickable(findTestObject("Object Repository/Organization Settings/Work Time/Custom Reports/Common/FETCH"), 5)
2026-02-03 08:47:05.052 DEBUG testcase.Custom Reports                  - 6: click(findTestObject("Object Repository/Organization Settings/Work Time/Custom Reports/Common/FETCH"))
2026-02-03 08:47:05.714 DEBUG testcase.Custom Reports                  - 7: waitForPageLoad(10)
2026-02-03 08:47:05.732 DEBUG testcase.Custom Reports                  - 8: waitForElementClickable(findTestObject("Object Repository/Organization Settings/Work Time/Custom Reports/Common/CUSTOMIZE REPORT FIELDS"), 5)
2026-02-03 08:47:06.628 DEBUG testcase.Custom Reports                  - 9: click(findTestObject("Object Repository/Organization Settings/Work Time/Custom Reports/Common/CUSTOMIZE REPORT FIELDS"))
2026-02-03 08:47:08.119 DEBUG testcase.Custom Reports                  - 1: select.selectByIndex(i)
2026-02-03 08:47:08.791 DEBUG testcase.Custom Reports                  - 2: delay(1)
2026-02-03 08:47:09.808 DEBUG testcase.Custom Reports                  - 3: waitForElementClickable(findTestObject("Object Repository/Organization Settings/Work Time/Custom Reports/Common/UPDATE FIELDS"), 5)
2026-02-03 08:47:10.096 DEBUG testcase.Custom Reports                  - 4: click(findTestObject("Object Repository/Organization Settings/Work Time/Custom Reports/Common/UPDATE FIELDS"))
2026-02-03 08:47:10.621 DEBUG testcase.Custom Reports                  - 5: waitForElementClickable(findTestObject("Object Repository/Organization Settings/Work Time/Custom Reports/Common/FETCH"), 5)
2026-02-03 08:47:10.903 DEBUG testcase.Custom Reports                  - 6: click(findTestObject("Object Repository/Organization Settings/Work Time/Custom Reports/Common/FETCH"))
2026-02-03 08:47:11.503 DEBUG testcase.Custom Reports                  - 7: waitForPageLoad(10)
2026-02-03 08:47:11.512 DEBUG testcase.Custom Reports                  - 8: waitForElementClickable(findTestObject("Object Repository/Organization Settings/Work Time/Custom Reports/Common/CUSTOMIZE REPORT FIELDS"), 5)
2026-02-03 08:47:12.156 DEBUG testcase.Custom Reports                  - 9: click(findTestObject("Object Repository/Organization Settings/Work Time/Custom Reports/Common/CUSTOMIZE REPORT FIELDS"))
2026-02-03 08:47:13.478 DEBUG testcase.Custom Reports                  - 1: select.selectByIndex(i)
2026-02-03 08:47:14.196 DEBUG testcase.Custom Reports                  - 2: delay(1)
2026-02-03 08:47:15.213 DEBUG testcase.Custom Reports                  - 3: waitForElementClickable(findTestObject("Object Repository/Organization Settings/Work Time/Custom Reports/Common/UPDATE FIELDS"), 5)
2026-02-03 08:47:15.514 DEBUG testcase.Custom Reports                  - 4: click(findTestObject("Object Repository/Organization Settings/Work Time/Custom Reports/Common/UPDATE FIELDS"))
2026-02-03 08:47:16.079 DEBUG testcase.Custom Reports                  - 5: waitForElementClickable(findTestObject("Object Repository/Organization Settings/Work Time/Custom Reports/Common/FETCH"), 5)
2026-02-03 08:47:16.386 DEBUG testcase.Custom Reports                  - 6: click(findTestObject("Object Repository/Organization Settings/Work Time/Custom Reports/Common/FETCH"))
2026-02-03 08:47:17.066 DEBUG testcase.Custom Reports                  - 7: waitForPageLoad(10)
2026-02-03 08:47:17.075 DEBUG testcase.Custom Reports                  - 8: waitForElementClickable(findTestObject("Object Repository/Organization Settings/Work Time/Custom Reports/Common/CUSTOMIZE REPORT FIELDS"), 5)
2026-02-03 08:47:19.660 DEBUG testcase.Custom Reports                  - 9: click(findTestObject("Object Repository/Organization Settings/Work Time/Custom Reports/Common/CUSTOMIZE REPORT FIELDS"))
2026-02-03 08:47:21.152 DEBUG testcase.Custom Reports                  - 1: select.selectByIndex(i)
2026-02-03 08:47:21.855 DEBUG testcase.Custom Reports                  - 2: delay(1)
2026-02-03 08:47:22.863 DEBUG testcase.Custom Reports                  - 3: waitForElementClickable(findTestObject("Object Repository/Organization Settings/Work Time/Custom Reports/Common/UPDATE FIELDS"), 5)
2026-02-03 08:47:23.154 DEBUG testcase.Custom Reports                  - 4: click(findTestObject("Object Repository/Organization Settings/Work Time/Custom Reports/Common/UPDATE FIELDS"))
2026-02-03 08:47:23.651 DEBUG testcase.Custom Reports                  - 5: waitForElementClickable(findTestObject("Object Repository/Organization Settings/Work Time/Custom Reports/Common/FETCH"), 5)
2026-02-03 08:47:23.928 DEBUG testcase.Custom Reports                  - 6: click(findTestObject("Object Repository/Organization Settings/Work Time/Custom Reports/Common/FETCH"))
2026-02-03 08:47:24.436 DEBUG testcase.Custom Reports                  - 7: waitForPageLoad(10)
2026-02-03 08:47:24.442 DEBUG testcase.Custom Reports                  - 8: waitForElementClickable(findTestObject("Object Repository/Organization Settings/Work Time/Custom Reports/Common/CUSTOMIZE REPORT FIELDS"), 5)
2026-02-03 08:47:25.574 DEBUG testcase.Custom Reports                  - 9: click(findTestObject("Object Repository/Organization Settings/Work Time/Custom Reports/Common/CUSTOMIZE REPORT FIELDS"))
2026-02-03 08:47:27.070 DEBUG testcase.Custom Reports                  - 3: customizeReportViewReset(filePath)
2026-02-03 08:47:27.071 DEBUG testcase.Custom Reports                  - 1: getObjectsAsMap = com.prohanceapplication.common.ObjectUtils.getObjectsAsMap(filePath)
2026-02-03 08:47:27.116 INFO  k.k.c.m.CustomKeywordDelegatingMetaClass - com.prohanceapplication.common.ObjectUtils.getObjectsAsMap is PASSED
2026-02-03 08:47:27.118 DEBUG testcase.Custom Reports                  - 2: out.println(getObjectsAsMap)
[Idle Time_Avg:TestObject - 'Object Repository/Organization Settings/Work Time/Custom Reports/Check_Box/By Business Impact/Idle Time_Avg', Idle Time_Main:TestObject - 'Object Repository/Organization Settings/Work Time/Custom Reports/Check_Box/By Business Impact/Idle Time_Main', Idle Time_Tot:TestObject - 'Object Repository/Organization Settings/Work Time/Custom Reports/Check_Box/By Business Impact/Idle Time_Tot', Neutral Hours_Avg:TestObject - 'Object Repository/Organization Settings/Work Time/Custom Reports/Check_Box/By Business Impact/Neutral Hours_Avg', Neutral Hours_Main:TestObject - 'Object Repository/Organization Settings/Work Time/Custom Reports/Check_Box/By Business Impact/Neutral Hours_Main', Neutral Hours_Tot:TestObject - 'Object Repository/Organization Settings/Work Time/Custom Reports/Check_Box/By Business Impact/Neutral Hours_Tot', Non Productive Hours_Avg:TestObject - 'Object Repository/Organization Settings/Work Time/Custom Reports/Check_Box/By Business Impact/Non Productive Hours_Avg', Non Productive Hours_Main:TestObject - 'Object Repository/Organization Settings/Work Time/Custom Reports/Check_Box/By Business Impact/Non Productive Hours_Main', Non Productive Hours_Tot:TestObject - 'Object Repository/Organization Settings/Work Time/Custom Reports/Check_Box/By Business Impact/Non Productive Hours_Tot', Not Rated Hours_Avg:TestObject - 'Object Repository/Organization Settings/Work Time/Custom Reports/Check_Box/By Business Impact/Not Rated Hours_Avg', Not Rated Hours_Main:TestObject - 'Object Repository/Organization Settings/Work Time/Custom Reports/Check_Box/By Business Impact/Not Rated Hours_Main', Not Rated Hours_Tot:TestObject - 'Object Repository/Organization Settings/Work Time/Custom Reports/Check_Box/By Business Impact/Not Rated Hours_Tot', Personal Time Hours_Avg:TestObject - 'Object Repository/Organization Settings/Work Time/Custom Reports/Check_Box/By Business Impact/Personal Time Hours_Avg', Personal Time Hours_Main:TestObject - 'Object Repository/Organization Settings/Work Time/Custom Reports/Check_Box/By Business Impact/Personal Time Hours_Main', Personal Time Hours_Tot:TestObject - 'Object Repository/Organization Settings/Work Time/Custom Reports/Check_Box/By Business Impact/Personal Time Hours_Tot', Productive Hours_Avg:TestObject - 'Object Repository/Organization Settings/Work Time/Custom Reports/Check_Box/By Business Impact/Productive Hours_Avg', Productive Hours_Main:TestObject - 'Object Repository/Organization Settings/Work Time/Custom Reports/Check_Box/By Business Impact/Productive Hours_Main', Productive Hours_Tot:TestObject - 'Object Repository/Organization Settings/Work Time/Custom Reports/Check_Box/By Business Impact/Productive Hours_Tot', Unknown Hours_Avg:TestObject - 'Object Repository/Organization Settings/Work Time/Custom Reports/Check_Box/By Business Impact/Unknown Hours_Avg', Unknown Hours_Main:TestObject - 'Object Repository/Organization Settings/Work Time/Custom Reports/Check_Box/By Business Impact/Unknown Hours_Main', Unknown Hours_Tot:TestObject - 'Object Repository/Organization Settings/Work Time/Custom Reports/Check_Box/By Business Impact/Unknown Hours_Tot']
2026-02-03 08:47:27.136 DEBUG testcase.Custom Reports                  - 3: grouped = getObjectsAsMap.groupBy({ java.lang.Object entry -> ... })
2026-02-03 08:47:27.139 DEBUG testcase.Custom Reports                  - 4: grouped.each({ java.lang.Object groupKey, java.lang.Object entries -> ... })
2026-02-03 08:47:36.053 DEBUG testcase.Custom Reports                  - 1: customizeReportView(filePath)
2026-02-03 08:47:36.054 DEBUG testcase.Custom Reports                  - 1: getObjectsAsMap = com.prohanceapplication.common.ObjectUtils.getObjectsAsMap(filePath)
2026-02-03 08:47:36.088 INFO  k.k.c.m.CustomKeywordDelegatingMetaClass - com.prohanceapplication.common.ObjectUtils.getObjectsAsMap is PASSED
2026-02-03 08:47:36.089 DEBUG testcase.Custom Reports                  - 2: grouped = getObjectsAsMap.groupBy({ java.lang.Object entry -> ... })
2026-02-03 08:47:36.090 DEBUG testcase.Custom Reports                  - 3: grouped.each({ java.lang.Object groupKey, java.lang.Object entries -> ... })
2026-02-03 08:47:53.968 DEBUG testcase.Custom Reports                  - 2: for ([i = 0, i < getOptions().size(), (i++)])
2026-02-03 08:47:54.211 DEBUG testcase.Custom Reports                  - 1: select.selectByIndex(i)
2026-02-03 08:47:54.840 DEBUG testcase.Custom Reports                  - 2: delay(1)
2026-02-03 08:47:55.854 DEBUG testcase.Custom Reports                  - 3: waitForElementClickable(findTestObject("Object Repository/Organization Settings/Work Time/Custom Reports/Common/UPDATE FIELDS"), 5)
2026-02-03 08:47:56.177 DEBUG testcase.Custom Reports                  - 4: click(findTestObject("Object Repository/Organization Settings/Work Time/Custom Reports/Common/UPDATE FIELDS"))
2026-02-03 08:47:56.930 DEBUG testcase.Custom Reports                  - 5: waitForElementClickable(findTestObject("Object Repository/Organization Settings/Work Time/Custom Reports/Common/FETCH"), 5)
2026-02-03 08:47:57.248 DEBUG testcase.Custom Reports                  - 6: click(findTestObject("Object Repository/Organization Settings/Work Time/Custom Reports/Common/FETCH"))
2026-02-03 08:47:57.908 DEBUG testcase.Custom Reports                  - 7: waitForPageLoad(10)
2026-02-03 08:47:57.917 DEBUG testcase.Custom Reports                  - 8: waitForElementClickable(findTestObject("Object Repository/Organization Settings/Work Time/Custom Reports/Common/CUSTOMIZE REPORT FIELDS"), 5)
2026-02-03 08:47:58.705 DEBUG testcase.Custom Reports                  - 9: click(findTestObject("Object Repository/Organization Settings/Work Time/Custom Reports/Common/CUSTOMIZE REPORT FIELDS"))
2026-02-03 08:48:00.385 DEBUG testcase.Custom Reports                  - 1: select.selectByIndex(i)
2026-02-03 08:48:00.965 DEBUG testcase.Custom Reports                  - 2: delay(1)
2026-02-03 08:48:01.980 DEBUG testcase.Custom Reports                  - 3: waitForElementClickable(findTestObject("Object Repository/Organization Settings/Work Time/Custom Reports/Common/UPDATE FIELDS"), 5)
2026-02-03 08:48:02.272 DEBUG testcase.Custom Reports                  - 4: click(findTestObject("Object Repository/Organization Settings/Work Time/Custom Reports/Common/UPDATE FIELDS"))
2026-02-03 08:48:02.955 DEBUG testcase.Custom Reports                  - 5: waitForElementClickable(findTestObject("Object Repository/Organization Settings/Work Time/Custom Reports/Common/FETCH"), 5)
2026-02-03 08:48:03.265 DEBUG testcase.Custom Reports                  - 6: click(findTestObject("Object Repository/Organization Settings/Work Time/Custom Reports/Common/FETCH"))
2026-02-03 08:48:03.792 DEBUG testcase.Custom Reports                  - 7: waitForPageLoad(10)
2026-02-03 08:48:03.801 DEBUG testcase.Custom Reports                  - 8: waitForElementClickable(findTestObject("Object Repository/Organization Settings/Work Time/Custom Reports/Common/CUSTOMIZE REPORT FIELDS"), 5)
2026-02-03 08:48:04.465 DEBUG testcase.Custom Reports                  - 9: click(findTestObject("Object Repository/Organization Settings/Work Time/Custom Reports/Common/CUSTOMIZE REPORT FIELDS"))
2026-02-03 08:48:05.869 DEBUG testcase.Custom Reports                  - 1: select.selectByIndex(i)
2026-02-03 08:48:06.529 DEBUG testcase.Custom Reports                  - 2: delay(1)
2026-02-03 08:48:07.543 DEBUG testcase.Custom Reports                  - 3: waitForElementClickable(findTestObject("Object Repository/Organization Settings/Work Time/Custom Reports/Common/UPDATE FIELDS"), 5)
2026-02-03 08:48:07.831 DEBUG testcase.Custom Reports                  - 4: click(findTestObject("Object Repository/Organization Settings/Work Time/Custom Reports/Common/UPDATE FIELDS"))
2026-02-03 08:48:08.500 DEBUG testcase.Custom Reports                  - 5: waitForElementClickable(findTestObject("Object Repository/Organization Settings/Work Time/Custom Reports/Common/FETCH"), 5)
2026-02-03 08:48:08.780 DEBUG testcase.Custom Reports                  - 6: click(findTestObject("Object Repository/Organization Settings/Work Time/Custom Reports/Common/FETCH"))
2026-02-03 08:48:09.394 DEBUG testcase.Custom Reports                  - 7: waitForPageLoad(10)
2026-02-03 08:48:09.401 DEBUG testcase.Custom Reports                  - 8: waitForElementClickable(findTestObject("Object Repository/Organization Settings/Work Time/Custom Reports/Common/CUSTOMIZE REPORT FIELDS"), 5)
2026-02-03 08:48:10.147 DEBUG testcase.Custom Reports                  - 9: click(findTestObject("Object Repository/Organization Settings/Work Time/Custom Reports/Common/CUSTOMIZE REPORT FIELDS"))
2026-02-03 08:48:11.952 DEBUG testcase.Custom Reports                  - 1: select.selectByIndex(i)
2026-02-03 08:48:12.744 DEBUG testcase.Custom Reports                  - 2: delay(1)
2026-02-03 08:48:13.749 DEBUG testcase.Custom Reports                  - 3: waitForElementClickable(findTestObject("Object Repository/Organization Settings/Work Time/Custom Reports/Common/UPDATE FIELDS"), 5)
2026-02-03 08:48:14.057 DEBUG testcase.Custom Reports                  - 4: click(findTestObject("Object Repository/Organization Settings/Work Time/Custom Reports/Common/UPDATE FIELDS"))
2026-02-03 08:48:14.709 DEBUG testcase.Custom Reports                  - 5: waitForElementClickable(findTestObject("Object Repository/Organization Settings/Work Time/Custom Reports/Common/FETCH"), 5)
2026-02-03 08:48:14.987 DEBUG testcase.Custom Reports                  - 6: click(findTestObject("Object Repository/Organization Settings/Work Time/Custom Reports/Common/FETCH"))
2026-02-03 08:48:15.669 DEBUG testcase.Custom Reports                  - 7: waitForPageLoad(10)
2026-02-03 08:48:15.679 DEBUG testcase.Custom Reports                  - 8: waitForElementClickable(findTestObject("Object Repository/Organization Settings/Work Time/Custom Reports/Common/CUSTOMIZE REPORT FIELDS"), 5)
2026-02-03 08:48:16.328 DEBUG testcase.Custom Reports                  - 9: click(findTestObject("Object Repository/Organization Settings/Work Time/Custom Reports/Common/CUSTOMIZE REPORT FIELDS"))
2026-02-03 08:48:18.039 DEBUG testcase.Custom Reports                  - 1: select.selectByIndex(i)
2026-02-03 08:48:19.035 DEBUG testcase.Custom Reports                  - 2: delay(1)
2026-02-03 08:48:20.044 DEBUG testcase.Custom Reports                  - 3: waitForElementClickable(findTestObject("Object Repository/Organization Settings/Work Time/Custom Reports/Common/UPDATE FIELDS"), 5)
2026-02-03 08:48:20.354 DEBUG testcase.Custom Reports                  - 4: click(findTestObject("Object Repository/Organization Settings/Work Time/Custom Reports/Common/UPDATE FIELDS"))
2026-02-03 08:48:21.081 DEBUG testcase.Custom Reports                  - 5: waitForElementClickable(findTestObject("Object Repository/Organization Settings/Work Time/Custom Reports/Common/FETCH"), 5)
2026-02-03 08:48:21.411 DEBUG testcase.Custom Reports                  - 6: click(findTestObject("Object Repository/Organization Settings/Work Time/Custom Reports/Common/FETCH"))
2026-02-03 08:48:22.182 DEBUG testcase.Custom Reports                  - 7: waitForPageLoad(10)
2026-02-03 08:48:22.192 DEBUG testcase.Custom Reports                  - 8: waitForElementClickable(findTestObject("Object Repository/Organization Settings/Work Time/Custom Reports/Common/CUSTOMIZE REPORT FIELDS"), 5)
2026-02-03 08:48:22.932 DEBUG testcase.Custom Reports                  - 9: click(findTestObject("Object Repository/Organization Settings/Work Time/Custom Reports/Common/CUSTOMIZE REPORT FIELDS"))
2026-02-03 08:48:24.797 DEBUG testcase.Custom Reports                  - 1: select.selectByIndex(i)
2026-02-03 08:48:25.607 DEBUG testcase.Custom Reports                  - 2: delay(1)
2026-02-03 08:48:26.609 DEBUG testcase.Custom Reports                  - 3: waitForElementClickable(findTestObject("Object Repository/Organization Settings/Work Time/Custom Reports/Common/UPDATE FIELDS"), 5)
2026-02-03 08:48:26.918 DEBUG testcase.Custom Reports                  - 4: click(findTestObject("Object Repository/Organization Settings/Work Time/Custom Reports/Common/UPDATE FIELDS"))
2026-02-03 08:48:27.521 DEBUG testcase.Custom Reports                  - 5: waitForElementClickable(findTestObject("Object Repository/Organization Settings/Work Time/Custom Reports/Common/FETCH"), 5)
2026-02-03 08:48:27.813 DEBUG testcase.Custom Reports                  - 6: click(findTestObject("Object Repository/Organization Settings/Work Time/Custom Reports/Common/FETCH"))
2026-02-03 08:48:28.455 DEBUG testcase.Custom Reports                  - 7: waitForPageLoad(10)
2026-02-03 08:48:28.463 DEBUG testcase.Custom Reports                  - 8: waitForElementClickable(findTestObject("Object Repository/Organization Settings/Work Time/Custom Reports/Common/CUSTOMIZE REPORT FIELDS"), 5)
2026-02-03 08:48:29.008 DEBUG testcase.Custom Reports                  - 9: click(findTestObject("Object Repository/Organization Settings/Work Time/Custom Reports/Common/CUSTOMIZE REPORT FIELDS"))
2026-02-03 08:48:30.772 DEBUG testcase.Custom Reports                  - 1: select.selectByIndex(i)
2026-02-03 08:48:31.759 DEBUG testcase.Custom Reports                  - 2: delay(1)
2026-02-03 08:48:32.773 DEBUG testcase.Custom Reports                  - 3: waitForElementClickable(findTestObject("Object Repository/Organization Settings/Work Time/Custom Reports/Common/UPDATE FIELDS"), 5)
2026-02-03 08:48:33.080 DEBUG testcase.Custom Reports                  - 4: click(findTestObject("Object Repository/Organization Settings/Work Time/Custom Reports/Common/UPDATE FIELDS"))
2026-02-03 08:48:33.841 DEBUG testcase.Custom Reports                  - 5: waitForElementClickable(findTestObject("Object Repository/Organization Settings/Work Time/Custom Reports/Common/FETCH"), 5)
2026-02-03 08:48:34.132 DEBUG testcase.Custom Reports                  - 6: click(findTestObject("Object Repository/Organization Settings/Work Time/Custom Reports/Common/FETCH"))
2026-02-03 08:48:34.841 DEBUG testcase.Custom Reports                  - 7: waitForPageLoad(10)
2026-02-03 08:48:34.873 DEBUG testcase.Custom Reports                  - 8: waitForElementClickable(findTestObject("Object Repository/Organization Settings/Work Time/Custom Reports/Common/CUSTOMIZE REPORT FIELDS"), 5)
2026-02-03 08:48:35.827 DEBUG testcase.Custom Reports                  - 9: click(findTestObject("Object Repository/Organization Settings/Work Time/Custom Reports/Common/CUSTOMIZE REPORT FIELDS"))
2026-02-03 08:48:37.518 DEBUG testcase.Custom Reports                  - 1: select.selectByIndex(i)
2026-02-03 08:48:38.347 DEBUG testcase.Custom Reports                  - 2: delay(1)
2026-02-03 08:48:39.362 DEBUG testcase.Custom Reports                  - 3: waitForElementClickable(findTestObject("Object Repository/Organization Settings/Work Time/Custom Reports/Common/UPDATE FIELDS"), 5)
2026-02-03 08:48:39.664 DEBUG testcase.Custom Reports                  - 4: click(findTestObject("Object Repository/Organization Settings/Work Time/Custom Reports/Common/UPDATE FIELDS"))
2026-02-03 08:48:40.338 DEBUG testcase.Custom Reports                  - 5: waitForElementClickable(findTestObject("Object Repository/Organization Settings/Work Time/Custom Reports/Common/FETCH"), 5)
2026-02-03 08:48:40.622 DEBUG testcase.Custom Reports                  - 6: click(findTestObject("Object Repository/Organization Settings/Work Time/Custom Reports/Common/FETCH"))
2026-02-03 08:48:41.255 DEBUG testcase.Custom Reports                  - 7: waitForPageLoad(10)
2026-02-03 08:48:41.277 DEBUG testcase.Custom Reports                  - 8: waitForElementClickable(findTestObject("Object Repository/Organization Settings/Work Time/Custom Reports/Common/CUSTOMIZE REPORT FIELDS"), 5)
2026-02-03 08:48:41.941 DEBUG testcase.Custom Reports                  - 9: click(findTestObject("Object Repository/Organization Settings/Work Time/Custom Reports/Common/CUSTOMIZE REPORT FIELDS"))
2026-02-03 08:48:43.676 DEBUG testcase.Custom Reports                  - 1: select.selectByIndex(i)
2026-02-03 08:48:44.631 DEBUG testcase.Custom Reports                  - 2: delay(1)
2026-02-03 08:48:45.648 DEBUG testcase.Custom Reports                  - 3: waitForElementClickable(findTestObject("Object Repository/Organization Settings/Work Time/Custom Reports/Common/UPDATE FIELDS"), 5)
2026-02-03 08:48:45.948 DEBUG testcase.Custom Reports                  - 4: click(findTestObject("Object Repository/Organization Settings/Work Time/Custom Reports/Common/UPDATE FIELDS"))
2026-02-03 08:48:46.587 DEBUG testcase.Custom Reports                  - 5: waitForElementClickable(findTestObject("Object Repository/Organization Settings/Work Time/Custom Reports/Common/FETCH"), 5)
2026-02-03 08:48:46.868 DEBUG testcase.Custom Reports                  - 6: click(findTestObject("Object Repository/Organization Settings/Work Time/Custom Reports/Common/FETCH"))
2026-02-03 08:48:47.562 DEBUG testcase.Custom Reports                  - 7: waitForPageLoad(10)
2026-02-03 08:48:47.586 DEBUG testcase.Custom Reports                  - 8: waitForElementClickable(findTestObject("Object Repository/Organization Settings/Work Time/Custom Reports/Common/CUSTOMIZE REPORT FIELDS"), 5)
2026-02-03 08:48:48.170 DEBUG testcase.Custom Reports                  - 9: click(findTestObject("Object Repository/Organization Settings/Work Time/Custom Reports/Common/CUSTOMIZE REPORT FIELDS"))
2026-02-03 08:48:49.933 DEBUG testcase.Custom Reports                  - 1: select.selectByIndex(i)
2026-02-03 08:48:50.890 DEBUG testcase.Custom Reports                  - 2: delay(1)
2026-02-03 08:48:51.912 DEBUG testcase.Custom Reports                  - 3: waitForElementClickable(findTestObject("Object Repository/Organization Settings/Work Time/Custom Reports/Common/UPDATE FIELDS"), 5)
2026-02-03 08:48:52.226 DEBUG testcase.Custom Reports                  - 4: click(findTestObject("Object Repository/Organization Settings/Work Time/Custom Reports/Common/UPDATE FIELDS"))
2026-02-03 08:48:52.981 DEBUG testcase.Custom Reports                  - 5: waitForElementClickable(findTestObject("Object Repository/Organization Settings/Work Time/Custom Reports/Common/FETCH"), 5)
2026-02-03 08:48:53.294 DEBUG testcase.Custom Reports                  - 6: click(findTestObject("Object Repository/Organization Settings/Work Time/Custom Reports/Common/FETCH"))
2026-02-03 08:48:54.048 DEBUG testcase.Custom Reports                  - 7: waitForPageLoad(10)
2026-02-03 08:48:54.085 DEBUG testcase.Custom Reports                  - 8: waitForElementClickable(findTestObject("Object Repository/Organization Settings/Work Time/Custom Reports/Common/CUSTOMIZE REPORT FIELDS"), 5)
2026-02-03 08:48:54.772 DEBUG testcase.Custom Reports                  - 9: click(findTestObject("Object Repository/Organization Settings/Work Time/Custom Reports/Common/CUSTOMIZE REPORT FIELDS"))
2026-02-03 08:48:56.675 DEBUG testcase.Custom Reports                  - 1: select.selectByIndex(i)
2026-02-03 08:48:57.719 DEBUG testcase.Custom Reports                  - 2: delay(1)
2026-02-03 08:48:58.722 DEBUG testcase.Custom Reports                  - 3: waitForElementClickable(findTestObject("Object Repository/Organization Settings/Work Time/Custom Reports/Common/UPDATE FIELDS"), 5)
2026-02-03 08:48:59.048 DEBUG testcase.Custom Reports                  - 4: click(findTestObject("Object Repository/Organization Settings/Work Time/Custom Reports/Common/UPDATE FIELDS"))
2026-02-03 08:48:59.642 DEBUG testcase.Custom Reports                  - 5: waitForElementClickable(findTestObject("Object Repository/Organization Settings/Work Time/Custom Reports/Common/FETCH"), 5)
2026-02-03 08:48:59.939 DEBUG testcase.Custom Reports                  - 6: click(findTestObject("Object Repository/Organization Settings/Work Time/Custom Reports/Common/FETCH"))
2026-02-03 08:49:00.625 DEBUG testcase.Custom Reports                  - 7: waitForPageLoad(10)
2026-02-03 08:49:00.655 DEBUG testcase.Custom Reports                  - 8: waitForElementClickable(findTestObject("Object Repository/Organization Settings/Work Time/Custom Reports/Common/CUSTOMIZE REPORT FIELDS"), 5)
2026-02-03 08:49:01.201 DEBUG testcase.Custom Reports                  - 9: click(findTestObject("Object Repository/Organization Settings/Work Time/Custom Reports/Common/CUSTOMIZE REPORT FIELDS"))
2026-02-03 08:49:03.128 DEBUG testcase.Custom Reports                  - 1: select.selectByIndex(i)
2026-02-03 08:49:04.248 DEBUG testcase.Custom Reports                  - 2: delay(1)
2026-02-03 08:49:05.258 DEBUG testcase.Custom Reports                  - 3: waitForElementClickable(findTestObject("Object Repository/Organization Settings/Work Time/Custom Reports/Common/UPDATE FIELDS"), 5)
2026-02-03 08:49:05.562 DEBUG testcase.Custom Reports                  - 4: click(findTestObject("Object Repository/Organization Settings/Work Time/Custom Reports/Common/UPDATE FIELDS"))
2026-02-03 08:49:06.224 DEBUG testcase.Custom Reports                  - 5: waitForElementClickable(findTestObject("Object Repository/Organization Settings/Work Time/Custom Reports/Common/FETCH"), 5)
2026-02-03 08:49:06.523 DEBUG testcase.Custom Reports                  - 6: click(findTestObject("Object Repository/Organization Settings/Work Time/Custom Reports/Common/FETCH"))
2026-02-03 08:49:07.203 DEBUG testcase.Custom Reports                  - 7: waitForPageLoad(10)
2026-02-03 08:49:07.229 DEBUG testcase.Custom Reports                  - 8: waitForElementClickable(findTestObject("Object Repository/Organization Settings/Work Time/Custom Reports/Common/CUSTOMIZE REPORT FIELDS"), 5)
2026-02-03 08:49:07.849 DEBUG testcase.Custom Reports                  - 9: click(findTestObject("Object Repository/Organization Settings/Work Time/Custom Reports/Common/CUSTOMIZE REPORT FIELDS"))
2026-02-03 08:49:09.619 DEBUG testcase.Custom Reports                  - 1: select.selectByIndex(i)
2026-02-03 08:49:10.556 DEBUG testcase.Custom Reports                  - 2: delay(1)
2026-02-03 08:49:11.573 DEBUG testcase.Custom Reports                  - 3: waitForElementClickable(findTestObject("Object Repository/Organization Settings/Work Time/Custom Reports/Common/UPDATE FIELDS"), 5)
2026-02-03 08:49:11.873 DEBUG testcase.Custom Reports                  - 4: click(findTestObject("Object Repository/Organization Settings/Work Time/Custom Reports/Common/UPDATE FIELDS"))
2026-02-03 08:49:12.606 DEBUG testcase.Custom Reports                  - 5: waitForElementClickable(findTestObject("Object Repository/Organization Settings/Work Time/Custom Reports/Common/FETCH"), 5)
2026-02-03 08:49:12.919 DEBUG testcase.Custom Reports                  - 6: click(findTestObject("Object Repository/Organization Settings/Work Time/Custom Reports/Common/FETCH"))
2026-02-03 08:49:13.609 DEBUG testcase.Custom Reports                  - 7: waitForPageLoad(10)
2026-02-03 08:49:13.631 DEBUG testcase.Custom Reports                  - 8: waitForElementClickable(findTestObject("Object Repository/Organization Settings/Work Time/Custom Reports/Common/CUSTOMIZE REPORT FIELDS"), 5)
2026-02-03 08:49:14.281 DEBUG testcase.Custom Reports                  - 9: click(findTestObject("Object Repository/Organization Settings/Work Time/Custom Reports/Common/CUSTOMIZE REPORT FIELDS"))
2026-02-03 08:49:15.991 DEBUG testcase.Custom Reports                  - 3: customizeReportViewReset(filePath)
2026-02-03 08:49:15.992 DEBUG testcase.Custom Reports                  - 1: getObjectsAsMap = com.prohanceapplication.common.ObjectUtils.getObjectsAsMap(filePath)
2026-02-03 08:49:16.029 INFO  k.k.c.m.CustomKeywordDelegatingMetaClass - com.prohanceapplication.common.ObjectUtils.getObjectsAsMap is PASSED
2026-02-03 08:49:16.030 DEBUG testcase.Custom Reports                  - 2: out.println(getObjectsAsMap)
[Neutral (TAFS)_Avg:TestObject - 'Object Repository/Organization Settings/Work Time/Custom Reports/Check_Box/Time Away From System/Neutral (TAFS)_Avg', Neutral (TAFS)_Main:TestObject - 'Object Repository/Organization Settings/Work Time/Custom Reports/Check_Box/Time Away From System/Neutral (TAFS)_Main', Neutral (TAFS)_Tot:TestObject - 'Object Repository/Organization Settings/Work Time/Custom Reports/Check_Box/Time Away From System/Neutral (TAFS)_Tot', Non Productive (TAFS)_Avg:TestObject - 'Object Repository/Organization Settings/Work Time/Custom Reports/Check_Box/Time Away From System/Non Productive (TAFS)_Avg', Non Productive (TAFS)_Main:TestObject - 'Object Repository/Organization Settings/Work Time/Custom Reports/Check_Box/Time Away From System/Non Productive (TAFS)_Main', Non Productive (TAFS)_Tot:TestObject - 'Object Repository/Organization Settings/Work Time/Custom Reports/Check_Box/Time Away From System/Non Productive (TAFS)_Tot', Not Rated (TAFS)_Avg:TestObject - 'Object Repository/Organization Settings/Work Time/Custom Reports/Check_Box/Time Away From System/Not Rated (TAFS)_Avg', Not Rated (TAFS)_Main:TestObject - 'Object Repository/Organization Settings/Work Time/Custom Reports/Check_Box/Time Away From System/Not Rated (TAFS)_Main', Not Rated (TAFS)_Tot:TestObject - 'Object Repository/Organization Settings/Work Time/Custom Reports/Check_Box/Time Away From System/Not Rated (TAFS)_Tot', Personal Time (TAFS)_Avg:TestObject - 'Object Repository/Organization Settings/Work Time/Custom Reports/Check_Box/Time Away From System/Personal Time (TAFS)_Avg', Personal Time (TAFS)_Main:TestObject - 'Object Repository/Organization Settings/Work Time/Custom Reports/Check_Box/Time Away From System/Personal Time (TAFS)_Main', Personal Time (TAFS)_Tot:TestObject - 'Object Repository/Organization Settings/Work Time/Custom Reports/Check_Box/Time Away From System/Personal Time (TAFS)_Tot', Productive (TAFS)_Avg:TestObject - 'Object Repository/Organization Settings/Work Time/Custom Reports/Check_Box/Time Away From System/Productive (TAFS)_Avg', Productive (TAFS)_Main:TestObject - 'Object Repository/Organization Settings/Work Time/Custom Reports/Check_Box/Time Away From System/Productive (TAFS)_Main', Productive (TAFS)_Tot:TestObject - 'Object Repository/Organization Settings/Work Time/Custom Reports/Check_Box/Time Away From System/Productive (TAFS)_Tot', Time Away From System_Avg:TestObject - 'Object Repository/Organization Settings/Work Time/Custom Reports/Check_Box/Time Away From System/Time Away From System_Avg', Time Away From System_Main:TestObject - 'Object Repository/Organization Settings/Work Time/Custom Reports/Check_Box/Time Away From System/Time Away From System_Main', Time Away From System_Tot:TestObject - 'Object Repository/Organization Settings/Work Time/Custom Reports/Check_Box/Time Away From System/Time Away From System_Tot', Unknown (TAFS)_Avg:TestObject - 'Object Repository/Organization Settings/Work Time/Custom Reports/Check_Box/Time Away From System/Unknown (TAFS)_Avg', Unknown (TAFS)_Main:TestObject - 'Object Repository/Organization Settings/Work Time/Custom Reports/Check_Box/Time Away From System/Unknown (TAFS)_Main', Unknown (TAFS)_Tot:TestObject - 'Object Repository/Organization Settings/Work Time/Custom Reports/Check_Box/Time Away From System/Unknown (TAFS)_Tot']
2026-02-03 08:49:16.031 DEBUG testcase.Custom Reports                  - 3: grouped = getObjectsAsMap.groupBy({ java.lang.Object entry -> ... })
2026-02-03 08:49:16.032 DEBUG testcase.Custom Reports                  - 4: grouped.each({ java.lang.Object groupKey, java.lang.Object entries -> ... })
2026-02-03 08:49:25.417 DEBUG testcase.Custom Reports                  - 1: customizeReportView(filePath)
2026-02-03 08:49:25.418 DEBUG testcase.Custom Reports                  - 1: getObjectsAsMap = com.prohanceapplication.common.ObjectUtils.getObjectsAsMap(filePath)
2026-02-03 08:49:25.468 INFO  k.k.c.m.CustomKeywordDelegatingMetaClass - com.prohanceapplication.common.ObjectUtils.getObjectsAsMap is PASSED
2026-02-03 08:49:25.469 DEBUG testcase.Custom Reports                  - 2: grouped = getObjectsAsMap.groupBy({ java.lang.Object entry -> ... })
2026-02-03 08:49:25.471 DEBUG testcase.Custom Reports                  - 3: grouped.each({ java.lang.Object groupKey, java.lang.Object entries -> ... })
2026-02-03 08:49:39.150 WARN  k.c.w.k.b.WaitForElementClickableKeyword - Waiting for element timed out
2026-02-03 08:49:56.553 DEBUG testcase.Custom Reports                  - 2: for ([i = 0, i < getOptions().size(), (i++)])
2026-02-03 08:49:56.807 DEBUG testcase.Custom Reports                  - 1: select.selectByIndex(i)
2026-02-03 08:49:57.459 DEBUG testcase.Custom Reports                  - 2: delay(1)
2026-02-03 08:49:58.477 DEBUG testcase.Custom Reports                  - 3: waitForElementClickable(findTestObject("Object Repository/Organization Settings/Work Time/Custom Reports/Common/UPDATE FIELDS"), 5)
2026-02-03 08:49:58.784 DEBUG testcase.Custom Reports                  - 4: click(findTestObject("Object Repository/Organization Settings/Work Time/Custom Reports/Common/UPDATE FIELDS"))
2026-02-03 08:49:59.621 DEBUG testcase.Custom Reports                  - 5: waitForElementClickable(findTestObject("Object Repository/Organization Settings/Work Time/Custom Reports/Common/FETCH"), 5)
2026-02-03 08:49:59.932 DEBUG testcase.Custom Reports                  - 6: click(findTestObject("Object Repository/Organization Settings/Work Time/Custom Reports/Common/FETCH"))
2026-02-03 08:50:00.609 DEBUG testcase.Custom Reports                  - 7: waitForPageLoad(10)
2026-02-03 08:50:00.619 DEBUG testcase.Custom Reports                  - 8: waitForElementClickable(findTestObject("Object Repository/Organization Settings/Work Time/Custom Reports/Common/CUSTOMIZE REPORT FIELDS"), 5)
2026-02-03 08:50:01.538 DEBUG testcase.Custom Reports                  - 9: click(findTestObject("Object Repository/Organization Settings/Work Time/Custom Reports/Common/CUSTOMIZE REPORT FIELDS"))
2026-02-03 08:50:03.401 DEBUG testcase.Custom Reports                  - 1: select.selectByIndex(i)
2026-02-03 08:50:04.371 DEBUG testcase.Custom Reports                  - 2: delay(1)
2026-02-03 08:50:05.379 DEBUG testcase.Custom Reports                  - 3: waitForElementClickable(findTestObject("Object Repository/Organization Settings/Work Time/Custom Reports/Common/UPDATE FIELDS"), 5)
2026-02-03 08:50:05.678 DEBUG testcase.Custom Reports                  - 4: click(findTestObject("Object Repository/Organization Settings/Work Time/Custom Reports/Common/UPDATE FIELDS"))
2026-02-03 08:50:06.272 DEBUG testcase.Custom Reports                  - 5: waitForElementClickable(findTestObject("Object Repository/Organization Settings/Work Time/Custom Reports/Common/FETCH"), 5)
2026-02-03 08:50:06.566 DEBUG testcase.Custom Reports                  - 6: click(findTestObject("Object Repository/Organization Settings/Work Time/Custom Reports/Common/FETCH"))
2026-02-03 08:50:07.224 DEBUG testcase.Custom Reports                  - 7: waitForPageLoad(10)
2026-02-03 08:50:07.259 DEBUG testcase.Custom Reports                  - 8: waitForElementClickable(findTestObject("Object Repository/Organization Settings/Work Time/Custom Reports/Common/CUSTOMIZE REPORT FIELDS"), 5)
2026-02-03 08:50:08.296 DEBUG testcase.Custom Reports                  - 9: click(findTestObject("Object Repository/Organization Settings/Work Time/Custom Reports/Common/CUSTOMIZE REPORT FIELDS"))
2026-02-03 08:50:10.094 DEBUG testcase.Custom Reports                  - 1: select.selectByIndex(i)
2026-02-03 08:50:11.101 DEBUG testcase.Custom Reports                  - 2: delay(1)
2026-02-03 08:50:12.111 DEBUG testcase.Custom Reports                  - 3: waitForElementClickable(findTestObject("Object Repository/Organization Settings/Work Time/Custom Reports/Common/UPDATE FIELDS"), 5)
2026-02-03 08:50:12.404 DEBUG testcase.Custom Reports                  - 4: click(findTestObject("Object Repository/Organization Settings/Work Time/Custom Reports/Common/UPDATE FIELDS"))
2026-02-03 08:50:13.010 DEBUG testcase.Custom Reports                  - 5: waitForElementClickable(findTestObject("Object Repository/Organization Settings/Work Time/Custom Reports/Common/FETCH"), 5)
2026-02-03 08:50:13.332 DEBUG testcase.Custom Reports                  - 6: click(findTestObject("Object Repository/Organization Settings/Work Time/Custom Reports/Common/FETCH"))
2026-02-03 08:50:13.966 DEBUG testcase.Custom Reports                  - 7: waitForPageLoad(10)
2026-02-03 08:50:13.975 DEBUG testcase.Custom Reports                  - 8: waitForElementClickable(findTestObject("Object Repository/Organization Settings/Work Time/Custom Reports/Common/CUSTOMIZE REPORT FIELDS"), 5)
2026-02-03 08:50:14.988 DEBUG testcase.Custom Reports                  - 9: click(findTestObject("Object Repository/Organization Settings/Work Time/Custom Reports/Common/CUSTOMIZE REPORT FIELDS"))
2026-02-03 08:50:16.867 DEBUG testcase.Custom Reports                  - 1: select.selectByIndex(i)
2026-02-03 08:50:17.936 DEBUG testcase.Custom Reports                  - 2: delay(1)
2026-02-03 08:50:18.953 DEBUG testcase.Custom Reports                  - 3: waitForElementClickable(findTestObject("Object Repository/Organization Settings/Work Time/Custom Reports/Common/UPDATE FIELDS"), 5)
2026-02-03 08:50:19.241 DEBUG testcase.Custom Reports                  - 4: click(findTestObject("Object Repository/Organization Settings/Work Time/Custom Reports/Common/UPDATE FIELDS"))
2026-02-03 08:50:19.872 DEBUG testcase.Custom Reports                  - 5: waitForElementClickable(findTestObject("Object Repository/Organization Settings/Work Time/Custom Reports/Common/FETCH"), 5)
2026-02-03 08:50:20.157 DEBUG testcase.Custom Reports                  - 6: click(findTestObject("Object Repository/Organization Settings/Work Time/Custom Reports/Common/FETCH"))
2026-02-03 08:50:20.875 DEBUG testcase.Custom Reports                  - 7: waitForPageLoad(10)
2026-02-03 08:50:20.885 DEBUG testcase.Custom Reports                  - 8: waitForElementClickable(findTestObject("Object Repository/Organization Settings/Work Time/Custom Reports/Common/CUSTOMIZE REPORT FIELDS"), 5)
2026-02-03 08:50:21.556 DEBUG testcase.Custom Reports                  - 9: click(findTestObject("Object Repository/Organization Settings/Work Time/Custom Reports/Common/CUSTOMIZE REPORT FIELDS"))
2026-02-03 08:50:23.523 DEBUG testcase.Custom Reports                  - 1: select.selectByIndex(i)
2026-02-03 08:50:24.651 DEBUG testcase.Custom Reports                  - 2: delay(1)
2026-02-03 08:50:25.655 DEBUG testcase.Custom Reports                  - 3: waitForElementClickable(findTestObject("Object Repository/Organization Settings/Work Time/Custom Reports/Common/UPDATE FIELDS"), 5)
2026-02-03 08:50:25.947 DEBUG testcase.Custom Reports                  - 4: click(findTestObject("Object Repository/Organization Settings/Work Time/Custom Reports/Common/UPDATE FIELDS"))
2026-02-03 08:50:26.619 DEBUG testcase.Custom Reports                  - 5: waitForElementClickable(findTestObject("Object Repository/Organization Settings/Work Time/Custom Reports/Common/FETCH"), 5)
2026-02-03 08:50:26.903 DEBUG testcase.Custom Reports                  - 6: click(findTestObject("Object Repository/Organization Settings/Work Time/Custom Reports/Common/FETCH"))
2026-02-03 08:50:27.563 DEBUG testcase.Custom Reports                  - 7: waitForPageLoad(10)
2026-02-03 08:50:27.571 DEBUG testcase.Custom Reports                  - 8: waitForElementClickable(findTestObject("Object Repository/Organization Settings/Work Time/Custom Reports/Common/CUSTOMIZE REPORT FIELDS"), 5)
2026-02-03 08:50:28.249 DEBUG testcase.Custom Reports                  - 9: click(findTestObject("Object Repository/Organization Settings/Work Time/Custom Reports/Common/CUSTOMIZE REPORT FIELDS"))
2026-02-03 08:50:30.224 DEBUG testcase.Custom Reports                  - 1: select.selectByIndex(i)
2026-02-03 08:50:31.410 DEBUG testcase.Custom Reports                  - 2: delay(1)
2026-02-03 08:50:32.426 DEBUG testcase.Custom Reports                  - 3: waitForElementClickable(findTestObject("Object Repository/Organization Settings/Work Time/Custom Reports/Common/UPDATE FIELDS"), 5)
2026-02-03 08:50:32.735 DEBUG testcase.Custom Reports                  - 4: click(findTestObject("Object Repository/Organization Settings/Work Time/Custom Reports/Common/UPDATE FIELDS"))
2026-02-03 08:50:33.370 DEBUG testcase.Custom Reports                  - 5: waitForElementClickable(findTestObject("Object Repository/Organization Settings/Work Time/Custom Reports/Common/FETCH"), 5)
2026-02-03 08:50:33.647 DEBUG testcase.Custom Reports                  - 6: click(findTestObject("Object Repository/Organization Settings/Work Time/Custom Reports/Common/FETCH"))
2026-02-03 08:50:34.307 DEBUG testcase.Custom Reports                  - 7: waitForPageLoad(10)
2026-02-03 08:50:34.318 DEBUG testcase.Custom Reports                  - 8: waitForElementClickable(findTestObject("Object Repository/Organization Settings/Work Time/Custom Reports/Common/CUSTOMIZE REPORT FIELDS"), 5)
2026-02-03 08:50:34.983 DEBUG testcase.Custom Reports                  - 9: click(findTestObject("Object Repository/Organization Settings/Work Time/Custom Reports/Common/CUSTOMIZE REPORT FIELDS"))
2026-02-03 08:50:36.908 DEBUG testcase.Custom Reports                  - 1: select.selectByIndex(i)
2026-02-03 08:50:37.932 DEBUG testcase.Custom Reports                  - 2: delay(1)
2026-02-03 08:50:38.938 DEBUG testcase.Custom Reports                  - 3: waitForElementClickable(findTestObject("Object Repository/Organization Settings/Work Time/Custom Reports/Common/UPDATE FIELDS"), 5)
2026-02-03 08:50:39.224 DEBUG testcase.Custom Reports                  - 4: click(findTestObject("Object Repository/Organization Settings/Work Time/Custom Reports/Common/UPDATE FIELDS"))
2026-02-03 08:50:39.864 DEBUG testcase.Custom Reports                  - 5: waitForElementClickable(findTestObject("Object Repository/Organization Settings/Work Time/Custom Reports/Common/FETCH"), 5)
2026-02-03 08:50:40.145 DEBUG testcase.Custom Reports                  - 6: click(findTestObject("Object Repository/Organization Settings/Work Time/Custom Reports/Common/FETCH"))
2026-02-03 08:50:40.814 DEBUG testcase.Custom Reports                  - 7: waitForPageLoad(10)
2026-02-03 08:50:40.823 DEBUG testcase.Custom Reports                  - 8: waitForElementClickable(findTestObject("Object Repository/Organization Settings/Work Time/Custom Reports/Common/CUSTOMIZE REPORT FIELDS"), 5)
2026-02-03 08:50:41.507 DEBUG testcase.Custom Reports                  - 9: click(findTestObject("Object Repository/Organization Settings/Work Time/Custom Reports/Common/CUSTOMIZE REPORT FIELDS"))
2026-02-03 08:50:43.566 DEBUG testcase.Custom Reports                  - 1: select.selectByIndex(i)
2026-02-03 08:50:44.812 DEBUG testcase.Custom Reports                  - 2: delay(1)
2026-02-03 08:50:45.820 DEBUG testcase.Custom Reports                  - 3: waitForElementClickable(findTestObject("Object Repository/Organization Settings/Work Time/Custom Reports/Common/UPDATE FIELDS"), 5)
2026-02-03 08:50:46.113 DEBUG testcase.Custom Reports                  - 4: click(findTestObject("Object Repository/Organization Settings/Work Time/Custom Reports/Common/UPDATE FIELDS"))
2026-02-03 08:50:46.750 DEBUG testcase.Custom Reports                  - 5: waitForElementClickable(findTestObject("Object Repository/Organization Settings/Work Time/Custom Reports/Common/FETCH"), 5)
2026-02-03 08:50:47.034 DEBUG testcase.Custom Reports                  - 6: click(findTestObject("Object Repository/Organization Settings/Work Time/Custom Reports/Common/FETCH"))
2026-02-03 08:50:47.765 DEBUG testcase.Custom Reports                  - 7: waitForPageLoad(10)
2026-02-03 08:50:47.773 DEBUG testcase.Custom Reports                  - 8: waitForElementClickable(findTestObject("Object Repository/Organization Settings/Work Time/Custom Reports/Common/CUSTOMIZE REPORT FIELDS"), 5)
2026-02-03 08:50:48.637 DEBUG testcase.Custom Reports                  - 9: click(findTestObject("Object Repository/Organization Settings/Work Time/Custom Reports/Common/CUSTOMIZE REPORT FIELDS"))
2026-02-03 08:50:50.766 DEBUG testcase.Custom Reports                  - 1: select.selectByIndex(i)
2026-02-03 08:50:51.749 DEBUG testcase.Custom Reports                  - 2: delay(1)
2026-02-03 08:50:52.762 DEBUG testcase.Custom Reports                  - 3: waitForElementClickable(findTestObject("Object Repository/Organization Settings/Work Time/Custom Reports/Common/UPDATE FIELDS"), 5)
2026-02-03 08:50:53.040 DEBUG testcase.Custom Reports                  - 4: click(findTestObject("Object Repository/Organization Settings/Work Time/Custom Reports/Common/UPDATE FIELDS"))
2026-02-03 08:50:53.677 DEBUG testcase.Custom Reports                  - 5: waitForElementClickable(findTestObject("Object Repository/Organization Settings/Work Time/Custom Reports/Common/FETCH"), 5)
2026-02-03 08:50:53.962 DEBUG testcase.Custom Reports                  - 6: click(findTestObject("Object Repository/Organization Settings/Work Time/Custom Reports/Common/FETCH"))
2026-02-03 08:50:54.638 DEBUG testcase.Custom Reports                  - 7: waitForPageLoad(10)
2026-02-03 08:50:54.647 DEBUG testcase.Custom Reports                  - 8: waitForElementClickable(findTestObject("Object Repository/Organization Settings/Work Time/Custom Reports/Common/CUSTOMIZE REPORT FIELDS"), 5)
2026-02-03 08:50:55.530 DEBUG testcase.Custom Reports                  - 9: click(findTestObject("Object Repository/Organization Settings/Work Time/Custom Reports/Common/CUSTOMIZE REPORT FIELDS"))
2026-02-03 08:50:57.668 DEBUG testcase.Custom Reports                  - 1: select.selectByIndex(i)
2026-02-03 08:50:58.802 DEBUG testcase.Custom Reports                  - 2: delay(1)
2026-02-03 08:50:59.818 DEBUG testcase.Custom Reports                  - 3: waitForElementClickable(findTestObject("Object Repository/Organization Settings/Work Time/Custom Reports/Common/UPDATE FIELDS"), 5)
2026-02-03 08:51:00.109 DEBUG testcase.Custom Reports                  - 4: click(findTestObject("Object Repository/Organization Settings/Work Time/Custom Reports/Common/UPDATE FIELDS"))
2026-02-03 08:51:00.719 DEBUG testcase.Custom Reports                  - 5: waitForElementClickable(findTestObject("Object Repository/Organization Settings/Work Time/Custom Reports/Common/FETCH"), 5)
2026-02-03 08:51:01.016 DEBUG testcase.Custom Reports                  - 6: click(findTestObject("Object Repository/Organization Settings/Work Time/Custom Reports/Common/FETCH"))
2026-02-03 08:51:01.739 DEBUG testcase.Custom Reports                  - 7: waitForPageLoad(10)
2026-02-03 08:51:01.749 DEBUG testcase.Custom Reports                  - 8: waitForElementClickable(findTestObject("Object Repository/Organization Settings/Work Time/Custom Reports/Common/CUSTOMIZE REPORT FIELDS"), 5)
2026-02-03 08:51:02.461 DEBUG testcase.Custom Reports                  - 9: click(findTestObject("Object Repository/Organization Settings/Work Time/Custom Reports/Common/CUSTOMIZE REPORT FIELDS"))
2026-02-03 08:51:04.729 DEBUG testcase.Custom Reports                  - 1: select.selectByIndex(i)
2026-02-03 08:51:06.013 DEBUG testcase.Custom Reports                  - 2: delay(1)
2026-02-03 08:51:07.023 DEBUG testcase.Custom Reports                  - 3: waitForElementClickable(findTestObject("Object Repository/Organization Settings/Work Time/Custom Reports/Common/UPDATE FIELDS"), 5)
2026-02-03 08:51:07.393 DEBUG testcase.Custom Reports                  - 4: click(findTestObject("Object Repository/Organization Settings/Work Time/Custom Reports/Common/UPDATE FIELDS"))
2026-02-03 08:51:08.047 DEBUG testcase.Custom Reports                  - 5: waitForElementClickable(findTestObject("Object Repository/Organization Settings/Work Time/Custom Reports/Common/FETCH"), 5)
2026-02-03 08:51:08.350 DEBUG testcase.Custom Reports                  - 6: click(findTestObject("Object Repository/Organization Settings/Work Time/Custom Reports/Common/FETCH"))
2026-02-03 08:51:09.056 DEBUG testcase.Custom Reports                  - 7: waitForPageLoad(10)
2026-02-03 08:51:09.063 DEBUG testcase.Custom Reports                  - 8: waitForElementClickable(findTestObject("Object Repository/Organization Settings/Work Time/Custom Reports/Common/CUSTOMIZE REPORT FIELDS"), 5)
2026-02-03 08:51:09.947 DEBUG testcase.Custom Reports                  - 9: click(findTestObject("Object Repository/Organization Settings/Work Time/Custom Reports/Common/CUSTOMIZE REPORT FIELDS"))
2026-02-03 08:51:12.078 DEBUG testcase.Custom Reports                  - 1: select.selectByIndex(i)
2026-02-03 08:51:13.365 DEBUG testcase.Custom Reports                  - 2: delay(1)
2026-02-03 08:51:14.369 DEBUG testcase.Custom Reports                  - 3: waitForElementClickable(findTestObject("Object Repository/Organization Settings/Work Time/Custom Reports/Common/UPDATE FIELDS"), 5)
2026-02-03 08:51:14.697 DEBUG testcase.Custom Reports                  - 4: click(findTestObject("Object Repository/Organization Settings/Work Time/Custom Reports/Common/UPDATE FIELDS"))
2026-02-03 08:51:15.322 DEBUG testcase.Custom Reports                  - 5: waitForElementClickable(findTestObject("Object Repository/Organization Settings/Work Time/Custom Reports/Common/FETCH"), 5)
2026-02-03 08:51:15.622 DEBUG testcase.Custom Reports                  - 6: click(findTestObject("Object Repository/Organization Settings/Work Time/Custom Reports/Common/FETCH"))
2026-02-03 08:51:16.298 DEBUG testcase.Custom Reports                  - 7: waitForPageLoad(10)
2026-02-03 08:51:16.306 DEBUG testcase.Custom Reports                  - 8: waitForElementClickable(findTestObject("Object Repository/Organization Settings/Work Time/Custom Reports/Common/CUSTOMIZE REPORT FIELDS"), 5)
2026-02-03 08:51:17.117 DEBUG testcase.Custom Reports                  - 9: click(findTestObject("Object Repository/Organization Settings/Work Time/Custom Reports/Common/CUSTOMIZE REPORT FIELDS"))
2026-02-03 08:51:19.332 DEBUG testcase.Custom Reports                  - 1: select.selectByIndex(i)
2026-02-03 08:51:20.648 DEBUG testcase.Custom Reports                  - 2: delay(1)
2026-02-03 08:51:21.654 DEBUG testcase.Custom Reports                  - 3: waitForElementClickable(findTestObject("Object Repository/Organization Settings/Work Time/Custom Reports/Common/UPDATE FIELDS"), 5)
2026-02-03 08:51:21.959 DEBUG testcase.Custom Reports                  - 4: click(findTestObject("Object Repository/Organization Settings/Work Time/Custom Reports/Common/UPDATE FIELDS"))
2026-02-03 08:51:22.581 DEBUG testcase.Custom Reports                  - 5: waitForElementClickable(findTestObject("Object Repository/Organization Settings/Work Time/Custom Reports/Common/FETCH"), 5)
2026-02-03 08:51:22.865 DEBUG testcase.Custom Reports                  - 6: click(findTestObject("Object Repository/Organization Settings/Work Time/Custom Reports/Common/FETCH"))
2026-02-03 08:51:23.543 DEBUG testcase.Custom Reports                  - 7: waitForPageLoad(10)
2026-02-03 08:51:23.549 DEBUG testcase.Custom Reports                  - 8: waitForElementClickable(findTestObject("Object Repository/Organization Settings/Work Time/Custom Reports/Common/CUSTOMIZE REPORT FIELDS"), 5)
2026-02-03 08:51:24.278 DEBUG testcase.Custom Reports                  - 9: click(findTestObject("Object Repository/Organization Settings/Work Time/Custom Reports/Common/CUSTOMIZE REPORT FIELDS"))
2026-02-03 08:51:26.488 DEBUG testcase.Custom Reports                  - 3: customizeReportViewReset(filePath)
2026-02-03 08:51:26.488 DEBUG testcase.Custom Reports                  - 1: getObjectsAsMap = com.prohanceapplication.common.ObjectUtils.getObjectsAsMap(filePath)
2026-02-03 08:51:26.541 INFO  k.k.c.m.CustomKeywordDelegatingMetaClass - com.prohanceapplication.common.ObjectUtils.getObjectsAsMap is PASSED
2026-02-03 08:51:26.541 DEBUG testcase.Custom Reports                  - 2: out.println(getObjectsAsMap)
[Active_Hours_Avg:TestObject - 'Object Repository/Organization Settings/Work Time/Custom Reports/Check_Box/Time On System/Active_Hours_Avg', Active_Hours_Main:TestObject - 'Object Repository/Organization Settings/Work Time/Custom Reports/Check_Box/Time On System/Active_Hours_Main', Active_Hours_Tot:TestObject - 'Object Repository/Organization Settings/Work Time/Custom Reports/Check_Box/Time On System/Active_Hours_Tot', Logged_Hours_AVG:TestObject - 'Object Repository/Organization Settings/Work Time/Custom Reports/Check_Box/Time On System/Logged_Hours_AVG', Logged_Hours_Main:TestObject - 'Object Repository/Organization Settings/Work Time/Custom Reports/Check_Box/Time On System/Logged_Hours_Main', Logged_Hours_Tot:TestObject - 'Object Repository/Organization Settings/Work Time/Custom Reports/Check_Box/Time On System/Logged_Hours_Tot', Neutral (TOS)_Avg:TestObject - 'Object Repository/Organization Settings/Work Time/Custom Reports/Check_Box/Time On System/Neutral (TOS)_Avg', Neutral (TOS)_Main:TestObject - 'Object Repository/Organization Settings/Work Time/Custom Reports/Check_Box/Time On System/Neutral (TOS)_Main', Neutral (TOS)_Tos:TestObject - 'Object Repository/Organization Settings/Work Time/Custom Reports/Check_Box/Time On System/Neutral (TOS)_Tos', Non Productive (TOS)_Avg:TestObject - 'Object Repository/Organization Settings/Work Time/Custom Reports/Check_Box/Time On System/Non Productive (TOS)_Avg', Non Productive (TOS)_Main:TestObject - 'Object Repository/Organization Settings/Work Time/Custom Reports/Check_Box/Time On System/Non Productive (TOS)_Main', Non Productive (TOS)_Tot:TestObject - 'Object Repository/Organization Settings/Work Time/Custom Reports/Check_Box/Time On System/Non Productive (TOS)_Tot', Not Rated (TOS)_Avg:TestObject - 'Object Repository/Organization Settings/Work Time/Custom Reports/Check_Box/Time On System/Not Rated (TOS)_Avg', Not Rated (TOS)_Main:TestObject - 'Object Repository/Organization Settings/Work Time/Custom Reports/Check_Box/Time On System/Not Rated (TOS)_Main', Not Rated (TOS)_Tot:TestObject - 'Object Repository/Organization Settings/Work Time/Custom Reports/Check_Box/Time On System/Not Rated (TOS)_Tot', Personal Time (TOS)_Avg:TestObject - 'Object Repository/Organization Settings/Work Time/Custom Reports/Check_Box/Time On System/Personal Time (TOS)_Avg', Personal Time (TOS)_Main:TestObject - 'Object Repository/Organization Settings/Work Time/Custom Reports/Check_Box/Time On System/Personal Time (TOS)_Main', Personal Time (TOS)_Tot:TestObject - 'Object Repository/Organization Settings/Work Time/Custom Reports/Check_Box/Time On System/Personal Time (TOS)_Tot', Productive (TOS)_Avg:TestObject - 'Object Repository/Organization Settings/Work Time/Custom Reports/Check_Box/Time On System/Productive (TOS)_Avg', Productive (TOS)_Main:TestObject - 'Object Repository/Organization Settings/Work Time/Custom Reports/Check_Box/Time On System/Productive (TOS)_Main', Productive (TOS)_Tot:TestObject - 'Object Repository/Organization Settings/Work Time/Custom Reports/Check_Box/Time On System/Productive (TOS)_Tot', Time On System_Avg:TestObject - 'Object Repository/Organization Settings/Work Time/Custom Reports/Check_Box/Time On System/Time On System_Avg', Time On System_Main:TestObject - 'Object Repository/Organization Settings/Work Time/Custom Reports/Check_Box/Time On System/Time On System_Main', Time On System_Tot:TestObject - 'Object Repository/Organization Settings/Work Time/Custom Reports/Check_Box/Time On System/Time On System_Tot', Unknown (TOS)_Avg:TestObject - 'Object Repository/Organization Settings/Work Time/Custom Reports/Check_Box/Time On System/Unknown (TOS)_Avg', Unknown (TOS)_Main:TestObject - 'Object Repository/Organization Settings/Work Time/Custom Reports/Check_Box/Time On System/Unknown (TOS)_Main', Unknown (TOS)_Tot:TestObject - 'Object Repository/Organization Settings/Work Time/Custom Reports/Check_Box/Time On System/Unknown (TOS)_Tot']
2026-02-03 08:51:26.542 DEBUG testcase.Custom Reports                  - 3: grouped = getObjectsAsMap.groupBy({ java.lang.Object entry -> ... })
2026-02-03 08:51:26.543 DEBUG testcase.Custom Reports                  - 4: grouped.each({ java.lang.Object groupKey, java.lang.Object entries -> ... })
2026-02-03 08:51:28.878 WARN  c.k.k.core.keyword.internal.KeywordMain  - Object 'Object Repository/Organization Settings/Work Time/Custom Reports/Check_Box/Time On System/Logged_Hours_Main' is not checked (Root cause: com.kms.katalon.core.exception.StepFailedException: Object 'Object Repository/Organization Settings/Work Time/Custom Reports/Check_Box/Time On System/Logged_Hours_Main' is not checked
	at com.kms.katalon.core.webui.keyword.internal.WebUIKeywordMain.stepFailed(WebUIKeywordMain.groovy:177)
	at com.kms.katalon.core.webui.keyword.builtin.VerifyElementCheckedKeyword$_verifyElementChecked_closure1.doCall(VerifyElementCheckedKeyword.groovy:60)
	at java.base/jdk.internal.reflect.DirectMethodHandleAccessor.invoke(DirectMethodHandleAccessor.java:103)
	at jdk.proxy2/jdk.proxy2.$Proxy48.execute(Unknown Source)
	at com.kms.katalon.core.webui.model.SeleniumActionRetryController.performAction(SeleniumActionRetryController.java:96)
	at com.kms.katalon.core.webui.model.SeleniumActionRetryController.performAction(SeleniumActionRetryController.java:83)
	at com.kms.katalon.core.webui.keyword.internal.WebUIKeywordMain$_runKeywordUntilTimeout_closure1.doCall(WebUIKeywordMain.groovy:135)
	at com.kms.katalon.core.webui.keyword.internal.WebUIKeywordMain$_runKeywordUntilTimeout_closure1.call(WebUIKeywordMain.groovy)
	at com.kms.katalon.core.webui.keyword.internal.WebUIKeywordMain.runKeyword(WebUIKeywordMain.groovy:41)
	at com.kms.katalon.core.webui.keyword.internal.WebUIKeywordMain.runKeywordUntilTimeout(WebUIKeywordMain.groovy:133)
	at com.kms.katalon.core.webui.keyword.builtin.VerifyElementCheckedKeyword.verifyElementChecked(VerifyElementCheckedKeyword.groovy:71)
	at com.kms.katalon.core.webui.keyword.builtin.VerifyElementCheckedKeyword.execute(VerifyElementCheckedKeyword.groovy:40)
	at com.kms.katalon.core.keyword.internal.KeywordExecutor.executeKeywordForPlatform(KeywordExecutor.groovy:95)
	at com.kms.katalon.core.webui.keyword.WebUiBuiltInKeywords.verifyElementChecked(WebUiBuiltInKeywords.groovy:1483)
	at Script1769747049695$_customizeReportViewReset_closure3.doCall(Script1769747049695.groovy:251)
	at java.base/jdk.internal.reflect.DirectMethodHandleAccessor.invoke(DirectMethodHandleAccessor.java:103)
	at Custom Reports.customizeReportViewReset(Custom Reports:244)
	at Custom Reports.run(Custom Reports:138)
	at com.kms.katalon.core.main.ScriptEngine.run(ScriptEngine.java:194)
	at com.kms.katalon.core.main.ScriptEngine.runScriptAsRawText(ScriptEngine.java:119)
	at com.kms.katalon.core.main.TestCaseExecutor.runScript(TestCaseExecutor.java:502)
	at com.kms.katalon.core.main.TestCaseExecutor.doExecute(TestCaseExecutor.java:493)
	at com.kms.katalon.core.main.TestCaseExecutor.processExecutionPhase(TestCaseExecutor.java:472)
	at com.kms.katalon.core.main.TestCaseExecutor.accessMainPhase(TestCaseExecutor.java:464)
	at com.kms.katalon.core.main.TestCaseExecutor.execute(TestCaseExecutor.java:334)
	at com.kms.katalon.core.common.CommonExecutor.accessTestCaseMainPhase(CommonExecutor.java:71)
	at com.kms.katalon.core.main.TestSuiteExecutor.accessTestSuiteMainPhase(TestSuiteExecutor.java:163)
	at com.kms.katalon.core.main.TestSuiteExecutor.execute(TestSuiteExecutor.java:120)
	at com.kms.katalon.core.main.TestCaseMain.startTestSuite(TestCaseMain.java:205)
	at S0.run(S0.groovy:35)
	at java.base/jdk.internal.reflect.DirectMethodHandleAccessor.invoke(DirectMethodHandleAccessor.java:103)
)
2026-02-03 08:51:38.275 DEBUG testcase.Custom Reports                  - 34: reportDurationInput = new com.kms.katalon.core.testobject.TestObject(ReportDurationInput)
2026-02-03 08:51:38.277 DEBUG testcase.Custom Reports                  - 35: reportDurationInput.addProperty("xpath", EQUALS, "//form[@id='ReportFilterDurationFormBean']//input[@id='reportDuration']")
2026-02-03 08:51:38.279 DEBUG testcase.Custom Reports                  - 36: reportDurationElement = findWebElement(reportDurationInput).getAttribute("Value")
2026-02-03 08:51:38.540 ERROR c.k.katalon.core.main.TestCaseExecutor   - ❌ Test Cases/ProhanceWeb/Organization Settings/Work Time/Custom Reports/Custom Reports FAILED.
Reason:
org.codehaus.groovy.runtime.typehandling.GroovyCastException: Cannot cast object 'D' with class 'java.lang.String' to class 'org.openqa.selenium.WebElement'
	at Custom Reports.run(Custom Reports:154)
	at com.kms.katalon.core.main.ScriptEngine.run(ScriptEngine.java:194)
	at com.kms.katalon.core.main.ScriptEngine.runScriptAsRawText(ScriptEngine.java:119)
	at com.kms.katalon.core.main.TestCaseExecutor.runScript(TestCaseExecutor.java:502)
	at com.kms.katalon.core.main.TestCaseExecutor.doExecute(TestCaseExecutor.java:493)
	at com.kms.katalon.core.main.TestCaseExecutor.processExecutionPhase(TestCaseExecutor.java:472)
	at com.kms.katalon.core.main.TestCaseExecutor.accessMainPhase(TestCaseExecutor.java:464)
	at com.kms.katalon.core.main.TestCaseExecutor.execute(TestCaseExecutor.java:334)
	at com.kms.katalon.core.common.CommonExecutor.accessTestCaseMainPhase(CommonExecutor.java:71)
	at com.kms.katalon.core.main.TestSuiteExecutor.accessTestSuiteMainPhase(TestSuiteExecutor.java:163)
	at com.kms.katalon.core.main.TestSuiteExecutor.execute(TestSuiteExecutor.java:120)
	at com.kms.katalon.core.main.TestCaseMain.startTestSuite(TestCaseMain.java:205)
	at S0.run(S0.groovy:35)
	at java.base/jdk.internal.reflect.DirectMethodHandleAccessor.invoke(DirectMethodHandleAccessor.java:103)

2026-02-03 08:51:38.544 ERROR c.k.katalon.core.main.TestCaseExecutor   - ❌ Test Cases/ProhanceWeb/Organization Settings/Work Time/Custom Reports/Custom Reports FAILED.
Reason:
org.codehaus.groovy.runtime.typehandling.GroovyCastException: Cannot cast object 'D' with class 'java.lang.String' to class 'org.openqa.selenium.WebElement'
	at Custom Reports.run(Custom Reports:154)
	at com.kms.katalon.core.main.ScriptEngine.run(ScriptEngine.java:194)
	at com.kms.katalon.core.main.ScriptEngine.runScriptAsRawText(ScriptEngine.java:119)
	at com.kms.katalon.core.main.TestCaseExecutor.runScript(TestCaseExecutor.java:502)
	at com.kms.katalon.core.main.TestCaseExecutor.doExecute(TestCaseExecutor.java:493)
	at com.kms.katalon.core.main.TestCaseExecutor.processExecutionPhase(TestCaseExecutor.java:472)
	at com.kms.katalon.core.main.TestCaseExecutor.accessMainPhase(TestCaseExecutor.java:464)
	at com.kms.katalon.core.main.TestCaseExecutor.execute(TestCaseExecutor.java:334)
	at com.kms.katalon.core.common.CommonExecutor.accessTestCaseMainPhase(CommonExecutor.java:71)
	at com.kms.katalon.core.main.TestSuiteExecutor.accessTestSuiteMainPhase(TestSuiteExecutor.java:163)
	at com.kms.katalon.core.main.TestSuiteExecutor.execute(TestSuiteExecutor.java:120)
	at com.kms.katalon.core.main.TestCaseMain.startTestSuite(TestCaseMain.java:205)
	at S0.run(S0.groovy:35)
	at java.base/jdk.internal.reflect.DirectMethodHandleAccessor.invoke(DirectMethodHandleAccessor.java:103)

2026-02-03 08:51:38.546 INFO  c.k.katalon.core.main.TestCaseExecutor   - END Test Cases/ProhanceWeb/Organization Settings/Work Time/Custom Reports/Custom Reports
2026-02-03 08:51:38.550 INFO  c.k.katalon.core.main.TestCaseExecutor   - --------------------
2026-02-03 08:51:38.551 INFO  c.k.katalon.core.main.TestCaseExecutor   - START Test Cases/ProhanceWeb/Organization Settings/Work Time/Custom Reports/Custom Reports - Retry attempt 1
2026-02-03 08:51:38.713 DEBUG testcase.Custom Reports                  - 1: ViewBy = null
2026-02-03 08:51:38.714 DEBUG testcase.Custom Reports                  - 2: UserType = null
2026-02-03 08:51:38.715 DEBUG testcase.Custom Reports                  - 3: if (waitForElementPresent(findTestObject("Object Repository/Organization Settings/New Folder/Page_ProHance/a_WORK TIME"), Delay))
2026-02-03 08:51:43.852 WARN  k.k.c.w.k.b.WaitForElementPresentKeyword - Object 'Object Repository/Organization Settings/New Folder/Page_ProHance/a_WORK TIME' is not present after 5 second(s)
2026-02-03 08:51:43.853 DEBUG testcase.Custom Reports                  - 4: else
2026-02-03 08:51:43.855 DEBUG testcase.Custom Reports                  - 1: println("WORK TIME menu not found")
WORK TIME menu not found
2026-02-03 08:51:43.856 DEBUG testcase.Custom Reports                  - 5: chec = verifyElementChecked(findTestObject("Object Repository/Organization Settings/Work Time/Custom Reports/Common/Chk_ Display Overall Data"), 2, OPTIONAL)
2026-02-03 08:51:44.254 DEBUG testcase.Custom Reports                  - 6: out.println(chec)
true
2026-02-03 08:51:44.257 INFO  c.k.katalon.core.main.TestCaseExecutor   - END Test Cases/ProhanceWeb/Organization Settings/Work Time/Custom Reports/Custom Reports
2026-02-03 08:51:44.653 INFO  c.k.katalon.core.main.TestSuiteExecutor  - --------------------
2026-02-03 08:51:44.653 INFO  c.k.katalon.core.main.TestSuiteExecutor  - END Test Suites/WorkTime/Custom Reports/Custom Reports
2026-02-03 08:51:44.653 INFO  c.k.katalon.core.main.TestSuiteExecutor  - ====================
