2026-01-28 16:53:15.214 INFO  c.k.k.c.l.logback.LogbackConfigurator    - Logback default configuration initialized from: C:\Users\gopal.s\.katalon\packages\KSE-10.4.3\configuration\org.eclipse.osgi\133\0\.cp\resources\logback\logback-execution.xml
2026-01-28 16:53:15.224 INFO  c.k.k.c.l.logback.LogbackConfigurator    - Logback custom configuration initialized from: C:\Users\gopal.s\git\ProhanceWebApplication\Include\config\log.properties
Warning: NLS unused message: QTEST in: com.kms.katalon.constants.globalMessages
Warning: NLS missing message: QTEST_NAME in: com.kms.katalon.constants.globalMessages
2026-01-28 16:53:19.962 INFO  c.k.katalon.core.main.TestSuiteExecutor  - START Test Suites/general
2026-01-28 16:53:20.101 INFO  c.k.katalon.core.main.TestSuiteExecutor  - userFullName = Gopal
2026-01-28 16:53:20.104 INFO  c.k.katalon.core.main.TestSuiteExecutor  - projectName = ProhanceWebApplication
2026-01-28 16:53:20.105 INFO  c.k.katalon.core.main.TestSuiteExecutor  - hostName = gopal.s - JAMOCHA57.jamochahq.local
2026-01-28 16:53:20.106 INFO  c.k.katalon.core.main.TestSuiteExecutor  - os = Windows 11 64bit
2026-01-28 16:53:20.106 INFO  c.k.katalon.core.main.TestSuiteExecutor  - hostAddress = 10.10.10.136
2026-01-28 16:53:20.108 INFO  c.k.katalon.core.main.TestSuiteExecutor  - katalonVersion = 10.4.3.0
2026-01-28 16:53:22.536 INFO  c.k.katalon.core.main.TestCaseExecutor   - --------------------
2026-01-28 16:53:22.536 INFO  c.k.katalon.core.main.TestCaseExecutor   - START Test Cases/ProhanceWeb/General_TC/General_TC
2026-01-28 16:53:22.802 INFO  c.k.katalon.core.main.TestCaseExecutor   - userName = tsL9urF6O/D/xURRxzj/8w==
2026-01-28 16:53:22.820 INFO  c.k.katalon.core.main.TestCaseExecutor   - password = HeCM15nHKBI=
2026-01-28 16:53:22.823 INFO  c.k.katalon.core.main.TestCaseExecutor   - exportType = excel
2026-01-28 16:53:23.544 DEBUG testcase.General_TC                      - 1: callTestCase(findTestCase("Test Cases/ProhanceWeb/Login_Page/Login"), ["userName":userName, "password":password])
2026-01-28 16:53:24.250 INFO  c.k.katalon.core.main.TestCaseExecutor   - --------------------
2026-01-28 16:53:24.250 INFO  c.k.katalon.core.main.TestCaseExecutor   - CALL Test Cases/ProhanceWeb/Login_Page/Login
2026-01-28 16:53:24.498 INFO  c.k.katalon.core.main.TestCaseExecutor   - userName = tsL9urF6O/D/xURRxzj/8w==
2026-01-28 16:53:24.500 INFO  c.k.katalon.core.main.TestCaseExecutor   - password = HeCM15nHKBI=
2026-01-28 16:53:25.023 DEBUG testcase.Login                           - 1: openBrowser("")
2026-01-28 16:53:25.440 INFO  c.k.k.core.webui.driver.DriverFactory    - Starting 'Edge Chromium' driver
2026-01-28 16:53:25.580 INFO  c.k.k.core.webui.driver.DriverFactory    - Action delay is set to 0 milliseconds
Jan 28, 2026 4:54:56 PM org.openqa.selenium.devtools.CdpVersionFinder findNearestMatch
WARNING: Unable to find an exact match for CDP version 144, returning the closest version; found: 142; Please update to a Selenium version that supports CDP version 144
2026-01-28 16:54:57.334 INFO  c.k.k.core.webui.driver.DriverFactory    - sessionId = f1e6bbf02b3a7cd61116c880540c10e8
2026-01-28 16:54:57.336 INFO  c.k.k.core.webui.driver.DriverFactory    - browser = Edge Chromium 144.0.3719.92
2026-01-28 16:54:57.336 INFO  c.k.k.core.webui.driver.DriverFactory    - platform = Windows 11
2026-01-28 16:54:57.337 INFO  c.k.k.core.webui.driver.DriverFactory    - seleniumVersion = 4.34.0
2026-01-28 16:54:57.348 INFO  c.k.k.core.webui.driver.DriverFactory    - proxyInformation = ProxyInformation { proxyOption=NO_PROXY, proxyServerType=HTTP, username=, password=********, proxyServerAddress=, proxyServerPort=0, executionList="", isApplyToDesiredCapabilities=true }
2026-01-28 16:54:57.419 DEBUG testcase.Login                           - 2: maximizeWindow()
2026-01-28 16:54:57.807 DEBUG testcase.Login                           - 3: waitForPageLoad(Delay, CONTINUE_ON_FAILURE)
2026-01-28 16:54:58.671 DEBUG testcase.Login                           - 4: navigateToUrl(URL)
2026-01-28 16:56:11.636 DEBUG testcase.Login                           - 5: try
2026-01-28 16:56:11.639 DEBUG testcase.Login                           - 1: setEncryptedText(findTestObject("Object Repository/Login/userName"), userName)
2026-01-28 16:56:12.656 DEBUG testcase.Login                           - 2: setEncryptedText(findTestObject("Object Repository/Login/Password"), password)
2026-01-28 16:56:13.071 DEBUG testcase.Login                           - 3: waitForElementClickable(findTestObject("Object Repository/Login/login_btn"), Delay)
2026-01-28 16:56:13.552 DEBUG testcase.Login                           - 4: click(findTestObject("Object Repository/Login/login_btn"))
2026-01-28 16:56:15.759 DEBUG testcase.Login                           - 5: if (verifyElementPresent(findTestObject("Object Repository/Login/session_Distroysession"), Delay))
2026-01-28 16:56:16.552 DEBUG testcase.Login                           - 1: waitForElementClickable(findTestObject("Object Repository/Login/session_Distroysession"), Delay)
2026-01-28 16:56:16.912 DEBUG testcase.Login                           - 2: click(findTestObject("Object Repository/Login/session_Distroysession"))
2026-01-28 16:56:17.564 DEBUG testcase.Login                           - 6: if (verifyElementPresent(findTestObject("Object Repository/Common/Accept Cookies"), Delay))
2026-01-28 16:56:19.145 DEBUG testcase.Login                           - 1: waitForElementClickable(findTestObject("Object Repository/Common/Accept Cookies"), Delay)
2026-01-28 16:56:19.477 DEBUG testcase.Login                           - 2: click(findTestObject("Object Repository/Common/Accept Cookies"))
2026-01-28 16:56:19.882 DEBUG testcase.Login                           - 7: Finally
2026-01-28 16:56:19.883 DEBUG testcase.Login                           - 1: timestamp = Date().format("yyyyMMdd_HHmmss")
2026-01-28 16:56:19.897 INFO  c.k.katalon.core.main.TestCaseExecutor   - END CALL Test Cases/ProhanceWeb/Login_Page/Login
2026-01-28 16:56:19.898 INFO  c.k.katalon.core.main.TestCaseExecutor   - --------------------
2026-01-28 16:56:19.922 DEBUG testcase.General_TC                      - 2: callTestCase(findTestCase("Test Cases/ProhanceWeb/Organization Settings/Activity DashBoard/ActivityDashBoard"), ["exportType":exportType])
2026-01-28 16:56:19.990 INFO  c.k.katalon.core.main.TestCaseExecutor   - --------------------
2026-01-28 16:56:19.992 INFO  c.k.katalon.core.main.TestCaseExecutor   - CALL Test Cases/ProhanceWeb/Organization Settings/Activity DashBoard/ActivityDashBoard
2026-01-28 16:56:20.124 INFO  c.k.katalon.core.main.TestCaseExecutor   - exportType = excel
2026-01-28 16:56:20.517 DEBUG testcase.ActivityDashBoard               - 1: explort = null
2026-01-28 16:56:20.522 DEBUG testcase.ActivityDashBoard               - 2: rows = null
2026-01-28 16:56:20.522 DEBUG testcase.ActivityDashBoard               - 3: if (verifyElementPresent(findTestObject("Object Repository/Organization Settings/New Folder/Page_ProHance/a_WORK TIME"), Delay))
2026-01-28 16:56:20.798 DEBUG testcase.ActivityDashBoard               - 1: waitForElementClickable(findTestObject("Object Repository/Organization Settings/New Folder/Page_ProHance/a_WORK TIME"), Delay)
2026-01-28 16:56:21.123 DEBUG testcase.ActivityDashBoard               - 2: click(findTestObject("Object Repository/Organization Settings/New Folder/Page_ProHance/a_WORK TIME"))
2026-01-28 16:56:21.498 DEBUG testcase.ActivityDashBoard               - 3: waitForElementClickable(findTestObject("Object Repository/Organization Settings/New Folder/Page_ProHance/a_ACTIVITY DASHBOARD"), Delay)
2026-01-28 16:56:21.823 DEBUG testcase.ActivityDashBoard               - 4: click(findTestObject("Object Repository/Organization Settings/New Folder/Page_ProHance/a_ACTIVITY DASHBOARD"))
2026-01-28 16:56:22.213 DEBUG testcase.ActivityDashBoard               - 5: waitForElementClickable(findTestObject("Object Repository/Organization Settings/New Folder/Page_ProHance/First_Container"), Delay, STOP_ON_FAILURE)
2026-01-28 16:56:23.668 DEBUG testcase.ActivityDashBoard               - 6: click(findTestObject("Object Repository/Organization Settings/New Folder/Page_ProHance/First_Container"))
2026-01-28 16:56:24.381 DEBUG testcase.ActivityDashBoard               - 7: waitForPageLoad(Delay, STOP_ON_FAILURE)
2026-01-28 16:56:24.437 DEBUG testcase.ActivityDashBoard               - 8: waitForElementClickable(findTestObject("Object Repository/Organization Settings/New Folder/Page_ProHance/span_Top Applications For All Groups_drilld_ef368b"), Delay)
2026-01-28 16:56:25.008 DEBUG testcase.ActivityDashBoard               - 9: click(findTestObject("Object Repository/Organization Settings/New Folder/Page_ProHance/span_Top Applications For All Groups_drilld_ef368b"))
2026-01-28 16:56:25.591 DEBUG testcase.ActivityDashBoard               - 10: switchToWindowIndex(1)
2026-01-28 16:56:25.803 DEBUG testcase.ActivityDashBoard               - 11: waitForPageLoad(Delay, STOP_ON_FAILURE)
2026-01-28 16:56:25.880 DEBUG testcase.ActivityDashBoard               - 12: rows = com.prohancewebapplication.webtable.Table.webTableDataReader(findTestObject("Object Repository/Organization Settings/Activity DashBoard/TopApplicationWebTable/FirstDrillDown/table_Id"), findTestObject("Object Repository/Organization Settings/Activity DashBoard/TopApplicationWebTable/FirstDrillDown/table_tr"))
2026-01-28 16:56:28.099 INFO  k.k.c.m.CustomKeywordDelegatingMetaClass - com.prohancewebapplication.webtable.Table.webTableDataReader is PASSED
2026-01-28 16:56:28.107 DEBUG testcase.ActivityDashBoard               - 13: if (rows != null)
2026-01-28 16:56:28.109 DEBUG testcase.ActivityDashBoard               - 1: com.prohancewebapplication.webtable.Table.webTableDataWriter(rows)
2026-01-28 16:56:28.790 INFO  com.kms.katalon.core.util.KeywordUtil    - Row 0:  | Rank | Activity | Duration | #Users | #Switches | Rating | Category | 
2026-01-28 16:56:29.148 INFO  com.kms.katalon.core.util.KeywordUtil    - Row 1:  | 1 | Eclipse | 8d 11 : 41 : 56 | 6 | 31942 | +2 | Development Tools | 
2026-01-28 16:56:29.492 INFO  com.kms.katalon.core.util.KeywordUtil    - Row 2:  | 2 | XCode | 5d 02 : 16 : 51 | 5 | 6492 | +2 | Development Tools | 
2026-01-28 16:56:29.872 INFO  com.kms.katalon.core.util.KeywordUtil    - Row 3:  | 3 | ProHance | 3d 22 : 46 : 36 | 6 | 16796 | +2 | Business Tools | 
2026-01-28 16:56:30.256 INFO  com.kms.katalon.core.util.KeywordUtil    - Row 4:  | 4 | Notepad | 2d 03 : 03 : 03 | 6 | 7549 | +2 | Development Tools | 
2026-01-28 16:56:30.642 INFO  com.kms.katalon.core.util.KeywordUtil    - Row 5:  | 5 | MS Teams | 2d 00 : 24 : 14 | 6 | 5308 | +2 | Communication Tools | 
2026-01-28 16:56:31.093 INFO  com.kms.katalon.core.util.KeywordUtil    - Row 6:  | 6 | UNKNOWN AOS | 1d 16 : 14 : 33 | 6 | 7178 |  |  | 
2026-01-28 16:56:31.435 INFO  com.kms.katalon.core.util.KeywordUtil    - Row 7:  | 7 | Email Applications | 1d 05 : 30 : 50 | 6 | 2553 | +2 | Communication Tools | 
2026-01-28 16:56:31.762 INFO  com.kms.katalon.core.util.KeywordUtil    - Row 8:  | 8 | Excel | 1d 02 : 53 : 56 | 6 | 6197 | +2 | Documentation Tools | 
2026-01-28 16:56:32.105 INFO  com.kms.katalon.core.util.KeywordUtil    - Row 9:  | 9 | Remote Desktop | 18 : 16 : 38 | 1 | 1348 | +1 | Support Tools | 
2026-01-28 16:56:32.474 INFO  com.kms.katalon.core.util.KeywordUtil    - Row 10:  | 10 | Files & Folders | 14 : 12 : 41 | 6 | 6212 | 0 | System Tools | 
2026-01-28 16:56:32.972 INFO  com.kms.katalon.core.util.KeywordUtil    - Row 11:  | 11 | General Web Browsing | 13 : 09 : 23 | 6 | 1942 | 0 | Documentation Tools | 
2026-01-28 16:56:33.307 INFO  com.kms.katalon.core.util.KeywordUtil    - Row 12:  | 12 | CAST Application | 11 : 38 : 14 | 4 | 915 | +2 | Development Tools | 
2026-01-28 16:56:33.662 INFO  com.kms.katalon.core.util.KeywordUtil    - Row 13:  | 13 | Windows Components | 10 : 52 : 25 | 6 | 7372 | +2 | Support Tools | 
2026-01-28 16:56:33.988 INFO  com.kms.katalon.core.util.KeywordUtil    - Row 14:  | 14 | Advanced Rest Client | 07 : 08 : 58 | 4 | 1214 | 0 | Documentation Tools | 
2026-01-28 16:56:34.347 INFO  com.kms.katalon.core.util.KeywordUtil    - Row 15:  | 15 | Chat GPT | 06 : 21 : 05 | 6 | 1051 | +2 | Business Tools | 
2026-01-28 16:56:34.672 INFO  com.kms.katalon.core.util.KeywordUtil    - Row 16:  | 16 | Electron | 06 : 09 : 12 | 2 | 650 | +2 | Development Tools | 
2026-01-28 16:56:35.011 INFO  com.kms.katalon.core.util.KeywordUtil    - Row 17:  | 17 | Word | 05 : 23 : 07 | 2 | 395 | +2 | Documentation Tools | 
2026-01-28 16:56:35.354 INFO  com.kms.katalon.core.util.KeywordUtil    - Row 18:  | 18 | Customer Connect Apps | 04 : 58 : 58 | 5 | 314 | +2 | Support Tools | 
2026-01-28 16:56:35.680 INFO  com.kms.katalon.core.util.KeywordUtil    - Row 19:  | 19 | Techmate Application | 04 : 19 : 52 | 4 | 370 | +2 | Support Tools | 
2026-01-28 16:56:36.030 INFO  com.kms.katalon.core.util.KeywordUtil    - Row 20:  | 20 | Tutorials | 03 : 28 : 36 | 6 | 299 | +1 | Documentation Tools | 
2026-01-28 16:56:36.353 INFO  com.kms.katalon.core.util.KeywordUtil    - Row 21:  | 21 | MYSQL Server | 02 : 29 : 02 | 3 | 378 | +2 | Development Tools | 
2026-01-28 16:56:36.673 INFO  com.kms.katalon.core.util.KeywordUtil    - Row 22:  | 22 | Jenkins | 01 : 53 : 42 | 5 | 352 | +2 | Development Tools | 
2026-01-28 16:56:37.005 INFO  com.kms.katalon.core.util.KeywordUtil    - Row 23:  | 23 | MS Visual Studio | 00 : 51 : 06 | 2 | 83 | +2 | Development Tools | 
2026-01-28 16:56:37.317 INFO  com.kms.katalon.core.util.KeywordUtil    - Row 24:  | 24 | Browser Extensions and Addons | 00 : 45 : 47 | 4 | 115 | +2 | Development Tools | 
2026-01-28 16:56:37.653 INFO  com.kms.katalon.core.util.KeywordUtil    - Row 25:  | 25 | Unproductive Sites | 00 : 38 : 10 | 6 | 159 | -2 | Unproductive | 
2026-01-28 16:56:37.979 INFO  com.kms.katalon.core.util.KeywordUtil    - Row 26:  | 26 | License Portal | 00 : 29 : 05 | 6 | 137 | 0 | Documentation Tools | 
2026-01-28 16:56:38.307 INFO  com.kms.katalon.core.util.KeywordUtil    - Row 27:  | 27 | Power Point | 00 : 21 : 20 | 1 | 20 | +2 | Documentation Tools | 
2026-01-28 16:56:38.620 INFO  com.kms.katalon.core.util.KeywordUtil    - Row 28:  | 28 | Personal Time | 00 : 18 : 00 | 2 | 5 |  |  | 
2026-01-28 16:56:38.985 INFO  com.kms.katalon.core.util.KeywordUtil    - Row 29:  | 29 | Grey Tip HR | 00 : 14 : 15 | 3 | 29 | 0 | Internal Applications | 
2026-01-28 16:56:39.371 INFO  com.kms.katalon.core.util.KeywordUtil    - Row 30:  | 30 | IP Messenger | 00 : 09 : 37 | 2 | 36 | +1 | Communication Tools | 
2026-01-28 16:56:39.710 INFO  com.kms.katalon.core.util.KeywordUtil    - Row 31:  | 31 | LinkedIn | 00 : 01 : 54 | 1 | 10 | 0 | Communication Tools | 
2026-01-28 16:56:40.054 INFO  com.kms.katalon.core.util.KeywordUtil    - Row 32:  | 32 | MSSQL Server | 00 : 00 : 24 | 1 | 5 | +2 | Development Tools | 
2026-01-28 16:56:40.408 INFO  com.kms.katalon.core.util.KeywordUtil    - Row 33:  | 33 | Paint | 00 : 00 : 16 | 2 | 5 | 0 | Documentation Tools | 
2026-01-28 16:56:40.408 INFO  k.k.c.m.CustomKeywordDelegatingMetaClass - com.prohancewebapplication.webtable.Table.webTableDataWriter is PASSED
2026-01-28 16:56:40.408 DEBUG testcase.ActivityDashBoard               - 14: executeJavaScript("window.scrollTo(0, document.body.scrollHeight);", null)
2026-01-28 16:56:40.437 DEBUG testcase.ActivityDashBoard               - 15: com.prohancewebapplication.file.FileSizeFinder.exisitingFileDelete()
C:\Users\gopal.s\Downloads
2026-01-28 16:56:40.517 INFO  k.k.c.m.CustomKeywordDelegatingMetaClass - com.prohancewebapplication.file.FileSizeFinder.exisitingFileDelete is PASSED
2026-01-28 16:56:40.530 DEBUG testcase.ActivityDashBoard               - 16: explort = ((exportType != null)) ? exportType : false
2026-01-28 16:56:40.536 DEBUG testcase.ActivityDashBoard               - 17: browserName = getExecutedBrowser()
2026-01-28 16:56:40.543 DEBUG testcase.ActivityDashBoard               - 18: logInfo("Browser Name :" + " " + browserName)
2026-01-28 16:56:40.546 INFO  com.kms.katalon.core.util.KeywordUtil    - Browser Name : Edge Chromium
2026-01-28 16:56:40.547 DEBUG testcase.ActivityDashBoard               - 19: xPath = com.prohanceebapplication.common.Export.export(explort)
2026-01-28 16:56:40.557 INFO  k.k.c.m.CustomKeywordDelegatingMetaClass - com.prohanceebapplication.common.Export.export is PASSED
2026-01-28 16:56:40.560 DEBUG testcase.ActivityDashBoard               - 20: out.println(xPath)
//span[.//img[@title='Export to Excel']]
2026-01-28 16:56:40.560 DEBUG testcase.ActivityDashBoard               - 21: if (xPath != null)
2026-01-28 16:56:40.560 DEBUG testcase.ActivityDashBoard               - 1: exportSpan = new com.kms.katalon.core.testobject.TestObject()
2026-01-28 16:56:40.560 DEBUG testcase.ActivityDashBoard               - 2: exportSpan.addProperty("xpath", EQUALS, xPath)
2026-01-28 16:56:40.571 DEBUG testcase.ActivityDashBoard               - 3: waitForElementPresent(exportSpan, Delay)
2026-01-28 16:56:40.867 DEBUG testcase.ActivityDashBoard               - 4: el = findWebElement(exportSpan, Delay)
2026-01-28 16:56:41.154 DEBUG testcase.ActivityDashBoard               - 5: executeJavaScript("arguments[0].scrollIntoView(true);", Arrays.asList(el))
2026-01-28 16:56:41.186 DEBUG testcase.ActivityDashBoard               - 6: executeJavaScript("arguments[0].click();", Arrays.asList(el))
2026-01-28 16:56:44.249 DEBUG testcase.ActivityDashBoard               - 22: com.prohancewebapplication.file.FileSizeFinder.fileSize()
2026-01-28 16:56:44.268 INFO  k.k.c.m.CustomKeywordDelegatingMetaClass - com.prohancewebapplication.file.FileSizeFinder.fileSize is PASSED
2026-01-28 16:56:44.273 DEBUG testcase.ActivityDashBoard               - 23: switchToDefaultContent()
2026-01-28 16:56:44.365 DEBUG testcase.ActivityDashBoard               - 24: closeWindowIndex(1)
2026-01-28 16:56:44.512 DEBUG testcase.ActivityDashBoard               - 25: switchToWindowIndex(0)
2026-01-28 16:56:44.539 INFO  c.k.katalon.core.main.TestCaseExecutor   - END CALL Test Cases/ProhanceWeb/Organization Settings/Activity DashBoard/ActivityDashBoard
2026-01-28 16:56:44.539 INFO  c.k.katalon.core.main.TestCaseExecutor   - --------------------
2026-01-28 16:56:44.541 DEBUG testcase.General_TC                      - 3: callTestCase(findTestCase("Test Cases/ProhanceWeb/LogOut_Page/LogOut"), [:])
2026-01-28 16:56:44.630 INFO  c.k.katalon.core.main.TestCaseExecutor   - --------------------
2026-01-28 16:56:44.632 INFO  c.k.katalon.core.main.TestCaseExecutor   - CALL Test Cases/ProhanceWeb/LogOut_Page/LogOut
2026-01-28 16:56:44.961 DEBUG testcase.LogOut                          - 1: try
2026-01-28 16:56:44.968 DEBUG testcase.LogOut                          - 1: waitForElementPresent(findTestObject("Object Repository/Logout/userProfileIcon"), Delay)
2026-01-28 16:56:45.366 DEBUG testcase.LogOut                          - 2: click(findTestObject("Object Repository/Logout/userProfileIcon"), STOP_ON_FAILURE)
2026-01-28 16:56:45.845 DEBUG testcase.LogOut                          - 3: waitForElementPresent(findTestObject("Object Repository/Logout/logOut"), Delay)
2026-01-28 16:56:46.367 DEBUG testcase.LogOut                          - 4: click(findTestObject("Object Repository/Logout/logOut"), STOP_ON_FAILURE)
2026-01-28 16:56:47.074 INFO  c.k.katalon.core.main.TestCaseExecutor   - END CALL Test Cases/ProhanceWeb/LogOut_Page/LogOut
2026-01-28 16:56:47.074 INFO  c.k.katalon.core.main.TestCaseExecutor   - --------------------
2026-01-28 16:56:47.079 INFO  c.k.katalon.core.main.TestCaseExecutor   - END Test Cases/ProhanceWeb/General_TC/General_TC
2026-01-28 16:56:47.601 INFO  c.k.katalon.core.main.TestSuiteExecutor  - --------------------
2026-01-28 16:56:47.601 INFO  c.k.katalon.core.main.TestSuiteExecutor  - END Test Suites/general
2026-01-28 16:56:47.601 INFO  c.k.katalon.core.main.TestSuiteExecutor  - ====================
