2026-01-30 13:31:02.294 INFO  c.k.k.c.l.logback.LogbackConfigurator    - Logback default configuration initialized from: E:\Katalon_Studio_Windows_64-11.0.0\Katalon_Studio_Windows_64-11.0.0\configuration\org.eclipse.osgi\148\0\.cp\resources\logback\logback-execution.xml
2026-01-30 13:31:02.300 INFO  c.k.k.c.l.logback.LogbackConfigurator    - Logback custom configuration initialized from: E:\ProhanceWebApplication\Include\config\log.properties
2026-01-30 13:31:02.480 INFO  c.k.katalon.core.main.TestSuiteExecutor  - START Test Suites/Login_Genaral
2026-01-30 13:31:02.655 INFO  c.k.katalon.core.main.TestSuiteExecutor  - userFullName = Gopal
2026-01-30 13:31:02.657 INFO  c.k.katalon.core.main.TestSuiteExecutor  - projectName = ProhanceWebApplication
2026-01-30 13:31:02.658 INFO  c.k.katalon.core.main.TestSuiteExecutor  - hostName = gopal.s - JAMOCHA57.jamochahq.local
2026-01-30 13:31:02.660 INFO  c.k.katalon.core.main.TestSuiteExecutor  - os = Windows 11 64bit
2026-01-30 13:31:02.661 INFO  c.k.katalon.core.main.TestSuiteExecutor  - hostAddress = 10.10.10.136
2026-01-30 13:31:02.662 INFO  c.k.katalon.core.main.TestSuiteExecutor  - katalonVersion = 11.0.0.0
2026-01-30 13:31:03.265 INFO  c.k.katalon.core.main.TestCaseExecutor   - --------------------
2026-01-30 13:31:03.265 INFO  c.k.katalon.core.main.TestCaseExecutor   - START Test Cases/ProhanceWeb/Login_Page/Login
2026-01-30 13:31:03.360 INFO  c.k.katalon.core.main.TestCaseExecutor   - userName = tsL9urF6O/D/xURRxzj/8w==
2026-01-30 13:31:03.361 INFO  c.k.katalon.core.main.TestCaseExecutor   - password = HeCM15nHKBI=
2026-01-30 13:31:03.878 DEBUG testcase.Login                           - 1: openBrowser("")
2026-01-30 13:31:04.259 INFO  c.k.k.core.webui.driver.DriverFactory    - Starting 'Chrome' driver
2026-01-30 13:31:04.266 INFO  c.k.k.c.w.util.WebDriverPropertyUtil     - User set preference: ['args', '[--allow-running-insecure-content, --ignore-certificate-errors, --disable-web-security, --unsafely-treat-insecure-origin-as-secure=http://10.10.10.157:1001/prohance]']
2026-01-30 13:31:04.267 INFO  c.k.k.c.w.util.WebDriverPropertyUtil     - User set preference: ['prefs', '{download.default_directory=C:/Users/gopal.s/Downloads, download.prompt_for_download=false, download.directory_upgrade=true, profile.default_content_setting_values.automatic_downloads=1, plugins.always_open_pdf_externally=true, safebrowsing.enabled=true}']
2026-01-30 13:31:04.330 INFO  c.k.k.core.webui.driver.DriverFactory    - Action delay is set to 0 milliseconds
Jan 30, 2026 1:31:06 PM org.openqa.selenium.devtools.CdpVersionFinder findNearestMatch
WARNING: Unable to find an exact match for CDP version 144, returning the closest version; found: 143; Please update to a Selenium version that supports CDP version 144
2026-01-30 13:31:07.641 INFO  c.k.k.core.webui.driver.DriverFactory    - sessionId = b95fddef44f9cc49454c9821abf2fcbb
2026-01-30 13:31:07.642 INFO  c.k.k.core.webui.driver.DriverFactory    - browser = Chrome 144.0.7559.98
2026-01-30 13:31:07.643 INFO  c.k.k.core.webui.driver.DriverFactory    - platform = Windows 11
2026-01-30 13:31:07.644 INFO  c.k.k.core.webui.driver.DriverFactory    - seleniumVersion = 4.39.0
2026-01-30 13:31:07.659 INFO  c.k.k.core.webui.driver.DriverFactory    - proxyInformation = ProxyInformation { proxyOption=NO_PROXY, proxyServerType=HTTP, username=, password=********, proxyServerAddress=, proxyServerPort=0, executionList="", isApplyToDesiredCapabilities=true }
2026-01-30 13:31:07.708 DEBUG testcase.Login                           - 2: maximizeWindow()
2026-01-30 13:31:07.793 DEBUG testcase.Login                           - 3: waitForPageLoad(Delay, CONTINUE_ON_FAILURE)
2026-01-30 13:31:08.176 DEBUG testcase.Login                           - 4: navigateToUrl(URL)
2026-01-30 13:31:08.564 DEBUG testcase.Login                           - 5: try
2026-01-30 13:31:08.575 DEBUG testcase.Login                           - 1: setEncryptedText(findTestObject("Object Repository/Login/userName"), userName)
2026-01-30 13:31:09.468 DEBUG testcase.Login                           - 2: setEncryptedText(findTestObject("Object Repository/Login/Password"), password)
2026-01-30 13:31:10.047 DEBUG testcase.Login                           - 3: waitForElementClickable(findTestObject("Object Repository/Login/login_btn"), Delay)
2026-01-30 13:31:10.446 DEBUG testcase.Login                           - 4: click(findTestObject("Object Repository/Login/login_btn"))
2026-01-30 13:31:10.937 DEBUG testcase.Login                           - 5: if (waitForElementPresent(findTestObject("Object Repository/Login/session_Distroysession"), Delay, OPTIONAL))
2026-01-30 13:31:11.673 DEBUG testcase.Login                           - 1: waitForElementClickable(findTestObject("Object Repository/Login/session_Distroysession"), Delay, OPTIONAL)
2026-01-30 13:31:11.989 DEBUG testcase.Login                           - 2: click(findTestObject("Object Repository/Login/session_Distroysession"))
2026-01-30 13:31:12.465 DEBUG testcase.Login                           - 6: if (waitForElementPresent(findTestObject("Object Repository/Common/Accept Cookies"), Delay, OPTIONAL))
2026-01-30 13:31:13.533 DEBUG testcase.Login                           - 1: waitForElementClickable(findTestObject("Object Repository/Common/Accept Cookies"), Delay, OPTIONAL)
2026-01-30 13:31:13.836 DEBUG testcase.Login                           - 2: click(findTestObject("Object Repository/Common/Accept Cookies"))
2026-01-30 13:31:14.263 DEBUG testcase.Login                           - 7: Finally
2026-01-30 13:31:14.266 DEBUG testcase.Login                           - 1: timestamp = Date().format("yyyyMMdd_HHmmss")
2026-01-30 13:31:14.282 INFO  c.k.katalon.core.main.TestCaseExecutor   - END Test Cases/ProhanceWeb/Login_Page/Login
2026-01-30 13:31:14.302 INFO  c.k.katalon.core.main.TestCaseExecutor   - --------------------
2026-01-30 13:31:14.302 INFO  c.k.katalon.core.main.TestCaseExecutor   - START Test Cases/ProhanceWeb/Organization Settings/Work Time/Activity DashBoard/ActivityDashBoard
2026-01-30 13:31:14.573 INFO  c.k.katalon.core.main.TestCaseExecutor   - exportType = excel
2026-01-30 13:31:14.574 INFO  c.k.katalon.core.main.TestCaseExecutor   - isFileDownload = true
2026-01-30 13:31:14.578 INFO  c.k.katalon.core.main.TestCaseExecutor   - isDataValion = true
2026-01-30 13:31:14.818 DEBUG testcase.ActivityDashBoard               - 1: explort = null
2026-01-30 13:31:14.822 DEBUG testcase.ActivityDashBoard               - 2: rows = null
2026-01-30 13:31:14.829 DEBUG testcase.ActivityDashBoard               - 3: webData = []
2026-01-30 13:31:14.832 DEBUG testcase.ActivityDashBoard               - 4: if (waitForElementPresent(findTestObject("Object Repository/Organization Settings/New Folder/Page_ProHance/a_WORK TIME"), Delay))
2026-01-30 13:31:15.112 DEBUG testcase.ActivityDashBoard               - 1: waitForElementClickable(findTestObject("Object Repository/Organization Settings/New Folder/Page_ProHance/a_WORK TIME"), Delay)
2026-01-30 13:31:15.425 DEBUG testcase.ActivityDashBoard               - 2: click(findTestObject("Object Repository/Organization Settings/New Folder/Page_ProHance/a_WORK TIME"))
2026-01-30 13:31:15.800 DEBUG testcase.ActivityDashBoard               - 3: waitForElementClickable(findTestObject("Object Repository/Organization Settings/New Folder/Page_ProHance/a_ACTIVITY DASHBOARD"), Delay)
2026-01-30 13:31:16.145 DEBUG testcase.ActivityDashBoard               - 4: click(findTestObject("Object Repository/Organization Settings/New Folder/Page_ProHance/a_ACTIVITY DASHBOARD"))
2026-01-30 13:31:16.529 DEBUG testcase.ActivityDashBoard               - 5: waitForElementClickable(findTestObject("Object Repository/Organization Settings/New Folder/Page_ProHance/First_Container"), Delay, STOP_ON_FAILURE)
2026-01-30 13:31:18.497 DEBUG testcase.ActivityDashBoard               - 6: click(findTestObject("Object Repository/Organization Settings/New Folder/Page_ProHance/First_Container"))
2026-01-30 13:31:19.319 DEBUG testcase.ActivityDashBoard               - 7: waitForPageLoad(Delay, STOP_ON_FAILURE)
2026-01-30 13:31:19.372 DEBUG testcase.ActivityDashBoard               - 8: waitForElementClickable(findTestObject("Object Repository/Organization Settings/New Folder/Page_ProHance/span_Top Applications For All Groups_drilld_ef368b"), Delay)
2026-01-30 13:31:20.039 DEBUG testcase.ActivityDashBoard               - 9: click(findTestObject("Object Repository/Organization Settings/New Folder/Page_ProHance/span_Top Applications For All Groups_drilld_ef368b"))
2026-01-30 13:31:20.643 DEBUG testcase.ActivityDashBoard               - 10: switchToWindowIndex(1)
2026-01-30 13:31:20.887 DEBUG testcase.ActivityDashBoard               - 11: waitForPageLoad(Delay, STOP_ON_FAILURE)
2026-01-30 13:31:21.018 DEBUG testcase.ActivityDashBoard               - 12: driver = getWebDriver()
2026-01-30 13:31:21.020 DEBUG testcase.ActivityDashBoard               - 13: headers = 
2026-01-30 13:31:21.024 DEBUG testcase.ActivityDashBoard               - 14: headerCount = xpath("//table[@id='topAppsDetailsList']//th//*[self::span or self::a]")).size()
2026-01-30 13:31:23.652 DEBUG testcase.ActivityDashBoard               - 15: for ([i = 0, i < headerCount, (i++)])
2026-01-30 13:31:23.654 DEBUG testcase.ActivityDashBoard               - 1: headers = driver.findElements(By.xpath("//table[@id='topAppsDetailsList']//th//*[self::span or self::a]"))
2026-01-30 13:31:23.939 DEBUG testcase.ActivityDashBoard               - 2: executeJavaScript("arguments[0].scrollIntoView(true);", Arrays.asList(headers.get(i)))
2026-01-30 13:31:24.012 DEBUG testcase.ActivityDashBoard               - 3: executeJavaScript("arguments[0].click();", Arrays.asList(headers.get(i)))
2026-01-30 13:31:24.064 DEBUG testcase.ActivityDashBoard               - 4: delay(1)
2026-01-30 13:31:25.116 DEBUG testcase.ActivityDashBoard               - 5: com.prohancewebapplication.webtable.Table.verifySorting(driver, i, "ASC")
2026-01-30 13:31:34.641 WARN  com.kms.katalon.core.util.KeywordUtil    - actual : [, , , , , , , , , , , , , , , , , , , , , , , , , , , , , , , , ]
2026-01-30 13:31:34.643 WARN  com.kms.katalon.core.util.KeywordUtil    - expected : [, , , , , , , , , , , , , , , , , , , , , , , , , , , , , , , , ]
2026-01-30 13:31:34.643 INFO  k.k.c.m.CustomKeywordDelegatingMetaClass - com.prohancewebapplication.webtable.Table.verifySorting is PASSED
2026-01-30 13:31:34.645 DEBUG testcase.ActivityDashBoard               - 6: headers = driver.findElements(By.xpath("//table[@id='topAppsDetailsList']//th//*[self::span or self::a]"))
2026-01-30 13:31:34.902 DEBUG testcase.ActivityDashBoard               - 7: executeJavaScript("arguments[0].click();", Arrays.asList(headers.get(i)))
2026-01-30 13:31:34.936 DEBUG testcase.ActivityDashBoard               - 8: delay(1)
2026-01-30 13:31:35.949 DEBUG testcase.ActivityDashBoard               - 9: com.prohancewebapplication.webtable.Table.verifySorting(driver, i, "DESC")
2026-01-30 13:31:45.461 WARN  com.kms.katalon.core.util.KeywordUtil    - actual : [, , , , , , , , , , , , , , , , , , , , , , , , , , , , , , , , ]
2026-01-30 13:31:45.461 WARN  com.kms.katalon.core.util.KeywordUtil    - expected : [, , , , , , , , , , , , , , , , , , , , , , , , , , , , , , , , ]
2026-01-30 13:31:45.462 INFO  k.k.c.m.CustomKeywordDelegatingMetaClass - com.prohancewebapplication.webtable.Table.verifySorting is PASSED
2026-01-30 13:31:45.463 DEBUG testcase.ActivityDashBoard               - 1: headers = driver.findElements(By.xpath("//table[@id='topAppsDetailsList']//th//*[self::span or self::a]"))
2026-01-30 13:31:45.721 DEBUG testcase.ActivityDashBoard               - 2: executeJavaScript("arguments[0].scrollIntoView(true);", Arrays.asList(headers.get(i)))
2026-01-30 13:31:45.736 DEBUG testcase.ActivityDashBoard               - 3: executeJavaScript("arguments[0].click();", Arrays.asList(headers.get(i)))
2026-01-30 13:31:45.764 DEBUG testcase.ActivityDashBoard               - 4: delay(1)
2026-01-30 13:31:46.768 DEBUG testcase.ActivityDashBoard               - 5: com.prohancewebapplication.webtable.Table.verifySorting(driver, i, "ASC")
2026-01-30 13:31:56.060 WARN  com.kms.katalon.core.util.KeywordUtil    - actual : [14, 24, 12, 15, 18, 1, 16, 7, 8, 10, 11, 29, 30, 22, 26, 31, 5, 23, 32, 21, 4, 33, 28, 27, 3, 9, 19, 20, 6, 25, 13, 17, 2]
2026-01-30 13:31:56.061 WARN  com.kms.katalon.core.util.KeywordUtil    - expected : [1, 10, 11, 12, 13, 14, 15, 16, 17, 18, 19, 2, 20, 21, 22, 23, 24, 25, 26, 27, 28, 29, 3, 30, 31, 32, 33, 4, 5, 6, 7, 8, 9]
2026-01-30 13:31:56.061 INFO  k.k.c.m.CustomKeywordDelegatingMetaClass - com.prohancewebapplication.webtable.Table.verifySorting is PASSED
2026-01-30 13:31:56.062 DEBUG testcase.ActivityDashBoard               - 6: headers = driver.findElements(By.xpath("//table[@id='topAppsDetailsList']//th//*[self::span or self::a]"))
2026-01-30 13:31:56.305 DEBUG testcase.ActivityDashBoard               - 7: executeJavaScript("arguments[0].click();", Arrays.asList(headers.get(i)))
2026-01-30 13:31:56.334 DEBUG testcase.ActivityDashBoard               - 8: delay(1)
2026-01-30 13:31:57.345 DEBUG testcase.ActivityDashBoard               - 9: com.prohancewebapplication.webtable.Table.verifySorting(driver, i, "DESC")
2026-01-30 13:32:06.586 WARN  com.kms.katalon.core.util.KeywordUtil    - actual : [2, 17, 13, 25, 6, 20, 19, 9, 3, 27, 28, 33, 4, 21, 32, 23, 5, 31, 26, 22, 30, 29, 11, 10, 8, 7, 16, 1, 18, 15, 12, 24, 14]
2026-01-30 13:32:06.586 WARN  com.kms.katalon.core.util.KeywordUtil    - expected : [9, 8, 7, 6, 5, 4, 33, 32, 31, 30, 3, 29, 28, 27, 26, 25, 24, 23, 22, 21, 20, 2, 19, 18, 17, 16, 15, 14, 13, 12, 11, 10, 1]
2026-01-30 13:32:06.587 INFO  k.k.c.m.CustomKeywordDelegatingMetaClass - com.prohancewebapplication.webtable.Table.verifySorting is PASSED
2026-01-30 13:32:06.587 DEBUG testcase.ActivityDashBoard               - 1: headers = driver.findElements(By.xpath("//table[@id='topAppsDetailsList']//th//*[self::span or self::a]"))
2026-01-30 13:32:06.825 DEBUG testcase.ActivityDashBoard               - 2: executeJavaScript("arguments[0].scrollIntoView(true);", Arrays.asList(headers.get(i)))
2026-01-30 13:32:06.845 DEBUG testcase.ActivityDashBoard               - 3: executeJavaScript("arguments[0].click();", Arrays.asList(headers.get(i)))
2026-01-30 13:32:06.872 DEBUG testcase.ActivityDashBoard               - 4: delay(1)
2026-01-30 13:32:07.875 DEBUG testcase.ActivityDashBoard               - 5: com.prohancewebapplication.webtable.Table.verifySorting(driver, i, "ASC")
