2026-01-25 15:47:18.639 INFO  c.k.k.c.l.logback.LogbackConfigurator    - Logback default configuration initialized from: C:\Users\KRISHNA\.katalon\packages\KSE-10.4.3\configuration\org.eclipse.osgi\133\0\.cp\resources\logback\logback-execution.xml
2026-01-25 15:47:18.643 INFO  c.k.k.c.l.logback.LogbackConfigurator    - Logback custom configuration initialized from: C:\Users\KRISHNA\git\ProhanceWebApplication\Include\config\log.properties
2026-01-25 15:47:19.007 INFO  c.k.katalon.core.main.TestSuiteExecutor  - START Test Suites/Login_Genaral
2026-01-25 15:47:19.077 INFO  c.k.katalon.core.main.TestSuiteExecutor  - userFullName = Gopal
2026-01-25 15:47:19.078 INFO  c.k.katalon.core.main.TestSuiteExecutor  - projectName = ProhanceWebApplication
2026-01-25 15:47:19.078 INFO  c.k.katalon.core.main.TestSuiteExecutor  - hostName = KRISHNA - krishna
2026-01-25 15:47:19.079 INFO  c.k.katalon.core.main.TestSuiteExecutor  - os = Windows 11 64bit
2026-01-25 15:47:19.079 INFO  c.k.katalon.core.main.TestSuiteExecutor  - hostAddress = 192.168.0.9
2026-01-25 15:47:19.080 INFO  c.k.katalon.core.main.TestSuiteExecutor  - katalonVersion = 10.4.3.0
2026-01-25 15:47:19.537 INFO  c.k.katalon.core.main.TestCaseExecutor   - --------------------
2026-01-25 15:47:19.537 INFO  c.k.katalon.core.main.TestCaseExecutor   - START Test Cases/ProhanceWeb/Login_Page/Login
2026-01-25 15:47:19.604 INFO  c.k.katalon.core.main.TestCaseExecutor   - userName = tsL9urF6O/D/xURRxzj/8w==
2026-01-25 15:47:19.604 INFO  c.k.katalon.core.main.TestCaseExecutor   - password = tsL9urF6O/APwsPS+50KRA==
2026-01-25 15:47:19.937 DEBUG testcase.Login                           - 1: openBrowser("")
2026-01-25 15:47:20.162 INFO  c.k.k.core.webui.driver.DriverFactory    - Starting 'Chrome' driver
2026-01-25 15:47:20.218 INFO  c.k.k.core.webui.driver.DriverFactory    - Action delay is set to 0 milliseconds
Jan 25, 2026 3:47:21 PM org.openqa.selenium.devtools.CdpVersionFinder findNearestMatch
WARNING: Unable to find an exact match for CDP version 144, returning the closest version; found: 142; Please update to a Selenium version that supports CDP version 144
2026-01-25 15:47:21.930 INFO  c.k.k.core.webui.driver.DriverFactory    - sessionId = fa8c8fa0ed05e748eca99f50bc50a902
2026-01-25 15:47:21.931 INFO  c.k.k.core.webui.driver.DriverFactory    - browser = Chrome 144.0.7559.97
2026-01-25 15:47:21.932 INFO  c.k.k.core.webui.driver.DriverFactory    - platform = Windows 11
2026-01-25 15:47:21.932 INFO  c.k.k.core.webui.driver.DriverFactory    - seleniumVersion = 4.34.0
2026-01-25 15:47:21.940 INFO  c.k.k.core.webui.driver.DriverFactory    - proxyInformation = ProxyInformation { proxyOption=NO_PROXY, proxyServerType=HTTP, username=, password=********, proxyServerAddress=, proxyServerPort=0, executionList="", isApplyToDesiredCapabilities=true }
2026-01-25 15:47:21.982 DEBUG testcase.Login                           - 2: maximizeWindow()
2026-01-25 15:47:22.034 DEBUG testcase.Login                           - 3: waitForPageLoad(Delay, CONTINUE_ON_FAILURE)
2026-01-25 15:47:22.321 DEBUG testcase.Login                           - 4: navigateToUrl(URL)
2026-01-25 15:47:23.958 DEBUG testcase.Login                           - 5: try
2026-01-25 15:47:23.971 DEBUG testcase.Login                           - 1: setEncryptedText(findTestObject("Object Repository/LoginOR/userName"), userName)
2026-01-25 15:47:24.550 DEBUG testcase.Login                           - 2: setEncryptedText(findTestObject("Object Repository/LoginOR/Password"), password)
2026-01-25 15:47:24.894 DEBUG testcase.Login                           - 3: waitForElementClickable(findTestObject("Object Repository/LoginOR/login_btn"), Delay)
2026-01-25 15:47:25.198 DEBUG testcase.Login                           - 4: click(findTestObject("Object Repository/LoginOR/login_btn"))
2026-01-25 15:47:25.574 DEBUG testcase.Login                           - 5: if (verifyElementPresent(findTestObject("Object Repository/LoginOR/session_Distroysession"), 2))
2026-01-25 15:47:26.334 DEBUG testcase.Login                           - 1: waitForElementClickable(findTestObject("Object Repository/LoginOR/session_Distroysession"), Delay)
2026-01-25 15:47:26.609 DEBUG testcase.Login                           - 2: click(findTestObject("Object Repository/LoginOR/session_Distroysession"))
2026-01-25 15:47:26.937 DEBUG testcase.Login                           - 6: if (verifyElementPresent(findTestObject("Object Repository/Common/Accept Cookies"), Delay))
2026-01-25 15:47:32.290 DEBUG testcase.Login                           - 1: waitForElementClickable(findTestObject("Object Repository/Common/Accept Cookies"), Delay)
2026-01-25 15:47:32.571 DEBUG testcase.Login                           - 2: click(findTestObject("Object Repository/Common/Accept Cookies"))
2026-01-25 15:47:32.884 DEBUG testcase.Login                           - 7: Finally
2026-01-25 15:47:32.885 DEBUG testcase.Login                           - 1: timestamp = Date().format("yyyyMMdd_HHmmss")
2026-01-25 15:47:32.900 INFO  c.k.katalon.core.main.TestCaseExecutor   - END Test Cases/ProhanceWeb/Login_Page/Login
2026-01-25 15:47:32.914 INFO  c.k.katalon.core.main.TestCaseExecutor   - --------------------
2026-01-25 15:47:32.914 INFO  c.k.katalon.core.main.TestCaseExecutor   - START Test Cases/ProhanceWeb/Organization Settings/Activity DashBoard/ActivityDashBoard
2026-01-25 15:47:32.979 INFO  c.k.katalon.core.main.TestCaseExecutor   - exportType = Pdf
2026-01-25 15:47:33.172 DEBUG testcase.ActivityDashBoard               - 1: explort = null
2026-01-25 15:47:33.172 DEBUG testcase.ActivityDashBoard               - 2: if (verifyElementPresent(findTestObject("Object Repository/Organization Settings/New Folder/Page_ProHance/a_WORK TIME"), Delay))
2026-01-25 15:47:33.421 DEBUG testcase.ActivityDashBoard               - 1: waitForElementClickable(findTestObject("Object Repository/Organization Settings/New Folder/Page_ProHance/a_WORK TIME"), Delay)
2026-01-25 15:47:33.691 DEBUG testcase.ActivityDashBoard               - 2: click(findTestObject("Object Repository/Organization Settings/New Folder/Page_ProHance/a_WORK TIME"))
2026-01-25 15:47:33.999 DEBUG testcase.ActivityDashBoard               - 3: waitForElementClickable(findTestObject("Object Repository/Organization Settings/New Folder/Page_ProHance/a_ACTIVITY DASHBOARD"), Delay)
2026-01-25 15:47:34.271 DEBUG testcase.ActivityDashBoard               - 4: click(findTestObject("Object Repository/Organization Settings/New Folder/Page_ProHance/a_ACTIVITY DASHBOARD"))
2026-01-25 15:47:34.574 DEBUG testcase.ActivityDashBoard               - 5: waitForElementClickable(findTestObject("Object Repository/Organization Settings/New Folder/Page_ProHance/span_Top Applications For All Groups_drilld_ef368b"), Delay)
2026-01-25 15:47:43.134 DEBUG testcase.ActivityDashBoard               - 6: click(findTestObject("Object Repository/Organization Settings/New Folder/Page_ProHance/span_Top Applications For All Groups_drilld_ef368b"))
2026-01-25 15:47:43.529 DEBUG testcase.ActivityDashBoard               - 7: switchToWindowIndex(1)
2026-01-25 15:47:43.632 DEBUG testcase.ActivityDashBoard               - 8: waitForPageLoad(Delay, STOP_ON_FAILURE)
2026-01-25 15:47:43.739 DEBUG testcase.ActivityDashBoard               - 9: executeJavaScript("window.scrollTo(0, document.body.scrollHeight);", null)
2026-01-25 15:47:43.758 DEBUG testcase.ActivityDashBoard               - 10: explort = ((exportType != null)) ? exportType : false
2026-01-25 15:47:43.758 DEBUG testcase.ActivityDashBoard               - 11: out.println(explort)
Pdf
2026-01-25 15:47:43.775 DEBUG testcase.ActivityDashBoard               - 12: xPath = com.prohanceebapplication.common.Export.export(explort)
2026-01-25 15:47:43.782 INFO  k.k.c.m.CustomKeywordDelegatingMetaClass - com.prohanceebapplication.common.Export.export is PASSED
2026-01-25 15:47:43.782 DEBUG testcase.ActivityDashBoard               - 13: out.println(xPath)
//span[.//img[@title='Export to PDF']]
2026-01-25 15:47:43.789 DEBUG testcase.ActivityDashBoard               - 14: if (xPath != null)
2026-01-25 15:47:43.789 DEBUG testcase.ActivityDashBoard               - 1: exportSpan = new com.kms.katalon.core.testobject.TestObject()
2026-01-25 15:47:43.789 DEBUG testcase.ActivityDashBoard               - 2: exportSpan.addProperty("xpath", EQUALS, xPath)
2026-01-25 15:47:43.798 DEBUG testcase.ActivityDashBoard               - 3: waitForElementPresent(exportSpan, Delay)
2026-01-25 15:47:47.810 DEBUG testcase.ActivityDashBoard               - 4: el = findWebElement(exportSpan, Delay)
2026-01-25 15:47:48.060 DEBUG testcase.ActivityDashBoard               - 5: executeJavaScript("arguments[0].scrollIntoView(true);", Arrays.asList(el))
2026-01-25 15:47:48.084 DEBUG testcase.ActivityDashBoard               - 6: executeJavaScript("arguments[0].click();", Arrays.asList(el))
2026-01-25 15:47:51.004 DEBUG testcase.ActivityDashBoard               - 15: com.prohancewebapplication.file.FileSizeFinder.fileSize()
Top Applications Details Report (1).xlsx 17370
Top Applications Details Report (2).xlsx 17371
Top Applications Details Report (3).xlsx 17369
Top Applications Details Report (4).xlsx 17370
Top Applications Details Report (5).xlsx 17370
Top Applications Details Report (6).xlsx 17370
Top Applications Details Report (7).xlsx 17370
Top Applications Details Report.xlsx 17371
2026-01-25 15:47:51.025 INFO  k.k.c.m.CustomKeywordDelegatingMetaClass - com.prohancewebapplication.file.FileSizeFinder.fileSize is PASSED
2026-01-25 15:47:51.025 DEBUG testcase.ActivityDashBoard               - 16: switchToDefaultContent()
2026-01-25 15:47:51.040 DEBUG testcase.ActivityDashBoard               - 17: closeWindowIndex(1)
2026-01-25 15:47:51.097 DEBUG testcase.ActivityDashBoard               - 18: delay(2)
2026-01-25 15:47:53.144 INFO  c.k.katalon.core.main.TestCaseExecutor   - END Test Cases/ProhanceWeb/Organization Settings/Activity DashBoard/ActivityDashBoard
2026-01-25 15:47:53.341 INFO  c.k.katalon.core.main.TestSuiteExecutor  - --------------------
2026-01-25 15:47:53.342 INFO  c.k.katalon.core.main.TestSuiteExecutor  - END Test Suites/Login_Genaral
2026-01-25 15:47:53.342 INFO  c.k.katalon.core.main.TestSuiteExecutor  - ====================
