2026-01-27 23:14:34.022 INFO  c.k.k.c.l.logback.LogbackConfigurator    - Logback default configuration initialized from: C:\Users\KRISHNA\.katalon\packages\KSE-10.4.3\configuration\org.eclipse.osgi\133\0\.cp\resources\logback\logback-execution.xml
2026-01-27 23:14:34.027 INFO  c.k.k.c.l.logback.LogbackConfigurator    - Logback custom configuration initialized from: C:\Users\KRISHNA\git\ProhanceWebApplication\Include\config\log.properties
2026-01-27 23:14:34.579 INFO  c.k.katalon.core.main.TestSuiteExecutor  - START Test Suites/Login_Genaral
2026-01-27 23:14:34.702 INFO  c.k.katalon.core.main.TestSuiteExecutor  - userFullName = Gopal
2026-01-27 23:14:34.704 INFO  c.k.katalon.core.main.TestSuiteExecutor  - projectName = ProhanceWebApplication
2026-01-27 23:14:34.705 INFO  c.k.katalon.core.main.TestSuiteExecutor  - hostName = KRISHNA - krishna
2026-01-27 23:14:34.705 INFO  c.k.katalon.core.main.TestSuiteExecutor  - os = Windows 11 64bit
2026-01-27 23:14:34.706 INFO  c.k.katalon.core.main.TestSuiteExecutor  - hostAddress = 192.168.0.9
2026-01-27 23:14:34.707 INFO  c.k.katalon.core.main.TestSuiteExecutor  - katalonVersion = 10.4.3.0
2026-01-27 23:14:35.375 INFO  c.k.katalon.core.main.TestCaseExecutor   - --------------------
2026-01-27 23:14:35.375 INFO  c.k.katalon.core.main.TestCaseExecutor   - START Test Cases/ProhanceWeb/Login_Page/Login
2026-01-27 23:14:35.454 INFO  c.k.katalon.core.main.TestCaseExecutor   - userName = tsL9urF6O/D/xURRxzj/8w==
2026-01-27 23:14:35.455 INFO  c.k.katalon.core.main.TestCaseExecutor   - password = tsL9urF6O/APwsPS+50KRA==
2026-01-27 23:14:35.996 DEBUG testcase.Login                           - 1: openBrowser("")
2026-01-27 23:14:36.380 INFO  c.k.k.core.webui.driver.DriverFactory    - Starting 'Chrome' driver
2026-01-27 23:14:36.530 INFO  c.k.k.core.webui.driver.DriverFactory    - Action delay is set to 0 milliseconds
Jan 27, 2026 11:14:38 PM org.openqa.selenium.devtools.CdpVersionFinder findNearestMatch
WARNING: Unable to find an exact match for CDP version 144, returning the closest version; found: 142; Please update to a Selenium version that supports CDP version 144
2026-01-27 23:14:38.598 INFO  c.k.k.core.webui.driver.DriverFactory    - sessionId = 586ffd184b4689cd5f2969951a5f49f8
2026-01-27 23:14:38.600 INFO  c.k.k.core.webui.driver.DriverFactory    - browser = Chrome 144.0.7559.97
2026-01-27 23:14:38.600 INFO  c.k.k.core.webui.driver.DriverFactory    - platform = Windows 11
2026-01-27 23:14:38.601 INFO  c.k.k.core.webui.driver.DriverFactory    - seleniumVersion = 4.34.0
2026-01-27 23:14:38.611 INFO  c.k.k.core.webui.driver.DriverFactory    - proxyInformation = ProxyInformation { proxyOption=NO_PROXY, proxyServerType=HTTP, username=, password=********, proxyServerAddress=, proxyServerPort=0, executionList="", isApplyToDesiredCapabilities=true }
2026-01-27 23:14:38.663 DEBUG testcase.Login                           - 2: maximizeWindow()
2026-01-27 23:14:38.733 DEBUG testcase.Login                           - 3: waitForPageLoad(Delay, CONTINUE_ON_FAILURE)
2026-01-27 23:14:39.094 DEBUG testcase.Login                           - 4: navigateToUrl(URL)
2026-01-27 23:14:39.512 DEBUG testcase.Login                           - 5: try
2026-01-27 23:14:39.514 DEBUG testcase.Login                           - 1: setEncryptedText(findTestObject("Object Repository/LoginOR/userName"), userName)
2026-01-27 23:14:40.187 DEBUG testcase.Login                           - 2: setEncryptedText(findTestObject("Object Repository/LoginOR/Password"), password)
2026-01-27 23:14:40.576 DEBUG testcase.Login                           - 3: waitForElementClickable(findTestObject("Object Repository/LoginOR/login_btn"), Delay)
2026-01-27 23:14:40.925 DEBUG testcase.Login                           - 4: click(findTestObject("Object Repository/LoginOR/login_btn"))
2026-01-27 23:14:41.342 DEBUG testcase.Login                           - 5: if (verifyElementPresent(findTestObject("Object Repository/LoginOR/session_Distroysession"), Dela))
2026-01-27 23:14:41.349 DEBUG testcase.Login                           - 6: catch (Exception e)
2026-01-27 23:14:41.351 DEBUG testcase.Login                           - 1: out.println(e.getMessage())
No such property: Dela for class: internal.GlobalVariable
2026-01-27 23:14:41.396 DEBUG testcase.Login                           - 2: timestamp = Date().format("yyyyMMdd_HHmmss")
2026-01-27 23:14:41.414 DEBUG testcase.Login                           - 7: Finally
2026-01-27 23:14:41.416 DEBUG testcase.Login                           - 1: timestamp = Date().format("yyyyMMdd_HHmmss")
2026-01-27 23:14:41.424 INFO  c.k.katalon.core.main.TestCaseExecutor   - END Test Cases/ProhanceWeb/Login_Page/Login
2026-01-27 23:14:41.430 INFO  c.k.katalon.core.main.TestCaseExecutor   - --------------------
2026-01-27 23:14:41.430 INFO  c.k.katalon.core.main.TestCaseExecutor   - START Test Cases/ProhanceWeb/LogOut_Page/LogOut
2026-01-27 23:14:41.580 DEBUG testcase.LogOut                          - 1: try
2026-01-27 23:14:41.582 DEBUG testcase.LogOut                          - 1: waitForElementPresent(findTestObject("Object Repository/LogoutOR/userProfileIcon"), Delay)
2026-01-27 23:14:56.455 DEBUG testcase.LogOut                          - 2: click(findTestObject("Object Repository/LogoutOR/userProfileIcon"), STOP_ON_FAILURE)
2026-01-27 23:14:59.345 DEBUG testcase.LogOut                          - 3: waitForElementPresent(findTestObject("Object Repository/LogoutOR/logOut"), Delay)
2026-01-27 23:14:59.806 DEBUG testcase.LogOut                          - 4: click(findTestObject("Object Repository/LogoutOR/logOut"), STOP_ON_FAILURE)
2026-01-27 23:15:01.905 INFO  c.k.katalon.core.main.TestCaseExecutor   - END Test Cases/ProhanceWeb/LogOut_Page/LogOut
2026-01-27 23:15:02.228 INFO  c.k.katalon.core.main.TestSuiteExecutor  - --------------------
2026-01-27 23:15:02.228 INFO  c.k.katalon.core.main.TestSuiteExecutor  - END Test Suites/Login_Genaral
2026-01-27 23:15:02.228 INFO  c.k.katalon.core.main.TestSuiteExecutor  - ====================
