2026-02-03 08:38:12.764 INFO  c.k.k.c.l.logback.LogbackConfigurator    - Logback default configuration initialized from: C:\Users\KRISHNA\.katalon\packages\KS-11.0.0\configuration\org.eclipse.osgi\148\0\.cp\resources\logback\logback-execution.xml
2026-02-03 08:38:12.768 INFO  c.k.k.c.l.logback.LogbackConfigurator    - Logback custom configuration initialized from: D:\ProhanceWebApplicationsssd\ProhanceWebApplicationsssd\Include\config\log.properties
2026-02-03 08:38:12.889 INFO  c.k.katalon.core.main.TestSuiteExecutor  - START Test Suites/WorkTime/Custom Reports/Custom Reports
2026-02-03 08:38:13.037 INFO  c.k.katalon.core.main.TestSuiteExecutor  - userFullName = Gopal
2026-02-03 08:38:13.038 INFO  c.k.katalon.core.main.TestSuiteExecutor  - projectName = ProhanceWebApplication
2026-02-03 08:38:13.039 INFO  c.k.katalon.core.main.TestSuiteExecutor  - hostName = KRISHNA - krishna
2026-02-03 08:38:13.039 INFO  c.k.katalon.core.main.TestSuiteExecutor  - os = Windows 11 64bit
2026-02-03 08:38:13.039 INFO  c.k.katalon.core.main.TestSuiteExecutor  - hostAddress = 192.168.0.9
2026-02-03 08:38:13.040 INFO  c.k.katalon.core.main.TestSuiteExecutor  - katalonVersion = 11.0.0.0
2026-02-03 08:38:13.565 INFO  c.k.katalon.core.main.TestCaseExecutor   - --------------------
2026-02-03 08:38:13.565 INFO  c.k.katalon.core.main.TestCaseExecutor   - START Test Cases/ProhanceWeb/Login_Page/Login
2026-02-03 08:38:13.668 INFO  c.k.katalon.core.main.TestCaseExecutor   - userName = tsL9urF6O/D/xURRxzj/8w==
2026-02-03 08:38:13.670 INFO  c.k.katalon.core.main.TestCaseExecutor   - password = tsL9urF6O/APwsPS+50KRA==
2026-02-03 08:38:14.044 DEBUG testcase.Login                           - 1: openBrowser("")
2026-02-03 08:38:14.415 INFO  c.k.k.core.webui.driver.DriverFactory    - Starting 'Chrome' driver
2026-02-03 08:38:14.423 INFO  c.k.k.c.w.util.WebDriverPropertyUtil     - User set preference: ['args', '[--allow-running-insecure-content, --ignore-certificate-errors, --disable-web-security, --unsafely-treat-insecure-origin-as-secure=http://10.10.10.157:1001/prohance]']
2026-02-03 08:38:14.424 INFO  c.k.k.c.w.util.WebDriverPropertyUtil     - User set preference: ['prefs', '{download.default_directory=C:/Users/gopal.s/Downloads, download.prompt_for_download=false, download.directory_upgrade=true, profile.default_content_setting_values.automatic_downloads=1, plugins.always_open_pdf_externally=true, safebrowsing.enabled=true}']
2026-02-03 08:38:14.493 INFO  c.k.k.core.webui.driver.DriverFactory    - Action delay is set to 0 milliseconds
Feb 03, 2026 8:38:16 AM org.openqa.selenium.devtools.CdpVersionFinder findNearestMatch
WARNING: Unable to find an exact match for CDP version 144, returning the closest version; found: 143; Please update to a Selenium version that supports CDP version 144
2026-02-03 08:38:16.622 INFO  c.k.k.core.webui.driver.DriverFactory    - sessionId = 35dc685d2e0a2af1e1a9073dc195c1fa
2026-02-03 08:38:16.623 INFO  c.k.k.core.webui.driver.DriverFactory    - browser = Chrome 144.0.7559.110
2026-02-03 08:38:16.624 INFO  c.k.k.core.webui.driver.DriverFactory    - platform = Windows 11
2026-02-03 08:38:16.625 INFO  c.k.k.core.webui.driver.DriverFactory    - seleniumVersion = 4.39.0
2026-02-03 08:38:16.630 INFO  c.k.k.core.webui.driver.DriverFactory    - proxyInformation = ProxyInformation { proxyOption=NO_PROXY, proxyServerType=HTTP, username=, password=********, proxyServerAddress=, proxyServerPort=0, executionList="", isApplyToDesiredCapabilities=true }
2026-02-03 08:38:16.708 DEBUG testcase.Login                           - 2: maximizeWindow()
2026-02-03 08:38:16.785 DEBUG testcase.Login                           - 3: waitForPageLoad(Delay, CONTINUE_ON_FAILURE)
2026-02-03 08:38:17.142 DEBUG testcase.Login                           - 4: navigateToUrl(URL)
2026-02-03 08:38:18.250 DEBUG testcase.Login                           - 5: try
2026-02-03 08:38:18.254 DEBUG testcase.Login                           - 1: setEncryptedText(findTestObject("Object Repository/Login/userName"), userName)
2026-02-03 08:38:18.921 DEBUG testcase.Login                           - 2: setEncryptedText(findTestObject("Object Repository/Login/Password"), password)
2026-02-03 08:38:19.348 DEBUG testcase.Login                           - 3: waitForElementClickable(findTestObject("Object Repository/Login/login_btn"), Delay)
2026-02-03 08:38:19.719 DEBUG testcase.Login                           - 4: click(findTestObject("Object Repository/Login/login_btn"))
2026-02-03 08:38:20.190 DEBUG testcase.Login                           - 5: if (waitForElementPresent(findTestObject("Object Repository/Login/session_Distroysession"), Delay, OPTIONAL))
2026-02-03 08:38:20.907 DEBUG testcase.Login                           - 1: waitForElementClickable(findTestObject("Object Repository/Login/session_Distroysession"), Delay, OPTIONAL)
2026-02-03 08:38:21.236 DEBUG testcase.Login                           - 2: click(findTestObject("Object Repository/Login/session_Distroysession"))
2026-02-03 08:38:21.647 DEBUG testcase.Login                           - 6: if (waitForElementPresent(findTestObject("Object Repository/Common/Accept Cookies"), Delay, OPTIONAL))
2026-02-03 08:38:23.201 DEBUG testcase.Login                           - 1: waitForElementClickable(findTestObject("Object Repository/Common/Accept Cookies"), Delay, OPTIONAL)
2026-02-03 08:38:23.514 DEBUG testcase.Login                           - 2: click(findTestObject("Object Repository/Common/Accept Cookies"))
2026-02-03 08:38:23.877 DEBUG testcase.Login                           - 7: Finally
2026-02-03 08:38:23.880 DEBUG testcase.Login                           - 1: timestamp = Date().format("yyyyMMdd_HHmmss")
2026-02-03 08:38:23.901 INFO  c.k.katalon.core.main.TestCaseExecutor   - END Test Cases/ProhanceWeb/Login_Page/Login
2026-02-03 08:38:23.907 INFO  c.k.katalon.core.main.TestCaseExecutor   - --------------------
2026-02-03 08:38:23.907 INFO  c.k.katalon.core.main.TestCaseExecutor   - START Test Cases/ProhanceWeb/Organization Settings/Work Time/Custom Reports/Custom Reports
2026-02-03 08:38:24.594 DEBUG testcase.Custom Reports                  - 1: ViewBy = null
2026-02-03 08:38:24.597 DEBUG testcase.Custom Reports                  - 2: UserType = null
2026-02-03 08:38:24.599 DEBUG testcase.Custom Reports                  - 3: if (waitForElementPresent(findTestObject("Object Repository/Organization Settings/New Folder/Page_ProHance/a_WORK TIME"), Delay))
2026-02-03 08:38:24.866 DEBUG testcase.Custom Reports                  - 1: waitForElementClickable(findTestObject("Object Repository/Organization Settings/New Folder/Page_ProHance/a_WORK TIME"), Delay)
2026-02-03 08:38:25.174 DEBUG testcase.Custom Reports                  - 2: click(findTestObject("Object Repository/Organization Settings/New Folder/Page_ProHance/a_WORK TIME"))
2026-02-03 08:38:25.545 DEBUG testcase.Custom Reports                  - 3: driver = getWebDriver()
2026-02-03 08:38:25.550 DEBUG testcase.Custom Reports                  - 4: efficiencyLinks = driver.findElements(By.xpath("//a[@data-menulink='EfficiencyDetailsFilter']"))
2026-02-03 08:38:25.794 DEBUG testcase.Custom Reports                  - 5: if (!(efficiencyLinks.isEmpty()))
2026-02-03 08:38:25.797 DEBUG testcase.Custom Reports                  - 1: get(0).click()
2026-02-03 08:38:26.022 DEBUG testcase.Custom Reports                  - 7: getImmediateChildFolders = com.prohanceapplication.common.ObjectUtils.getImmediateChildFolders("Organization Settings/Work Time/Custom Reports/Check_Box")
2026-02-03 08:38:26.061 INFO  k.k.c.m.CustomKeywordDelegatingMetaClass - com.prohanceapplication.common.ObjectUtils.getImmediateChildFolders is PASSED
2026-02-03 08:38:26.062 DEBUG testcase.Custom Reports                  - 8: for (String filePath : getImmediateChildFolders)
2026-02-03 08:38:26.067 DEBUG testcase.Custom Reports                  - 9: switchToWindowIndex(1)
2026-02-03 08:38:26.269 DEBUG testcase.Custom Reports                  - 10: filterMenu = driver.findElement(By.xpath("//span[@id='show-content-menu-main']"))
2026-02-03 08:38:30.785 DEBUG testcase.Custom Reports                  - 11: filterMenu.click()
2026-02-03 08:38:30.974 DEBUG testcase.Custom Reports                  - 12: viewByDropdown = new com.kms.katalon.core.testobject.TestObject(ViewByDropdown)
2026-02-03 08:38:30.977 DEBUG testcase.Custom Reports                  - 13: viewByDropdown.addProperty("xpath", EQUALS, "//select[@id='customReportViewByFilter']")
2026-02-03 08:38:30.992 DEBUG testcase.Custom Reports                  - 14: waitForElementPresent(viewByDropdown, 20)
2026-02-03 08:38:31.272 DEBUG testcase.Custom Reports                  - 15: dropdownElement = findWebElement(viewByDropdown)
2026-02-03 08:38:31.538 DEBUG testcase.Custom Reports                  - 16: select = new org.openqa.selenium.support.ui.Select(dropdownElement)
2026-02-03 08:38:31.567 DEBUG testcase.Custom Reports                  - 17: selectedValue = getText().trim()
2026-02-03 08:38:31.861 DEBUG testcase.Custom Reports                  - 18: println("Selected View By Value: " + selectedValue)
Selected View By Value: User Groups
2026-02-03 08:38:31.867 DEBUG testcase.Custom Reports                  - 19: dropdownValues = []
2026-02-03 08:38:31.869 DEBUG testcase.Custom Reports                  - 20: getOptions().each({ -> ... })
2026-02-03 08:38:32.268 DEBUG testcase.Custom Reports                  - 21: reportDuration = "r"
2026-02-03 08:38:32.270 DEBUG testcase.Custom Reports                  - 22: UserType = "AGENT"
2026-02-03 08:38:32.272 DEBUG testcase.Custom Reports                  - 23: dodCheck = false
2026-02-03 08:38:32.274 DEBUG testcase.Custom Reports                  - 24: reportDurationElementValue = findWebElement(findTestObject("Object Repository/Organization Settings/Work Time/Custom Reports/Custom Reports Hidden Element/Report Duration")).getAttribute("Value")
2026-02-03 08:38:32.553 DEBUG testcase.Custom Reports                  - 25: if (reportDuration != null && reportDuration != "" && reportDurationElementValue != null && reportDurationElementValue != "")
2026-02-03 08:38:32.554 DEBUG testcase.Custom Reports                  - 1: com.prohanceapplication.customreports.CustomReports.selectReportDuration(reportDuration, reportDurationElementValue)
2026-02-03 08:38:33.104 WARN  com.kms.katalon.core.util.KeywordUtil    - Selected Value : Decorated {[[[[CChromeDriver: chrome on windows (35dc685d2e0a2af1e1a9073dc195c1fa)] -> xpath: //select[@id='CustomDurationViewBy']]] -> tag name: option]}
2026-02-03 08:38:33.393 INFO  k.k.c.m.CustomKeywordDelegatingMetaClass - com.prohanceapplication.customreports.CustomReports.selectReportDuration is PASSED
2026-02-03 08:38:33.395 DEBUG testcase.Custom Reports                  - 26: if (UserType != null && UserType != "")
2026-02-03 08:38:33.398 DEBUG testcase.Custom Reports                  - 1: com.prohanceapplication.customreports.CustomReports.selectUserType(UserType)
2026-02-03 08:38:33.982 INFO  k.k.c.m.CustomKeywordDelegatingMetaClass - com.prohanceapplication.customreports.CustomReports.selectUserType is PASSED
2026-02-03 08:38:33.983 DEBUG testcase.Custom Reports                  - 27: checkbox = findTestObject("Object Repository/Organization Settings/Work Time/Custom Reports/Common/Chk_ Display Overall Data")
2026-02-03 08:38:33.988 DEBUG testcase.Custom Reports                  - 28: waitForElementPresent(checkbox, 0, OPTIONAL)
2026-02-03 08:38:33.996 WARN  c.k.k.c.webui.common.WebUiCommonHelper   - Timeout '0' is invalid. Using default page load timeout: '10'
2026-02-03 08:38:34.250 DEBUG testcase.Custom Reports                  - 29: isChecked = verifyElementChecked(checkbox, 1, OPTIONAL)
2026-02-03 08:38:34.567 DEBUG testcase.Custom Reports                  - 30: if (dodCheck && !(isChecked))
2026-02-03 08:38:34.569 DEBUG testcase.Custom Reports                  - 31: else if (!(dodCheck) && isChecked)
2026-02-03 08:38:34.570 DEBUG testcase.Custom Reports                  - 1: uncheck(checkbox)
2026-02-03 08:38:34.962 DEBUG testcase.Custom Reports                  - 32: immediateChildFolders = com.prohanceapplication.common.ObjectUtils.getImmediateChildFolders("Organization Settings/Work Time/Custom Reports/Check_Box")
2026-02-03 08:38:34.970 INFO  k.k.c.m.CustomKeywordDelegatingMetaClass - com.prohanceapplication.common.ObjectUtils.getImmediateChildFolders is PASSED
2026-02-03 08:38:34.972 DEBUG testcase.Custom Reports                  - 33: for (String filePath : immediateChildFolders)
2026-02-03 08:38:34.973 DEBUG testcase.Custom Reports                  - 1: customizeReportView(filePath)
2026-02-03 08:38:34.975 DEBUG testcase.Custom Reports                  - 1: getObjectsAsMap = com.prohanceapplication.common.ObjectUtils.getObjectsAsMap(filePath)
2026-02-03 08:38:35.093 INFO  k.k.c.m.CustomKeywordDelegatingMetaClass - com.prohanceapplication.common.ObjectUtils.getObjectsAsMap is PASSED
2026-02-03 08:38:35.094 DEBUG testcase.Custom Reports                  - 2: grouped = getObjectsAsMap.groupBy({ java.lang.Object entry -> ... })
2026-02-03 08:38:35.142 DEBUG testcase.Custom Reports                  - 3: grouped.each({ java.lang.Object groupKey, java.lang.Object entries -> ... })
2026-02-03 08:38:52.979 DEBUG testcase.Custom Reports                  - 2: for ([i = 0, i < getOptions().size(), (i++)])
2026-02-03 08:38:53.238 DEBUG testcase.Custom Reports                  - 1: select.selectByIndex(i)
2026-02-03 08:38:53.536 DEBUG testcase.Custom Reports                  - 2: delay(1)
2026-02-03 08:38:54.572 DEBUG testcase.Custom Reports                  - 3: waitForElementClickable(findTestObject("Object Repository/Organization Settings/Work Time/Custom Reports/Common/UPDATE FIELDS"), 5)
2026-02-03 08:38:54.868 DEBUG testcase.Custom Reports                  - 4: click(findTestObject("Object Repository/Organization Settings/Work Time/Custom Reports/Common/UPDATE FIELDS"))
2026-02-03 08:38:55.409 DEBUG testcase.Custom Reports                  - 5: waitForElementClickable(findTestObject("Object Repository/Organization Settings/Work Time/Custom Reports/Common/FETCH"), 5)
2026-02-03 08:38:55.701 DEBUG testcase.Custom Reports                  - 6: click(findTestObject("Object Repository/Organization Settings/Work Time/Custom Reports/Common/FETCH"))
2026-02-03 08:38:56.340 DEBUG testcase.Custom Reports                  - 7: waitForPageLoad(10)
2026-02-03 08:38:56.364 DEBUG testcase.Custom Reports                  - 8: waitForElementClickable(findTestObject("Object Repository/Organization Settings/Work Time/Custom Reports/Common/CUSTOMIZE REPORT FIELDS"), 5)
2026-02-03 08:38:57.104 DEBUG testcase.Custom Reports                  - 9: click(findTestObject("Object Repository/Organization Settings/Work Time/Custom Reports/Common/CUSTOMIZE REPORT FIELDS"))
2026-02-03 08:38:58.288 DEBUG testcase.Custom Reports                  - 1: select.selectByIndex(i)
2026-02-03 08:38:58.746 DEBUG testcase.Custom Reports                  - 2: delay(1)
2026-02-03 08:38:59.763 DEBUG testcase.Custom Reports                  - 3: waitForElementClickable(findTestObject("Object Repository/Organization Settings/Work Time/Custom Reports/Common/UPDATE FIELDS"), 5)
2026-02-03 08:39:00.081 DEBUG testcase.Custom Reports                  - 4: click(findTestObject("Object Repository/Organization Settings/Work Time/Custom Reports/Common/UPDATE FIELDS"))
2026-02-03 08:39:00.656 DEBUG testcase.Custom Reports                  - 5: waitForElementClickable(findTestObject("Object Repository/Organization Settings/Work Time/Custom Reports/Common/FETCH"), 5)
2026-02-03 08:39:00.956 DEBUG testcase.Custom Reports                  - 6: click(findTestObject("Object Repository/Organization Settings/Work Time/Custom Reports/Common/FETCH"))
2026-02-03 08:39:01.468 DEBUG testcase.Custom Reports                  - 7: waitForPageLoad(10)
2026-02-03 08:39:01.480 DEBUG testcase.Custom Reports                  - 8: waitForElementClickable(findTestObject("Object Repository/Organization Settings/Work Time/Custom Reports/Common/CUSTOMIZE REPORT FIELDS"), 5)
2026-02-03 08:39:02.429 DEBUG testcase.Custom Reports                  - 9: click(findTestObject("Object Repository/Organization Settings/Work Time/Custom Reports/Common/CUSTOMIZE REPORT FIELDS"))
2026-02-03 08:39:03.554 DEBUG testcase.Custom Reports                  - 1: select.selectByIndex(i)
2026-02-03 08:39:04.063 DEBUG testcase.Custom Reports                  - 2: delay(1)
2026-02-03 08:39:05.069 DEBUG testcase.Custom Reports                  - 3: waitForElementClickable(findTestObject("Object Repository/Organization Settings/Work Time/Custom Reports/Common/UPDATE FIELDS"), 5)
2026-02-03 08:39:05.364 DEBUG testcase.Custom Reports                  - 4: click(findTestObject("Object Repository/Organization Settings/Work Time/Custom Reports/Common/UPDATE FIELDS"))
2026-02-03 08:39:05.928 DEBUG testcase.Custom Reports                  - 5: waitForElementClickable(findTestObject("Object Repository/Organization Settings/Work Time/Custom Reports/Common/FETCH"), 5)
2026-02-03 08:39:06.204 DEBUG testcase.Custom Reports                  - 6: click(findTestObject("Object Repository/Organization Settings/Work Time/Custom Reports/Common/FETCH"))
2026-02-03 08:39:06.777 DEBUG testcase.Custom Reports                  - 7: waitForPageLoad(10)
2026-02-03 08:39:06.785 DEBUG testcase.Custom Reports                  - 8: waitForElementClickable(findTestObject("Object Repository/Organization Settings/Work Time/Custom Reports/Common/CUSTOMIZE REPORT FIELDS"), 5)
2026-02-03 08:39:07.464 DEBUG testcase.Custom Reports                  - 9: click(findTestObject("Object Repository/Organization Settings/Work Time/Custom Reports/Common/CUSTOMIZE REPORT FIELDS"))
2026-02-03 08:39:08.853 DEBUG testcase.Custom Reports                  - 1: select.selectByIndex(i)
2026-02-03 08:39:09.358 DEBUG testcase.Custom Reports                  - 2: delay(1)
2026-02-03 08:39:10.370 DEBUG testcase.Custom Reports                  - 3: waitForElementClickable(findTestObject("Object Repository/Organization Settings/Work Time/Custom Reports/Common/UPDATE FIELDS"), 5)
2026-02-03 08:39:10.674 DEBUG testcase.Custom Reports                  - 4: click(findTestObject("Object Repository/Organization Settings/Work Time/Custom Reports/Common/UPDATE FIELDS"))
2026-02-03 08:39:11.215 DEBUG testcase.Custom Reports                  - 5: waitForElementClickable(findTestObject("Object Repository/Organization Settings/Work Time/Custom Reports/Common/FETCH"), 5)
2026-02-03 08:39:11.511 DEBUG testcase.Custom Reports                  - 6: click(findTestObject("Object Repository/Organization Settings/Work Time/Custom Reports/Common/FETCH"))
2026-02-03 08:39:12.073 DEBUG testcase.Custom Reports                  - 7: waitForPageLoad(10)
2026-02-03 08:39:12.081 DEBUG testcase.Custom Reports                  - 8: waitForElementClickable(findTestObject("Object Repository/Organization Settings/Work Time/Custom Reports/Common/CUSTOMIZE REPORT FIELDS"), 5)
2026-02-03 08:39:12.927 DEBUG testcase.Custom Reports                  - 9: click(findTestObject("Object Repository/Organization Settings/Work Time/Custom Reports/Common/CUSTOMIZE REPORT FIELDS"))
2026-02-03 08:39:14.189 DEBUG testcase.Custom Reports                  - 1: select.selectByIndex(i)
2026-02-03 08:39:14.761 DEBUG testcase.Custom Reports                  - 2: delay(1)
2026-02-03 08:39:15.770 DEBUG testcase.Custom Reports                  - 3: waitForElementClickable(findTestObject("Object Repository/Organization Settings/Work Time/Custom Reports/Common/UPDATE FIELDS"), 5)
2026-02-03 08:39:16.074 DEBUG testcase.Custom Reports                  - 4: click(findTestObject("Object Repository/Organization Settings/Work Time/Custom Reports/Common/UPDATE FIELDS"))
2026-02-03 08:39:16.592 DEBUG testcase.Custom Reports                  - 5: waitForElementClickable(findTestObject("Object Repository/Organization Settings/Work Time/Custom Reports/Common/FETCH"), 5)
2026-02-03 08:39:16.891 DEBUG testcase.Custom Reports                  - 6: click(findTestObject("Object Repository/Organization Settings/Work Time/Custom Reports/Common/FETCH"))
2026-02-03 08:39:17.511 DEBUG testcase.Custom Reports                  - 7: waitForPageLoad(10)
2026-02-03 08:39:18.231 DEBUG testcase.Custom Reports                  - 8: waitForElementClickable(findTestObject("Object Repository/Organization Settings/Work Time/Custom Reports/Common/CUSTOMIZE REPORT FIELDS"), 5)
2026-02-03 08:39:18.577 DEBUG testcase.Custom Reports                  - 9: click(findTestObject("Object Repository/Organization Settings/Work Time/Custom Reports/Common/CUSTOMIZE REPORT FIELDS"))
2026-02-03 08:39:19.835 DEBUG testcase.Custom Reports                  - 1: select.selectByIndex(i)
2026-02-03 08:39:20.405 DEBUG testcase.Custom Reports                  - 2: delay(1)
2026-02-03 08:39:21.412 DEBUG testcase.Custom Reports                  - 3: waitForElementClickable(findTestObject("Object Repository/Organization Settings/Work Time/Custom Reports/Common/UPDATE FIELDS"), 5)
2026-02-03 08:39:21.725 DEBUG testcase.Custom Reports                  - 4: click(findTestObject("Object Repository/Organization Settings/Work Time/Custom Reports/Common/UPDATE FIELDS"))
2026-02-03 08:39:22.359 DEBUG testcase.Custom Reports                  - 5: waitForElementClickable(findTestObject("Object Repository/Organization Settings/Work Time/Custom Reports/Common/FETCH"), 5)
2026-02-03 08:39:22.679 DEBUG testcase.Custom Reports                  - 6: click(findTestObject("Object Repository/Organization Settings/Work Time/Custom Reports/Common/FETCH"))
2026-02-03 08:39:23.281 DEBUG testcase.Custom Reports                  - 7: waitForPageLoad(10)
2026-02-03 08:39:23.291 DEBUG testcase.Custom Reports                  - 8: waitForElementClickable(findTestObject("Object Repository/Organization Settings/Work Time/Custom Reports/Common/CUSTOMIZE REPORT FIELDS"), 5)
2026-02-03 08:39:24.309 DEBUG testcase.Custom Reports                  - 9: click(findTestObject("Object Repository/Organization Settings/Work Time/Custom Reports/Common/CUSTOMIZE REPORT FIELDS"))
2026-02-03 08:39:25.564 DEBUG testcase.Custom Reports                  - 1: select.selectByIndex(i)
2026-02-03 08:39:26.117 DEBUG testcase.Custom Reports                  - 2: delay(1)
2026-02-03 08:39:27.124 DEBUG testcase.Custom Reports                  - 3: waitForElementClickable(findTestObject("Object Repository/Organization Settings/Work Time/Custom Reports/Common/UPDATE FIELDS"), 5)
2026-02-03 08:39:27.448 DEBUG testcase.Custom Reports                  - 4: click(findTestObject("Object Repository/Organization Settings/Work Time/Custom Reports/Common/UPDATE FIELDS"))
2026-02-03 08:39:27.994 DEBUG testcase.Custom Reports                  - 5: waitForElementClickable(findTestObject("Object Repository/Organization Settings/Work Time/Custom Reports/Common/FETCH"), 5)
2026-02-03 08:39:28.294 DEBUG testcase.Custom Reports                  - 6: click(findTestObject("Object Repository/Organization Settings/Work Time/Custom Reports/Common/FETCH"))
2026-02-03 08:39:28.919 DEBUG testcase.Custom Reports                  - 7: waitForPageLoad(10)
2026-02-03 08:39:28.940 DEBUG testcase.Custom Reports                  - 8: waitForElementClickable(findTestObject("Object Repository/Organization Settings/Work Time/Custom Reports/Common/CUSTOMIZE REPORT FIELDS"), 5)
2026-02-03 08:39:30.370 DEBUG testcase.Custom Reports                  - 9: click(findTestObject("Object Repository/Organization Settings/Work Time/Custom Reports/Common/CUSTOMIZE REPORT FIELDS"))
2026-02-03 08:39:31.636 DEBUG testcase.Custom Reports                  - 1: select.selectByIndex(i)
2026-02-03 08:39:32.281 DEBUG testcase.Custom Reports                  - 2: delay(1)
2026-02-03 08:39:33.286 DEBUG testcase.Custom Reports                  - 3: waitForElementClickable(findTestObject("Object Repository/Organization Settings/Work Time/Custom Reports/Common/UPDATE FIELDS"), 5)
2026-02-03 08:39:33.596 DEBUG testcase.Custom Reports                  - 4: click(findTestObject("Object Repository/Organization Settings/Work Time/Custom Reports/Common/UPDATE FIELDS"))
2026-02-03 08:39:34.311 DEBUG testcase.Custom Reports                  - 5: waitForElementClickable(findTestObject("Object Repository/Organization Settings/Work Time/Custom Reports/Common/FETCH"), 5)
2026-02-03 08:39:34.639 DEBUG testcase.Custom Reports                  - 6: click(findTestObject("Object Repository/Organization Settings/Work Time/Custom Reports/Common/FETCH"))
2026-02-03 08:39:35.213 DEBUG testcase.Custom Reports                  - 7: waitForPageLoad(10)
2026-02-03 08:39:35.223 DEBUG testcase.Custom Reports                  - 8: waitForElementClickable(findTestObject("Object Repository/Organization Settings/Work Time/Custom Reports/Common/CUSTOMIZE REPORT FIELDS"), 5)
2026-02-03 08:39:36.029 DEBUG testcase.Custom Reports                  - 9: click(findTestObject("Object Repository/Organization Settings/Work Time/Custom Reports/Common/CUSTOMIZE REPORT FIELDS"))
2026-02-03 08:39:37.500 DEBUG testcase.Custom Reports                  - 1: select.selectByIndex(i)
2026-02-03 08:39:38.131 DEBUG testcase.Custom Reports                  - 2: delay(1)
2026-02-03 08:39:39.141 DEBUG testcase.Custom Reports                  - 3: waitForElementClickable(findTestObject("Object Repository/Organization Settings/Work Time/Custom Reports/Common/UPDATE FIELDS"), 5)
2026-02-03 08:39:39.446 DEBUG testcase.Custom Reports                  - 4: click(findTestObject("Object Repository/Organization Settings/Work Time/Custom Reports/Common/UPDATE FIELDS"))
2026-02-03 08:39:39.994 DEBUG testcase.Custom Reports                  - 5: waitForElementClickable(findTestObject("Object Repository/Organization Settings/Work Time/Custom Reports/Common/FETCH"), 5)
2026-02-03 08:39:40.285 DEBUG testcase.Custom Reports                  - 6: click(findTestObject("Object Repository/Organization Settings/Work Time/Custom Reports/Common/FETCH"))
2026-02-03 08:39:40.943 DEBUG testcase.Custom Reports                  - 7: waitForPageLoad(10)
2026-02-03 08:39:40.962 DEBUG testcase.Custom Reports                  - 8: waitForElementClickable(findTestObject("Object Repository/Organization Settings/Work Time/Custom Reports/Common/CUSTOMIZE REPORT FIELDS"), 5)
2026-02-03 08:39:41.973 DEBUG testcase.Custom Reports                  - 9: click(findTestObject("Object Repository/Organization Settings/Work Time/Custom Reports/Common/CUSTOMIZE REPORT FIELDS"))
2026-02-03 08:39:43.511 DEBUG testcase.Custom Reports                  - 1: select.selectByIndex(i)
2026-02-03 08:39:44.172 DEBUG testcase.Custom Reports                  - 2: delay(1)
2026-02-03 08:39:45.175 DEBUG testcase.Custom Reports                  - 3: waitForElementClickable(findTestObject("Object Repository/Organization Settings/Work Time/Custom Reports/Common/UPDATE FIELDS"), 5)
2026-02-03 08:39:45.479 DEBUG testcase.Custom Reports                  - 4: click(findTestObject("Object Repository/Organization Settings/Work Time/Custom Reports/Common/UPDATE FIELDS"))
2026-02-03 08:39:46.171 DEBUG testcase.Custom Reports                  - 5: waitForElementClickable(findTestObject("Object Repository/Organization Settings/Work Time/Custom Reports/Common/FETCH"), 5)
2026-02-03 08:39:46.474 DEBUG testcase.Custom Reports                  - 6: click(findTestObject("Object Repository/Organization Settings/Work Time/Custom Reports/Common/FETCH"))
2026-02-03 08:39:47.186 DEBUG testcase.Custom Reports                  - 7: waitForPageLoad(10)
2026-02-03 08:39:47.197 DEBUG testcase.Custom Reports                  - 8: waitForElementClickable(findTestObject("Object Repository/Organization Settings/Work Time/Custom Reports/Common/CUSTOMIZE REPORT FIELDS"), 5)
2026-02-03 08:39:47.905 DEBUG testcase.Custom Reports                  - 9: click(findTestObject("Object Repository/Organization Settings/Work Time/Custom Reports/Common/CUSTOMIZE REPORT FIELDS"))
2026-02-03 08:39:49.453 DEBUG testcase.Custom Reports                  - 1: select.selectByIndex(i)
2026-02-03 08:39:50.185 DEBUG testcase.Custom Reports                  - 2: delay(1)
2026-02-03 08:39:51.199 DEBUG testcase.Custom Reports                  - 3: waitForElementClickable(findTestObject("Object Repository/Organization Settings/Work Time/Custom Reports/Common/UPDATE FIELDS"), 5)
2026-02-03 08:39:51.491 DEBUG testcase.Custom Reports                  - 4: click(findTestObject("Object Repository/Organization Settings/Work Time/Custom Reports/Common/UPDATE FIELDS"))
2026-02-03 08:39:52.050 DEBUG testcase.Custom Reports                  - 5: waitForElementClickable(findTestObject("Object Repository/Organization Settings/Work Time/Custom Reports/Common/FETCH"), 5)
2026-02-03 08:39:52.328 DEBUG testcase.Custom Reports                  - 6: click(findTestObject("Object Repository/Organization Settings/Work Time/Custom Reports/Common/FETCH"))
2026-02-03 08:39:52.920 DEBUG testcase.Custom Reports                  - 7: waitForPageLoad(10)
2026-02-03 08:39:52.967 DEBUG testcase.Custom Reports                  - 8: waitForElementClickable(findTestObject("Object Repository/Organization Settings/Work Time/Custom Reports/Common/CUSTOMIZE REPORT FIELDS"), 5)
2026-02-03 08:39:53.969 DEBUG testcase.Custom Reports                  - 9: click(findTestObject("Object Repository/Organization Settings/Work Time/Custom Reports/Common/CUSTOMIZE REPORT FIELDS"))
2026-02-03 08:39:55.320 DEBUG testcase.Custom Reports                  - 1: select.selectByIndex(i)
2026-02-03 08:39:56.010 DEBUG testcase.Custom Reports                  - 2: delay(1)
2026-02-03 08:39:57.022 DEBUG testcase.Custom Reports                  - 3: waitForElementClickable(findTestObject("Object Repository/Organization Settings/Work Time/Custom Reports/Common/UPDATE FIELDS"), 5)
2026-02-03 08:39:57.307 DEBUG testcase.Custom Reports                  - 4: click(findTestObject("Object Repository/Organization Settings/Work Time/Custom Reports/Common/UPDATE FIELDS"))
2026-02-03 08:39:57.857 DEBUG testcase.Custom Reports                  - 5: waitForElementClickable(findTestObject("Object Repository/Organization Settings/Work Time/Custom Reports/Common/FETCH"), 5)
2026-02-03 08:39:58.150 DEBUG testcase.Custom Reports                  - 6: click(findTestObject("Object Repository/Organization Settings/Work Time/Custom Reports/Common/FETCH"))
2026-02-03 08:39:58.736 DEBUG testcase.Custom Reports                  - 7: waitForPageLoad(10)
2026-02-03 08:39:58.745 DEBUG testcase.Custom Reports                  - 8: waitForElementClickable(findTestObject("Object Repository/Organization Settings/Work Time/Custom Reports/Common/CUSTOMIZE REPORT FIELDS"), 5)
2026-02-03 08:39:59.714 DEBUG testcase.Custom Reports                  - 9: click(findTestObject("Object Repository/Organization Settings/Work Time/Custom Reports/Common/CUSTOMIZE REPORT FIELDS"))
2026-02-03 08:40:01.102 DEBUG testcase.Custom Reports                  - 1: select.selectByIndex(i)
2026-02-03 08:40:01.813 DEBUG testcase.Custom Reports                  - 2: delay(1)
2026-02-03 08:40:02.819 DEBUG testcase.Custom Reports                  - 3: waitForElementClickable(findTestObject("Object Repository/Organization Settings/Work Time/Custom Reports/Common/UPDATE FIELDS"), 5)
2026-02-03 08:40:03.137 DEBUG testcase.Custom Reports                  - 4: click(findTestObject("Object Repository/Organization Settings/Work Time/Custom Reports/Common/UPDATE FIELDS"))
2026-02-03 08:40:03.755 DEBUG testcase.Custom Reports                  - 5: waitForElementClickable(findTestObject("Object Repository/Organization Settings/Work Time/Custom Reports/Common/FETCH"), 5)
2026-02-03 08:40:04.041 DEBUG testcase.Custom Reports                  - 6: click(findTestObject("Object Repository/Organization Settings/Work Time/Custom Reports/Common/FETCH"))
2026-02-03 08:40:04.629 DEBUG testcase.Custom Reports                  - 7: waitForPageLoad(10)
2026-02-03 08:40:04.637 DEBUG testcase.Custom Reports                  - 8: waitForElementClickable(findTestObject("Object Repository/Organization Settings/Work Time/Custom Reports/Common/CUSTOMIZE REPORT FIELDS"), 5)
2026-02-03 08:40:05.829 DEBUG testcase.Custom Reports                  - 9: click(findTestObject("Object Repository/Organization Settings/Work Time/Custom Reports/Common/CUSTOMIZE REPORT FIELDS"))
2026-02-03 08:40:07.211 DEBUG testcase.Custom Reports                  - 3: customizeReportViewReset(filePath)
2026-02-03 08:40:07.213 DEBUG testcase.Custom Reports                  - 1: getObjectsAsMap = com.prohanceapplication.common.ObjectUtils.getObjectsAsMap(filePath)
2026-02-03 08:40:07.256 INFO  k.k.c.m.CustomKeywordDelegatingMetaClass - com.prohanceapplication.common.ObjectUtils.getObjectsAsMap is PASSED
2026-02-03 08:40:07.258 DEBUG testcase.Custom Reports                  - 2: out.println(getObjectsAsMap)
[Idle Time_Avg:TestObject - 'Object Repository/Organization Settings/Work Time/Custom Reports/Check_Box/By Business Impact/Idle Time_Avg', Idle Time_Main:TestObject - 'Object Repository/Organization Settings/Work Time/Custom Reports/Check_Box/By Business Impact/Idle Time_Main', Idle Time_Tot:TestObject - 'Object Repository/Organization Settings/Work Time/Custom Reports/Check_Box/By Business Impact/Idle Time_Tot', Neutral Hours_Avg:TestObject - 'Object Repository/Organization Settings/Work Time/Custom Reports/Check_Box/By Business Impact/Neutral Hours_Avg', Neutral Hours_Main:TestObject - 'Object Repository/Organization Settings/Work Time/Custom Reports/Check_Box/By Business Impact/Neutral Hours_Main', Neutral Hours_Tot:TestObject - 'Object Repository/Organization Settings/Work Time/Custom Reports/Check_Box/By Business Impact/Neutral Hours_Tot', Non Productive Hours_Avg:TestObject - 'Object Repository/Organization Settings/Work Time/Custom Reports/Check_Box/By Business Impact/Non Productive Hours_Avg', Non Productive Hours_Main:TestObject - 'Object Repository/Organization Settings/Work Time/Custom Reports/Check_Box/By Business Impact/Non Productive Hours_Main', Non Productive Hours_Tot:TestObject - 'Object Repository/Organization Settings/Work Time/Custom Reports/Check_Box/By Business Impact/Non Productive Hours_Tot', Not Rated Hours_Avg:TestObject - 'Object Repository/Organization Settings/Work Time/Custom Reports/Check_Box/By Business Impact/Not Rated Hours_Avg', Not Rated Hours_Main:TestObject - 'Object Repository/Organization Settings/Work Time/Custom Reports/Check_Box/By Business Impact/Not Rated Hours_Main', Not Rated Hours_Tot:TestObject - 'Object Repository/Organization Settings/Work Time/Custom Reports/Check_Box/By Business Impact/Not Rated Hours_Tot', Personal Time Hours_Avg:TestObject - 'Object Repository/Organization Settings/Work Time/Custom Reports/Check_Box/By Business Impact/Personal Time Hours_Avg', Personal Time Hours_Main:TestObject - 'Object Repository/Organization Settings/Work Time/Custom Reports/Check_Box/By Business Impact/Personal Time Hours_Main', Personal Time Hours_Tot:TestObject - 'Object Repository/Organization Settings/Work Time/Custom Reports/Check_Box/By Business Impact/Personal Time Hours_Tot', Productive Hours_Avg:TestObject - 'Object Repository/Organization Settings/Work Time/Custom Reports/Check_Box/By Business Impact/Productive Hours_Avg', Productive Hours_Main:TestObject - 'Object Repository/Organization Settings/Work Time/Custom Reports/Check_Box/By Business Impact/Productive Hours_Main', Productive Hours_Tot:TestObject - 'Object Repository/Organization Settings/Work Time/Custom Reports/Check_Box/By Business Impact/Productive Hours_Tot', Unknown Hours_Avg:TestObject - 'Object Repository/Organization Settings/Work Time/Custom Reports/Check_Box/By Business Impact/Unknown Hours_Avg', Unknown Hours_Main:TestObject - 'Object Repository/Organization Settings/Work Time/Custom Reports/Check_Box/By Business Impact/Unknown Hours_Main', Unknown Hours_Tot:TestObject - 'Object Repository/Organization Settings/Work Time/Custom Reports/Check_Box/By Business Impact/Unknown Hours_Tot']
2026-02-03 08:40:07.278 DEBUG testcase.Custom Reports                  - 3: grouped = getObjectsAsMap.groupBy({ java.lang.Object entry -> ... })
2026-02-03 08:40:07.283 DEBUG testcase.Custom Reports                  - 4: grouped.each({ java.lang.Object groupKey, java.lang.Object entries -> ... })
2026-02-03 08:40:16.230 DEBUG testcase.Custom Reports                  - 1: customizeReportView(filePath)
2026-02-03 08:40:16.230 DEBUG testcase.Custom Reports                  - 1: getObjectsAsMap = com.prohanceapplication.common.ObjectUtils.getObjectsAsMap(filePath)
2026-02-03 08:40:16.265 INFO  k.k.c.m.CustomKeywordDelegatingMetaClass - com.prohanceapplication.common.ObjectUtils.getObjectsAsMap is PASSED
2026-02-03 08:40:16.265 DEBUG testcase.Custom Reports                  - 2: grouped = getObjectsAsMap.groupBy({ java.lang.Object entry -> ... })
2026-02-03 08:40:16.266 DEBUG testcase.Custom Reports                  - 3: grouped.each({ java.lang.Object groupKey, java.lang.Object entries -> ... })
2026-02-03 08:40:34.041 DEBUG testcase.Custom Reports                  - 2: for ([i = 0, i < getOptions().size(), (i++)])
2026-02-03 08:40:34.290 DEBUG testcase.Custom Reports                  - 1: select.selectByIndex(i)
2026-02-03 08:40:34.848 DEBUG testcase.Custom Reports                  - 2: delay(1)
2026-02-03 08:40:35.860 DEBUG testcase.Custom Reports                  - 3: waitForElementClickable(findTestObject("Object Repository/Organization Settings/Work Time/Custom Reports/Common/UPDATE FIELDS"), 5)
2026-02-03 08:40:36.162 DEBUG testcase.Custom Reports                  - 4: click(findTestObject("Object Repository/Organization Settings/Work Time/Custom Reports/Common/UPDATE FIELDS"))
2026-02-03 08:40:36.820 DEBUG testcase.Custom Reports                  - 5: waitForElementClickable(findTestObject("Object Repository/Organization Settings/Work Time/Custom Reports/Common/FETCH"), 5)
2026-02-03 08:40:37.110 DEBUG testcase.Custom Reports                  - 6: click(findTestObject("Object Repository/Organization Settings/Work Time/Custom Reports/Common/FETCH"))
2026-02-03 08:40:37.712 DEBUG testcase.Custom Reports                  - 7: waitForPageLoad(10)
2026-02-03 08:40:37.724 DEBUG testcase.Custom Reports                  - 8: waitForElementClickable(findTestObject("Object Repository/Organization Settings/Work Time/Custom Reports/Common/CUSTOMIZE REPORT FIELDS"), 5)
2026-02-03 08:40:38.575 DEBUG testcase.Custom Reports                  - 9: click(findTestObject("Object Repository/Organization Settings/Work Time/Custom Reports/Common/CUSTOMIZE REPORT FIELDS"))
2026-02-03 08:40:40.078 DEBUG testcase.Custom Reports                  - 1: select.selectByIndex(i)
2026-02-03 08:40:40.742 DEBUG testcase.Custom Reports                  - 2: delay(1)
2026-02-03 08:40:41.751 DEBUG testcase.Custom Reports                  - 3: waitForElementClickable(findTestObject("Object Repository/Organization Settings/Work Time/Custom Reports/Common/UPDATE FIELDS"), 5)
2026-02-03 08:40:42.042 DEBUG testcase.Custom Reports                  - 4: click(findTestObject("Object Repository/Organization Settings/Work Time/Custom Reports/Common/UPDATE FIELDS"))
2026-02-03 08:40:42.579 DEBUG testcase.Custom Reports                  - 5: waitForElementClickable(findTestObject("Object Repository/Organization Settings/Work Time/Custom Reports/Common/FETCH"), 5)
2026-02-03 08:40:42.880 DEBUG testcase.Custom Reports                  - 6: click(findTestObject("Object Repository/Organization Settings/Work Time/Custom Reports/Common/FETCH"))
2026-02-03 08:40:43.413 DEBUG testcase.Custom Reports                  - 7: waitForPageLoad(10)
2026-02-03 08:40:43.422 DEBUG testcase.Custom Reports                  - 8: waitForElementClickable(findTestObject("Object Repository/Organization Settings/Work Time/Custom Reports/Common/CUSTOMIZE REPORT FIELDS"), 5)
2026-02-03 08:40:44.208 DEBUG testcase.Custom Reports                  - 9: click(findTestObject("Object Repository/Organization Settings/Work Time/Custom Reports/Common/CUSTOMIZE REPORT FIELDS"))
2026-02-03 08:40:45.589 DEBUG testcase.Custom Reports                  - 1: select.selectByIndex(i)
2026-02-03 08:40:46.263 DEBUG testcase.Custom Reports                  - 2: delay(1)
2026-02-03 08:40:47.279 DEBUG testcase.Custom Reports                  - 3: waitForElementClickable(findTestObject("Object Repository/Organization Settings/Work Time/Custom Reports/Common/UPDATE FIELDS"), 5)
2026-02-03 08:40:47.598 DEBUG testcase.Custom Reports                  - 4: click(findTestObject("Object Repository/Organization Settings/Work Time/Custom Reports/Common/UPDATE FIELDS"))
2026-02-03 08:40:48.182 DEBUG testcase.Custom Reports                  - 5: waitForElementClickable(findTestObject("Object Repository/Organization Settings/Work Time/Custom Reports/Common/FETCH"), 5)
2026-02-03 08:40:48.494 DEBUG testcase.Custom Reports                  - 6: click(findTestObject("Object Repository/Organization Settings/Work Time/Custom Reports/Common/FETCH"))
2026-02-03 08:40:49.086 DEBUG testcase.Custom Reports                  - 7: waitForPageLoad(10)
2026-02-03 08:40:49.094 DEBUG testcase.Custom Reports                  - 8: waitForElementClickable(findTestObject("Object Repository/Organization Settings/Work Time/Custom Reports/Common/CUSTOMIZE REPORT FIELDS"), 5)
2026-02-03 08:40:50.102 DEBUG testcase.Custom Reports                  - 9: click(findTestObject("Object Repository/Organization Settings/Work Time/Custom Reports/Common/CUSTOMIZE REPORT FIELDS"))
2026-02-03 08:40:51.604 DEBUG testcase.Custom Reports                  - 1: select.selectByIndex(i)
2026-02-03 08:40:52.261 DEBUG testcase.Custom Reports                  - 2: delay(1)
2026-02-03 08:40:53.270 DEBUG testcase.Custom Reports                  - 3: waitForElementClickable(findTestObject("Object Repository/Organization Settings/Work Time/Custom Reports/Common/UPDATE FIELDS"), 5)
2026-02-03 08:40:53.569 DEBUG testcase.Custom Reports                  - 4: click(findTestObject("Object Repository/Organization Settings/Work Time/Custom Reports/Common/UPDATE FIELDS"))
2026-02-03 08:40:54.144 DEBUG testcase.Custom Reports                  - 5: waitForElementClickable(findTestObject("Object Repository/Organization Settings/Work Time/Custom Reports/Common/FETCH"), 5)
2026-02-03 08:40:54.444 DEBUG testcase.Custom Reports                  - 6: click(findTestObject("Object Repository/Organization Settings/Work Time/Custom Reports/Common/FETCH"))
2026-02-03 08:40:55.028 DEBUG testcase.Custom Reports                  - 7: waitForPageLoad(10)
2026-02-03 08:40:55.037 DEBUG testcase.Custom Reports                  - 8: waitForElementClickable(findTestObject("Object Repository/Organization Settings/Work Time/Custom Reports/Common/CUSTOMIZE REPORT FIELDS"), 5)
2026-02-03 08:40:55.704 DEBUG testcase.Custom Reports                  - 9: click(findTestObject("Object Repository/Organization Settings/Work Time/Custom Reports/Common/CUSTOMIZE REPORT FIELDS"))
2026-02-03 08:40:57.402 DEBUG testcase.Custom Reports                  - 1: select.selectByIndex(i)
2026-02-03 08:40:58.184 DEBUG testcase.Custom Reports                  - 2: delay(1)
2026-02-03 08:40:59.193 DEBUG testcase.Custom Reports                  - 3: waitForElementClickable(findTestObject("Object Repository/Organization Settings/Work Time/Custom Reports/Common/UPDATE FIELDS"), 5)
2026-02-03 08:40:59.502 DEBUG testcase.Custom Reports                  - 4: click(findTestObject("Object Repository/Organization Settings/Work Time/Custom Reports/Common/UPDATE FIELDS"))
2026-02-03 08:41:00.133 DEBUG testcase.Custom Reports                  - 5: waitForElementClickable(findTestObject("Object Repository/Organization Settings/Work Time/Custom Reports/Common/FETCH"), 5)
2026-02-03 08:41:00.421 DEBUG testcase.Custom Reports                  - 6: click(findTestObject("Object Repository/Organization Settings/Work Time/Custom Reports/Common/FETCH"))
2026-02-03 08:41:00.986 DEBUG testcase.Custom Reports                  - 7: waitForPageLoad(10)
2026-02-03 08:41:00.994 DEBUG testcase.Custom Reports                  - 8: waitForElementClickable(findTestObject("Object Repository/Organization Settings/Work Time/Custom Reports/Common/CUSTOMIZE REPORT FIELDS"), 5)
2026-02-03 08:41:02.520 DEBUG testcase.Custom Reports                  - 9: click(findTestObject("Object Repository/Organization Settings/Work Time/Custom Reports/Common/CUSTOMIZE REPORT FIELDS"))
2026-02-03 08:41:04.003 DEBUG testcase.Custom Reports                  - 1: select.selectByIndex(i)
2026-02-03 08:41:04.740 DEBUG testcase.Custom Reports                  - 2: delay(1)
2026-02-03 08:41:05.751 DEBUG testcase.Custom Reports                  - 3: waitForElementClickable(findTestObject("Object Repository/Organization Settings/Work Time/Custom Reports/Common/UPDATE FIELDS"), 5)
2026-02-03 08:41:06.036 DEBUG testcase.Custom Reports                  - 4: click(findTestObject("Object Repository/Organization Settings/Work Time/Custom Reports/Common/UPDATE FIELDS"))
2026-02-03 08:41:06.597 DEBUG testcase.Custom Reports                  - 5: waitForElementClickable(findTestObject("Object Repository/Organization Settings/Work Time/Custom Reports/Common/FETCH"), 5)
2026-02-03 08:41:06.903 DEBUG testcase.Custom Reports                  - 6: click(findTestObject("Object Repository/Organization Settings/Work Time/Custom Reports/Common/FETCH"))
2026-02-03 08:41:07.503 DEBUG testcase.Custom Reports                  - 7: waitForPageLoad(10)
2026-02-03 08:41:07.511 DEBUG testcase.Custom Reports                  - 8: waitForElementClickable(findTestObject("Object Repository/Organization Settings/Work Time/Custom Reports/Common/CUSTOMIZE REPORT FIELDS"), 5)
2026-02-03 08:41:08.218 DEBUG testcase.Custom Reports                  - 9: click(findTestObject("Object Repository/Organization Settings/Work Time/Custom Reports/Common/CUSTOMIZE REPORT FIELDS"))
2026-02-03 08:41:09.685 DEBUG testcase.Custom Reports                  - 1: select.selectByIndex(i)
2026-02-03 08:41:10.469 DEBUG testcase.Custom Reports                  - 2: delay(1)
2026-02-03 08:41:11.482 DEBUG testcase.Custom Reports                  - 3: waitForElementClickable(findTestObject("Object Repository/Organization Settings/Work Time/Custom Reports/Common/UPDATE FIELDS"), 5)
2026-02-03 08:41:11.783 DEBUG testcase.Custom Reports                  - 4: click(findTestObject("Object Repository/Organization Settings/Work Time/Custom Reports/Common/UPDATE FIELDS"))
2026-02-03 08:41:12.340 DEBUG testcase.Custom Reports                  - 5: waitForElementClickable(findTestObject("Object Repository/Organization Settings/Work Time/Custom Reports/Common/FETCH"), 5)
2026-02-03 08:41:12.616 DEBUG testcase.Custom Reports                  - 6: click(findTestObject("Object Repository/Organization Settings/Work Time/Custom Reports/Common/FETCH"))
2026-02-03 08:41:13.196 DEBUG testcase.Custom Reports                  - 7: waitForPageLoad(10)
2026-02-03 08:41:13.204 DEBUG testcase.Custom Reports                  - 8: waitForElementClickable(findTestObject("Object Repository/Organization Settings/Work Time/Custom Reports/Common/CUSTOMIZE REPORT FIELDS"), 5)
2026-02-03 08:41:14.352 DEBUG testcase.Custom Reports                  - 9: click(findTestObject("Object Repository/Organization Settings/Work Time/Custom Reports/Common/CUSTOMIZE REPORT FIELDS"))
2026-02-03 08:41:16.204 DEBUG testcase.Custom Reports                  - 1: select.selectByIndex(i)
2026-02-03 08:41:17.025 DEBUG testcase.Custom Reports                  - 2: delay(1)
2026-02-03 08:41:18.035 DEBUG testcase.Custom Reports                  - 3: waitForElementClickable(findTestObject("Object Repository/Organization Settings/Work Time/Custom Reports/Common/UPDATE FIELDS"), 5)
2026-02-03 08:41:18.319 DEBUG testcase.Custom Reports                  - 4: click(findTestObject("Object Repository/Organization Settings/Work Time/Custom Reports/Common/UPDATE FIELDS"))
2026-02-03 08:41:18.825 DEBUG testcase.Custom Reports                  - 5: waitForElementClickable(findTestObject("Object Repository/Organization Settings/Work Time/Custom Reports/Common/FETCH"), 5)
2026-02-03 08:41:19.101 DEBUG testcase.Custom Reports                  - 6: click(findTestObject("Object Repository/Organization Settings/Work Time/Custom Reports/Common/FETCH"))
2026-02-03 08:41:19.600 DEBUG testcase.Custom Reports                  - 7: waitForPageLoad(10)
2026-02-03 08:41:19.607 DEBUG testcase.Custom Reports                  - 8: waitForElementClickable(findTestObject("Object Repository/Organization Settings/Work Time/Custom Reports/Common/CUSTOMIZE REPORT FIELDS"), 5)
2026-02-03 08:41:20.823 DEBUG testcase.Custom Reports                  - 9: click(findTestObject("Object Repository/Organization Settings/Work Time/Custom Reports/Common/CUSTOMIZE REPORT FIELDS"))
2026-02-03 08:41:22.827 DEBUG testcase.Custom Reports                  - 1: select.selectByIndex(i)
2026-02-03 08:41:23.393 DEBUG testcase.Custom Reports                  - 2: delay(1)
2026-02-03 08:41:24.405 DEBUG testcase.Custom Reports                  - 3: waitForElementClickable(findTestObject("Object Repository/Organization Settings/Work Time/Custom Reports/Common/UPDATE FIELDS"), 5)
2026-02-03 08:41:24.695 DEBUG testcase.Custom Reports                  - 4: click(findTestObject("Object Repository/Organization Settings/Work Time/Custom Reports/Common/UPDATE FIELDS"))
2026-02-03 08:41:25.239 DEBUG testcase.Custom Reports                  - 5: waitForElementClickable(findTestObject("Object Repository/Organization Settings/Work Time/Custom Reports/Common/FETCH"), 5)
2026-02-03 08:41:25.546 DEBUG testcase.Custom Reports                  - 6: click(findTestObject("Object Repository/Organization Settings/Work Time/Custom Reports/Common/FETCH"))
2026-02-03 08:41:26.132 DEBUG testcase.Custom Reports                  - 7: waitForPageLoad(10)
2026-02-03 08:41:26.141 DEBUG testcase.Custom Reports                  - 8: waitForElementClickable(findTestObject("Object Repository/Organization Settings/Work Time/Custom Reports/Common/CUSTOMIZE REPORT FIELDS"), 5)
2026-02-03 08:41:27.185 DEBUG testcase.Custom Reports                  - 9: click(findTestObject("Object Repository/Organization Settings/Work Time/Custom Reports/Common/CUSTOMIZE REPORT FIELDS"))
2026-02-03 08:41:28.870 DEBUG testcase.Custom Reports                  - 1: select.selectByIndex(i)
2026-02-03 08:41:29.730 DEBUG testcase.Custom Reports                  - 2: delay(1)
2026-02-03 08:41:30.743 DEBUG testcase.Custom Reports                  - 3: waitForElementClickable(findTestObject("Object Repository/Organization Settings/Work Time/Custom Reports/Common/UPDATE FIELDS"), 5)
2026-02-03 08:41:31.037 DEBUG testcase.Custom Reports                  - 4: click(findTestObject("Object Repository/Organization Settings/Work Time/Custom Reports/Common/UPDATE FIELDS"))
2026-02-03 08:41:31.591 DEBUG testcase.Custom Reports                  - 5: waitForElementClickable(findTestObject("Object Repository/Organization Settings/Work Time/Custom Reports/Common/FETCH"), 5)
2026-02-03 08:41:31.898 DEBUG testcase.Custom Reports                  - 6: click(findTestObject("Object Repository/Organization Settings/Work Time/Custom Reports/Common/FETCH"))
2026-02-03 08:41:32.493 DEBUG testcase.Custom Reports                  - 7: waitForPageLoad(10)
2026-02-03 08:41:32.501 DEBUG testcase.Custom Reports                  - 8: waitForElementClickable(findTestObject("Object Repository/Organization Settings/Work Time/Custom Reports/Common/CUSTOMIZE REPORT FIELDS"), 5)
2026-02-03 08:41:33.451 DEBUG testcase.Custom Reports                  - 9: click(findTestObject("Object Repository/Organization Settings/Work Time/Custom Reports/Common/CUSTOMIZE REPORT FIELDS"))
2026-02-03 08:41:35.136 DEBUG testcase.Custom Reports                  - 1: select.selectByIndex(i)
2026-02-03 08:41:35.960 DEBUG testcase.Custom Reports                  - 2: delay(1)
2026-02-03 08:41:36.970 DEBUG testcase.Custom Reports                  - 3: waitForElementClickable(findTestObject("Object Repository/Organization Settings/Work Time/Custom Reports/Common/UPDATE FIELDS"), 5)
2026-02-03 08:41:37.259 DEBUG testcase.Custom Reports                  - 4: click(findTestObject("Object Repository/Organization Settings/Work Time/Custom Reports/Common/UPDATE FIELDS"))
2026-02-03 08:41:37.807 DEBUG testcase.Custom Reports                  - 5: waitForElementClickable(findTestObject("Object Repository/Organization Settings/Work Time/Custom Reports/Common/FETCH"), 5)
2026-02-03 08:41:38.128 DEBUG testcase.Custom Reports                  - 6: click(findTestObject("Object Repository/Organization Settings/Work Time/Custom Reports/Common/FETCH"))
2026-02-03 08:41:38.712 DEBUG testcase.Custom Reports                  - 7: waitForPageLoad(10)
2026-02-03 08:41:38.719 DEBUG testcase.Custom Reports                  - 8: waitForElementClickable(findTestObject("Object Repository/Organization Settings/Work Time/Custom Reports/Common/CUSTOMIZE REPORT FIELDS"), 5)
2026-02-03 08:41:39.661 DEBUG testcase.Custom Reports                  - 9: click(findTestObject("Object Repository/Organization Settings/Work Time/Custom Reports/Common/CUSTOMIZE REPORT FIELDS"))
2026-02-03 08:41:41.475 DEBUG testcase.Custom Reports                  - 1: select.selectByIndex(i)
2026-02-03 08:41:42.385 DEBUG testcase.Custom Reports                  - 2: delay(1)
2026-02-03 08:41:43.393 DEBUG testcase.Custom Reports                  - 3: waitForElementClickable(findTestObject("Object Repository/Organization Settings/Work Time/Custom Reports/Common/UPDATE FIELDS"), 5)
2026-02-03 08:41:43.723 DEBUG testcase.Custom Reports                  - 4: click(findTestObject("Object Repository/Organization Settings/Work Time/Custom Reports/Common/UPDATE FIELDS"))
2026-02-03 08:41:44.473 DEBUG testcase.Custom Reports                  - 5: waitForElementClickable(findTestObject("Object Repository/Organization Settings/Work Time/Custom Reports/Common/FETCH"), 5)
2026-02-03 08:41:44.790 DEBUG testcase.Custom Reports                  - 6: click(findTestObject("Object Repository/Organization Settings/Work Time/Custom Reports/Common/FETCH"))
2026-02-03 08:41:45.391 DEBUG testcase.Custom Reports                  - 7: waitForPageLoad(10)
2026-02-03 08:41:45.399 DEBUG testcase.Custom Reports                  - 8: waitForElementClickable(findTestObject("Object Repository/Organization Settings/Work Time/Custom Reports/Common/CUSTOMIZE REPORT FIELDS"), 5)
2026-02-03 08:41:46.613 DEBUG testcase.Custom Reports                  - 9: click(findTestObject("Object Repository/Organization Settings/Work Time/Custom Reports/Common/CUSTOMIZE REPORT FIELDS"))
2026-02-03 08:41:48.617 DEBUG testcase.Custom Reports                  - 1: select.selectByIndex(i)
2026-02-03 08:41:49.522 DEBUG testcase.Custom Reports                  - 2: delay(1)
2026-02-03 08:41:50.525 DEBUG testcase.Custom Reports                  - 3: waitForElementClickable(findTestObject("Object Repository/Organization Settings/Work Time/Custom Reports/Common/UPDATE FIELDS"), 5)
2026-02-03 08:41:50.829 DEBUG testcase.Custom Reports                  - 4: click(findTestObject("Object Repository/Organization Settings/Work Time/Custom Reports/Common/UPDATE FIELDS"))
2026-02-03 08:41:51.449 DEBUG testcase.Custom Reports                  - 5: waitForElementClickable(findTestObject("Object Repository/Organization Settings/Work Time/Custom Reports/Common/FETCH"), 5)
2026-02-03 08:41:51.766 DEBUG testcase.Custom Reports                  - 6: click(findTestObject("Object Repository/Organization Settings/Work Time/Custom Reports/Common/FETCH"))
2026-02-03 08:41:52.388 DEBUG testcase.Custom Reports                  - 7: waitForPageLoad(10)
2026-02-03 08:41:52.397 DEBUG testcase.Custom Reports                  - 8: waitForElementClickable(findTestObject("Object Repository/Organization Settings/Work Time/Custom Reports/Common/CUSTOMIZE REPORT FIELDS"), 5)
2026-02-03 08:41:53.059 DEBUG testcase.Custom Reports                  - 9: click(findTestObject("Object Repository/Organization Settings/Work Time/Custom Reports/Common/CUSTOMIZE REPORT FIELDS"))
2026-02-03 08:41:54.799 DEBUG testcase.Custom Reports                  - 3: customizeReportViewReset(filePath)
2026-02-03 08:41:54.800 DEBUG testcase.Custom Reports                  - 1: getObjectsAsMap = com.prohanceapplication.common.ObjectUtils.getObjectsAsMap(filePath)
2026-02-03 08:41:54.833 INFO  k.k.c.m.CustomKeywordDelegatingMetaClass - com.prohanceapplication.common.ObjectUtils.getObjectsAsMap is PASSED
2026-02-03 08:41:54.834 DEBUG testcase.Custom Reports                  - 2: out.println(getObjectsAsMap)
[Neutral (TAFS)_Avg:TestObject - 'Object Repository/Organization Settings/Work Time/Custom Reports/Check_Box/Time Away From System/Neutral (TAFS)_Avg', Neutral (TAFS)_Main:TestObject - 'Object Repository/Organization Settings/Work Time/Custom Reports/Check_Box/Time Away From System/Neutral (TAFS)_Main', Neutral (TAFS)_Tot:TestObject - 'Object Repository/Organization Settings/Work Time/Custom Reports/Check_Box/Time Away From System/Neutral (TAFS)_Tot', Non Productive (TAFS)_Avg:TestObject - 'Object Repository/Organization Settings/Work Time/Custom Reports/Check_Box/Time Away From System/Non Productive (TAFS)_Avg', Non Productive (TAFS)_Main:TestObject - 'Object Repository/Organization Settings/Work Time/Custom Reports/Check_Box/Time Away From System/Non Productive (TAFS)_Main', Non Productive (TAFS)_Tot:TestObject - 'Object Repository/Organization Settings/Work Time/Custom Reports/Check_Box/Time Away From System/Non Productive (TAFS)_Tot', Not Rated (TAFS)_Avg:TestObject - 'Object Repository/Organization Settings/Work Time/Custom Reports/Check_Box/Time Away From System/Not Rated (TAFS)_Avg', Not Rated (TAFS)_Main:TestObject - 'Object Repository/Organization Settings/Work Time/Custom Reports/Check_Box/Time Away From System/Not Rated (TAFS)_Main', Not Rated (TAFS)_Tot:TestObject - 'Object Repository/Organization Settings/Work Time/Custom Reports/Check_Box/Time Away From System/Not Rated (TAFS)_Tot', Personal Time (TAFS)_Avg:TestObject - 'Object Repository/Organization Settings/Work Time/Custom Reports/Check_Box/Time Away From System/Personal Time (TAFS)_Avg', Personal Time (TAFS)_Main:TestObject - 'Object Repository/Organization Settings/Work Time/Custom Reports/Check_Box/Time Away From System/Personal Time (TAFS)_Main', Personal Time (TAFS)_Tot:TestObject - 'Object Repository/Organization Settings/Work Time/Custom Reports/Check_Box/Time Away From System/Personal Time (TAFS)_Tot', Productive (TAFS)_Avg:TestObject - 'Object Repository/Organization Settings/Work Time/Custom Reports/Check_Box/Time Away From System/Productive (TAFS)_Avg', Productive (TAFS)_Main:TestObject - 'Object Repository/Organization Settings/Work Time/Custom Reports/Check_Box/Time Away From System/Productive (TAFS)_Main', Productive (TAFS)_Tot:TestObject - 'Object Repository/Organization Settings/Work Time/Custom Reports/Check_Box/Time Away From System/Productive (TAFS)_Tot', Time Away From System_Avg:TestObject - 'Object Repository/Organization Settings/Work Time/Custom Reports/Check_Box/Time Away From System/Time Away From System_Avg', Time Away From System_Main:TestObject - 'Object Repository/Organization Settings/Work Time/Custom Reports/Check_Box/Time Away From System/Time Away From System_Main', Time Away From System_Tot:TestObject - 'Object Repository/Organization Settings/Work Time/Custom Reports/Check_Box/Time Away From System/Time Away From System_Tot', Unknown (TAFS)_Avg:TestObject - 'Object Repository/Organization Settings/Work Time/Custom Reports/Check_Box/Time Away From System/Unknown (TAFS)_Avg', Unknown (TAFS)_Main:TestObject - 'Object Repository/Organization Settings/Work Time/Custom Reports/Check_Box/Time Away From System/Unknown (TAFS)_Main', Unknown (TAFS)_Tot:TestObject - 'Object Repository/Organization Settings/Work Time/Custom Reports/Check_Box/Time Away From System/Unknown (TAFS)_Tot']
2026-02-03 08:41:54.834 DEBUG testcase.Custom Reports                  - 3: grouped = getObjectsAsMap.groupBy({ java.lang.Object entry -> ... })
2026-02-03 08:41:54.835 DEBUG testcase.Custom Reports                  - 4: grouped.each({ java.lang.Object groupKey, java.lang.Object entries -> ... })
2026-02-03 08:42:04.048 DEBUG testcase.Custom Reports                  - 1: customizeReportView(filePath)
2026-02-03 08:42:04.049 DEBUG testcase.Custom Reports                  - 1: getObjectsAsMap = com.prohanceapplication.common.ObjectUtils.getObjectsAsMap(filePath)
2026-02-03 08:42:04.094 INFO  k.k.c.m.CustomKeywordDelegatingMetaClass - com.prohanceapplication.common.ObjectUtils.getObjectsAsMap is PASSED
2026-02-03 08:42:04.094 DEBUG testcase.Custom Reports                  - 2: grouped = getObjectsAsMap.groupBy({ java.lang.Object entry -> ... })
2026-02-03 08:42:04.096 DEBUG testcase.Custom Reports                  - 3: grouped.each({ java.lang.Object groupKey, java.lang.Object entries -> ... })
2026-02-03 08:42:17.675 WARN  k.c.w.k.b.WaitForElementClickableKeyword - Waiting for element timed out
2026-02-03 08:42:35.157 DEBUG testcase.Custom Reports                  - 2: for ([i = 0, i < getOptions().size(), (i++)])
2026-02-03 08:42:35.415 DEBUG testcase.Custom Reports                  - 1: select.selectByIndex(i)
2026-02-03 08:42:36.097 DEBUG testcase.Custom Reports                  - 2: delay(1)
2026-02-03 08:42:37.110 DEBUG testcase.Custom Reports                  - 3: waitForElementClickable(findTestObject("Object Repository/Organization Settings/Work Time/Custom Reports/Common/UPDATE FIELDS"), 5)
2026-02-03 08:42:37.418 DEBUG testcase.Custom Reports                  - 4: click(findTestObject("Object Repository/Organization Settings/Work Time/Custom Reports/Common/UPDATE FIELDS"))
2026-02-03 08:42:38.046 DEBUG testcase.Custom Reports                  - 5: waitForElementClickable(findTestObject("Object Repository/Organization Settings/Work Time/Custom Reports/Common/FETCH"), 5)
2026-02-03 08:42:38.334 DEBUG testcase.Custom Reports                  - 6: click(findTestObject("Object Repository/Organization Settings/Work Time/Custom Reports/Common/FETCH"))
2026-02-03 08:42:38.999 DEBUG testcase.Custom Reports                  - 7: waitForPageLoad(10)
2026-02-03 08:42:39.009 DEBUG testcase.Custom Reports                  - 8: waitForElementClickable(findTestObject("Object Repository/Organization Settings/Work Time/Custom Reports/Common/CUSTOMIZE REPORT FIELDS"), 5)
2026-02-03 08:42:39.999 DEBUG testcase.Custom Reports                  - 9: click(findTestObject("Object Repository/Organization Settings/Work Time/Custom Reports/Common/CUSTOMIZE REPORT FIELDS"))
2026-02-03 08:42:41.790 DEBUG testcase.Custom Reports                  - 1: select.selectByIndex(i)
2026-02-03 08:42:42.574 DEBUG testcase.Custom Reports                  - 2: delay(1)
2026-02-03 08:42:43.579 DEBUG testcase.Custom Reports                  - 3: waitForElementClickable(findTestObject("Object Repository/Organization Settings/Work Time/Custom Reports/Common/UPDATE FIELDS"), 5)
2026-02-03 08:42:43.909 DEBUG testcase.Custom Reports                  - 4: click(findTestObject("Object Repository/Organization Settings/Work Time/Custom Reports/Common/UPDATE FIELDS"))
2026-02-03 08:42:44.558 DEBUG testcase.Custom Reports                  - 5: waitForElementClickable(findTestObject("Object Repository/Organization Settings/Work Time/Custom Reports/Common/FETCH"), 5)
2026-02-03 08:42:44.864 DEBUG testcase.Custom Reports                  - 6: click(findTestObject("Object Repository/Organization Settings/Work Time/Custom Reports/Common/FETCH"))
2026-02-03 08:42:45.444 DEBUG testcase.Custom Reports                  - 7: waitForPageLoad(10)
2026-02-03 08:42:45.451 DEBUG testcase.Custom Reports                  - 8: waitForElementClickable(findTestObject("Object Repository/Organization Settings/Work Time/Custom Reports/Common/CUSTOMIZE REPORT FIELDS"), 5)
2026-02-03 08:42:46.541 DEBUG testcase.Custom Reports                  - 9: click(findTestObject("Object Repository/Organization Settings/Work Time/Custom Reports/Common/CUSTOMIZE REPORT FIELDS"))
2026-02-03 08:42:48.322 DEBUG testcase.Custom Reports                  - 1: select.selectByIndex(i)
2026-02-03 08:42:49.352 DEBUG testcase.Custom Reports                  - 2: delay(1)
2026-02-03 08:42:50.364 DEBUG testcase.Custom Reports                  - 3: waitForElementClickable(findTestObject("Object Repository/Organization Settings/Work Time/Custom Reports/Common/UPDATE FIELDS"), 5)
2026-02-03 08:42:50.673 DEBUG testcase.Custom Reports                  - 4: click(findTestObject("Object Repository/Organization Settings/Work Time/Custom Reports/Common/UPDATE FIELDS"))
2026-02-03 08:42:51.296 DEBUG testcase.Custom Reports                  - 5: waitForElementClickable(findTestObject("Object Repository/Organization Settings/Work Time/Custom Reports/Common/FETCH"), 5)
2026-02-03 08:42:51.580 DEBUG testcase.Custom Reports                  - 6: click(findTestObject("Object Repository/Organization Settings/Work Time/Custom Reports/Common/FETCH"))
2026-02-03 08:42:52.244 DEBUG testcase.Custom Reports                  - 7: waitForPageLoad(10)
2026-02-03 08:42:52.252 DEBUG testcase.Custom Reports                  - 8: waitForElementClickable(findTestObject("Object Repository/Organization Settings/Work Time/Custom Reports/Common/CUSTOMIZE REPORT FIELDS"), 5)
2026-02-03 08:42:53.103 DEBUG testcase.Custom Reports                  - 9: click(findTestObject("Object Repository/Organization Settings/Work Time/Custom Reports/Common/CUSTOMIZE REPORT FIELDS"))
2026-02-03 08:42:54.958 DEBUG testcase.Custom Reports                  - 1: select.selectByIndex(i)
2026-02-03 08:42:55.883 DEBUG testcase.Custom Reports                  - 2: delay(1)
2026-02-03 08:42:56.886 DEBUG testcase.Custom Reports                  - 3: waitForElementClickable(findTestObject("Object Repository/Organization Settings/Work Time/Custom Reports/Common/UPDATE FIELDS"), 5)
2026-02-03 08:42:57.196 DEBUG testcase.Custom Reports                  - 4: click(findTestObject("Object Repository/Organization Settings/Work Time/Custom Reports/Common/UPDATE FIELDS"))
2026-02-03 08:42:57.880 DEBUG testcase.Custom Reports                  - 5: waitForElementClickable(findTestObject("Object Repository/Organization Settings/Work Time/Custom Reports/Common/FETCH"), 5)
2026-02-03 08:42:58.167 DEBUG testcase.Custom Reports                  - 6: click(findTestObject("Object Repository/Organization Settings/Work Time/Custom Reports/Common/FETCH"))
2026-02-03 08:42:58.846 DEBUG testcase.Custom Reports                  - 7: waitForPageLoad(10)
2026-02-03 08:42:58.856 DEBUG testcase.Custom Reports                  - 8: waitForElementClickable(findTestObject("Object Repository/Organization Settings/Work Time/Custom Reports/Common/CUSTOMIZE REPORT FIELDS"), 5)
2026-02-03 08:42:59.717 DEBUG testcase.Custom Reports                  - 9: click(findTestObject("Object Repository/Organization Settings/Work Time/Custom Reports/Common/CUSTOMIZE REPORT FIELDS"))
2026-02-03 08:43:01.628 DEBUG testcase.Custom Reports                  - 1: select.selectByIndex(i)
2026-02-03 08:43:02.668 DEBUG testcase.Custom Reports                  - 2: delay(1)
2026-02-03 08:43:03.686 DEBUG testcase.Custom Reports                  - 3: waitForElementClickable(findTestObject("Object Repository/Organization Settings/Work Time/Custom Reports/Common/UPDATE FIELDS"), 5)
2026-02-03 08:43:03.973 DEBUG testcase.Custom Reports                  - 4: click(findTestObject("Object Repository/Organization Settings/Work Time/Custom Reports/Common/UPDATE FIELDS"))
2026-02-03 08:43:04.634 DEBUG testcase.Custom Reports                  - 5: waitForElementClickable(findTestObject("Object Repository/Organization Settings/Work Time/Custom Reports/Common/FETCH"), 5)
2026-02-03 08:43:04.979 DEBUG testcase.Custom Reports                  - 6: click(findTestObject("Object Repository/Organization Settings/Work Time/Custom Reports/Common/FETCH"))
2026-02-03 08:43:05.615 DEBUG testcase.Custom Reports                  - 7: waitForPageLoad(10)
2026-02-03 08:43:05.624 DEBUG testcase.Custom Reports                  - 8: waitForElementClickable(findTestObject("Object Repository/Organization Settings/Work Time/Custom Reports/Common/CUSTOMIZE REPORT FIELDS"), 5)
2026-02-03 08:43:06.493 DEBUG testcase.Custom Reports                  - 9: click(findTestObject("Object Repository/Organization Settings/Work Time/Custom Reports/Common/CUSTOMIZE REPORT FIELDS"))
2026-02-03 08:43:08.387 DEBUG testcase.Custom Reports                  - 1: select.selectByIndex(i)
2026-02-03 08:43:09.347 DEBUG testcase.Custom Reports                  - 2: delay(1)
2026-02-03 08:43:10.362 DEBUG testcase.Custom Reports                  - 3: waitForElementClickable(findTestObject("Object Repository/Organization Settings/Work Time/Custom Reports/Common/UPDATE FIELDS"), 5)
2026-02-03 08:43:10.660 DEBUG testcase.Custom Reports                  - 4: click(findTestObject("Object Repository/Organization Settings/Work Time/Custom Reports/Common/UPDATE FIELDS"))
2026-02-03 08:43:11.281 DEBUG testcase.Custom Reports                  - 5: waitForElementClickable(findTestObject("Object Repository/Organization Settings/Work Time/Custom Reports/Common/FETCH"), 5)
2026-02-03 08:43:11.572 DEBUG testcase.Custom Reports                  - 6: click(findTestObject("Object Repository/Organization Settings/Work Time/Custom Reports/Common/FETCH"))
2026-02-03 08:43:12.217 DEBUG testcase.Custom Reports                  - 7: waitForPageLoad(10)
2026-02-03 08:43:12.226 DEBUG testcase.Custom Reports                  - 8: waitForElementClickable(findTestObject("Object Repository/Organization Settings/Work Time/Custom Reports/Common/CUSTOMIZE REPORT FIELDS"), 5)
2026-02-03 08:43:12.980 DEBUG testcase.Custom Reports                  - 9: click(findTestObject("Object Repository/Organization Settings/Work Time/Custom Reports/Common/CUSTOMIZE REPORT FIELDS"))
2026-02-03 08:43:15.019 DEBUG testcase.Custom Reports                  - 1: select.selectByIndex(i)
2026-02-03 08:43:16.147 DEBUG testcase.Custom Reports                  - 2: delay(1)
2026-02-03 08:43:17.165 DEBUG testcase.Custom Reports                  - 3: waitForElementClickable(findTestObject("Object Repository/Organization Settings/Work Time/Custom Reports/Common/UPDATE FIELDS"), 5)
2026-02-03 08:43:17.465 DEBUG testcase.Custom Reports                  - 4: click(findTestObject("Object Repository/Organization Settings/Work Time/Custom Reports/Common/UPDATE FIELDS"))
2026-02-03 08:43:18.213 DEBUG testcase.Custom Reports                  - 5: waitForElementClickable(findTestObject("Object Repository/Organization Settings/Work Time/Custom Reports/Common/FETCH"), 5)
2026-02-03 08:43:18.545 DEBUG testcase.Custom Reports                  - 6: click(findTestObject("Object Repository/Organization Settings/Work Time/Custom Reports/Common/FETCH"))
2026-02-03 08:43:19.260 DEBUG testcase.Custom Reports                  - 7: waitForPageLoad(10)
2026-02-03 08:43:19.267 DEBUG testcase.Custom Reports                  - 8: waitForElementClickable(findTestObject("Object Repository/Organization Settings/Work Time/Custom Reports/Common/CUSTOMIZE REPORT FIELDS"), 5)
2026-02-03 08:43:20.258 DEBUG testcase.Custom Reports                  - 9: click(findTestObject("Object Repository/Organization Settings/Work Time/Custom Reports/Common/CUSTOMIZE REPORT FIELDS"))
2026-02-03 08:43:22.443 DEBUG testcase.Custom Reports                  - 1: select.selectByIndex(i)
2026-02-03 08:43:23.592 DEBUG testcase.Custom Reports                  - 2: delay(1)
2026-02-03 08:43:24.605 DEBUG testcase.Custom Reports                  - 3: waitForElementClickable(findTestObject("Object Repository/Organization Settings/Work Time/Custom Reports/Common/UPDATE FIELDS"), 5)
2026-02-03 08:43:24.898 DEBUG testcase.Custom Reports                  - 4: click(findTestObject("Object Repository/Organization Settings/Work Time/Custom Reports/Common/UPDATE FIELDS"))
2026-02-03 08:43:25.576 DEBUG testcase.Custom Reports                  - 5: waitForElementClickable(findTestObject("Object Repository/Organization Settings/Work Time/Custom Reports/Common/FETCH"), 5)
2026-02-03 08:43:25.865 DEBUG testcase.Custom Reports                  - 6: click(findTestObject("Object Repository/Organization Settings/Work Time/Custom Reports/Common/FETCH"))
2026-02-03 08:43:26.505 DEBUG testcase.Custom Reports                  - 7: waitForPageLoad(10)
2026-02-03 08:43:26.512 DEBUG testcase.Custom Reports                  - 8: waitForElementClickable(findTestObject("Object Repository/Organization Settings/Work Time/Custom Reports/Common/CUSTOMIZE REPORT FIELDS"), 5)
2026-02-03 08:43:27.223 DEBUG testcase.Custom Reports                  - 9: click(findTestObject("Object Repository/Organization Settings/Work Time/Custom Reports/Common/CUSTOMIZE REPORT FIELDS"))
2026-02-03 08:43:29.279 DEBUG testcase.Custom Reports                  - 1: select.selectByIndex(i)
2026-02-03 08:43:30.320 DEBUG testcase.Custom Reports                  - 2: delay(1)
2026-02-03 08:43:31.335 DEBUG testcase.Custom Reports                  - 3: waitForElementClickable(findTestObject("Object Repository/Organization Settings/Work Time/Custom Reports/Common/UPDATE FIELDS"), 5)
2026-02-03 08:43:31.663 DEBUG testcase.Custom Reports                  - 4: click(findTestObject("Object Repository/Organization Settings/Work Time/Custom Reports/Common/UPDATE FIELDS"))
2026-02-03 08:43:32.354 DEBUG testcase.Custom Reports                  - 5: waitForElementClickable(findTestObject("Object Repository/Organization Settings/Work Time/Custom Reports/Common/FETCH"), 5)
2026-02-03 08:43:32.628 DEBUG testcase.Custom Reports                  - 6: click(findTestObject("Object Repository/Organization Settings/Work Time/Custom Reports/Common/FETCH"))
2026-02-03 08:43:33.292 DEBUG testcase.Custom Reports                  - 7: waitForPageLoad(10)
2026-02-03 08:43:33.301 DEBUG testcase.Custom Reports                  - 8: waitForElementClickable(findTestObject("Object Repository/Organization Settings/Work Time/Custom Reports/Common/CUSTOMIZE REPORT FIELDS"), 5)
2026-02-03 08:43:34.173 DEBUG testcase.Custom Reports                  - 9: click(findTestObject("Object Repository/Organization Settings/Work Time/Custom Reports/Common/CUSTOMIZE REPORT FIELDS"))
2026-02-03 08:43:36.342 DEBUG testcase.Custom Reports                  - 1: select.selectByIndex(i)
2026-02-03 08:43:37.531 DEBUG testcase.Custom Reports                  - 2: delay(1)
2026-02-03 08:43:38.546 DEBUG testcase.Custom Reports                  - 3: waitForElementClickable(findTestObject("Object Repository/Organization Settings/Work Time/Custom Reports/Common/UPDATE FIELDS"), 5)
2026-02-03 08:43:38.863 DEBUG testcase.Custom Reports                  - 4: click(findTestObject("Object Repository/Organization Settings/Work Time/Custom Reports/Common/UPDATE FIELDS"))
2026-02-03 08:43:39.521 DEBUG testcase.Custom Reports                  - 5: waitForElementClickable(findTestObject("Object Repository/Organization Settings/Work Time/Custom Reports/Common/FETCH"), 5)
2026-02-03 08:43:39.807 DEBUG testcase.Custom Reports                  - 6: click(findTestObject("Object Repository/Organization Settings/Work Time/Custom Reports/Common/FETCH"))
2026-02-03 08:43:40.538 DEBUG testcase.Custom Reports                  - 7: waitForPageLoad(10)
2026-02-03 08:43:40.547 DEBUG testcase.Custom Reports                  - 8: waitForElementClickable(findTestObject("Object Repository/Organization Settings/Work Time/Custom Reports/Common/CUSTOMIZE REPORT FIELDS"), 5)
2026-02-03 08:43:41.236 DEBUG testcase.Custom Reports                  - 9: click(findTestObject("Object Repository/Organization Settings/Work Time/Custom Reports/Common/CUSTOMIZE REPORT FIELDS"))
2026-02-03 08:43:43.328 DEBUG testcase.Custom Reports                  - 1: select.selectByIndex(i)
2026-02-03 08:43:44.509 DEBUG testcase.Custom Reports                  - 2: delay(1)
2026-02-03 08:43:45.526 DEBUG testcase.Custom Reports                  - 3: waitForElementClickable(findTestObject("Object Repository/Organization Settings/Work Time/Custom Reports/Common/UPDATE FIELDS"), 5)
2026-02-03 08:43:45.815 DEBUG testcase.Custom Reports                  - 4: click(findTestObject("Object Repository/Organization Settings/Work Time/Custom Reports/Common/UPDATE FIELDS"))
2026-02-03 08:43:46.493 DEBUG testcase.Custom Reports                  - 5: waitForElementClickable(findTestObject("Object Repository/Organization Settings/Work Time/Custom Reports/Common/FETCH"), 5)
2026-02-03 08:43:46.804 DEBUG testcase.Custom Reports                  - 6: click(findTestObject("Object Repository/Organization Settings/Work Time/Custom Reports/Common/FETCH"))
2026-02-03 08:43:47.521 DEBUG testcase.Custom Reports                  - 7: waitForPageLoad(10)
2026-02-03 08:43:47.533 DEBUG testcase.Custom Reports                  - 8: waitForElementClickable(findTestObject("Object Repository/Organization Settings/Work Time/Custom Reports/Common/CUSTOMIZE REPORT FIELDS"), 5)
2026-02-03 08:43:48.117 DEBUG testcase.Custom Reports                  - 9: click(findTestObject("Object Repository/Organization Settings/Work Time/Custom Reports/Common/CUSTOMIZE REPORT FIELDS"))
2026-02-03 08:43:50.202 DEBUG testcase.Custom Reports                  - 1: select.selectByIndex(i)
2026-02-03 08:43:51.334 DEBUG testcase.Custom Reports                  - 2: delay(1)
2026-02-03 08:43:52.349 DEBUG testcase.Custom Reports                  - 3: waitForElementClickable(findTestObject("Object Repository/Organization Settings/Work Time/Custom Reports/Common/UPDATE FIELDS"), 5)
2026-02-03 08:43:52.675 DEBUG testcase.Custom Reports                  - 4: click(findTestObject("Object Repository/Organization Settings/Work Time/Custom Reports/Common/UPDATE FIELDS"))
2026-02-03 08:43:53.438 DEBUG testcase.Custom Reports                  - 5: waitForElementClickable(findTestObject("Object Repository/Organization Settings/Work Time/Custom Reports/Common/FETCH"), 5)
2026-02-03 08:43:53.741 DEBUG testcase.Custom Reports                  - 6: click(findTestObject("Object Repository/Organization Settings/Work Time/Custom Reports/Common/FETCH"))
2026-02-03 08:43:54.413 DEBUG testcase.Custom Reports                  - 7: waitForPageLoad(10)
2026-02-03 08:43:54.420 DEBUG testcase.Custom Reports                  - 8: waitForElementClickable(findTestObject("Object Repository/Organization Settings/Work Time/Custom Reports/Common/CUSTOMIZE REPORT FIELDS"), 5)
2026-02-03 08:43:55.348 DEBUG testcase.Custom Reports                  - 9: click(findTestObject("Object Repository/Organization Settings/Work Time/Custom Reports/Common/CUSTOMIZE REPORT FIELDS"))
2026-02-03 08:43:57.485 DEBUG testcase.Custom Reports                  - 1: select.selectByIndex(i)
2026-02-03 08:43:58.795 DEBUG testcase.Custom Reports                  - 2: delay(1)
2026-02-03 08:43:59.812 DEBUG testcase.Custom Reports                  - 3: waitForElementClickable(findTestObject("Object Repository/Organization Settings/Work Time/Custom Reports/Common/UPDATE FIELDS"), 5)
2026-02-03 08:44:00.137 DEBUG testcase.Custom Reports                  - 4: click(findTestObject("Object Repository/Organization Settings/Work Time/Custom Reports/Common/UPDATE FIELDS"))
2026-02-03 08:44:00.823 DEBUG testcase.Custom Reports                  - 5: waitForElementClickable(findTestObject("Object Repository/Organization Settings/Work Time/Custom Reports/Common/FETCH"), 5)
2026-02-03 08:44:01.140 DEBUG testcase.Custom Reports                  - 6: click(findTestObject("Object Repository/Organization Settings/Work Time/Custom Reports/Common/FETCH"))
2026-02-03 08:44:01.890 DEBUG testcase.Custom Reports                  - 7: waitForPageLoad(10)
2026-02-03 08:44:01.921 DEBUG testcase.Custom Reports                  - 8: waitForElementClickable(findTestObject("Object Repository/Organization Settings/Work Time/Custom Reports/Common/CUSTOMIZE REPORT FIELDS"), 5)
2026-02-03 08:44:02.873 DEBUG testcase.Custom Reports                  - 9: click(findTestObject("Object Repository/Organization Settings/Work Time/Custom Reports/Common/CUSTOMIZE REPORT FIELDS"))
2026-02-03 08:44:05.283 DEBUG testcase.Custom Reports                  - 3: customizeReportViewReset(filePath)
2026-02-03 08:44:05.283 DEBUG testcase.Custom Reports                  - 1: getObjectsAsMap = com.prohanceapplication.common.ObjectUtils.getObjectsAsMap(filePath)
2026-02-03 08:44:05.344 INFO  k.k.c.m.CustomKeywordDelegatingMetaClass - com.prohanceapplication.common.ObjectUtils.getObjectsAsMap is PASSED
2026-02-03 08:44:05.345 DEBUG testcase.Custom Reports                  - 2: out.println(getObjectsAsMap)
[Active_Hours_Avg:TestObject - 'Object Repository/Organization Settings/Work Time/Custom Reports/Check_Box/Time On System/Active_Hours_Avg', Active_Hours_Main:TestObject - 'Object Repository/Organization Settings/Work Time/Custom Reports/Check_Box/Time On System/Active_Hours_Main', Active_Hours_Tot:TestObject - 'Object Repository/Organization Settings/Work Time/Custom Reports/Check_Box/Time On System/Active_Hours_Tot', Logged_Hours_AVG:TestObject - 'Object Repository/Organization Settings/Work Time/Custom Reports/Check_Box/Time On System/Logged_Hours_AVG', Logged_Hours_Main:TestObject - 'Object Repository/Organization Settings/Work Time/Custom Reports/Check_Box/Time On System/Logged_Hours_Main', Logged_Hours_Tot:TestObject - 'Object Repository/Organization Settings/Work Time/Custom Reports/Check_Box/Time On System/Logged_Hours_Tot', Neutral (TOS)_Avg:TestObject - 'Object Repository/Organization Settings/Work Time/Custom Reports/Check_Box/Time On System/Neutral (TOS)_Avg', Neutral (TOS)_Main:TestObject - 'Object Repository/Organization Settings/Work Time/Custom Reports/Check_Box/Time On System/Neutral (TOS)_Main', Neutral (TOS)_Tos:TestObject - 'Object Repository/Organization Settings/Work Time/Custom Reports/Check_Box/Time On System/Neutral (TOS)_Tos', Non Productive (TOS)_Avg:TestObject - 'Object Repository/Organization Settings/Work Time/Custom Reports/Check_Box/Time On System/Non Productive (TOS)_Avg', Non Productive (TOS)_Main:TestObject - 'Object Repository/Organization Settings/Work Time/Custom Reports/Check_Box/Time On System/Non Productive (TOS)_Main', Non Productive (TOS)_Tot:TestObject - 'Object Repository/Organization Settings/Work Time/Custom Reports/Check_Box/Time On System/Non Productive (TOS)_Tot', Not Rated (TOS)_Avg:TestObject - 'Object Repository/Organization Settings/Work Time/Custom Reports/Check_Box/Time On System/Not Rated (TOS)_Avg', Not Rated (TOS)_Main:TestObject - 'Object Repository/Organization Settings/Work Time/Custom Reports/Check_Box/Time On System/Not Rated (TOS)_Main', Not Rated (TOS)_Tot:TestObject - 'Object Repository/Organization Settings/Work Time/Custom Reports/Check_Box/Time On System/Not Rated (TOS)_Tot', Personal Time (TOS)_Avg:TestObject - 'Object Repository/Organization Settings/Work Time/Custom Reports/Check_Box/Time On System/Personal Time (TOS)_Avg', Personal Time (TOS)_Main:TestObject - 'Object Repository/Organization Settings/Work Time/Custom Reports/Check_Box/Time On System/Personal Time (TOS)_Main', Personal Time (TOS)_Tot:TestObject - 'Object Repository/Organization Settings/Work Time/Custom Reports/Check_Box/Time On System/Personal Time (TOS)_Tot', Productive (TOS)_Avg:TestObject - 'Object Repository/Organization Settings/Work Time/Custom Reports/Check_Box/Time On System/Productive (TOS)_Avg', Productive (TOS)_Main:TestObject - 'Object Repository/Organization Settings/Work Time/Custom Reports/Check_Box/Time On System/Productive (TOS)_Main', Productive (TOS)_Tot:TestObject - 'Object Repository/Organization Settings/Work Time/Custom Reports/Check_Box/Time On System/Productive (TOS)_Tot', Time On System_Avg:TestObject - 'Object Repository/Organization Settings/Work Time/Custom Reports/Check_Box/Time On System/Time On System_Avg', Time On System_Main:TestObject - 'Object Repository/Organization Settings/Work Time/Custom Reports/Check_Box/Time On System/Time On System_Main', Time On System_Tot:TestObject - 'Object Repository/Organization Settings/Work Time/Custom Reports/Check_Box/Time On System/Time On System_Tot', Unknown (TOS)_Avg:TestObject - 'Object Repository/Organization Settings/Work Time/Custom Reports/Check_Box/Time On System/Unknown (TOS)_Avg', Unknown (TOS)_Main:TestObject - 'Object Repository/Organization Settings/Work Time/Custom Reports/Check_Box/Time On System/Unknown (TOS)_Main', Unknown (TOS)_Tot:TestObject - 'Object Repository/Organization Settings/Work Time/Custom Reports/Check_Box/Time On System/Unknown (TOS)_Tot']
2026-02-03 08:44:05.346 DEBUG testcase.Custom Reports                  - 3: grouped = getObjectsAsMap.groupBy({ java.lang.Object entry -> ... })
2026-02-03 08:44:05.347 DEBUG testcase.Custom Reports                  - 4: grouped.each({ java.lang.Object groupKey, java.lang.Object entries -> ... })
2026-02-03 08:44:07.502 WARN  c.k.k.core.keyword.internal.KeywordMain  - Object 'Object Repository/Organization Settings/Work Time/Custom Reports/Check_Box/Time On System/Logged_Hours_Main' is not checked (Root cause: com.kms.katalon.core.exception.StepFailedException: Object 'Object Repository/Organization Settings/Work Time/Custom Reports/Check_Box/Time On System/Logged_Hours_Main' is not checked
	at com.kms.katalon.core.webui.keyword.internal.WebUIKeywordMain.stepFailed(WebUIKeywordMain.groovy:177)
	at com.kms.katalon.core.webui.keyword.builtin.VerifyElementCheckedKeyword$_verifyElementChecked_closure1.doCall(VerifyElementCheckedKeyword.groovy:60)
	at java.base/jdk.internal.reflect.DirectMethodHandleAccessor.invoke(DirectMethodHandleAccessor.java:103)
	at jdk.proxy2/jdk.proxy2.$Proxy48.execute(Unknown Source)
	at com.kms.katalon.core.webui.model.SeleniumActionRetryController.performAction(SeleniumActionRetryController.java:96)
	at com.kms.katalon.core.webui.model.SeleniumActionRetryController.performAction(SeleniumActionRetryController.java:83)
	at com.kms.katalon.core.webui.keyword.internal.WebUIKeywordMain$_runKeywordUntilTimeout_closure1.doCall(WebUIKeywordMain.groovy:135)
	at com.kms.katalon.core.webui.keyword.internal.WebUIKeywordMain$_runKeywordUntilTimeout_closure1.call(WebUIKeywordMain.groovy)
	at com.kms.katalon.core.webui.keyword.internal.WebUIKeywordMain.runKeyword(WebUIKeywordMain.groovy:41)
	at com.kms.katalon.core.webui.keyword.internal.WebUIKeywordMain.runKeywordUntilTimeout(WebUIKeywordMain.groovy:133)
	at com.kms.katalon.core.webui.keyword.builtin.VerifyElementCheckedKeyword.verifyElementChecked(VerifyElementCheckedKeyword.groovy:71)
	at com.kms.katalon.core.webui.keyword.builtin.VerifyElementCheckedKeyword.execute(VerifyElementCheckedKeyword.groovy:40)
	at com.kms.katalon.core.keyword.internal.KeywordExecutor.executeKeywordForPlatform(KeywordExecutor.groovy:95)
	at com.kms.katalon.core.webui.keyword.WebUiBuiltInKeywords.verifyElementChecked(WebUiBuiltInKeywords.groovy:1483)
	at Script1769747049695$_customizeReportViewReset_closure3.doCall(Script1769747049695.groovy:251)
	at java.base/jdk.internal.reflect.DirectMethodHandleAccessor.invoke(DirectMethodHandleAccessor.java:103)
	at Custom Reports.customizeReportViewReset(Custom Reports:244)
	at Custom Reports.run(Custom Reports:138)
	at com.kms.katalon.core.main.ScriptEngine.run(ScriptEngine.java:194)
	at com.kms.katalon.core.main.ScriptEngine.runScriptAsRawText(ScriptEngine.java:119)
	at com.kms.katalon.core.main.TestCaseExecutor.runScript(TestCaseExecutor.java:502)
	at com.kms.katalon.core.main.TestCaseExecutor.doExecute(TestCaseExecutor.java:493)
	at com.kms.katalon.core.main.TestCaseExecutor.processExecutionPhase(TestCaseExecutor.java:472)
	at com.kms.katalon.core.main.TestCaseExecutor.accessMainPhase(TestCaseExecutor.java:464)
	at com.kms.katalon.core.main.TestCaseExecutor.execute(TestCaseExecutor.java:334)
	at com.kms.katalon.core.common.CommonExecutor.accessTestCaseMainPhase(CommonExecutor.java:71)
	at com.kms.katalon.core.main.TestSuiteExecutor.accessTestSuiteMainPhase(TestSuiteExecutor.java:163)
	at com.kms.katalon.core.main.TestSuiteExecutor.execute(TestSuiteExecutor.java:120)
	at com.kms.katalon.core.main.TestCaseMain.startTestSuite(TestCaseMain.java:205)
	at S0.run(S0.groovy:35)
	at java.base/jdk.internal.reflect.DirectMethodHandleAccessor.invoke(DirectMethodHandleAccessor.java:103)
)
2026-02-03 08:44:17.162 DEBUG testcase.Custom Reports                  - 34: reportDurationInput = new com.kms.katalon.core.testobject.TestObject(ReportDurationInput)
2026-02-03 08:44:17.163 DEBUG testcase.Custom Reports                  - 35: reportDurationInput.addProperty("xpath", EQUALS, "//form[@id='ReportFilterDurationFormBean']//input[@id='reportDuration']")
2026-02-03 08:44:17.165 DEBUG testcase.Custom Reports                  - 36: reportDurationElement = findWebElement(reportDurationInput).getAttribute("Value")
2026-02-03 08:44:17.441 ERROR c.k.katalon.core.main.TestCaseExecutor   - ❌ Test Cases/ProhanceWeb/Organization Settings/Work Time/Custom Reports/Custom Reports FAILED.
Reason:
org.codehaus.groovy.runtime.typehandling.GroovyCastException: Cannot cast object 'D' with class 'java.lang.String' to class 'org.openqa.selenium.WebElement'
	at Custom Reports.run(Custom Reports:154)
	at com.kms.katalon.core.main.ScriptEngine.run(ScriptEngine.java:194)
	at com.kms.katalon.core.main.ScriptEngine.runScriptAsRawText(ScriptEngine.java:119)
	at com.kms.katalon.core.main.TestCaseExecutor.runScript(TestCaseExecutor.java:502)
	at com.kms.katalon.core.main.TestCaseExecutor.doExecute(TestCaseExecutor.java:493)
	at com.kms.katalon.core.main.TestCaseExecutor.processExecutionPhase(TestCaseExecutor.java:472)
	at com.kms.katalon.core.main.TestCaseExecutor.accessMainPhase(TestCaseExecutor.java:464)
	at com.kms.katalon.core.main.TestCaseExecutor.execute(TestCaseExecutor.java:334)
	at com.kms.katalon.core.common.CommonExecutor.accessTestCaseMainPhase(CommonExecutor.java:71)
	at com.kms.katalon.core.main.TestSuiteExecutor.accessTestSuiteMainPhase(TestSuiteExecutor.java:163)
	at com.kms.katalon.core.main.TestSuiteExecutor.execute(TestSuiteExecutor.java:120)
	at com.kms.katalon.core.main.TestCaseMain.startTestSuite(TestCaseMain.java:205)
	at S0.run(S0.groovy:35)
	at java.base/jdk.internal.reflect.DirectMethodHandleAccessor.invoke(DirectMethodHandleAccessor.java:103)

2026-02-03 08:44:17.446 ERROR c.k.katalon.core.main.TestCaseExecutor   - ❌ Test Cases/ProhanceWeb/Organization Settings/Work Time/Custom Reports/Custom Reports FAILED.
Reason:
org.codehaus.groovy.runtime.typehandling.GroovyCastException: Cannot cast object 'D' with class 'java.lang.String' to class 'org.openqa.selenium.WebElement'
	at Custom Reports.run(Custom Reports:154)
	at com.kms.katalon.core.main.ScriptEngine.run(ScriptEngine.java:194)
	at com.kms.katalon.core.main.ScriptEngine.runScriptAsRawText(ScriptEngine.java:119)
	at com.kms.katalon.core.main.TestCaseExecutor.runScript(TestCaseExecutor.java:502)
	at com.kms.katalon.core.main.TestCaseExecutor.doExecute(TestCaseExecutor.java:493)
	at com.kms.katalon.core.main.TestCaseExecutor.processExecutionPhase(TestCaseExecutor.java:472)
	at com.kms.katalon.core.main.TestCaseExecutor.accessMainPhase(TestCaseExecutor.java:464)
	at com.kms.katalon.core.main.TestCaseExecutor.execute(TestCaseExecutor.java:334)
	at com.kms.katalon.core.common.CommonExecutor.accessTestCaseMainPhase(CommonExecutor.java:71)
	at com.kms.katalon.core.main.TestSuiteExecutor.accessTestSuiteMainPhase(TestSuiteExecutor.java:163)
	at com.kms.katalon.core.main.TestSuiteExecutor.execute(TestSuiteExecutor.java:120)
	at com.kms.katalon.core.main.TestCaseMain.startTestSuite(TestCaseMain.java:205)
	at S0.run(S0.groovy:35)
	at java.base/jdk.internal.reflect.DirectMethodHandleAccessor.invoke(DirectMethodHandleAccessor.java:103)

2026-02-03 08:44:17.448 INFO  c.k.katalon.core.main.TestCaseExecutor   - END Test Cases/ProhanceWeb/Organization Settings/Work Time/Custom Reports/Custom Reports
2026-02-03 08:44:17.452 INFO  c.k.katalon.core.main.TestCaseExecutor   - --------------------
2026-02-03 08:44:17.452 INFO  c.k.katalon.core.main.TestCaseExecutor   - START Test Cases/ProhanceWeb/Organization Settings/Work Time/Custom Reports/Custom Reports - Retry attempt 1
2026-02-03 08:44:17.662 DEBUG testcase.Custom Reports                  - 1: ViewBy = null
2026-02-03 08:44:17.663 DEBUG testcase.Custom Reports                  - 2: UserType = null
2026-02-03 08:44:17.664 DEBUG testcase.Custom Reports                  - 3: if (waitForElementPresent(findTestObject("Object Repository/Organization Settings/New Folder/Page_ProHance/a_WORK TIME"), Delay))
2026-02-03 08:44:22.735 WARN  k.k.c.w.k.b.WaitForElementPresentKeyword - Object 'Object Repository/Organization Settings/New Folder/Page_ProHance/a_WORK TIME' is not present after 5 second(s)
2026-02-03 08:44:22.737 DEBUG testcase.Custom Reports                  - 4: else
2026-02-03 08:44:22.739 DEBUG testcase.Custom Reports                  - 1: println("WORK TIME menu not found")
WORK TIME menu not found
2026-02-03 08:44:22.740 DEBUG testcase.Custom Reports                  - 5: chec = verifyElementChecked(findTestObject("Object Repository/Organization Settings/Work Time/Custom Reports/Common/Chk_ Display Overall Data"), 2, OPTIONAL)
2026-02-03 08:44:23.090 WARN  c.k.k.core.keyword.internal.KeywordMain  - Object 'Object Repository/Organization Settings/Work Time/Custom Reports/Common/Chk_ Display Overall Data' is not checked (Root cause: com.kms.katalon.core.exception.StepFailedException: Object 'Object Repository/Organization Settings/Work Time/Custom Reports/Common/Chk_ Display Overall Data' is not checked
	at com.kms.katalon.core.webui.keyword.internal.WebUIKeywordMain.stepFailed(WebUIKeywordMain.groovy:177)
	at com.kms.katalon.core.webui.keyword.builtin.VerifyElementCheckedKeyword$_verifyElementChecked_closure1.doCall(VerifyElementCheckedKeyword.groovy:60)
	at java.base/jdk.internal.reflect.DirectMethodHandleAccessor.invoke(DirectMethodHandleAccessor.java:103)
	at jdk.proxy2/jdk.proxy2.$Proxy48.execute(Unknown Source)
	at com.kms.katalon.core.webui.model.SeleniumActionRetryController.performAction(SeleniumActionRetryController.java:96)
	at com.kms.katalon.core.webui.model.SeleniumActionRetryController.performAction(SeleniumActionRetryController.java:83)
	at com.kms.katalon.core.webui.keyword.internal.WebUIKeywordMain$_runKeywordUntilTimeout_closure1.doCall(WebUIKeywordMain.groovy:135)
	at com.kms.katalon.core.webui.keyword.internal.WebUIKeywordMain$_runKeywordUntilTimeout_closure1.call(WebUIKeywordMain.groovy)
	at com.kms.katalon.core.webui.keyword.internal.WebUIKeywordMain.runKeyword(WebUIKeywordMain.groovy:41)
	at com.kms.katalon.core.webui.keyword.internal.WebUIKeywordMain.runKeywordUntilTimeout(WebUIKeywordMain.groovy:133)
	at com.kms.katalon.core.webui.keyword.builtin.VerifyElementCheckedKeyword.verifyElementChecked(VerifyElementCheckedKeyword.groovy:71)
	at com.kms.katalon.core.webui.keyword.builtin.VerifyElementCheckedKeyword.execute(VerifyElementCheckedKeyword.groovy:40)
	at com.kms.katalon.core.keyword.internal.KeywordExecutor.executeKeywordForPlatform(KeywordExecutor.groovy:95)
	at com.kms.katalon.core.webui.keyword.WebUiBuiltInKeywords.verifyElementChecked(WebUiBuiltInKeywords.groovy:1483)
	at Custom Reports.run(Custom Reports:206)
	at com.kms.katalon.core.main.ScriptEngine.run(ScriptEngine.java:194)
	at com.kms.katalon.core.main.ScriptEngine.runScriptAsRawText(ScriptEngine.java:119)
	at com.kms.katalon.core.main.TestCaseExecutor.runScript(TestCaseExecutor.java:502)
	at com.kms.katalon.core.main.TestCaseExecutor.doExecute(TestCaseExecutor.java:493)
	at com.kms.katalon.core.main.TestCaseExecutor.processExecutionPhase(TestCaseExecutor.java:472)
	at com.kms.katalon.core.main.TestCaseExecutor.accessMainPhase(TestCaseExecutor.java:464)
	at com.kms.katalon.core.main.TestCaseExecutor.execute(TestCaseExecutor.java:334)
	at com.kms.katalon.core.main.TestCaseExecutor.execute(TestCaseExecutor.java:422)
	at com.kms.katalon.core.common.CommonExecutor.accessTestCaseMainPhase(CommonExecutor.java:71)
	at com.kms.katalon.core.main.TestSuiteExecutor.accessTestSuiteMainPhase(TestSuiteExecutor.java:163)
	at com.kms.katalon.core.main.TestSuiteExecutor.execute(TestSuiteExecutor.java:120)
	at com.kms.katalon.core.main.TestCaseMain.startTestSuite(TestCaseMain.java:205)
	at S0.run(S0.groovy:35)
	at java.base/jdk.internal.reflect.DirectMethodHandleAccessor.invoke(DirectMethodHandleAccessor.java:103)
)
2026-02-03 08:44:23.092 DEBUG testcase.Custom Reports                  - 6: out.println(chec)
false
2026-02-03 08:44:23.097 INFO  c.k.katalon.core.main.TestCaseExecutor   - END Test Cases/ProhanceWeb/Organization Settings/Work Time/Custom Reports/Custom Reports
2026-02-03 08:44:23.539 INFO  c.k.katalon.core.main.TestSuiteExecutor  - --------------------
2026-02-03 08:44:23.539 INFO  c.k.katalon.core.main.TestSuiteExecutor  - END Test Suites/WorkTime/Custom Reports/Custom Reports
2026-02-03 08:44:23.539 INFO  c.k.katalon.core.main.TestSuiteExecutor  - ====================
