2026-01-28 16:14:22.658 INFO  c.k.k.c.l.logback.LogbackConfigurator    - Logback default configuration initialized from: C:\Users\gopal.s\.katalon\packages\KSE-10.4.3\configuration\org.eclipse.osgi\133\0\.cp\resources\logback\logback-execution.xml
2026-01-28 16:14:22.666 INFO  c.k.k.c.l.logback.LogbackConfigurator    - Logback custom configuration initialized from: C:\Users\gopal.s\git\ProhanceWebApplication\Include\config\log.properties
2026-01-28 16:14:24.709 INFO  c.k.katalon.core.main.TestSuiteExecutor  - START Test Suites/general
2026-01-28 16:14:24.809 INFO  c.k.katalon.core.main.TestSuiteExecutor  - userFullName = Gopal
2026-01-28 16:14:24.811 INFO  c.k.katalon.core.main.TestSuiteExecutor  - projectName = ProhanceWebApplication
2026-01-28 16:14:24.814 INFO  c.k.katalon.core.main.TestSuiteExecutor  - hostName = gopal.s - JAMOCHA57.jamochahq.local
2026-01-28 16:14:24.814 INFO  c.k.katalon.core.main.TestSuiteExecutor  - os = Windows 11 64bit
2026-01-28 16:14:24.816 INFO  c.k.katalon.core.main.TestSuiteExecutor  - hostAddress = 10.10.10.136
2026-01-28 16:14:24.818 INFO  c.k.katalon.core.main.TestSuiteExecutor  - katalonVersion = 10.4.3.0
2026-01-28 16:14:25.448 INFO  c.k.katalon.core.main.TestCaseExecutor   - --------------------
2026-01-28 16:14:25.448 INFO  c.k.katalon.core.main.TestCaseExecutor   - START Test Cases/ProhanceWeb/General_TC/General_TC
2026-01-28 16:14:25.516 INFO  c.k.katalon.core.main.TestCaseExecutor   - (Default) userName = 
2026-01-28 16:14:25.517 INFO  c.k.katalon.core.main.TestCaseExecutor   - (Default) password = 
2026-01-28 16:14:25.519 INFO  c.k.katalon.core.main.TestCaseExecutor   - (Default) exportType = 
2026-01-28 16:14:25.919 DEBUG testcase.General_TC                      - 1: callTestCase(findTestCase("Test Cases/ProhanceWeb/Login_Page/Login"), ["userName":userName, "password":password])
2026-01-28 16:14:26.099 INFO  c.k.katalon.core.main.TestCaseExecutor   - --------------------
2026-01-28 16:14:26.099 INFO  c.k.katalon.core.main.TestCaseExecutor   - CALL Test Cases/ProhanceWeb/Login_Page/Login
2026-01-28 16:14:26.163 INFO  c.k.katalon.core.main.TestCaseExecutor   - userName = 
2026-01-28 16:14:26.167 INFO  c.k.katalon.core.main.TestCaseExecutor   - password = 
2026-01-28 16:14:26.380 DEBUG testcase.Login                           - 1: openBrowser("")
2026-01-28 16:14:26.612 INFO  c.k.k.core.webui.driver.DriverFactory    - Starting 'Chrome' driver
2026-01-28 16:14:26.677 INFO  c.k.k.core.webui.driver.DriverFactory    - Action delay is set to 0 milliseconds
Jan 28, 2026 4:15:34 PM org.openqa.selenium.devtools.CdpVersionFinder findNearestMatch
WARNING: Unable to find an exact match for CDP version 144, returning the closest version; found: 142; Please update to a Selenium version that supports CDP version 144
2026-01-28 16:15:35.071 INFO  c.k.k.core.webui.driver.DriverFactory    - sessionId = 1f21e3c9f9bcd4ac5ab1712b1f5285a4
2026-01-28 16:15:35.073 INFO  c.k.k.core.webui.driver.DriverFactory    - browser = Chrome 144.0.7559.98
2026-01-28 16:15:35.074 INFO  c.k.k.core.webui.driver.DriverFactory    - platform = Windows 11
2026-01-28 16:15:35.075 INFO  c.k.k.core.webui.driver.DriverFactory    - seleniumVersion = 4.34.0
2026-01-28 16:15:35.084 INFO  c.k.k.core.webui.driver.DriverFactory    - proxyInformation = ProxyInformation { proxyOption=NO_PROXY, proxyServerType=HTTP, username=, password=********, proxyServerAddress=, proxyServerPort=0, executionList="", isApplyToDesiredCapabilities=true }
2026-01-28 16:15:35.140 DEBUG testcase.Login                           - 2: maximizeWindow()
2026-01-28 16:15:35.234 DEBUG testcase.Login                           - 3: waitForPageLoad(Delay, CONTINUE_ON_FAILURE)
2026-01-28 16:15:35.660 DEBUG testcase.Login                           - 4: navigateToUrl(URL)
