2026-01-27 23:35:18.508 INFO  c.k.k.c.l.logback.LogbackConfigurator    - Logback default configuration initialized from: C:\Users\KRISHNA\.katalon\packages\KSE-10.4.3\configuration\org.eclipse.osgi\133\0\.cp\resources\logback\logback-execution.xml
2026-01-27 23:35:18.512 INFO  c.k.k.c.l.logback.LogbackConfigurator    - Logback custom configuration initialized from: C:\Users\KRISHNA\git\ProhanceWebApplication\Include\config\log.properties
2026-01-27 23:35:19.021 INFO  c.k.katalon.core.main.TestSuiteExecutor  - START Test Suites/Login_Genaral
2026-01-27 23:35:19.121 INFO  c.k.katalon.core.main.TestSuiteExecutor  - userFullName = Gopal
2026-01-27 23:35:19.122 INFO  c.k.katalon.core.main.TestSuiteExecutor  - projectName = ProhanceWebApplication
2026-01-27 23:35:19.123 INFO  c.k.katalon.core.main.TestSuiteExecutor  - hostName = KRISHNA - krishna
2026-01-27 23:35:19.123 INFO  c.k.katalon.core.main.TestSuiteExecutor  - os = Windows 11 64bit
2026-01-27 23:35:19.124 INFO  c.k.katalon.core.main.TestSuiteExecutor  - hostAddress = 192.168.0.9
2026-01-27 23:35:19.124 INFO  c.k.katalon.core.main.TestSuiteExecutor  - katalonVersion = 10.4.3.0
2026-01-27 23:35:19.717 INFO  c.k.katalon.core.main.TestCaseExecutor   - --------------------
2026-01-27 23:35:19.717 INFO  c.k.katalon.core.main.TestCaseExecutor   - START Test Cases/ProhanceWeb/Login_Page/Login
2026-01-27 23:35:19.781 INFO  c.k.katalon.core.main.TestCaseExecutor   - userName = tsL9urF6O/D/xURRxzj/8w==
2026-01-27 23:35:19.782 INFO  c.k.katalon.core.main.TestCaseExecutor   - password = tsL9urF6O/APwsPS+50KRA==
2026-01-27 23:35:20.304 DEBUG testcase.Login                           - 1: openBrowser("")
2026-01-27 23:35:20.575 INFO  c.k.k.core.webui.driver.DriverFactory    - Starting 'Chrome' driver
2026-01-27 23:35:20.651 INFO  c.k.k.core.webui.driver.DriverFactory    - Action delay is set to 0 milliseconds
Jan 27, 2026 11:35:22 PM org.openqa.selenium.devtools.CdpVersionFinder findNearestMatch
WARNING: Unable to find an exact match for CDP version 144, returning the closest version; found: 142; Please update to a Selenium version that supports CDP version 144
2026-01-27 23:35:22.696 INFO  c.k.k.core.webui.driver.DriverFactory    - sessionId = 40a51ac8e707bc29f85f54878d8b3bd2
2026-01-27 23:35:22.697 INFO  c.k.k.core.webui.driver.DriverFactory    - browser = Chrome 144.0.7559.97
2026-01-27 23:35:22.698 INFO  c.k.k.core.webui.driver.DriverFactory    - platform = Windows 11
2026-01-27 23:35:22.699 INFO  c.k.k.core.webui.driver.DriverFactory    - seleniumVersion = 4.34.0
2026-01-27 23:35:22.710 INFO  c.k.k.core.webui.driver.DriverFactory    - proxyInformation = ProxyInformation { proxyOption=NO_PROXY, proxyServerType=HTTP, username=, password=********, proxyServerAddress=, proxyServerPort=0, executionList="", isApplyToDesiredCapabilities=true }
2026-01-27 23:35:22.766 DEBUG testcase.Login                           - 2: maximizeWindow()
2026-01-27 23:35:22.837 DEBUG testcase.Login                           - 3: waitForPageLoad(Delay, CONTINUE_ON_FAILURE)
2026-01-27 23:35:23.211 DEBUG testcase.Login                           - 4: navigateToUrl(URL)
2026-01-27 23:35:23.982 DEBUG testcase.Login                           - 5: try
2026-01-27 23:35:23.986 DEBUG testcase.Login                           - 1: setEncryptedText(findTestObject("Object Repository/LoginOR/userName"), userName)
2026-01-27 23:35:24.627 DEBUG testcase.Login                           - 2: setEncryptedText(findTestObject("Object Repository/LoginOR/Password"), password)
2026-01-27 23:35:25.034 DEBUG testcase.Login                           - 3: waitForElementClickable(findTestObject("Object Repository/LoginOR/login_btn"), Delay)
2026-01-27 23:35:25.381 DEBUG testcase.Login                           - 4: click(findTestObject("Object Repository/LoginOR/login_btn"))
2026-01-27 23:35:25.778 DEBUG testcase.Login                           - 5: if (verifyElementPresent(findTestObject("Object Repository/LoginOR/session_Distroysession"), Delay))
2026-01-27 23:35:26.484 DEBUG testcase.Login                           - 1: waitForElementClickable(findTestObject("Object Repository/LoginOR/session_Distroysession"), Delay)
2026-01-27 23:35:26.789 DEBUG testcase.Login                           - 2: click(findTestObject("Object Repository/LoginOR/session_Distroysession"))
2026-01-27 23:35:27.143 DEBUG testcase.Login                           - 6: if (verifyElementPresent(findTestObject("Object Repository/Common/Accept Cookies"), Delay))
2026-01-27 23:35:29.027 DEBUG testcase.Login                           - 1: waitForElementClickable(findTestObject("Object Repository/Common/Accept Cookies"), Delay)
2026-01-27 23:35:29.318 DEBUG testcase.Login                           - 2: click(findTestObject("Object Repository/Common/Accept Cookies"))
2026-01-27 23:35:29.659 DEBUG testcase.Login                           - 7: Finally
2026-01-27 23:35:29.662 DEBUG testcase.Login                           - 1: timestamp = Date().format("yyyyMMdd_HHmmss")
2026-01-27 23:35:29.686 INFO  c.k.katalon.core.main.TestCaseExecutor   - END Test Cases/ProhanceWeb/Login_Page/Login
2026-01-27 23:35:29.710 INFO  c.k.katalon.core.main.TestCaseExecutor   - --------------------
2026-01-27 23:35:29.710 INFO  c.k.katalon.core.main.TestCaseExecutor   - START Test Cases/ProhanceWeb/Organization Settings/Activity DashBoard/ActivityDashBoard
2026-01-27 23:35:29.935 INFO  c.k.katalon.core.main.TestCaseExecutor   - exportType = Pdf
2026-01-27 23:35:30.260 DEBUG testcase.ActivityDashBoard               - 1: explort = null
2026-01-27 23:35:30.262 DEBUG testcase.ActivityDashBoard               - 2: if (verifyElementPresent(findTestObject("Object Repository/Organization Settings/New Folder/Page_ProHance/a_WORK TIME"), Delay))
2026-01-27 23:35:30.512 DEBUG testcase.ActivityDashBoard               - 1: waitForElementClickable(findTestObject("Object Repository/Organization Settings/New Folder/Page_ProHance/a_WORK TIME"), Delay)
2026-01-27 23:35:30.800 DEBUG testcase.ActivityDashBoard               - 2: click(findTestObject("Object Repository/Organization Settings/New Folder/Page_ProHance/a_WORK TIME"))
2026-01-27 23:35:31.159 DEBUG testcase.ActivityDashBoard               - 3: waitForElementClickable(findTestObject("Object Repository/Organization Settings/New Folder/Page_ProHance/a_ACTIVITY DASHBOARD"), Delay)
2026-01-27 23:35:31.448 DEBUG testcase.ActivityDashBoard               - 4: click(findTestObject("Object Repository/Organization Settings/New Folder/Page_ProHance/a_ACTIVITY DASHBOARD"))
2026-01-27 23:35:31.785 DEBUG testcase.ActivityDashBoard               - 5: waitForElementClickable(findTestObject("Object Repository/Organization Settings/New Folder/Page_ProHance/span_Top Applications For All Groups_drilld_ef368b"), Delay)
2026-01-27 23:35:35.887 DEBUG testcase.ActivityDashBoard               - 6: click(findTestObject("Object Repository/Organization Settings/New Folder/Page_ProHance/span_Top Applications For All Groups_drilld_ef368b"))
2026-01-27 23:35:36.413 DEBUG testcase.ActivityDashBoard               - 7: switchToWindowIndex(1)
2026-01-27 23:35:36.545 DEBUG testcase.ActivityDashBoard               - 8: waitForPageLoad(Delay, STOP_ON_FAILURE)
2026-01-27 23:35:37.030 DEBUG testcase.ActivityDashBoard               - 9: waitForElementVisible(TestObject().addProperty("xpath", EQUALS, "//table[@id ='topAppsDetailsList']"), Delay)
2026-01-27 23:35:40.723 DEBUG testcase.ActivityDashBoard               - 10: rows = findWebElements(TestObject().addProperty("xpath", EQUALS, "//table[@id='topAppsDetailsList']//tr"), Delay)
2026-01-27 23:35:40.992 DEBUG testcase.ActivityDashBoard               - 11: for ([i = 0, i < rows.size(), (i++)])
2026-01-27 23:35:40.995 DEBUG testcase.ActivityDashBoard               - 1: cols = get(i).findElements(By.tagName("td"))
2026-01-27 23:35:41.253 DEBUG testcase.ActivityDashBoard               - 2: if (cols.size() == 0)
2026-01-27 23:35:41.255 DEBUG testcase.ActivityDashBoard               - 1: cols = get(i).findElements(By.tagName("th"))
2026-01-27 23:35:41.499 DEBUG testcase.ActivityDashBoard               - 3: rowText = ""
2026-01-27 23:35:41.502 DEBUG testcase.ActivityDashBoard               - 4: for (org.openqa.selenium.WebElement col : cols)
2026-01-27 23:35:41.505 DEBUG testcase.ActivityDashBoard               - 1: rowText += col.getText() + " | "
2026-01-27 23:35:41.522 DEBUG testcase.ActivityDashBoard               - 1: rowText += col.getText() + " | "
2026-01-27 23:35:41.535 DEBUG testcase.ActivityDashBoard               - 1: rowText += col.getText() + " | "
2026-01-27 23:35:41.546 DEBUG testcase.ActivityDashBoard               - 1: rowText += col.getText() + " | "
2026-01-27 23:35:41.557 DEBUG testcase.ActivityDashBoard               - 1: rowText += col.getText() + " | "
2026-01-27 23:35:41.569 DEBUG testcase.ActivityDashBoard               - 1: rowText += col.getText() + " | "
2026-01-27 23:35:41.581 DEBUG testcase.ActivityDashBoard               - 1: rowText += col.getText() + " | "
2026-01-27 23:35:41.591 DEBUG testcase.ActivityDashBoard               - 1: rowText += col.getText() + " | "
2026-01-27 23:35:41.604 DEBUG testcase.ActivityDashBoard               - 5: logInfo("Row " + i + ": " + rowText)
2026-01-27 23:35:41.613 INFO  com.kms.katalon.core.util.KeywordUtil    - Row 0:  | Rank | Activity | Duration | #Users | #Switches | Rating | Category | 
2026-01-27 23:35:41.622 DEBUG testcase.ActivityDashBoard               - 1: cols = get(i).findElements(By.tagName("td"))
2026-01-27 23:35:41.857 DEBUG testcase.ActivityDashBoard               - 2: if (cols.size() == 0)
2026-01-27 23:35:41.858 DEBUG testcase.ActivityDashBoard               - 3: rowText = ""
2026-01-27 23:35:41.858 DEBUG testcase.ActivityDashBoard               - 4: for (org.openqa.selenium.WebElement col : cols)
2026-01-27 23:35:41.859 DEBUG testcase.ActivityDashBoard               - 1: rowText += col.getText() + " | "
2026-01-27 23:35:41.868 DEBUG testcase.ActivityDashBoard               - 1: rowText += col.getText() + " | "
2026-01-27 23:35:41.881 DEBUG testcase.ActivityDashBoard               - 1: rowText += col.getText() + " | "
2026-01-27 23:35:41.892 DEBUG testcase.ActivityDashBoard               - 1: rowText += col.getText() + " | "
2026-01-27 23:35:41.902 DEBUG testcase.ActivityDashBoard               - 1: rowText += col.getText() + " | "
2026-01-27 23:35:41.912 DEBUG testcase.ActivityDashBoard               - 1: rowText += col.getText() + " | "
2026-01-27 23:35:41.922 DEBUG testcase.ActivityDashBoard               - 1: rowText += col.getText() + " | "
2026-01-27 23:35:41.933 DEBUG testcase.ActivityDashBoard               - 1: rowText += col.getText() + " | "
2026-01-27 23:35:41.944 DEBUG testcase.ActivityDashBoard               - 5: logInfo("Row " + i + ": " + rowText)
2026-01-27 23:35:41.945 INFO  com.kms.katalon.core.util.KeywordUtil    - Row 1:  | 1 | Eclipse | 2270.26h | 42 | 455896 | +2 | Development Tools | 
2026-01-27 23:35:41.946 DEBUG testcase.ActivityDashBoard               - 1: cols = get(i).findElements(By.tagName("td"))
2026-01-27 23:35:42.186 DEBUG testcase.ActivityDashBoard               - 2: if (cols.size() == 0)
2026-01-27 23:35:42.187 DEBUG testcase.ActivityDashBoard               - 3: rowText = ""
2026-01-27 23:35:42.188 DEBUG testcase.ActivityDashBoard               - 4: for (org.openqa.selenium.WebElement col : cols)
2026-01-27 23:35:42.189 DEBUG testcase.ActivityDashBoard               - 1: rowText += col.getText() + " | "
2026-01-27 23:35:42.199 DEBUG testcase.ActivityDashBoard               - 1: rowText += col.getText() + " | "
2026-01-27 23:35:42.209 DEBUG testcase.ActivityDashBoard               - 1: rowText += col.getText() + " | "
2026-01-27 23:35:42.219 DEBUG testcase.ActivityDashBoard               - 1: rowText += col.getText() + " | "
2026-01-27 23:35:42.229 DEBUG testcase.ActivityDashBoard               - 1: rowText += col.getText() + " | "
2026-01-27 23:35:42.240 DEBUG testcase.ActivityDashBoard               - 1: rowText += col.getText() + " | "
2026-01-27 23:35:42.253 DEBUG testcase.ActivityDashBoard               - 1: rowText += col.getText() + " | "
2026-01-27 23:35:42.263 DEBUG testcase.ActivityDashBoard               - 1: rowText += col.getText() + " | "
2026-01-27 23:35:42.273 DEBUG testcase.ActivityDashBoard               - 5: logInfo("Row " + i + ": " + rowText)
2026-01-27 23:35:42.275 INFO  com.kms.katalon.core.util.KeywordUtil    - Row 2:  | 2 | ProHance | 2161.24h | 51 | 403891 | +2 | Business Tools | 
2026-01-27 23:35:42.276 DEBUG testcase.ActivityDashBoard               - 1: cols = get(i).findElements(By.tagName("td"))
2026-01-27 23:35:42.510 DEBUG testcase.ActivityDashBoard               - 2: if (cols.size() == 0)
2026-01-27 23:35:42.511 DEBUG testcase.ActivityDashBoard               - 3: rowText = ""
2026-01-27 23:35:42.512 DEBUG testcase.ActivityDashBoard               - 4: for (org.openqa.selenium.WebElement col : cols)
2026-01-27 23:35:42.512 DEBUG testcase.ActivityDashBoard               - 1: rowText += col.getText() + " | "
2026-01-27 23:35:42.523 DEBUG testcase.ActivityDashBoard               - 1: rowText += col.getText() + " | "
2026-01-27 23:35:42.534 DEBUG testcase.ActivityDashBoard               - 1: rowText += col.getText() + " | "
2026-01-27 23:35:42.544 DEBUG testcase.ActivityDashBoard               - 1: rowText += col.getText() + " | "
2026-01-27 23:35:42.555 DEBUG testcase.ActivityDashBoard               - 1: rowText += col.getText() + " | "
2026-01-27 23:35:42.566 DEBUG testcase.ActivityDashBoard               - 1: rowText += col.getText() + " | "
2026-01-27 23:35:42.575 DEBUG testcase.ActivityDashBoard               - 1: rowText += col.getText() + " | "
2026-01-27 23:35:42.586 DEBUG testcase.ActivityDashBoard               - 1: rowText += col.getText() + " | "
2026-01-27 23:35:42.598 DEBUG testcase.ActivityDashBoard               - 5: logInfo("Row " + i + ": " + rowText)
2026-01-27 23:35:42.599 INFO  com.kms.katalon.core.util.KeywordUtil    - Row 3:  | 3 | UNKNOWN AOS | 702.41h | 51 | 217733 |  |  | 
2026-01-27 23:35:42.599 DEBUG testcase.ActivityDashBoard               - 1: cols = get(i).findElements(By.tagName("td"))
2026-01-27 23:35:42.839 DEBUG testcase.ActivityDashBoard               - 2: if (cols.size() == 0)
2026-01-27 23:35:42.840 DEBUG testcase.ActivityDashBoard               - 3: rowText = ""
2026-01-27 23:35:42.840 DEBUG testcase.ActivityDashBoard               - 4: for (org.openqa.selenium.WebElement col : cols)
2026-01-27 23:35:42.841 DEBUG testcase.ActivityDashBoard               - 1: rowText += col.getText() + " | "
2026-01-27 23:35:42.851 DEBUG testcase.ActivityDashBoard               - 1: rowText += col.getText() + " | "
2026-01-27 23:35:42.862 DEBUG testcase.ActivityDashBoard               - 1: rowText += col.getText() + " | "
2026-01-27 23:35:42.873 DEBUG testcase.ActivityDashBoard               - 1: rowText += col.getText() + " | "
2026-01-27 23:35:42.885 DEBUG testcase.ActivityDashBoard               - 1: rowText += col.getText() + " | "
2026-01-27 23:35:42.898 DEBUG testcase.ActivityDashBoard               - 1: rowText += col.getText() + " | "
2026-01-27 23:35:42.908 DEBUG testcase.ActivityDashBoard               - 1: rowText += col.getText() + " | "
2026-01-27 23:35:42.921 DEBUG testcase.ActivityDashBoard               - 1: rowText += col.getText() + " | "
2026-01-27 23:35:42.932 DEBUG testcase.ActivityDashBoard               - 5: logInfo("Row " + i + ": " + rowText)
2026-01-27 23:35:42.933 INFO  com.kms.katalon.core.util.KeywordUtil    - Row 4:  | 4 | MS Teams | 555.87h | 51 | 112945 | +2 | Communication Tools | 
2026-01-27 23:35:42.934 DEBUG testcase.ActivityDashBoard               - 1: cols = get(i).findElements(By.tagName("td"))
2026-01-27 23:35:43.182 DEBUG testcase.ActivityDashBoard               - 2: if (cols.size() == 0)
2026-01-27 23:35:43.183 DEBUG testcase.ActivityDashBoard               - 3: rowText = ""
2026-01-27 23:35:43.183 DEBUG testcase.ActivityDashBoard               - 4: for (org.openqa.selenium.WebElement col : cols)
2026-01-27 23:35:43.184 DEBUG testcase.ActivityDashBoard               - 1: rowText += col.getText() + " | "
2026-01-27 23:35:43.194 DEBUG testcase.ActivityDashBoard               - 1: rowText += col.getText() + " | "
2026-01-27 23:35:43.207 DEBUG testcase.ActivityDashBoard               - 1: rowText += col.getText() + " | "
2026-01-27 23:35:43.217 DEBUG testcase.ActivityDashBoard               - 1: rowText += col.getText() + " | "
2026-01-27 23:35:43.229 DEBUG testcase.ActivityDashBoard               - 1: rowText += col.getText() + " | "
2026-01-27 23:35:43.240 DEBUG testcase.ActivityDashBoard               - 1: rowText += col.getText() + " | "
2026-01-27 23:35:43.251 DEBUG testcase.ActivityDashBoard               - 1: rowText += col.getText() + " | "
2026-01-27 23:35:43.263 DEBUG testcase.ActivityDashBoard               - 1: rowText += col.getText() + " | "
2026-01-27 23:35:43.274 DEBUG testcase.ActivityDashBoard               - 5: logInfo("Row " + i + ": " + rowText)
2026-01-27 23:35:43.275 INFO  com.kms.katalon.core.util.KeywordUtil    - Row 5:  | 5 | Notepad | 459.29h | 51 | 161416 | +2 | Development Tools | 
2026-01-27 23:35:43.275 DEBUG testcase.ActivityDashBoard               - 1: cols = get(i).findElements(By.tagName("td"))
2026-01-27 23:35:43.508 DEBUG testcase.ActivityDashBoard               - 2: if (cols.size() == 0)
2026-01-27 23:35:43.508 DEBUG testcase.ActivityDashBoard               - 3: rowText = ""
2026-01-27 23:35:43.509 DEBUG testcase.ActivityDashBoard               - 4: for (org.openqa.selenium.WebElement col : cols)
2026-01-27 23:35:43.509 DEBUG testcase.ActivityDashBoard               - 1: rowText += col.getText() + " | "
2026-01-27 23:35:43.521 DEBUG testcase.ActivityDashBoard               - 1: rowText += col.getText() + " | "
2026-01-27 23:35:43.533 DEBUG testcase.ActivityDashBoard               - 1: rowText += col.getText() + " | "
2026-01-27 23:35:43.542 DEBUG testcase.ActivityDashBoard               - 1: rowText += col.getText() + " | "
2026-01-27 23:35:43.553 DEBUG testcase.ActivityDashBoard               - 1: rowText += col.getText() + " | "
2026-01-27 23:35:43.564 DEBUG testcase.ActivityDashBoard               - 1: rowText += col.getText() + " | "
2026-01-27 23:35:43.575 DEBUG testcase.ActivityDashBoard               - 1: rowText += col.getText() + " | "
2026-01-27 23:35:43.586 DEBUG testcase.ActivityDashBoard               - 1: rowText += col.getText() + " | "
2026-01-27 23:35:43.597 DEBUG testcase.ActivityDashBoard               - 5: logInfo("Row " + i + ": " + rowText)
2026-01-27 23:35:43.597 INFO  com.kms.katalon.core.util.KeywordUtil    - Row 6:  | 6 | Windows Components | 323.96h | 51 | 277667 | +2 | Support Tools | 
2026-01-27 23:35:43.598 DEBUG testcase.ActivityDashBoard               - 1: cols = get(i).findElements(By.tagName("td"))
2026-01-27 23:35:43.834 DEBUG testcase.ActivityDashBoard               - 2: if (cols.size() == 0)
2026-01-27 23:35:43.835 DEBUG testcase.ActivityDashBoard               - 3: rowText = ""
2026-01-27 23:35:43.836 DEBUG testcase.ActivityDashBoard               - 4: for (org.openqa.selenium.WebElement col : cols)
2026-01-27 23:35:43.836 DEBUG testcase.ActivityDashBoard               - 1: rowText += col.getText() + " | "
2026-01-27 23:35:43.847 DEBUG testcase.ActivityDashBoard               - 1: rowText += col.getText() + " | "
2026-01-27 23:35:43.858 DEBUG testcase.ActivityDashBoard               - 1: rowText += col.getText() + " | "
2026-01-27 23:35:43.869 DEBUG testcase.ActivityDashBoard               - 1: rowText += col.getText() + " | "
2026-01-27 23:35:43.880 DEBUG testcase.ActivityDashBoard               - 1: rowText += col.getText() + " | "
2026-01-27 23:35:43.891 DEBUG testcase.ActivityDashBoard               - 1: rowText += col.getText() + " | "
2026-01-27 23:35:43.902 DEBUG testcase.ActivityDashBoard               - 1: rowText += col.getText() + " | "
2026-01-27 23:35:43.914 DEBUG testcase.ActivityDashBoard               - 1: rowText += col.getText() + " | "
2026-01-27 23:35:43.925 DEBUG testcase.ActivityDashBoard               - 5: logInfo("Row " + i + ": " + rowText)
2026-01-27 23:35:43.926 INFO  com.kms.katalon.core.util.KeywordUtil    - Row 7:  | 7 | Chat GPT | 188.63h | 47 | 27535 | +2 | Business Tools | 
2026-01-27 23:35:43.926 DEBUG testcase.ActivityDashBoard               - 1: cols = get(i).findElements(By.tagName("td"))
2026-01-27 23:35:44.162 DEBUG testcase.ActivityDashBoard               - 2: if (cols.size() == 0)
2026-01-27 23:35:44.162 DEBUG testcase.ActivityDashBoard               - 3: rowText = ""
2026-01-27 23:35:44.163 DEBUG testcase.ActivityDashBoard               - 4: for (org.openqa.selenium.WebElement col : cols)
2026-01-27 23:35:44.164 DEBUG testcase.ActivityDashBoard               - 1: rowText += col.getText() + " | "
2026-01-27 23:35:44.173 DEBUG testcase.ActivityDashBoard               - 1: rowText += col.getText() + " | "
2026-01-27 23:35:44.185 DEBUG testcase.ActivityDashBoard               - 1: rowText += col.getText() + " | "
2026-01-27 23:35:44.195 DEBUG testcase.ActivityDashBoard               - 1: rowText += col.getText() + " | "
2026-01-27 23:35:44.206 DEBUG testcase.ActivityDashBoard               - 1: rowText += col.getText() + " | "
2026-01-27 23:35:44.217 DEBUG testcase.ActivityDashBoard               - 1: rowText += col.getText() + " | "
2026-01-27 23:35:44.229 DEBUG testcase.ActivityDashBoard               - 1: rowText += col.getText() + " | "
2026-01-27 23:35:44.240 DEBUG testcase.ActivityDashBoard               - 1: rowText += col.getText() + " | "
2026-01-27 23:35:44.250 DEBUG testcase.ActivityDashBoard               - 5: logInfo("Row " + i + ": " + rowText)
2026-01-27 23:35:44.251 INFO  com.kms.katalon.core.util.KeywordUtil    - Row 8:  | 8 | MS Visual Studio | 163.85h | 3 | 16893 | +2 | Development Tools | 
2026-01-27 23:35:44.252 DEBUG testcase.ActivityDashBoard               - 1: cols = get(i).findElements(By.tagName("td"))
2026-01-27 23:35:44.503 DEBUG testcase.ActivityDashBoard               - 2: if (cols.size() == 0)
2026-01-27 23:35:44.504 DEBUG testcase.ActivityDashBoard               - 3: rowText = ""
2026-01-27 23:35:44.504 DEBUG testcase.ActivityDashBoard               - 4: for (org.openqa.selenium.WebElement col : cols)
2026-01-27 23:35:44.505 DEBUG testcase.ActivityDashBoard               - 1: rowText += col.getText() + " | "
2026-01-27 23:35:44.515 DEBUG testcase.ActivityDashBoard               - 1: rowText += col.getText() + " | "
2026-01-27 23:35:44.530 DEBUG testcase.ActivityDashBoard               - 1: rowText += col.getText() + " | "
2026-01-27 23:35:44.543 DEBUG testcase.ActivityDashBoard               - 1: rowText += col.getText() + " | "
2026-01-27 23:35:44.555 DEBUG testcase.ActivityDashBoard               - 1: rowText += col.getText() + " | "
2026-01-27 23:35:44.567 DEBUG testcase.ActivityDashBoard               - 1: rowText += col.getText() + " | "
2026-01-27 23:35:44.580 DEBUG testcase.ActivityDashBoard               - 1: rowText += col.getText() + " | "
2026-01-27 23:35:44.593 DEBUG testcase.ActivityDashBoard               - 1: rowText += col.getText() + " | "
2026-01-27 23:35:44.603 DEBUG testcase.ActivityDashBoard               - 5: logInfo("Row " + i + ": " + rowText)
2026-01-27 23:35:44.604 INFO  com.kms.katalon.core.util.KeywordUtil    - Row 9:  | 9 | Email Applications | 151.62h | 51 | 28704 | +2 | Communication Tools | 
2026-01-27 23:35:44.604 DEBUG testcase.ActivityDashBoard               - 1: cols = get(i).findElements(By.tagName("td"))
2026-01-27 23:35:44.835 DEBUG testcase.ActivityDashBoard               - 2: if (cols.size() == 0)
2026-01-27 23:35:44.836 DEBUG testcase.ActivityDashBoard               - 3: rowText = ""
2026-01-27 23:35:44.837 DEBUG testcase.ActivityDashBoard               - 4: for (org.openqa.selenium.WebElement col : cols)
2026-01-27 23:35:44.837 DEBUG testcase.ActivityDashBoard               - 1: rowText += col.getText() + " | "
2026-01-27 23:35:44.849 DEBUG testcase.ActivityDashBoard               - 1: rowText += col.getText() + " | "
2026-01-27 23:35:44.867 DEBUG testcase.ActivityDashBoard               - 1: rowText += col.getText() + " | "
2026-01-27 23:35:44.879 DEBUG testcase.ActivityDashBoard               - 1: rowText += col.getText() + " | "
2026-01-27 23:35:44.889 DEBUG testcase.ActivityDashBoard               - 1: rowText += col.getText() + " | "
2026-01-27 23:35:44.900 DEBUG testcase.ActivityDashBoard               - 1: rowText += col.getText() + " | "
2026-01-27 23:35:44.911 DEBUG testcase.ActivityDashBoard               - 1: rowText += col.getText() + " | "
2026-01-27 23:35:44.924 DEBUG testcase.ActivityDashBoard               - 1: rowText += col.getText() + " | "
2026-01-27 23:35:44.934 DEBUG testcase.ActivityDashBoard               - 5: logInfo("Row " + i + ": " + rowText)
2026-01-27 23:35:44.935 INFO  com.kms.katalon.core.util.KeywordUtil    - Row 10:  | 10 | MYSQL Server | 114.50h | 43 | 15941 | +2 | Development Tools | 
2026-01-27 23:35:44.936 DEBUG testcase.ActivityDashBoard               - 1: cols = get(i).findElements(By.tagName("td"))
2026-01-27 23:35:45.175 DEBUG testcase.ActivityDashBoard               - 2: if (cols.size() == 0)
2026-01-27 23:35:45.176 DEBUG testcase.ActivityDashBoard               - 3: rowText = ""
2026-01-27 23:35:45.177 DEBUG testcase.ActivityDashBoard               - 4: for (org.openqa.selenium.WebElement col : cols)
2026-01-27 23:35:45.177 DEBUG testcase.ActivityDashBoard               - 1: rowText += col.getText() + " | "
2026-01-27 23:35:45.188 DEBUG testcase.ActivityDashBoard               - 1: rowText += col.getText() + " | "
2026-01-27 23:35:45.199 DEBUG testcase.ActivityDashBoard               - 1: rowText += col.getText() + " | "
2026-01-27 23:35:45.209 DEBUG testcase.ActivityDashBoard               - 1: rowText += col.getText() + " | "
2026-01-27 23:35:45.222 DEBUG testcase.ActivityDashBoard               - 1: rowText += col.getText() + " | "
2026-01-27 23:35:45.233 DEBUG testcase.ActivityDashBoard               - 1: rowText += col.getText() + " | "
2026-01-27 23:35:45.243 DEBUG testcase.ActivityDashBoard               - 1: rowText += col.getText() + " | "
2026-01-27 23:35:45.254 DEBUG testcase.ActivityDashBoard               - 1: rowText += col.getText() + " | "
2026-01-27 23:35:45.264 DEBUG testcase.ActivityDashBoard               - 5: logInfo("Row " + i + ": " + rowText)
2026-01-27 23:35:45.265 INFO  com.kms.katalon.core.util.KeywordUtil    - Row 11:  | 11 | Remote Desktop | 90.38h | 37 | 5824 | +1 | Support Tools | 
2026-01-27 23:35:45.265 DEBUG testcase.ActivityDashBoard               - 1: cols = get(i).findElements(By.tagName("td"))
2026-01-27 23:35:45.518 DEBUG testcase.ActivityDashBoard               - 2: if (cols.size() == 0)
2026-01-27 23:35:45.519 DEBUG testcase.ActivityDashBoard               - 3: rowText = ""
2026-01-27 23:35:45.520 DEBUG testcase.ActivityDashBoard               - 4: for (org.openqa.selenium.WebElement col : cols)
2026-01-27 23:35:45.520 DEBUG testcase.ActivityDashBoard               - 1: rowText += col.getText() + " | "
2026-01-27 23:35:45.534 DEBUG testcase.ActivityDashBoard               - 1: rowText += col.getText() + " | "
2026-01-27 23:35:45.550 DEBUG testcase.ActivityDashBoard               - 1: rowText += col.getText() + " | "
2026-01-27 23:35:45.561 DEBUG testcase.ActivityDashBoard               - 1: rowText += col.getText() + " | "
2026-01-27 23:35:45.572 DEBUG testcase.ActivityDashBoard               - 1: rowText += col.getText() + " | "
2026-01-27 23:35:45.584 DEBUG testcase.ActivityDashBoard               - 1: rowText += col.getText() + " | "
2026-01-27 23:35:45.594 DEBUG testcase.ActivityDashBoard               - 1: rowText += col.getText() + " | "
2026-01-27 23:35:45.608 DEBUG testcase.ActivityDashBoard               - 1: rowText += col.getText() + " | "
2026-01-27 23:35:45.618 DEBUG testcase.ActivityDashBoard               - 5: logInfo("Row " + i + ": " + rowText)
2026-01-27 23:35:45.619 INFO  com.kms.katalon.core.util.KeywordUtil    - Row 12:  | 12 | Techmate Application | 85.51h | 37 | 13238 | +2 | Support Tools | 
2026-01-27 23:35:45.620 DEBUG testcase.ActivityDashBoard               - 1: cols = get(i).findElements(By.tagName("td"))
2026-01-27 23:35:45.862 DEBUG testcase.ActivityDashBoard               - 2: if (cols.size() == 0)
2026-01-27 23:35:45.863 DEBUG testcase.ActivityDashBoard               - 3: rowText = ""
2026-01-27 23:35:45.863 DEBUG testcase.ActivityDashBoard               - 4: for (org.openqa.selenium.WebElement col : cols)
2026-01-27 23:35:45.864 DEBUG testcase.ActivityDashBoard               - 1: rowText += col.getText() + " | "
2026-01-27 23:35:45.874 DEBUG testcase.ActivityDashBoard               - 1: rowText += col.getText() + " | "
2026-01-27 23:35:45.886 DEBUG testcase.ActivityDashBoard               - 1: rowText += col.getText() + " | "
2026-01-27 23:35:45.896 DEBUG testcase.ActivityDashBoard               - 1: rowText += col.getText() + " | "
2026-01-27 23:35:45.905 DEBUG testcase.ActivityDashBoard               - 1: rowText += col.getText() + " | "
2026-01-27 23:35:45.916 DEBUG testcase.ActivityDashBoard               - 1: rowText += col.getText() + " | "
2026-01-27 23:35:45.927 DEBUG testcase.ActivityDashBoard               - 1: rowText += col.getText() + " | "
2026-01-27 23:35:45.943 DEBUG testcase.ActivityDashBoard               - 1: rowText += col.getText() + " | "
2026-01-27 23:35:45.954 DEBUG testcase.ActivityDashBoard               - 5: logInfo("Row " + i + ": " + rowText)
2026-01-27 23:35:45.955 INFO  com.kms.katalon.core.util.KeywordUtil    - Row 13:  | 13 | XCode | 79.89h | 4 | 3910 | +2 | Development Tools | 
2026-01-27 23:35:45.955 DEBUG testcase.ActivityDashBoard               - 1: cols = get(i).findElements(By.tagName("td"))
2026-01-27 23:35:46.206 DEBUG testcase.ActivityDashBoard               - 2: if (cols.size() == 0)
2026-01-27 23:35:46.206 DEBUG testcase.ActivityDashBoard               - 3: rowText = ""
2026-01-27 23:35:46.207 DEBUG testcase.ActivityDashBoard               - 4: for (org.openqa.selenium.WebElement col : cols)
2026-01-27 23:35:46.207 DEBUG testcase.ActivityDashBoard               - 1: rowText += col.getText() + " | "
2026-01-27 23:35:46.219 DEBUG testcase.ActivityDashBoard               - 1: rowText += col.getText() + " | "
2026-01-27 23:35:46.228 DEBUG testcase.ActivityDashBoard               - 1: rowText += col.getText() + " | "
2026-01-27 23:35:46.237 DEBUG testcase.ActivityDashBoard               - 1: rowText += col.getText() + " | "
2026-01-27 23:35:46.247 DEBUG testcase.ActivityDashBoard               - 1: rowText += col.getText() + " | "
2026-01-27 23:35:46.256 DEBUG testcase.ActivityDashBoard               - 1: rowText += col.getText() + " | "
2026-01-27 23:35:46.266 DEBUG testcase.ActivityDashBoard               - 1: rowText += col.getText() + " | "
2026-01-27 23:35:46.278 DEBUG testcase.ActivityDashBoard               - 1: rowText += col.getText() + " | "
2026-01-27 23:35:46.291 DEBUG testcase.ActivityDashBoard               - 5: logInfo("Row " + i + ": " + rowText)
2026-01-27 23:35:46.292 INFO  com.kms.katalon.core.util.KeywordUtil    - Row 14:  | 14 | Personal Time | 64.89h | 33 | 227 |  |  | 
2026-01-27 23:35:46.292 DEBUG testcase.ActivityDashBoard               - 1: cols = get(i).findElements(By.tagName("td"))
2026-01-27 23:35:46.530 DEBUG testcase.ActivityDashBoard               - 2: if (cols.size() == 0)
2026-01-27 23:35:46.531 DEBUG testcase.ActivityDashBoard               - 3: rowText = ""
2026-01-27 23:35:46.531 DEBUG testcase.ActivityDashBoard               - 4: for (org.openqa.selenium.WebElement col : cols)
2026-01-27 23:35:46.533 DEBUG testcase.ActivityDashBoard               - 1: rowText += col.getText() + " | "
2026-01-27 23:35:46.541 DEBUG testcase.ActivityDashBoard               - 1: rowText += col.getText() + " | "
2026-01-27 23:35:46.551 DEBUG testcase.ActivityDashBoard               - 1: rowText += col.getText() + " | "
2026-01-27 23:35:46.562 DEBUG testcase.ActivityDashBoard               - 1: rowText += col.getText() + " | "
2026-01-27 23:35:46.571 DEBUG testcase.ActivityDashBoard               - 1: rowText += col.getText() + " | "
2026-01-27 23:35:46.579 DEBUG testcase.ActivityDashBoard               - 1: rowText += col.getText() + " | "
2026-01-27 23:35:46.589 DEBUG testcase.ActivityDashBoard               - 1: rowText += col.getText() + " | "
2026-01-27 23:35:46.602 DEBUG testcase.ActivityDashBoard               - 1: rowText += col.getText() + " | "
2026-01-27 23:35:46.614 DEBUG testcase.ActivityDashBoard               - 5: logInfo("Row " + i + ": " + rowText)
2026-01-27 23:35:46.615 INFO  com.kms.katalon.core.util.KeywordUtil    - Row 15:  | 15 | Customer Connect Apps | 53.74h | 48 | 7713 | +2 | Support Tools | 
2026-01-27 23:35:46.615 DEBUG testcase.ActivityDashBoard               - 1: cols = get(i).findElements(By.tagName("td"))
2026-01-27 23:35:46.845 DEBUG testcase.ActivityDashBoard               - 2: if (cols.size() == 0)
2026-01-27 23:35:46.846 DEBUG testcase.ActivityDashBoard               - 3: rowText = ""
2026-01-27 23:35:46.846 DEBUG testcase.ActivityDashBoard               - 4: for (org.openqa.selenium.WebElement col : cols)
2026-01-27 23:35:46.847 DEBUG testcase.ActivityDashBoard               - 1: rowText += col.getText() + " | "
2026-01-27 23:35:46.856 DEBUG testcase.ActivityDashBoard               - 1: rowText += col.getText() + " | "
2026-01-27 23:35:46.868 DEBUG testcase.ActivityDashBoard               - 1: rowText += col.getText() + " | "
2026-01-27 23:35:46.876 DEBUG testcase.ActivityDashBoard               - 1: rowText += col.getText() + " | "
2026-01-27 23:35:46.885 DEBUG testcase.ActivityDashBoard               - 1: rowText += col.getText() + " | "
2026-01-27 23:35:46.896 DEBUG testcase.ActivityDashBoard               - 1: rowText += col.getText() + " | "
2026-01-27 23:35:46.906 DEBUG testcase.ActivityDashBoard               - 1: rowText += col.getText() + " | "
2026-01-27 23:35:46.917 DEBUG testcase.ActivityDashBoard               - 1: rowText += col.getText() + " | "
2026-01-27 23:35:46.928 DEBUG testcase.ActivityDashBoard               - 5: logInfo("Row " + i + ": " + rowText)
2026-01-27 23:35:46.929 INFO  com.kms.katalon.core.util.KeywordUtil    - Row 16:  | 16 | Excel | 52.45h | 49 | 13152 | +2 | Documentation Tools | 
2026-01-27 23:35:46.929 DEBUG testcase.ActivityDashBoard               - 1: cols = get(i).findElements(By.tagName("td"))
2026-01-27 23:35:47.172 DEBUG testcase.ActivityDashBoard               - 2: if (cols.size() == 0)
2026-01-27 23:35:47.173 DEBUG testcase.ActivityDashBoard               - 3: rowText = ""
2026-01-27 23:35:47.173 DEBUG testcase.ActivityDashBoard               - 4: for (org.openqa.selenium.WebElement col : cols)
2026-01-27 23:35:47.174 DEBUG testcase.ActivityDashBoard               - 1: rowText += col.getText() + " | "
2026-01-27 23:35:47.183 DEBUG testcase.ActivityDashBoard               - 1: rowText += col.getText() + " | "
2026-01-27 23:35:47.194 DEBUG testcase.ActivityDashBoard               - 1: rowText += col.getText() + " | "
2026-01-27 23:35:47.202 DEBUG testcase.ActivityDashBoard               - 1: rowText += col.getText() + " | "
2026-01-27 23:35:47.214 DEBUG testcase.ActivityDashBoard               - 1: rowText += col.getText() + " | "
2026-01-27 23:35:47.223 DEBUG testcase.ActivityDashBoard               - 1: rowText += col.getText() + " | "
2026-01-27 23:35:47.232 DEBUG testcase.ActivityDashBoard               - 1: rowText += col.getText() + " | "
2026-01-27 23:35:47.248 DEBUG testcase.ActivityDashBoard               - 1: rowText += col.getText() + " | "
2026-01-27 23:35:47.257 DEBUG testcase.ActivityDashBoard               - 5: logInfo("Row " + i + ": " + rowText)
2026-01-27 23:35:47.258 INFO  com.kms.katalon.core.util.KeywordUtil    - Row 17:  | 17 | Tutorials | 51.07h | 38 | 6376 | +1 | Documentation Tools | 
2026-01-27 23:35:47.259 DEBUG testcase.ActivityDashBoard               - 1: cols = get(i).findElements(By.tagName("td"))
2026-01-27 23:35:47.511 DEBUG testcase.ActivityDashBoard               - 2: if (cols.size() == 0)
2026-01-27 23:35:47.512 DEBUG testcase.ActivityDashBoard               - 3: rowText = ""
2026-01-27 23:35:47.512 DEBUG testcase.ActivityDashBoard               - 4: for (org.openqa.selenium.WebElement col : cols)
2026-01-27 23:35:47.513 DEBUG testcase.ActivityDashBoard               - 1: rowText += col.getText() + " | "
2026-01-27 23:35:47.523 DEBUG testcase.ActivityDashBoard               - 1: rowText += col.getText() + " | "
2026-01-27 23:35:47.535 DEBUG testcase.ActivityDashBoard               - 1: rowText += col.getText() + " | "
2026-01-27 23:35:47.547 DEBUG testcase.ActivityDashBoard               - 1: rowText += col.getText() + " | "
2026-01-27 23:35:47.557 DEBUG testcase.ActivityDashBoard               - 1: rowText += col.getText() + " | "
2026-01-27 23:35:47.566 DEBUG testcase.ActivityDashBoard               - 1: rowText += col.getText() + " | "
2026-01-27 23:35:47.575 DEBUG testcase.ActivityDashBoard               - 1: rowText += col.getText() + " | "
2026-01-27 23:35:47.585 DEBUG testcase.ActivityDashBoard               - 1: rowText += col.getText() + " | "
2026-01-27 23:35:47.595 DEBUG testcase.ActivityDashBoard               - 5: logInfo("Row " + i + ": " + rowText)
2026-01-27 23:35:47.595 INFO  com.kms.katalon.core.util.KeywordUtil    - Row 18:  | 18 | MSSQL Server | 46.53h | 42 | 12352 | +2 | Development Tools | 
2026-01-27 23:35:47.595 DEBUG testcase.ActivityDashBoard               - 1: cols = get(i).findElements(By.tagName("td"))
2026-01-27 23:35:47.837 DEBUG testcase.ActivityDashBoard               - 2: if (cols.size() == 0)
2026-01-27 23:35:47.837 DEBUG testcase.ActivityDashBoard               - 3: rowText = ""
2026-01-27 23:35:47.837 DEBUG testcase.ActivityDashBoard               - 4: for (org.openqa.selenium.WebElement col : cols)
2026-01-27 23:35:47.839 DEBUG testcase.ActivityDashBoard               - 1: rowText += col.getText() + " | "
2026-01-27 23:35:47.849 DEBUG testcase.ActivityDashBoard               - 1: rowText += col.getText() + " | "
2026-01-27 23:35:47.859 DEBUG testcase.ActivityDashBoard               - 1: rowText += col.getText() + " | "
2026-01-27 23:35:47.868 DEBUG testcase.ActivityDashBoard               - 1: rowText += col.getText() + " | "
2026-01-27 23:35:47.878 DEBUG testcase.ActivityDashBoard               - 1: rowText += col.getText() + " | "
2026-01-27 23:35:47.887 DEBUG testcase.ActivityDashBoard               - 1: rowText += col.getText() + " | "
2026-01-27 23:35:47.898 DEBUG testcase.ActivityDashBoard               - 1: rowText += col.getText() + " | "
2026-01-27 23:35:47.908 DEBUG testcase.ActivityDashBoard               - 1: rowText += col.getText() + " | "
2026-01-27 23:35:47.917 DEBUG testcase.ActivityDashBoard               - 5: logInfo("Row " + i + ": " + rowText)
2026-01-27 23:35:47.918 INFO  com.kms.katalon.core.util.KeywordUtil    - Row 19:  | 19 | Advanced Rest Client | 36.44h | 30 | 9010 | +2 | Documentation Tools | 
2026-01-27 23:35:47.919 DEBUG testcase.ActivityDashBoard               - 1: cols = get(i).findElements(By.tagName("td"))
2026-01-27 23:35:48.150 DEBUG testcase.ActivityDashBoard               - 2: if (cols.size() == 0)
2026-01-27 23:35:48.151 DEBUG testcase.ActivityDashBoard               - 3: rowText = ""
2026-01-27 23:35:48.151 DEBUG testcase.ActivityDashBoard               - 4: for (org.openqa.selenium.WebElement col : cols)
2026-01-27 23:35:48.151 DEBUG testcase.ActivityDashBoard               - 1: rowText += col.getText() + " | "
2026-01-27 23:35:48.162 DEBUG testcase.ActivityDashBoard               - 1: rowText += col.getText() + " | "
2026-01-27 23:35:48.178 DEBUG testcase.ActivityDashBoard               - 1: rowText += col.getText() + " | "
2026-01-27 23:35:48.191 DEBUG testcase.ActivityDashBoard               - 1: rowText += col.getText() + " | "
2026-01-27 23:35:48.202 DEBUG testcase.ActivityDashBoard               - 1: rowText += col.getText() + " | "
2026-01-27 23:35:48.212 DEBUG testcase.ActivityDashBoard               - 1: rowText += col.getText() + " | "
2026-01-27 23:35:48.222 DEBUG testcase.ActivityDashBoard               - 1: rowText += col.getText() + " | "
2026-01-27 23:35:48.232 DEBUG testcase.ActivityDashBoard               - 1: rowText += col.getText() + " | "
2026-01-27 23:35:48.242 DEBUG testcase.ActivityDashBoard               - 5: logInfo("Row " + i + ": " + rowText)
2026-01-27 23:35:48.243 INFO  com.kms.katalon.core.util.KeywordUtil    - Row 20:  | 20 | General Web Browsing | 36.13h | 51 | 12572 | 0 | Documentation Tools | 
2026-01-27 23:35:48.243 DEBUG testcase.ActivityDashBoard               - 1: cols = get(i).findElements(By.tagName("td"))
2026-01-27 23:35:48.473 DEBUG testcase.ActivityDashBoard               - 2: if (cols.size() == 0)
2026-01-27 23:35:48.474 DEBUG testcase.ActivityDashBoard               - 3: rowText = ""
2026-01-27 23:35:48.475 DEBUG testcase.ActivityDashBoard               - 4: for (org.openqa.selenium.WebElement col : cols)
2026-01-27 23:35:48.475 DEBUG testcase.ActivityDashBoard               - 1: rowText += col.getText() + " | "
2026-01-27 23:35:48.485 DEBUG testcase.ActivityDashBoard               - 1: rowText += col.getText() + " | "
2026-01-27 23:35:48.497 DEBUG testcase.ActivityDashBoard               - 1: rowText += col.getText() + " | "
2026-01-27 23:35:48.510 DEBUG testcase.ActivityDashBoard               - 1: rowText += col.getText() + " | "
2026-01-27 23:35:48.521 DEBUG testcase.ActivityDashBoard               - 1: rowText += col.getText() + " | "
2026-01-27 23:35:48.539 DEBUG testcase.ActivityDashBoard               - 1: rowText += col.getText() + " | "
2026-01-27 23:35:48.554 DEBUG testcase.ActivityDashBoard               - 1: rowText += col.getText() + " | "
2026-01-27 23:35:48.567 DEBUG testcase.ActivityDashBoard               - 1: rowText += col.getText() + " | "
2026-01-27 23:35:48.577 DEBUG testcase.ActivityDashBoard               - 5: logInfo("Row " + i + ": " + rowText)
2026-01-27 23:35:48.578 INFO  com.kms.katalon.core.util.KeywordUtil    - Row 21:  | 21 | License Portal | 25.09h | 49 | 6358 | +2 | Documentation Tools | 
2026-01-27 23:35:48.579 DEBUG testcase.ActivityDashBoard               - 1: cols = get(i).findElements(By.tagName("td"))
2026-01-27 23:35:48.818 DEBUG testcase.ActivityDashBoard               - 2: if (cols.size() == 0)
2026-01-27 23:35:48.819 DEBUG testcase.ActivityDashBoard               - 3: rowText = ""
2026-01-27 23:35:48.819 DEBUG testcase.ActivityDashBoard               - 4: for (org.openqa.selenium.WebElement col : cols)
2026-01-27 23:35:48.820 DEBUG testcase.ActivityDashBoard               - 1: rowText += col.getText() + " | "
2026-01-27 23:35:48.832 DEBUG testcase.ActivityDashBoard               - 1: rowText += col.getText() + " | "
2026-01-27 23:35:48.843 DEBUG testcase.ActivityDashBoard               - 1: rowText += col.getText() + " | "
2026-01-27 23:35:48.853 DEBUG testcase.ActivityDashBoard               - 1: rowText += col.getText() + " | "
2026-01-27 23:35:48.867 DEBUG testcase.ActivityDashBoard               - 1: rowText += col.getText() + " | "
2026-01-27 23:35:48.878 DEBUG testcase.ActivityDashBoard               - 1: rowText += col.getText() + " | "
2026-01-27 23:35:48.888 DEBUG testcase.ActivityDashBoard               - 1: rowText += col.getText() + " | "
2026-01-27 23:35:48.899 DEBUG testcase.ActivityDashBoard               - 1: rowText += col.getText() + " | "
2026-01-27 23:35:48.908 DEBUG testcase.ActivityDashBoard               - 5: logInfo("Row " + i + ": " + rowText)
2026-01-27 23:35:48.909 INFO  com.kms.katalon.core.util.KeywordUtil    - Row 22:  | 22 | Paint | 16.72h | 44 | 7468 | 0 | Documentation Tools | 
2026-01-27 23:35:48.909 DEBUG testcase.ActivityDashBoard               - 1: cols = get(i).findElements(By.tagName("td"))
2026-01-27 23:35:49.143 DEBUG testcase.ActivityDashBoard               - 2: if (cols.size() == 0)
2026-01-27 23:35:49.144 DEBUG testcase.ActivityDashBoard               - 3: rowText = ""
2026-01-27 23:35:49.144 DEBUG testcase.ActivityDashBoard               - 4: for (org.openqa.selenium.WebElement col : cols)
2026-01-27 23:35:49.145 DEBUG testcase.ActivityDashBoard               - 1: rowText += col.getText() + " | "
2026-01-27 23:35:49.155 DEBUG testcase.ActivityDashBoard               - 1: rowText += col.getText() + " | "
2026-01-27 23:35:49.166 DEBUG testcase.ActivityDashBoard               - 1: rowText += col.getText() + " | "
2026-01-27 23:35:49.177 DEBUG testcase.ActivityDashBoard               - 1: rowText += col.getText() + " | "
2026-01-27 23:35:49.187 DEBUG testcase.ActivityDashBoard               - 1: rowText += col.getText() + " | "
2026-01-27 23:35:49.199 DEBUG testcase.ActivityDashBoard               - 1: rowText += col.getText() + " | "
2026-01-27 23:35:49.212 DEBUG testcase.ActivityDashBoard               - 1: rowText += col.getText() + " | "
2026-01-27 23:35:49.224 DEBUG testcase.ActivityDashBoard               - 1: rowText += col.getText() + " | "
2026-01-27 23:35:49.235 DEBUG testcase.ActivityDashBoard               - 5: logInfo("Row " + i + ": " + rowText)
2026-01-27 23:35:49.235 INFO  com.kms.katalon.core.util.KeywordUtil    - Row 23:  | 23 | Python | 16.50h | 1 | 3664 | +2 | Development Tools | 
2026-01-27 23:35:49.236 DEBUG testcase.ActivityDashBoard               - 1: cols = get(i).findElements(By.tagName("td"))
2026-01-27 23:35:49.469 DEBUG testcase.ActivityDashBoard               - 2: if (cols.size() == 0)
2026-01-27 23:35:49.471 DEBUG testcase.ActivityDashBoard               - 3: rowText = ""
2026-01-27 23:35:49.471 DEBUG testcase.ActivityDashBoard               - 4: for (org.openqa.selenium.WebElement col : cols)
2026-01-27 23:35:49.472 DEBUG testcase.ActivityDashBoard               - 1: rowText += col.getText() + " | "
2026-01-27 23:35:49.480 DEBUG testcase.ActivityDashBoard               - 1: rowText += col.getText() + " | "
2026-01-27 23:35:49.491 DEBUG testcase.ActivityDashBoard               - 1: rowText += col.getText() + " | "
2026-01-27 23:35:49.500 DEBUG testcase.ActivityDashBoard               - 1: rowText += col.getText() + " | "
2026-01-27 23:35:49.509 DEBUG testcase.ActivityDashBoard               - 1: rowText += col.getText() + " | "
2026-01-27 23:35:49.520 DEBUG testcase.ActivityDashBoard               - 1: rowText += col.getText() + " | "
2026-01-27 23:35:49.529 DEBUG testcase.ActivityDashBoard               - 1: rowText += col.getText() + " | "
2026-01-27 23:35:49.540 DEBUG testcase.ActivityDashBoard               - 1: rowText += col.getText() + " | "
2026-01-27 23:35:49.551 DEBUG testcase.ActivityDashBoard               - 5: logInfo("Row " + i + ": " + rowText)
2026-01-27 23:35:49.551 INFO  com.kms.katalon.core.util.KeywordUtil    - Row 24:  | 24 | Files & Folders | 15.50h | 12 | 5252 | 0 | System Tools | 
2026-01-27 23:35:49.551 DEBUG testcase.ActivityDashBoard               - 1: cols = get(i).findElements(By.tagName("td"))
2026-01-27 23:35:49.782 DEBUG testcase.ActivityDashBoard               - 2: if (cols.size() == 0)
2026-01-27 23:35:49.782 DEBUG testcase.ActivityDashBoard               - 3: rowText = ""
2026-01-27 23:35:49.783 DEBUG testcase.ActivityDashBoard               - 4: for (org.openqa.selenium.WebElement col : cols)
2026-01-27 23:35:49.783 DEBUG testcase.ActivityDashBoard               - 1: rowText += col.getText() + " | "
2026-01-27 23:35:49.792 DEBUG testcase.ActivityDashBoard               - 1: rowText += col.getText() + " | "
2026-01-27 23:35:49.801 DEBUG testcase.ActivityDashBoard               - 1: rowText += col.getText() + " | "
2026-01-27 23:35:49.811 DEBUG testcase.ActivityDashBoard               - 1: rowText += col.getText() + " | "
2026-01-27 23:35:49.820 DEBUG testcase.ActivityDashBoard               - 1: rowText += col.getText() + " | "
2026-01-27 23:35:49.841 DEBUG testcase.ActivityDashBoard               - 1: rowText += col.getText() + " | "
2026-01-27 23:35:49.856 DEBUG testcase.ActivityDashBoard               - 1: rowText += col.getText() + " | "
2026-01-27 23:35:49.866 DEBUG testcase.ActivityDashBoard               - 1: rowText += col.getText() + " | "
2026-01-27 23:35:49.876 DEBUG testcase.ActivityDashBoard               - 5: logInfo("Row " + i + ": " + rowText)
2026-01-27 23:35:49.877 INFO  com.kms.katalon.core.util.KeywordUtil    - Row 25:  | 25 | IP Messenger | 10.21h | 43 | 4111 | +1 | Communication Tools | 
2026-01-27 23:35:49.877 DEBUG testcase.ActivityDashBoard               - 1: cols = get(i).findElements(By.tagName("td"))
2026-01-27 23:35:50.108 DEBUG testcase.ActivityDashBoard               - 2: if (cols.size() == 0)
2026-01-27 23:35:50.108 DEBUG testcase.ActivityDashBoard               - 3: rowText = ""
2026-01-27 23:35:50.108 DEBUG testcase.ActivityDashBoard               - 4: for (org.openqa.selenium.WebElement col : cols)
2026-01-27 23:35:50.108 DEBUG testcase.ActivityDashBoard               - 1: rowText += col.getText() + " | "
2026-01-27 23:35:50.118 DEBUG testcase.ActivityDashBoard               - 1: rowText += col.getText() + " | "
2026-01-27 23:35:50.128 DEBUG testcase.ActivityDashBoard               - 1: rowText += col.getText() + " | "
2026-01-27 23:35:50.138 DEBUG testcase.ActivityDashBoard               - 1: rowText += col.getText() + " | "
2026-01-27 23:35:50.149 DEBUG testcase.ActivityDashBoard               - 1: rowText += col.getText() + " | "
2026-01-27 23:35:50.159 DEBUG testcase.ActivityDashBoard               - 1: rowText += col.getText() + " | "
2026-01-27 23:35:50.169 DEBUG testcase.ActivityDashBoard               - 1: rowText += col.getText() + " | "
2026-01-27 23:35:50.179 DEBUG testcase.ActivityDashBoard               - 1: rowText += col.getText() + " | "
2026-01-27 23:35:50.189 DEBUG testcase.ActivityDashBoard               - 5: logInfo("Row " + i + ": " + rowText)
2026-01-27 23:35:50.190 INFO  com.kms.katalon.core.util.KeywordUtil    - Row 26:  | 26 | Automation Robot | 08.75h | 4 | 3377 | +2 | Development Tools | 
2026-01-27 23:35:50.190 DEBUG testcase.ActivityDashBoard               - 1: cols = get(i).findElements(By.tagName("td"))
2026-01-27 23:35:50.441 DEBUG testcase.ActivityDashBoard               - 2: if (cols.size() == 0)
2026-01-27 23:35:50.442 DEBUG testcase.ActivityDashBoard               - 3: rowText = ""
2026-01-27 23:35:50.442 DEBUG testcase.ActivityDashBoard               - 4: for (org.openqa.selenium.WebElement col : cols)
2026-01-27 23:35:50.443 DEBUG testcase.ActivityDashBoard               - 1: rowText += col.getText() + " | "
2026-01-27 23:35:50.453 DEBUG testcase.ActivityDashBoard               - 1: rowText += col.getText() + " | "
2026-01-27 23:35:50.462 DEBUG testcase.ActivityDashBoard               - 1: rowText += col.getText() + " | "
2026-01-27 23:35:50.473 DEBUG testcase.ActivityDashBoard               - 1: rowText += col.getText() + " | "
2026-01-27 23:35:50.485 DEBUG testcase.ActivityDashBoard               - 1: rowText += col.getText() + " | "
2026-01-27 23:35:50.494 DEBUG testcase.ActivityDashBoard               - 1: rowText += col.getText() + " | "
2026-01-27 23:35:50.504 DEBUG testcase.ActivityDashBoard               - 1: rowText += col.getText() + " | "
2026-01-27 23:35:50.514 DEBUG testcase.ActivityDashBoard               - 1: rowText += col.getText() + " | "
2026-01-27 23:35:50.523 DEBUG testcase.ActivityDashBoard               - 5: logInfo("Row " + i + ": " + rowText)
2026-01-27 23:35:50.524 INFO  com.kms.katalon.core.util.KeywordUtil    - Row 27:  | 27 | Jenkins | 08.26h | 47 | 4064 | +2 | Development Tools | 
2026-01-27 23:35:50.524 DEBUG testcase.ActivityDashBoard               - 1: cols = get(i).findElements(By.tagName("td"))
2026-01-27 23:35:50.768 DEBUG testcase.ActivityDashBoard               - 2: if (cols.size() == 0)
2026-01-27 23:35:50.768 DEBUG testcase.ActivityDashBoard               - 3: rowText = ""
2026-01-27 23:35:50.769 DEBUG testcase.ActivityDashBoard               - 4: for (org.openqa.selenium.WebElement col : cols)
2026-01-27 23:35:50.769 DEBUG testcase.ActivityDashBoard               - 1: rowText += col.getText() + " | "
2026-01-27 23:35:50.779 DEBUG testcase.ActivityDashBoard               - 1: rowText += col.getText() + " | "
2026-01-27 23:35:50.789 DEBUG testcase.ActivityDashBoard               - 1: rowText += col.getText() + " | "
2026-01-27 23:35:50.810 DEBUG testcase.ActivityDashBoard               - 1: rowText += col.getText() + " | "
2026-01-27 23:35:50.822 DEBUG testcase.ActivityDashBoard               - 1: rowText += col.getText() + " | "
2026-01-27 23:35:50.833 DEBUG testcase.ActivityDashBoard               - 1: rowText += col.getText() + " | "
2026-01-27 23:35:50.842 DEBUG testcase.ActivityDashBoard               - 1: rowText += col.getText() + " | "
2026-01-27 23:35:50.853 DEBUG testcase.ActivityDashBoard               - 1: rowText += col.getText() + " | "
2026-01-27 23:35:50.862 DEBUG testcase.ActivityDashBoard               - 5: logInfo("Row " + i + ": " + rowText)
2026-01-27 23:35:50.863 INFO  com.kms.katalon.core.util.KeywordUtil    - Row 28:  | 28 | Unproductive Sites | 08.26h | 40 | 1379 | 0 | Unproductive | 
2026-01-27 23:35:50.864 DEBUG testcase.ActivityDashBoard               - 1: cols = get(i).findElements(By.tagName("td"))
2026-01-27 23:35:51.096 DEBUG testcase.ActivityDashBoard               - 2: if (cols.size() == 0)
2026-01-27 23:35:51.097 DEBUG testcase.ActivityDashBoard               - 3: rowText = ""
2026-01-27 23:35:51.098 DEBUG testcase.ActivityDashBoard               - 4: for (org.openqa.selenium.WebElement col : cols)
2026-01-27 23:35:51.098 DEBUG testcase.ActivityDashBoard               - 1: rowText += col.getText() + " | "
2026-01-27 23:35:51.109 DEBUG testcase.ActivityDashBoard               - 1: rowText += col.getText() + " | "
2026-01-27 23:35:51.120 DEBUG testcase.ActivityDashBoard               - 1: rowText += col.getText() + " | "
2026-01-27 23:35:51.130 DEBUG testcase.ActivityDashBoard               - 1: rowText += col.getText() + " | "
2026-01-27 23:35:51.141 DEBUG testcase.ActivityDashBoard               - 1: rowText += col.getText() + " | "
2026-01-27 23:35:51.152 DEBUG testcase.ActivityDashBoard               - 1: rowText += col.getText() + " | "
2026-01-27 23:35:51.162 DEBUG testcase.ActivityDashBoard               - 1: rowText += col.getText() + " | "
2026-01-27 23:35:51.173 DEBUG testcase.ActivityDashBoard               - 1: rowText += col.getText() + " | "
2026-01-27 23:35:51.184 DEBUG testcase.ActivityDashBoard               - 5: logInfo("Row " + i + ": " + rowText)
2026-01-27 23:35:51.184 INFO  com.kms.katalon.core.util.KeywordUtil    - Row 29:  | 29 | Word | 07.45h | 9 | 1355 | +2 | Documentation Tools | 
2026-01-27 23:35:51.184 DEBUG testcase.ActivityDashBoard               - 1: cols = get(i).findElements(By.tagName("td"))
2026-01-27 23:35:51.423 DEBUG testcase.ActivityDashBoard               - 2: if (cols.size() == 0)
2026-01-27 23:35:51.423 DEBUG testcase.ActivityDashBoard               - 3: rowText = ""
2026-01-27 23:35:51.423 DEBUG testcase.ActivityDashBoard               - 4: for (org.openqa.selenium.WebElement col : cols)
2026-01-27 23:35:51.425 DEBUG testcase.ActivityDashBoard               - 1: rowText += col.getText() + " | "
2026-01-27 23:35:51.434 DEBUG testcase.ActivityDashBoard               - 1: rowText += col.getText() + " | "
2026-01-27 23:35:51.446 DEBUG testcase.ActivityDashBoard               - 1: rowText += col.getText() + " | "
2026-01-27 23:35:51.457 DEBUG testcase.ActivityDashBoard               - 1: rowText += col.getText() + " | "
2026-01-27 23:35:51.469 DEBUG testcase.ActivityDashBoard               - 1: rowText += col.getText() + " | "
2026-01-27 23:35:51.485 DEBUG testcase.ActivityDashBoard               - 1: rowText += col.getText() + " | "
2026-01-27 23:35:51.498 DEBUG testcase.ActivityDashBoard               - 1: rowText += col.getText() + " | "
2026-01-27 23:35:51.511 DEBUG testcase.ActivityDashBoard               - 1: rowText += col.getText() + " | "
2026-01-27 23:35:51.524 DEBUG testcase.ActivityDashBoard               - 5: logInfo("Row " + i + ": " + rowText)
2026-01-27 23:35:51.526 INFO  com.kms.katalon.core.util.KeywordUtil    - Row 30:  | 30 | Grey Tip HR | 06.64h | 42 | 1106 | +2 | Internal Applications | 
2026-01-27 23:35:51.527 DEBUG testcase.ActivityDashBoard               - 1: cols = get(i).findElements(By.tagName("td"))
2026-01-27 23:35:51.765 DEBUG testcase.ActivityDashBoard               - 2: if (cols.size() == 0)
2026-01-27 23:35:51.766 DEBUG testcase.ActivityDashBoard               - 3: rowText = ""
2026-01-27 23:35:51.767 DEBUG testcase.ActivityDashBoard               - 4: for (org.openqa.selenium.WebElement col : cols)
2026-01-27 23:35:51.767 DEBUG testcase.ActivityDashBoard               - 1: rowText += col.getText() + " | "
2026-01-27 23:35:51.777 DEBUG testcase.ActivityDashBoard               - 1: rowText += col.getText() + " | "
2026-01-27 23:35:51.786 DEBUG testcase.ActivityDashBoard               - 1: rowText += col.getText() + " | "
2026-01-27 23:35:51.796 DEBUG testcase.ActivityDashBoard               - 1: rowText += col.getText() + " | "
2026-01-27 23:35:51.808 DEBUG testcase.ActivityDashBoard               - 1: rowText += col.getText() + " | "
2026-01-27 23:35:51.819 DEBUG testcase.ActivityDashBoard               - 1: rowText += col.getText() + " | "
2026-01-27 23:35:51.830 DEBUG testcase.ActivityDashBoard               - 1: rowText += col.getText() + " | "
2026-01-27 23:35:51.842 DEBUG testcase.ActivityDashBoard               - 1: rowText += col.getText() + " | "
2026-01-27 23:35:51.853 DEBUG testcase.ActivityDashBoard               - 5: logInfo("Row " + i + ": " + rowText)
2026-01-27 23:35:51.853 INFO  com.kms.katalon.core.util.KeywordUtil    - Row 31:  | 31 | Browser Extensions and Addons | 02.89h | 8 | 616 | +2 | Development Tools | 
2026-01-27 23:35:51.853 DEBUG testcase.ActivityDashBoard               - 1: cols = get(i).findElements(By.tagName("td"))
2026-01-27 23:35:52.093 DEBUG testcase.ActivityDashBoard               - 2: if (cols.size() == 0)
2026-01-27 23:35:52.094 DEBUG testcase.ActivityDashBoard               - 3: rowText = ""
2026-01-27 23:35:52.094 DEBUG testcase.ActivityDashBoard               - 4: for (org.openqa.selenium.WebElement col : cols)
2026-01-27 23:35:52.094 DEBUG testcase.ActivityDashBoard               - 1: rowText += col.getText() + " | "
2026-01-27 23:35:52.103 DEBUG testcase.ActivityDashBoard               - 1: rowText += col.getText() + " | "
2026-01-27 23:35:52.113 DEBUG testcase.ActivityDashBoard               - 1: rowText += col.getText() + " | "
2026-01-27 23:35:52.122 DEBUG testcase.ActivityDashBoard               - 1: rowText += col.getText() + " | "
2026-01-27 23:35:52.133 DEBUG testcase.ActivityDashBoard               - 1: rowText += col.getText() + " | "
2026-01-27 23:35:52.145 DEBUG testcase.ActivityDashBoard               - 1: rowText += col.getText() + " | "
2026-01-27 23:35:52.155 DEBUG testcase.ActivityDashBoard               - 1: rowText += col.getText() + " | "
2026-01-27 23:35:52.168 DEBUG testcase.ActivityDashBoard               - 1: rowText += col.getText() + " | "
2026-01-27 23:35:52.179 DEBUG testcase.ActivityDashBoard               - 5: logInfo("Row " + i + ": " + rowText)
2026-01-27 23:35:52.180 INFO  com.kms.katalon.core.util.KeywordUtil    - Row 32:  | 32 | Mouse Jiggles | 02.85h | 2 | 422 | 0 | Unproductive | 
2026-01-27 23:35:52.181 DEBUG testcase.ActivityDashBoard               - 1: cols = get(i).findElements(By.tagName("td"))
2026-01-27 23:35:52.420 DEBUG testcase.ActivityDashBoard               - 2: if (cols.size() == 0)
2026-01-27 23:35:52.421 DEBUG testcase.ActivityDashBoard               - 3: rowText = ""
2026-01-27 23:35:52.421 DEBUG testcase.ActivityDashBoard               - 4: for (org.openqa.selenium.WebElement col : cols)
2026-01-27 23:35:52.421 DEBUG testcase.ActivityDashBoard               - 1: rowText += col.getText() + " | "
2026-01-27 23:35:52.432 DEBUG testcase.ActivityDashBoard               - 1: rowText += col.getText() + " | "
2026-01-27 23:35:52.442 DEBUG testcase.ActivityDashBoard               - 1: rowText += col.getText() + " | "
2026-01-27 23:35:52.453 DEBUG testcase.ActivityDashBoard               - 1: rowText += col.getText() + " | "
2026-01-27 23:35:52.464 DEBUG testcase.ActivityDashBoard               - 1: rowText += col.getText() + " | "
2026-01-27 23:35:52.473 DEBUG testcase.ActivityDashBoard               - 1: rowText += col.getText() + " | "
2026-01-27 23:35:52.486 DEBUG testcase.ActivityDashBoard               - 1: rowText += col.getText() + " | "
2026-01-27 23:35:52.497 DEBUG testcase.ActivityDashBoard               - 1: rowText += col.getText() + " | "
2026-01-27 23:35:52.511 DEBUG testcase.ActivityDashBoard               - 5: logInfo("Row " + i + ": " + rowText)
2026-01-27 23:35:52.511 INFO  com.kms.katalon.core.util.KeywordUtil    - Row 33:  | 33 | Compress Utilities | 01.81h | 37 | 2123 | +1 | System Tools | 
2026-01-27 23:35:52.512 DEBUG testcase.ActivityDashBoard               - 1: cols = get(i).findElements(By.tagName("td"))
2026-01-27 23:35:52.746 DEBUG testcase.ActivityDashBoard               - 2: if (cols.size() == 0)
2026-01-27 23:35:52.747 DEBUG testcase.ActivityDashBoard               - 3: rowText = ""
2026-01-27 23:35:52.747 DEBUG testcase.ActivityDashBoard               - 4: for (org.openqa.selenium.WebElement col : cols)
2026-01-27 23:35:52.748 DEBUG testcase.ActivityDashBoard               - 1: rowText += col.getText() + " | "
2026-01-27 23:35:52.756 DEBUG testcase.ActivityDashBoard               - 1: rowText += col.getText() + " | "
2026-01-27 23:35:52.766 DEBUG testcase.ActivityDashBoard               - 1: rowText += col.getText() + " | "
2026-01-27 23:35:52.776 DEBUG testcase.ActivityDashBoard               - 1: rowText += col.getText() + " | "
2026-01-27 23:35:52.786 DEBUG testcase.ActivityDashBoard               - 1: rowText += col.getText() + " | "
2026-01-27 23:35:52.795 DEBUG testcase.ActivityDashBoard               - 1: rowText += col.getText() + " | "
2026-01-27 23:35:52.803 DEBUG testcase.ActivityDashBoard               - 1: rowText += col.getText() + " | "
2026-01-27 23:35:52.814 DEBUG testcase.ActivityDashBoard               - 1: rowText += col.getText() + " | "
2026-01-27 23:35:52.823 DEBUG testcase.ActivityDashBoard               - 5: logInfo("Row " + i + ": " + rowText)
2026-01-27 23:35:52.824 INFO  com.kms.katalon.core.util.KeywordUtil    - Row 34:  | 34 | LinkedIn | 01.52h | 12 | 250 | 0 | Communication Tools | 
2026-01-27 23:35:52.824 DEBUG testcase.ActivityDashBoard               - 1: cols = get(i).findElements(By.tagName("td"))
2026-01-27 23:35:53.056 DEBUG testcase.ActivityDashBoard               - 2: if (cols.size() == 0)
2026-01-27 23:35:53.058 DEBUG testcase.ActivityDashBoard               - 3: rowText = ""
2026-01-27 23:35:53.058 DEBUG testcase.ActivityDashBoard               - 4: for (org.openqa.selenium.WebElement col : cols)
2026-01-27 23:35:53.059 DEBUG testcase.ActivityDashBoard               - 1: rowText += col.getText() + " | "
2026-01-27 23:35:53.067 DEBUG testcase.ActivityDashBoard               - 1: rowText += col.getText() + " | "
2026-01-27 23:35:53.076 DEBUG testcase.ActivityDashBoard               - 1: rowText += col.getText() + " | "
2026-01-27 23:35:53.088 DEBUG testcase.ActivityDashBoard               - 1: rowText += col.getText() + " | "
2026-01-27 23:35:53.097 DEBUG testcase.ActivityDashBoard               - 1: rowText += col.getText() + " | "
2026-01-27 23:35:53.107 DEBUG testcase.ActivityDashBoard               - 1: rowText += col.getText() + " | "
2026-01-27 23:35:53.117 DEBUG testcase.ActivityDashBoard               - 1: rowText += col.getText() + " | "
2026-01-27 23:35:53.128 DEBUG testcase.ActivityDashBoard               - 1: rowText += col.getText() + " | "
2026-01-27 23:35:53.138 DEBUG testcase.ActivityDashBoard               - 5: logInfo("Row " + i + ": " + rowText)
2026-01-27 23:35:53.138 INFO  com.kms.katalon.core.util.KeywordUtil    - Row 35:  | 35 | Power Point | 01.19h | 4 | 433 | +2 | Documentation Tools | 
2026-01-27 23:35:53.139 DEBUG testcase.ActivityDashBoard               - 1: cols = get(i).findElements(By.tagName("td"))
2026-01-27 23:35:53.370 DEBUG testcase.ActivityDashBoard               - 2: if (cols.size() == 0)
2026-01-27 23:35:53.371 DEBUG testcase.ActivityDashBoard               - 3: rowText = ""
2026-01-27 23:35:53.371 DEBUG testcase.ActivityDashBoard               - 4: for (org.openqa.selenium.WebElement col : cols)
2026-01-27 23:35:53.371 DEBUG testcase.ActivityDashBoard               - 1: rowText += col.getText() + " | "
2026-01-27 23:35:53.381 DEBUG testcase.ActivityDashBoard               - 1: rowText += col.getText() + " | "
2026-01-27 23:35:53.393 DEBUG testcase.ActivityDashBoard               - 1: rowText += col.getText() + " | "
2026-01-27 23:35:53.403 DEBUG testcase.ActivityDashBoard               - 1: rowText += col.getText() + " | "
2026-01-27 23:35:53.413 DEBUG testcase.ActivityDashBoard               - 1: rowText += col.getText() + " | "
2026-01-27 23:35:53.422 DEBUG testcase.ActivityDashBoard               - 1: rowText += col.getText() + " | "
2026-01-27 23:35:53.433 DEBUG testcase.ActivityDashBoard               - 1: rowText += col.getText() + " | "
2026-01-27 23:35:53.442 DEBUG testcase.ActivityDashBoard               - 1: rowText += col.getText() + " | "
2026-01-27 23:35:53.452 DEBUG testcase.ActivityDashBoard               - 5: logInfo("Row " + i + ": " + rowText)
2026-01-27 23:35:53.452 INFO  com.kms.katalon.core.util.KeywordUtil    - Row 36:  | 36 | Electron | 00.26h | 2 | 11 | +2 | Development Tools | 
2026-01-27 23:35:53.453 DEBUG testcase.ActivityDashBoard               - 1: cols = get(i).findElements(By.tagName("td"))
2026-01-27 23:35:53.684 DEBUG testcase.ActivityDashBoard               - 2: if (cols.size() == 0)
2026-01-27 23:35:53.684 DEBUG testcase.ActivityDashBoard               - 3: rowText = ""
2026-01-27 23:35:53.685 DEBUG testcase.ActivityDashBoard               - 4: for (org.openqa.selenium.WebElement col : cols)
2026-01-27 23:35:53.685 DEBUG testcase.ActivityDashBoard               - 1: rowText += col.getText() + " | "
2026-01-27 23:35:53.693 DEBUG testcase.ActivityDashBoard               - 1: rowText += col.getText() + " | "
2026-01-27 23:35:53.703 DEBUG testcase.ActivityDashBoard               - 1: rowText += col.getText() + " | "
2026-01-27 23:35:53.712 DEBUG testcase.ActivityDashBoard               - 1: rowText += col.getText() + " | "
2026-01-27 23:35:53.721 DEBUG testcase.ActivityDashBoard               - 1: rowText += col.getText() + " | "
2026-01-27 23:35:53.730 DEBUG testcase.ActivityDashBoard               - 1: rowText += col.getText() + " | "
2026-01-27 23:35:53.738 DEBUG testcase.ActivityDashBoard               - 1: rowText += col.getText() + " | "
2026-01-27 23:35:53.749 DEBUG testcase.ActivityDashBoard               - 1: rowText += col.getText() + " | "
2026-01-27 23:35:53.758 DEBUG testcase.ActivityDashBoard               - 5: logInfo("Row " + i + ": " + rowText)
2026-01-27 23:35:53.758 INFO  com.kms.katalon.core.util.KeywordUtil    - Row 37:  | 37 | Whatsapp | 00.23h | 4 | 64 | 0 | Unproductive | 
2026-01-27 23:35:53.758 DEBUG testcase.ActivityDashBoard               - 1: cols = get(i).findElements(By.tagName("td"))
2026-01-27 23:35:53.995 DEBUG testcase.ActivityDashBoard               - 2: if (cols.size() == 0)
2026-01-27 23:35:53.996 DEBUG testcase.ActivityDashBoard               - 3: rowText = ""
2026-01-27 23:35:53.996 DEBUG testcase.ActivityDashBoard               - 4: for (org.openqa.selenium.WebElement col : cols)
2026-01-27 23:35:53.997 DEBUG testcase.ActivityDashBoard               - 1: rowText += col.getText() + " | "
2026-01-27 23:35:54.005 DEBUG testcase.ActivityDashBoard               - 1: rowText += col.getText() + " | "
2026-01-27 23:35:54.016 DEBUG testcase.ActivityDashBoard               - 1: rowText += col.getText() + " | "
2026-01-27 23:35:54.025 DEBUG testcase.ActivityDashBoard               - 1: rowText += col.getText() + " | "
2026-01-27 23:35:54.034 DEBUG testcase.ActivityDashBoard               - 1: rowText += col.getText() + " | "
2026-01-27 23:35:54.043 DEBUG testcase.ActivityDashBoard               - 1: rowText += col.getText() + " | "
2026-01-27 23:35:54.052 DEBUG testcase.ActivityDashBoard               - 1: rowText += col.getText() + " | "
2026-01-27 23:35:54.062 DEBUG testcase.ActivityDashBoard               - 1: rowText += col.getText() + " | "
2026-01-27 23:35:54.071 DEBUG testcase.ActivityDashBoard               - 5: logInfo("Row " + i + ": " + rowText)
2026-01-27 23:35:54.072 INFO  com.kms.katalon.core.util.KeywordUtil    - Row 38:  | 38 | Internet Information Services (IIS) Manager | 00.21h | 2 | 84 | +2 | Development Tools | 
2026-01-27 23:35:54.072 DEBUG testcase.ActivityDashBoard               - 1: cols = get(i).findElements(By.tagName("td"))
2026-01-27 23:35:54.308 DEBUG testcase.ActivityDashBoard               - 2: if (cols.size() == 0)
2026-01-27 23:35:54.309 DEBUG testcase.ActivityDashBoard               - 3: rowText = ""
2026-01-27 23:35:54.309 DEBUG testcase.ActivityDashBoard               - 4: for (org.openqa.selenium.WebElement col : cols)
2026-01-27 23:35:54.309 DEBUG testcase.ActivityDashBoard               - 1: rowText += col.getText() + " | "
2026-01-27 23:35:54.320 DEBUG testcase.ActivityDashBoard               - 1: rowText += col.getText() + " | "
2026-01-27 23:35:54.330 DEBUG testcase.ActivityDashBoard               - 1: rowText += col.getText() + " | "
2026-01-27 23:35:54.341 DEBUG testcase.ActivityDashBoard               - 1: rowText += col.getText() + " | "
2026-01-27 23:35:54.351 DEBUG testcase.ActivityDashBoard               - 1: rowText += col.getText() + " | "
2026-01-27 23:35:54.359 DEBUG testcase.ActivityDashBoard               - 1: rowText += col.getText() + " | "
2026-01-27 23:35:54.368 DEBUG testcase.ActivityDashBoard               - 1: rowText += col.getText() + " | "
2026-01-27 23:35:54.379 DEBUG testcase.ActivityDashBoard               - 1: rowText += col.getText() + " | "
2026-01-27 23:35:54.389 DEBUG testcase.ActivityDashBoard               - 5: logInfo("Row " + i + ": " + rowText)
2026-01-27 23:35:54.390 INFO  com.kms.katalon.core.util.KeywordUtil    - Row 39:  | 39 | Jira | 00.13h | 18 | 72 | +2 | Documentation Tools | 
2026-01-27 23:35:54.391 DEBUG testcase.ActivityDashBoard               - 12: executeJavaScript("window.scrollTo(0, document.body.scrollHeight);", null)
2026-01-27 23:35:54.417 DEBUG testcase.ActivityDashBoard               - 13: com.prohancewebapplication.file.FileSizeFinder.exisitingFileDelete()
C:\Users\KRISHNA\Downloads
2026-01-27 23:35:54.464 INFO  k.k.c.m.CustomKeywordDelegatingMetaClass - com.prohancewebapplication.file.FileSizeFinder.exisitingFileDelete is PASSED
2026-01-27 23:35:54.468 DEBUG testcase.ActivityDashBoard               - 14: explort = ((exportType != null)) ? exportType : false
2026-01-27 23:35:54.469 DEBUG testcase.ActivityDashBoard               - 15: browserName = getExecutedBrowser()
2026-01-27 23:35:54.472 DEBUG testcase.ActivityDashBoard               - 16: logInfo("Browser Name :" + " " + browserName)
2026-01-27 23:35:54.474 INFO  com.kms.katalon.core.util.KeywordUtil    - Browser Name : Chrome
2026-01-27 23:35:54.474 DEBUG testcase.ActivityDashBoard               - 17: xPath = com.prohanceebapplication.common.Export.export(explort)
2026-01-27 23:35:54.487 INFO  k.k.c.m.CustomKeywordDelegatingMetaClass - com.prohanceebapplication.common.Export.export is PASSED
2026-01-27 23:35:54.488 DEBUG testcase.ActivityDashBoard               - 18: out.println(xPath)
//span[.//img[@title='Export to PDF']]
2026-01-27 23:35:54.489 DEBUG testcase.ActivityDashBoard               - 19: if (xPath != null)
2026-01-27 23:35:54.490 DEBUG testcase.ActivityDashBoard               - 1: exportSpan = new com.kms.katalon.core.testobject.TestObject()
2026-01-27 23:35:54.491 DEBUG testcase.ActivityDashBoard               - 2: exportSpan.addProperty("xpath", EQUALS, xPath)
2026-01-27 23:35:54.503 DEBUG testcase.ActivityDashBoard               - 3: waitForElementPresent(exportSpan, Delay)
2026-01-27 23:35:54.767 DEBUG testcase.ActivityDashBoard               - 4: el = findWebElement(exportSpan, Delay)
2026-01-27 23:35:55.026 DEBUG testcase.ActivityDashBoard               - 5: executeJavaScript("arguments[0].scrollIntoView(true);", Arrays.asList(el))
2026-01-27 23:35:55.051 DEBUG testcase.ActivityDashBoard               - 6: executeJavaScript("arguments[0].click();", Arrays.asList(el))
2026-01-27 23:35:56.331 DEBUG testcase.ActivityDashBoard               - 20: com.prohancewebapplication.file.FileSizeFinder.fileSize()
2026-01-27 23:35:56.340 INFO  k.k.c.m.CustomKeywordDelegatingMetaClass - com.prohancewebapplication.file.FileSizeFinder.fileSize is PASSED
2026-01-27 23:35:56.342 DEBUG testcase.ActivityDashBoard               - 21: switchToDefaultContent()
2026-01-27 23:35:56.376 DEBUG testcase.ActivityDashBoard               - 22: closeWindowIndex(1)
2026-01-27 23:35:56.465 DEBUG testcase.ActivityDashBoard               - 23: switchToWindowIndex(0)
2026-01-27 23:35:56.502 INFO  c.k.katalon.core.main.TestCaseExecutor   - END Test Cases/ProhanceWeb/Organization Settings/Activity DashBoard/ActivityDashBoard
2026-01-27 23:35:56.508 INFO  c.k.katalon.core.main.TestCaseExecutor   - --------------------
2026-01-27 23:35:56.508 INFO  c.k.katalon.core.main.TestCaseExecutor   - START Test Cases/ProhanceWeb/LogOut_Page/LogOut
2026-01-27 23:35:56.726 DEBUG testcase.LogOut                          - 1: try
2026-01-27 23:35:56.727 DEBUG testcase.LogOut                          - 1: waitForElementPresent(findTestObject("Object Repository/LogoutOR/userProfileIcon"), Delay)
2026-01-27 23:35:56.975 DEBUG testcase.LogOut                          - 2: click(findTestObject("Object Repository/LogoutOR/userProfileIcon"), STOP_ON_FAILURE)
2026-01-27 23:35:57.323 DEBUG testcase.LogOut                          - 3: waitForElementPresent(findTestObject("Object Repository/LogoutOR/logOut"), Delay)
2026-01-27 23:35:57.805 DEBUG testcase.LogOut                          - 4: click(findTestObject("Object Repository/LogoutOR/logOut"), STOP_ON_FAILURE)
2026-01-27 23:35:59.135 INFO  c.k.katalon.core.main.TestCaseExecutor   - END Test Cases/ProhanceWeb/LogOut_Page/LogOut
2026-01-27 23:35:59.417 INFO  c.k.katalon.core.main.TestSuiteExecutor  - --------------------
2026-01-27 23:35:59.417 INFO  c.k.katalon.core.main.TestSuiteExecutor  - END Test Suites/Login_Genaral
2026-01-27 23:35:59.417 INFO  c.k.katalon.core.main.TestSuiteExecutor  - ====================
