2026-01-25 22:12:38.351 INFO  c.k.k.c.l.logback.LogbackConfigurator    - Logback default configuration initialized from: C:\Users\KRISHNA\.katalon\packages\KSE-10.4.3\configuration\org.eclipse.osgi\133\0\.cp\resources\logback\logback-execution.xml
2026-01-25 22:12:38.358 INFO  c.k.k.c.l.logback.LogbackConfigurator    - Logback custom configuration initialized from: C:\Users\KRISHNA\git\ProhanceWebApplication\Include\config\log.properties
2026-01-25 22:12:38.806 INFO  c.k.katalon.core.main.TestSuiteExecutor  - START Test Suites/Login_Genaral
2026-01-25 22:12:38.895 INFO  c.k.katalon.core.main.TestSuiteExecutor  - userFullName = Gopal
2026-01-25 22:12:38.896 INFO  c.k.katalon.core.main.TestSuiteExecutor  - projectName = ProhanceWebApplication
2026-01-25 22:12:38.897 INFO  c.k.katalon.core.main.TestSuiteExecutor  - hostName = KRISHNA - krishna
2026-01-25 22:12:38.898 INFO  c.k.katalon.core.main.TestSuiteExecutor  - os = Windows 11 64bit
2026-01-25 22:12:38.898 INFO  c.k.katalon.core.main.TestSuiteExecutor  - hostAddress = 192.168.0.9
2026-01-25 22:12:38.899 INFO  c.k.katalon.core.main.TestSuiteExecutor  - katalonVersion = 10.4.3.0
2026-01-25 22:12:39.434 INFO  c.k.katalon.core.main.TestCaseExecutor   - --------------------
2026-01-25 22:12:39.435 INFO  c.k.katalon.core.main.TestCaseExecutor   - START Test Cases/ProhanceWeb/Login_Page/Login
2026-01-25 22:12:39.511 INFO  c.k.katalon.core.main.TestCaseExecutor   - userName = tsL9urF6O/D/xURRxzj/8w==
2026-01-25 22:12:39.511 INFO  c.k.katalon.core.main.TestCaseExecutor   - password = tsL9urF6O/APwsPS+50KRA==
2026-01-25 22:12:39.935 DEBUG testcase.Login                           - 1: openBrowser("")
2026-01-25 22:12:40.211 INFO  c.k.k.core.webui.driver.DriverFactory    - Starting 'Edge Chromium' driver
2026-01-25 22:12:40.291 INFO  c.k.k.core.webui.driver.DriverFactory    - Action delay is set to 0 milliseconds
Jan 25, 2026 10:12:41 PM org.openqa.selenium.devtools.CdpVersionFinder findNearestMatch
WARNING: Unable to find an exact match for CDP version 144, returning the closest version; found: 142; Please update to a Selenium version that supports CDP version 144
2026-01-25 22:12:42.562 INFO  c.k.k.core.webui.driver.DriverFactory    - sessionId = beddec3eb70228659ddffaf0140fea82
2026-01-25 22:12:42.563 INFO  c.k.k.core.webui.driver.DriverFactory    - browser = Edge Chromium 144.0.3719.92
2026-01-25 22:12:42.565 INFO  c.k.k.core.webui.driver.DriverFactory    - platform = Windows 11
2026-01-25 22:12:42.566 INFO  c.k.k.core.webui.driver.DriverFactory    - seleniumVersion = 4.34.0
2026-01-25 22:12:42.578 INFO  c.k.k.core.webui.driver.DriverFactory    - proxyInformation = ProxyInformation { proxyOption=NO_PROXY, proxyServerType=HTTP, username=, password=********, proxyServerAddress=, proxyServerPort=0, executionList="", isApplyToDesiredCapabilities=true }
2026-01-25 22:12:42.637 DEBUG testcase.Login                           - 2: maximizeWindow()
2026-01-25 22:12:42.718 DEBUG testcase.Login                           - 3: waitForPageLoad(Delay, CONTINUE_ON_FAILURE)
2026-01-25 22:12:43.063 DEBUG testcase.Login                           - 4: navigateToUrl(URL)
2026-01-25 22:12:43.875 DEBUG testcase.Login                           - 5: try
2026-01-25 22:12:43.879 DEBUG testcase.Login                           - 1: setEncryptedText(findTestObject("Object Repository/LoginOR/userName"), userName)
2026-01-25 22:12:44.483 DEBUG testcase.Login                           - 2: setEncryptedText(findTestObject("Object Repository/LoginOR/Password"), password)
2026-01-25 22:12:44.917 DEBUG testcase.Login                           - 3: waitForElementClickable(findTestObject("Object Repository/LoginOR/login_btn"), Delay)
2026-01-25 22:12:45.271 DEBUG testcase.Login                           - 4: click(findTestObject("Object Repository/LoginOR/login_btn"))
2026-01-25 22:12:45.725 DEBUG testcase.Login                           - 5: if (verifyElementPresent(findTestObject("Object Repository/LoginOR/session_Distroysession"), 2))
2026-01-25 22:12:46.540 DEBUG testcase.Login                           - 1: waitForElementClickable(findTestObject("Object Repository/LoginOR/session_Distroysession"), Delay)
2026-01-25 22:12:46.848 DEBUG testcase.Login                           - 2: click(findTestObject("Object Repository/LoginOR/session_Distroysession"))
2026-01-25 22:12:47.228 DEBUG testcase.Login                           - 6: if (verifyElementPresent(findTestObject("Object Repository/Common/Accept Cookies"), Delay))
2026-01-25 22:12:48.321 DEBUG testcase.Login                           - 1: waitForElementClickable(findTestObject("Object Repository/Common/Accept Cookies"), Delay)
2026-01-25 22:12:48.651 DEBUG testcase.Login                           - 2: click(findTestObject("Object Repository/Common/Accept Cookies"))
2026-01-25 22:12:49.048 DEBUG testcase.Login                           - 7: Finally
2026-01-25 22:12:49.054 DEBUG testcase.Login                           - 1: timestamp = Date().format("yyyyMMdd_HHmmss")
2026-01-25 22:12:49.088 INFO  c.k.katalon.core.main.TestCaseExecutor   - END Test Cases/ProhanceWeb/Login_Page/Login
2026-01-25 22:12:49.118 INFO  c.k.katalon.core.main.TestCaseExecutor   - --------------------
2026-01-25 22:12:49.119 INFO  c.k.katalon.core.main.TestCaseExecutor   - START Test Cases/ProhanceWeb/Organization Settings/Activity DashBoard/ActivityDashBoard
2026-01-25 22:12:49.219 INFO  c.k.katalon.core.main.TestCaseExecutor   - exportType = Pdf
2026-01-25 22:12:49.449 DEBUG testcase.ActivityDashBoard               - 1: explort = null
2026-01-25 22:12:49.452 DEBUG testcase.ActivityDashBoard               - 2: if (verifyElementPresent(findTestObject("Object Repository/Organization Settings/New Folder/Page_ProHance/a_WORK TIME"), Delay))
2026-01-25 22:12:49.727 DEBUG testcase.ActivityDashBoard               - 1: waitForElementClickable(findTestObject("Object Repository/Organization Settings/New Folder/Page_ProHance/a_WORK TIME"), Delay)
2026-01-25 22:12:50.018 DEBUG testcase.ActivityDashBoard               - 2: click(findTestObject("Object Repository/Organization Settings/New Folder/Page_ProHance/a_WORK TIME"))
2026-01-25 22:12:50.365 DEBUG testcase.ActivityDashBoard               - 3: waitForElementClickable(findTestObject("Object Repository/Organization Settings/New Folder/Page_ProHance/a_ACTIVITY DASHBOARD"), Delay)
2026-01-25 22:12:50.655 DEBUG testcase.ActivityDashBoard               - 4: click(findTestObject("Object Repository/Organization Settings/New Folder/Page_ProHance/a_ACTIVITY DASHBOARD"))
2026-01-25 22:12:51.009 DEBUG testcase.ActivityDashBoard               - 5: waitForElementClickable(findTestObject("Object Repository/Organization Settings/New Folder/Page_ProHance/span_Top Applications For All Groups_drilld_ef368b"), Delay)
2026-01-25 22:12:57.401 DEBUG testcase.ActivityDashBoard               - 6: click(findTestObject("Object Repository/Organization Settings/New Folder/Page_ProHance/span_Top Applications For All Groups_drilld_ef368b"))
2026-01-25 22:12:57.984 DEBUG testcase.ActivityDashBoard               - 7: switchToWindowIndex(1)
2026-01-25 22:12:58.198 DEBUG testcase.ActivityDashBoard               - 8: waitForPageLoad(Delay, STOP_ON_FAILURE)
2026-01-25 22:12:58.290 DEBUG testcase.ActivityDashBoard               - 9: executeJavaScript("window.scrollTo(0, document.body.scrollHeight);", null)
2026-01-25 22:12:58.314 DEBUG testcase.ActivityDashBoard               - 10: explort = ((exportType != null)) ? exportType : false
2026-01-25 22:12:58.317 DEBUG testcase.ActivityDashBoard               - 11: out.println(explort)
Pdf
2026-01-25 22:12:58.339 DEBUG testcase.ActivityDashBoard               - 12: xPath = com.prohanceebapplication.common.Export.export(explort)
2026-01-25 22:12:58.353 INFO  k.k.c.m.CustomKeywordDelegatingMetaClass - com.prohanceebapplication.common.Export.export is PASSED
2026-01-25 22:12:58.355 DEBUG testcase.ActivityDashBoard               - 13: out.println(xPath)
//span[.//img[@title='Export to PDF']]
2026-01-25 22:12:58.357 DEBUG testcase.ActivityDashBoard               - 14: if (xPath != null)
2026-01-25 22:12:58.359 DEBUG testcase.ActivityDashBoard               - 1: exportSpan = new com.kms.katalon.core.testobject.TestObject()
2026-01-25 22:12:58.360 DEBUG testcase.ActivityDashBoard               - 2: exportSpan.addProperty("xpath", EQUALS, xPath)
2026-01-25 22:12:58.370 DEBUG testcase.ActivityDashBoard               - 3: waitForElementPresent(exportSpan, Delay)
2026-01-25 22:13:03.021 DEBUG testcase.ActivityDashBoard               - 4: el = findWebElement(exportSpan, Delay)
2026-01-25 22:13:03.319 DEBUG testcase.ActivityDashBoard               - 5: executeJavaScript("arguments[0].scrollIntoView(true);", Arrays.asList(el))
2026-01-25 22:13:03.350 DEBUG testcase.ActivityDashBoard               - 6: executeJavaScript("arguments[0].click();", Arrays.asList(el))
2026-01-25 22:13:06.385 DEBUG testcase.ActivityDashBoard               - 15: com.prohancewebapplication.file.FileSizeFinder.fileSize()
Top Applications Details Report (1).pdf 18938
Moved file to: C:\Users\KRISHNA\MyNewFolder
Top Applications Details Report (1).xlsx 17370
Moved file to: C:\Users\KRISHNA\MyNewFolder
Top Applications Details Report (2).pdf 18938
Moved file to: C:\Users\KRISHNA\MyNewFolder
Top Applications Details Report (2).xlsx 17371
Moved file to: C:\Users\KRISHNA\MyNewFolder
Top Applications Details Report (3).xlsx 17369
Moved file to: C:\Users\KRISHNA\MyNewFolder
Top Applications Details Report (4).xlsx 17370
Moved file to: C:\Users\KRISHNA\MyNewFolder
Top Applications Details Report (5).xlsx 17370
Moved file to: C:\Users\KRISHNA\MyNewFolder
Top Applications Details Report (6).xlsx 17370
Moved file to: C:\Users\KRISHNA\MyNewFolder
Top Applications Details Report (7).xlsx 17370
Moved file to: C:\Users\KRISHNA\MyNewFolder
Top Applications Details Report.pdf 18938
Moved file to: C:\Users\KRISHNA\MyNewFolder
Top Applications Details Report.xlsx 17371
Moved file to: C:\Users\KRISHNA\MyNewFolder
2026-01-25 22:13:06.451 INFO  k.k.c.m.CustomKeywordDelegatingMetaClass - com.prohancewebapplication.file.FileSizeFinder.fileSize is PASSED
2026-01-25 22:13:06.453 DEBUG testcase.ActivityDashBoard               - 16: switchToDefaultContent()
2026-01-25 22:13:06.487 DEBUG testcase.ActivityDashBoard               - 17: closeWindowIndex(1)
2026-01-25 22:13:06.584 DEBUG testcase.ActivityDashBoard               - 18: delay(2)
2026-01-25 22:13:08.639 INFO  c.k.katalon.core.main.TestCaseExecutor   - END Test Cases/ProhanceWeb/Organization Settings/Activity DashBoard/ActivityDashBoard
2026-01-25 22:13:09.110 INFO  c.k.katalon.core.main.TestSuiteExecutor  - --------------------
2026-01-25 22:13:09.110 INFO  c.k.katalon.core.main.TestSuiteExecutor  - END Test Suites/Login_Genaral
2026-01-25 22:13:09.111 INFO  c.k.katalon.core.main.TestSuiteExecutor  - ====================
