2026-01-25 15:31:02.447 INFO  c.k.k.c.l.logback.LogbackConfigurator    - Logback default configuration initialized from: C:\Users\KRISHNA\.katalon\packages\KSE-10.4.3\configuration\org.eclipse.osgi\133\0\.cp\resources\logback\logback-execution.xml
2026-01-25 15:31:02.450 INFO  c.k.k.c.l.logback.LogbackConfigurator    - Logback custom configuration initialized from: C:\Users\KRISHNA\git\ProhanceWebApplication\Include\config\log.properties
2026-01-25 15:31:02.796 INFO  c.k.katalon.core.main.TestSuiteExecutor  - START Test Suites/Login_Genaral
2026-01-25 15:31:02.873 INFO  c.k.katalon.core.main.TestSuiteExecutor  - userFullName = Gopal
2026-01-25 15:31:02.874 INFO  c.k.katalon.core.main.TestSuiteExecutor  - projectName = ProhanceWebApplication
2026-01-25 15:31:02.876 INFO  c.k.katalon.core.main.TestSuiteExecutor  - hostName = KRISHNA - krishna
2026-01-25 15:31:02.876 INFO  c.k.katalon.core.main.TestSuiteExecutor  - os = Windows 11 64bit
2026-01-25 15:31:02.876 INFO  c.k.katalon.core.main.TestSuiteExecutor  - hostAddress = 192.168.0.9
2026-01-25 15:31:02.876 INFO  c.k.katalon.core.main.TestSuiteExecutor  - katalonVersion = 10.4.3.0
2026-01-25 15:31:03.338 INFO  c.k.katalon.core.main.TestCaseExecutor   - --------------------
2026-01-25 15:31:03.338 INFO  c.k.katalon.core.main.TestCaseExecutor   - START Test Cases/ProhanceWeb/Login_Page/Login
2026-01-25 15:31:03.428 INFO  c.k.katalon.core.main.TestCaseExecutor   - userName = tsL9urF6O/D/xURRxzj/8w==
2026-01-25 15:31:03.429 INFO  c.k.katalon.core.main.TestCaseExecutor   - password = tsL9urF6O/APwsPS+50KRA==
2026-01-25 15:31:03.768 DEBUG testcase.Login                           - 1: openBrowser("")
2026-01-25 15:31:03.995 INFO  c.k.k.core.webui.driver.DriverFactory    - Starting 'Chrome (headless)' driver
2026-01-25 15:31:04.048 INFO  c.k.k.core.webui.driver.DriverFactory    - Action delay is set to 0 milliseconds
Jan 25, 2026 3:31:05 PM org.openqa.selenium.devtools.CdpVersionFinder findNearestMatch
WARNING: Unable to find an exact match for CDP version 144, returning the closest version; found: 142; Please update to a Selenium version that supports CDP version 144
2026-01-25 15:31:05.649 INFO  c.k.k.core.webui.driver.DriverFactory    - sessionId = 72dd0a38029b8ca6415afba8d8ee72e1
2026-01-25 15:31:05.650 INFO  c.k.k.core.webui.driver.DriverFactory    - browser = Chrome 144.0.7559.97
2026-01-25 15:31:05.651 INFO  c.k.k.core.webui.driver.DriverFactory    - platform = Windows 11
2026-01-25 15:31:05.651 INFO  c.k.k.core.webui.driver.DriverFactory    - seleniumVersion = 4.34.0
2026-01-25 15:31:05.659 INFO  c.k.k.core.webui.driver.DriverFactory    - proxyInformation = ProxyInformation { proxyOption=NO_PROXY, proxyServerType=HTTP, username=, password=********, proxyServerAddress=, proxyServerPort=0, executionList="", isApplyToDesiredCapabilities=true }
2026-01-25 15:31:05.701 DEBUG testcase.Login                           - 2: maximizeWindow()
2026-01-25 15:31:05.755 DEBUG testcase.Login                           - 3: waitForPageLoad(Delay, CONTINUE_ON_FAILURE)
2026-01-25 15:31:05.972 DEBUG testcase.Login                           - 4: navigateToUrl(URL)
2026-01-25 15:31:10.385 DEBUG testcase.Login                           - 5: try
2026-01-25 15:31:10.389 DEBUG testcase.Login                           - 1: setEncryptedText(findTestObject("Object Repository/LoginOR/userName"), userName)
2026-01-25 15:31:10.937 DEBUG testcase.Login                           - 2: setEncryptedText(findTestObject("Object Repository/LoginOR/Password"), password)
2026-01-25 15:31:11.269 DEBUG testcase.Login                           - 3: waitForElementClickable(findTestObject("Object Repository/LoginOR/login_btn"), Delay)
2026-01-25 15:31:11.556 DEBUG testcase.Login                           - 4: click(findTestObject("Object Repository/LoginOR/login_btn"))
2026-01-25 15:31:11.901 DEBUG testcase.Login                           - 5: if (verifyElementPresent(findTestObject("Object Repository/LoginOR/session_Distroysession"), 2))
2026-01-25 15:31:12.686 DEBUG testcase.Login                           - 1: waitForElementClickable(findTestObject("Object Repository/LoginOR/session_Distroysession"), Delay)
2026-01-25 15:31:12.953 DEBUG testcase.Login                           - 2: click(findTestObject("Object Repository/LoginOR/session_Distroysession"))
2026-01-25 15:31:13.248 DEBUG testcase.Login                           - 6: if (verifyElementPresent(findTestObject("Object Repository/Common/Accept Cookies"), Delay))
2026-01-25 15:31:17.784 DEBUG testcase.Login                           - 1: waitForElementClickable(findTestObject("Object Repository/Common/Accept Cookies"), Delay)
2026-01-25 15:31:18.051 DEBUG testcase.Login                           - 2: click(findTestObject("Object Repository/Common/Accept Cookies"))
2026-01-25 15:31:18.352 DEBUG testcase.Login                           - 7: Finally
2026-01-25 15:31:18.352 DEBUG testcase.Login                           - 1: timestamp = Date().format("yyyyMMdd_HHmmss")
2026-01-25 15:31:18.366 INFO  c.k.katalon.core.main.TestCaseExecutor   - END Test Cases/ProhanceWeb/Login_Page/Login
2026-01-25 15:31:18.381 INFO  c.k.katalon.core.main.TestCaseExecutor   - --------------------
2026-01-25 15:31:18.381 INFO  c.k.katalon.core.main.TestCaseExecutor   - START Test Cases/ProhanceWeb/Organization Settings/Activity DashBoard/ActivityDashBoard
2026-01-25 15:31:18.447 INFO  c.k.katalon.core.main.TestCaseExecutor   - exportType = Pdf
2026-01-25 15:31:18.601 DEBUG testcase.ActivityDashBoard               - 1: explort = null
2026-01-25 15:31:18.603 DEBUG testcase.ActivityDashBoard               - 2: if (verifyElementPresent(findTestObject("Object Repository/Organization Settings/New Folder/Page_ProHance/a_WORK TIME"), Delay))
2026-01-25 15:31:18.854 DEBUG testcase.ActivityDashBoard               - 1: waitForElementClickable(findTestObject("Object Repository/Organization Settings/New Folder/Page_ProHance/a_WORK TIME"), Delay)
2026-01-25 15:31:19.120 DEBUG testcase.ActivityDashBoard               - 2: click(findTestObject("Object Repository/Organization Settings/New Folder/Page_ProHance/a_WORK TIME"))
2026-01-25 15:31:19.427 DEBUG testcase.ActivityDashBoard               - 3: waitForElementClickable(findTestObject("Object Repository/Organization Settings/New Folder/Page_ProHance/a_ACTIVITY DASHBOARD"), Delay)
2026-01-25 15:31:19.709 DEBUG testcase.ActivityDashBoard               - 4: click(findTestObject("Object Repository/Organization Settings/New Folder/Page_ProHance/a_ACTIVITY DASHBOARD"))
2026-01-25 15:31:20.012 DEBUG testcase.ActivityDashBoard               - 5: waitForElementClickable(findTestObject("Object Repository/Organization Settings/New Folder/Page_ProHance/span_Top Applications For All Groups_drilld_ef368b"), Delay)
2026-01-25 15:31:28.500 DEBUG testcase.ActivityDashBoard               - 6: click(findTestObject("Object Repository/Organization Settings/New Folder/Page_ProHance/span_Top Applications For All Groups_drilld_ef368b"))
2026-01-25 15:31:28.845 DEBUG testcase.ActivityDashBoard               - 7: switchToWindowIndex(1)
2026-01-25 15:31:28.945 DEBUG testcase.ActivityDashBoard               - 8: waitForPageLoad(Delay, STOP_ON_FAILURE)
2026-01-25 15:31:29.059 DEBUG testcase.ActivityDashBoard               - 9: executeJavaScript("window.scrollTo(0, document.body.scrollHeight);", null)
2026-01-25 15:31:29.075 DEBUG testcase.ActivityDashBoard               - 10: explort = ((exportType != null)) ? exportType : false
2026-01-25 15:31:29.077 DEBUG testcase.ActivityDashBoard               - 11: out.println(explort)
Pdf
2026-01-25 15:31:29.086 DEBUG testcase.ActivityDashBoard               - 12: xPath = com.prohanceebapplication.common.Export.export(explort)
2026-01-25 15:31:29.095 INFO  k.k.c.m.CustomKeywordDelegatingMetaClass - com.prohanceebapplication.common.Export.export is PASSED
2026-01-25 15:31:29.096 DEBUG testcase.ActivityDashBoard               - 13: out.println(xPath)
//span[.//img[@title='Export to PDF']]
2026-01-25 15:31:29.097 DEBUG testcase.ActivityDashBoard               - 14: if (xPath != null)
2026-01-25 15:31:29.098 DEBUG testcase.ActivityDashBoard               - 1: exportSpan = new com.kms.katalon.core.testobject.TestObject()
2026-01-25 15:31:29.098 DEBUG testcase.ActivityDashBoard               - 2: exportSpan.addProperty("xpath", EQUALS, xPath)
2026-01-25 15:31:29.104 DEBUG testcase.ActivityDashBoard               - 3: waitForElementPresent(exportSpan, Delay)
2026-01-25 15:31:34.431 DEBUG testcase.ActivityDashBoard               - 4: el = findWebElement(exportSpan, Delay)
2026-01-25 15:31:34.679 DEBUG testcase.ActivityDashBoard               - 5: executeJavaScript("arguments[0].scrollIntoView(true);", Arrays.asList(el))
2026-01-25 15:31:34.696 DEBUG testcase.ActivityDashBoard               - 6: executeJavaScript("arguments[0].click();", Arrays.asList(el))
2026-01-25 15:31:39.382 DEBUG testcase.ActivityDashBoard               - 15: switchToDefaultContent()
2026-01-25 15:31:39.400 DEBUG testcase.ActivityDashBoard               - 16: closeWindowIndex(1)
2026-01-25 15:31:39.472 DEBUG testcase.ActivityDashBoard               - 17: delay(2)
2026-01-25 15:31:41.505 INFO  c.k.katalon.core.main.TestCaseExecutor   - END Test Cases/ProhanceWeb/Organization Settings/Activity DashBoard/ActivityDashBoard
2026-01-25 15:31:41.656 INFO  c.k.katalon.core.main.TestSuiteExecutor  - --------------------
2026-01-25 15:31:41.656 INFO  c.k.katalon.core.main.TestSuiteExecutor  - END Test Suites/Login_Genaral
2026-01-25 15:31:41.656 INFO  c.k.katalon.core.main.TestSuiteExecutor  - ====================
