2026-01-27 14:51:32.985 INFO  c.k.k.c.l.logback.LogbackConfigurator    - Logback default configuration initialized from: C:\Users\gopal.s\.katalon\packages\KSE-10.4.3\configuration\org.eclipse.osgi\133\0\.cp\resources\logback\logback-execution.xml
2026-01-27 14:51:32.992 INFO  c.k.k.c.l.logback.LogbackConfigurator    - Logback custom configuration initialized from: C:\Users\gopal.s\git\ProhanceWebApplication\ProhanceWebApplication\Include\config\log.properties
2026-01-27 14:51:35.166 INFO  c.k.katalon.core.main.TestSuiteExecutor  - START Test Suites/Login_Genaral
2026-01-27 14:51:35.364 INFO  c.k.katalon.core.main.TestSuiteExecutor  - userFullName = Gopal
2026-01-27 14:51:35.366 INFO  c.k.katalon.core.main.TestSuiteExecutor  - projectName = ProhanceWebApplication
2026-01-27 14:51:35.368 INFO  c.k.katalon.core.main.TestSuiteExecutor  - hostName = gopal.s - JAMOCHA57.jamochahq.local
2026-01-27 14:51:35.370 INFO  c.k.katalon.core.main.TestSuiteExecutor  - os = Windows 11 64bit
2026-01-27 14:51:35.375 INFO  c.k.katalon.core.main.TestSuiteExecutor  - hostAddress = 10.10.10.136
2026-01-27 14:51:35.379 INFO  c.k.katalon.core.main.TestSuiteExecutor  - katalonVersion = 10.4.3.0
2026-01-27 14:51:36.479 INFO  c.k.katalon.core.main.TestCaseExecutor   - --------------------
2026-01-27 14:51:36.479 INFO  c.k.katalon.core.main.TestCaseExecutor   - START Test Cases/ProhanceWeb/Login_Page/Login
2026-01-27 14:51:36.602 INFO  c.k.katalon.core.main.TestCaseExecutor   - userName = tsL9urF6O/D/xURRxzj/8w==
2026-01-27 14:51:36.604 INFO  c.k.katalon.core.main.TestCaseExecutor   - password = tsL9urF6O/APwsPS+50KRA==
2026-01-27 14:51:37.502 DEBUG testcase.Login                           - 1: openBrowser("")
2026-01-27 14:51:38.065 INFO  c.k.k.core.webui.driver.DriverFactory    - Starting 'Chrome' driver
2026-01-27 14:51:38.170 INFO  c.k.k.core.webui.driver.DriverFactory    - Action delay is set to 0 milliseconds
Jan 27, 2026 2:52:45 PM org.openqa.selenium.devtools.CdpVersionFinder findNearestMatch
WARNING: Unable to find an exact match for CDP version 144, returning the closest version; found: 142; Please update to a Selenium version that supports CDP version 144
2026-01-27 14:52:45.964 INFO  c.k.k.core.webui.driver.DriverFactory    - sessionId = 13e5e69bd68c7baff43f299bef37c90e
2026-01-27 14:52:45.970 INFO  c.k.k.core.webui.driver.DriverFactory    - browser = Chrome 144.0.7559.97
2026-01-27 14:52:45.972 INFO  c.k.k.core.webui.driver.DriverFactory    - platform = Windows 11
2026-01-27 14:52:45.972 INFO  c.k.k.core.webui.driver.DriverFactory    - seleniumVersion = 4.34.0
2026-01-27 14:52:45.982 INFO  c.k.k.core.webui.driver.DriverFactory    - proxyInformation = ProxyInformation { proxyOption=NO_PROXY, proxyServerType=HTTP, username=, password=********, proxyServerAddress=, proxyServerPort=0, executionList="", isApplyToDesiredCapabilities=true }
2026-01-27 14:52:46.031 DEBUG testcase.Login                           - 2: maximizeWindow()
2026-01-27 14:52:46.162 DEBUG testcase.Login                           - 3: waitForPageLoad(Delay, CONTINUE_ON_FAILURE)
2026-01-27 14:52:46.613 DEBUG testcase.Login                           - 4: navigateToUrl(URL)
2026-01-27 14:53:04.257 DEBUG testcase.Login                           - 5: try
2026-01-27 14:53:04.260 DEBUG testcase.Login                           - 1: setEncryptedText(findTestObject("Object Repository/LoginOR/userName"), userName)
2026-01-27 14:53:04.867 DEBUG testcase.Login                           - 2: setEncryptedText(findTestObject("Object Repository/LoginOR/Password"), password)
2026-01-27 14:53:05.299 DEBUG testcase.Login                           - 3: waitForElementClickable(findTestObject("Object Repository/LoginOR/login_btn"), Delay)
2026-01-27 14:53:05.680 DEBUG testcase.Login                           - 4: click(findTestObject("Object Repository/LoginOR/login_btn"))
2026-01-27 14:53:07.980 DEBUG testcase.Login                           - 5: if (verifyElementPresent(findTestObject("Object Repository/LoginOR/session_Distroysession"), 2))
2026-01-27 14:53:08.721 DEBUG testcase.Login                           - 1: waitForElementClickable(findTestObject("Object Repository/LoginOR/session_Distroysession"), Delay)
2026-01-27 14:53:09.055 DEBUG testcase.Login                           - 2: click(findTestObject("Object Repository/LoginOR/session_Distroysession"))
2026-01-27 14:53:09.431 DEBUG testcase.Login                           - 6: if (verifyElementPresent(findTestObject("Object Repository/Common/Accept Cookies"), Delay))
2026-01-27 14:53:10.639 DEBUG testcase.Login                           - 1: waitForElementClickable(findTestObject("Object Repository/Common/Accept Cookies"), Delay)
2026-01-27 14:53:10.932 DEBUG testcase.Login                           - 2: click(findTestObject("Object Repository/Common/Accept Cookies"))
2026-01-27 14:53:11.328 DEBUG testcase.Login                           - 7: Finally
2026-01-27 14:53:11.330 DEBUG testcase.Login                           - 1: timestamp = Date().format("yyyyMMdd_HHmmss")
2026-01-27 14:53:11.342 INFO  c.k.katalon.core.main.TestCaseExecutor   - END Test Cases/ProhanceWeb/Login_Page/Login
2026-01-27 14:53:11.366 INFO  c.k.katalon.core.main.TestCaseExecutor   - --------------------
2026-01-27 14:53:11.367 INFO  c.k.katalon.core.main.TestCaseExecutor   - START Test Cases/ProhanceWeb/Organization Settings/Activity DashBoard/ActivityDashBoard
2026-01-27 14:53:11.476 INFO  c.k.katalon.core.main.TestCaseExecutor   - exportType = Pdf
2026-01-27 14:53:11.666 DEBUG testcase.ActivityDashBoard               - 1: explort = null
2026-01-27 14:53:11.670 DEBUG testcase.ActivityDashBoard               - 2: if (verifyElementPresent(findTestObject("Object Repository/Organization Settings/New Folder/Page_ProHance/a_WORK TIME"), Delay))
2026-01-27 14:53:11.931 DEBUG testcase.ActivityDashBoard               - 1: waitForElementClickable(findTestObject("Object Repository/Organization Settings/New Folder/Page_ProHance/a_WORK TIME"), Delay)
2026-01-27 14:53:12.253 DEBUG testcase.ActivityDashBoard               - 2: click(findTestObject("Object Repository/Organization Settings/New Folder/Page_ProHance/a_WORK TIME"))
2026-01-27 14:53:12.620 DEBUG testcase.ActivityDashBoard               - 3: waitForElementClickable(findTestObject("Object Repository/Organization Settings/New Folder/Page_ProHance/a_ACTIVITY DASHBOARD"), Delay)
2026-01-27 14:53:12.951 DEBUG testcase.ActivityDashBoard               - 4: click(findTestObject("Object Repository/Organization Settings/New Folder/Page_ProHance/a_ACTIVITY DASHBOARD"))
2026-01-27 14:53:13.340 DEBUG testcase.ActivityDashBoard               - 5: waitForElementClickable(findTestObject("Object Repository/Organization Settings/New Folder/Page_ProHance/span_Top Applications For All Groups_drilld_ef368b"), Delay)
2026-01-27 14:53:14.942 DEBUG testcase.ActivityDashBoard               - 6: click(findTestObject("Object Repository/Organization Settings/New Folder/Page_ProHance/span_Top Applications For All Groups_drilld_ef368b"))
2026-01-27 14:53:16.246 DEBUG testcase.ActivityDashBoard               - 7: switchToWindowIndex(1)
2026-01-27 14:53:16.395 DEBUG testcase.ActivityDashBoard               - 8: waitForPageLoad(Delay, STOP_ON_FAILURE)
2026-01-27 14:53:16.524 DEBUG testcase.ActivityDashBoard               - 9: executeJavaScript("window.scrollTo(0, document.body.scrollHeight);", null)
2026-01-27 14:53:16.558 DEBUG testcase.ActivityDashBoard               - 10: com.prohancewebapplication.file.FileSizeFinder.exisitingFileDelete()
C:\Users\gopal.s\Downloads
2026-01-27 14:53:16.629 INFO  k.k.c.m.CustomKeywordDelegatingMetaClass - com.prohancewebapplication.file.FileSizeFinder.exisitingFileDelete is PASSED
2026-01-27 14:53:16.632 DEBUG testcase.ActivityDashBoard               - 11: explort = ((exportType != null)) ? exportType : false
2026-01-27 14:53:16.634 DEBUG testcase.ActivityDashBoard               - 12: browserName = getExecutedBrowser()
2026-01-27 14:53:16.637 DEBUG testcase.ActivityDashBoard               - 13: logInfo("Browser Name :" + " " + browserName)
2026-01-27 14:53:16.648 INFO  com.kms.katalon.core.util.KeywordUtil    - Browser Name : Chrome
2026-01-27 14:53:16.650 DEBUG testcase.ActivityDashBoard               - 14: result = com.prohancewebapplication.file.DowloadLocation.createBrowserWithDownload(browserName, "TopApplication")
