2026-01-28 15:30:42.741 INFO  c.k.k.c.l.logback.LogbackConfigurator    - Logback default configuration initialized from: C:\Users\gopal.s\.katalon\packages\KSE-10.4.3\configuration\org.eclipse.osgi\133\0\.cp\resources\logback\logback-execution.xml
2026-01-28 15:30:42.746 INFO  c.k.k.c.l.logback.LogbackConfigurator    - Logback custom configuration initialized from: C:\Users\gopal.s\git\ProhanceWebApplication\Include\config\log.properties
2026-01-28 15:30:44.292 INFO  c.k.katalon.core.main.TestSuiteExecutor  - START Test Suites/Login_Genaral
2026-01-28 15:30:44.391 INFO  c.k.katalon.core.main.TestSuiteExecutor  - userFullName = Gopal
2026-01-28 15:30:44.392 INFO  c.k.katalon.core.main.TestSuiteExecutor  - projectName = ProhanceWebApplication
2026-01-28 15:30:44.394 INFO  c.k.katalon.core.main.TestSuiteExecutor  - hostName = gopal.s - JAMOCHA57.jamochahq.local
2026-01-28 15:30:44.395 INFO  c.k.katalon.core.main.TestSuiteExecutor  - os = Windows 11 64bit
2026-01-28 15:30:44.397 INFO  c.k.katalon.core.main.TestSuiteExecutor  - hostAddress = 10.10.10.136
2026-01-28 15:30:44.399 INFO  c.k.katalon.core.main.TestSuiteExecutor  - katalonVersion = 10.4.3.0
2026-01-28 15:30:44.970 INFO  c.k.katalon.core.main.TestCaseExecutor   - --------------------
2026-01-28 15:30:44.970 INFO  c.k.katalon.core.main.TestCaseExecutor   - START Test Cases/ProhanceWeb/Login_Page/Login
2026-01-28 15:30:45.055 INFO  c.k.katalon.core.main.TestCaseExecutor   - userName = tsL9urF6O/D/xURRxzj/8w==
2026-01-28 15:30:45.056 INFO  c.k.katalon.core.main.TestCaseExecutor   - password = HeCM15nHKBI=
2026-01-28 15:30:45.602 DEBUG testcase.Login                           - 1: openBrowser("")
2026-01-28 15:30:45.906 INFO  c.k.k.core.webui.driver.DriverFactory    - Starting 'Chrome' driver
2026-01-28 15:30:45.972 INFO  c.k.k.core.webui.driver.DriverFactory    - Action delay is set to 0 milliseconds
Jan 28, 2026 3:31:52 PM org.openqa.selenium.devtools.CdpVersionFinder findNearestMatch
WARNING: Unable to find an exact match for CDP version 144, returning the closest version; found: 142; Please update to a Selenium version that supports CDP version 144
2026-01-28 15:31:53.766 INFO  c.k.k.core.webui.driver.DriverFactory    - sessionId = 1b57e77bb6b60fc1cb41e96991336090
2026-01-28 15:31:53.771 INFO  c.k.k.core.webui.driver.DriverFactory    - browser = Chrome 144.0.7559.98
2026-01-28 15:31:53.773 INFO  c.k.k.core.webui.driver.DriverFactory    - platform = Windows 11
2026-01-28 15:31:53.773 INFO  c.k.k.core.webui.driver.DriverFactory    - seleniumVersion = 4.34.0
2026-01-28 15:31:53.787 INFO  c.k.k.core.webui.driver.DriverFactory    - proxyInformation = ProxyInformation { proxyOption=NO_PROXY, proxyServerType=HTTP, username=, password=********, proxyServerAddress=, proxyServerPort=0, executionList="", isApplyToDesiredCapabilities=true }
2026-01-28 15:31:53.891 DEBUG testcase.Login                           - 2: maximizeWindow()
2026-01-28 15:31:53.987 DEBUG testcase.Login                           - 3: waitForPageLoad(Delay, CONTINUE_ON_FAILURE)
2026-01-28 15:31:54.473 DEBUG testcase.Login                           - 4: navigateToUrl(URL)
2026-01-28 15:32:12.546 DEBUG testcase.Login                           - 5: try
2026-01-28 15:32:12.558 DEBUG testcase.Login                           - 1: setEncryptedText(findTestObject("Object Repository/Login/userName"), userName)
2026-01-28 15:32:13.654 DEBUG testcase.Login                           - 2: setEncryptedText(findTestObject("Object Repository/Login/Password"), password)
2026-01-28 15:32:14.195 DEBUG testcase.Login                           - 3: waitForElementClickable(findTestObject("Object Repository/Login/login_btn"), Delay)
2026-01-28 15:32:14.636 DEBUG testcase.Login                           - 4: click(findTestObject("Object Repository/Login/login_btn"))
2026-01-28 15:32:16.971 DEBUG testcase.Login                           - 5: if (verifyElementPresent(findTestObject("Object Repository/Login/session_Distroysession"), Delay))
2026-01-28 15:32:17.717 DEBUG testcase.Login                           - 1: waitForElementClickable(findTestObject("Object Repository/Login/session_Distroysession"), Delay)
2026-01-28 15:32:18.050 DEBUG testcase.Login                           - 2: click(findTestObject("Object Repository/Login/session_Distroysession"))
2026-01-28 15:32:18.502 DEBUG testcase.Login                           - 6: if (verifyElementPresent(findTestObject("Object Repository/Common/Accept Cookies"), Delay))
2026-01-28 15:32:20.360 DEBUG testcase.Login                           - 1: waitForElementClickable(findTestObject("Object Repository/Common/Accept Cookies"), Delay)
2026-01-28 15:32:20.754 DEBUG testcase.Login                           - 2: click(findTestObject("Object Repository/Common/Accept Cookies"))
2026-01-28 15:32:21.288 DEBUG testcase.Login                           - 7: Finally
2026-01-28 15:32:21.291 DEBUG testcase.Login                           - 1: timestamp = Date().format("yyyyMMdd_HHmmss")
2026-01-28 15:32:21.316 INFO  c.k.katalon.core.main.TestCaseExecutor   - END Test Cases/ProhanceWeb/Login_Page/Login
2026-01-28 15:32:21.324 INFO  c.k.katalon.core.main.TestCaseExecutor   - --------------------
2026-01-28 15:32:21.326 INFO  c.k.katalon.core.main.TestCaseExecutor   - START Test Cases/ProhanceWeb/Organization Settings/Activity DashBoard/ActivityDashBoard
2026-01-28 15:32:21.619 INFO  c.k.katalon.core.main.TestCaseExecutor   - exportType = excel
2026-01-28 15:32:21.864 DEBUG testcase.ActivityDashBoard               - 1: explort = null
2026-01-28 15:32:21.867 DEBUG testcase.ActivityDashBoard               - 2: rows = null
2026-01-28 15:32:21.869 DEBUG testcase.ActivityDashBoard               - 3: if (verifyElementPresent(findTestObject("Object Repository/Organization Settings/New Folder/Page_ProHance/a_WORK TIME"), Delay))
2026-01-28 15:32:22.150 DEBUG testcase.ActivityDashBoard               - 1: waitForElementClickable(findTestObject("Object Repository/Organization Settings/New Folder/Page_ProHance/a_WORK TIME"), Delay)
2026-01-28 15:32:22.520 DEBUG testcase.ActivityDashBoard               - 2: click(findTestObject("Object Repository/Organization Settings/New Folder/Page_ProHance/a_WORK TIME"))
2026-01-28 15:32:22.941 DEBUG testcase.ActivityDashBoard               - 3: waitForElementClickable(findTestObject("Object Repository/Organization Settings/New Folder/Page_ProHance/a_ACTIVITY DASHBOARD"), Delay)
2026-01-28 15:32:23.314 DEBUG testcase.ActivityDashBoard               - 4: click(findTestObject("Object Repository/Organization Settings/New Folder/Page_ProHance/a_ACTIVITY DASHBOARD"))
2026-01-28 15:32:23.755 DEBUG testcase.ActivityDashBoard               - 5: waitForElementClickable(findTestObject("Object Repository/Organization Settings/New Folder/Page_ProHance/First_Container"), Delay, STOP_ON_FAILURE)
2026-01-28 15:32:25.473 DEBUG testcase.ActivityDashBoard               - 6: click(findTestObject("Object Repository/Organization Settings/New Folder/Page_ProHance/First_Container"))
2026-01-28 15:32:26.188 DEBUG testcase.ActivityDashBoard               - 7: waitForPageLoad(Delay, STOP_ON_FAILURE)
2026-01-28 15:32:26.402 DEBUG testcase.ActivityDashBoard               - 8: waitForElementClickable(findTestObject("Object Repository/Organization Settings/New Folder/Page_ProHance/span_Top Applications For All Groups_drilld_ef368b"), Delay)
2026-01-28 15:32:26.960 DEBUG testcase.ActivityDashBoard               - 9: click(findTestObject("Object Repository/Organization Settings/New Folder/Page_ProHance/span_Top Applications For All Groups_drilld_ef368b"))
2026-01-28 15:32:27.658 DEBUG testcase.ActivityDashBoard               - 10: switchToWindowIndex(1)
2026-01-28 15:32:27.875 DEBUG testcase.ActivityDashBoard               - 11: waitForPageLoad(Delay, STOP_ON_FAILURE)
2026-01-28 15:32:27.993 DEBUG testcase.ActivityDashBoard               - 12: rows = com.prohancewebapplication.webtable.Table.webTableDataReader(findTestObject("Object Repository/Organization Settings/Activity DashBoard/TopApplicationWebTable/FirstDrillDown/table_Id"), findTestObject("Object Repository/Organization Settings/Activity DashBoard/TopApplicationWebTable/FirstDrillDown/table_tr"))
2026-01-28 15:32:30.783 INFO  k.k.c.m.CustomKeywordDelegatingMetaClass - com.prohancewebapplication.webtable.Table.webTableDataReader is PASSED
2026-01-28 15:32:30.791 DEBUG testcase.ActivityDashBoard               - 13: if (rows != null)
2026-01-28 15:32:30.791 DEBUG testcase.ActivityDashBoard               - 1: com.prohancewebapplication.webtable.Table.webTableDataWriter(rows)
2026-01-28 15:32:31.526 INFO  com.kms.katalon.core.util.KeywordUtil    - Row 0:  | Rank | Activity | Duration | #Users | #Switches | Rating | Category | 
2026-01-28 15:32:31.900 INFO  com.kms.katalon.core.util.KeywordUtil    - Row 1:  | 1 | Eclipse | 8d 11 : 41 : 56 | 6 | 31942 | +2 | Development Tools | 
2026-01-28 15:32:32.339 INFO  com.kms.katalon.core.util.KeywordUtil    - Row 2:  | 2 | XCode | 5d 02 : 16 : 51 | 5 | 6492 | +2 | Development Tools | 
2026-01-28 15:32:32.843 INFO  com.kms.katalon.core.util.KeywordUtil    - Row 3:  | 3 | ProHance | 3d 22 : 46 : 36 | 6 | 16796 | +2 | Business Tools | 
2026-01-28 15:32:33.227 INFO  com.kms.katalon.core.util.KeywordUtil    - Row 4:  | 4 | Notepad | 2d 03 : 03 : 03 | 6 | 7549 | +2 | Development Tools | 
2026-01-28 15:32:33.624 INFO  com.kms.katalon.core.util.KeywordUtil    - Row 5:  | 5 | MS Teams | 2d 00 : 24 : 14 | 6 | 5308 | +2 | Communication Tools | 
2026-01-28 15:32:33.983 INFO  com.kms.katalon.core.util.KeywordUtil    - Row 6:  | 6 | UNKNOWN AOS | 1d 16 : 14 : 33 | 6 | 7178 |  |  | 
2026-01-28 15:32:34.306 INFO  com.kms.katalon.core.util.KeywordUtil    - Row 7:  | 7 | Email Applications | 1d 05 : 30 : 50 | 6 | 2553 | +2 | Communication Tools | 
2026-01-28 15:32:34.635 INFO  com.kms.katalon.core.util.KeywordUtil    - Row 8:  | 8 | Excel | 1d 02 : 53 : 56 | 6 | 6197 | +2 | Documentation Tools | 
2026-01-28 15:32:34.995 INFO  com.kms.katalon.core.util.KeywordUtil    - Row 9:  | 9 | Remote Desktop | 18 : 16 : 38 | 1 | 1348 | +1 | Support Tools | 
2026-01-28 15:32:35.323 INFO  com.kms.katalon.core.util.KeywordUtil    - Row 10:  | 10 | Files & Folders | 14 : 12 : 41 | 6 | 6212 | 0 | System Tools | 
2026-01-28 15:32:35.649 INFO  com.kms.katalon.core.util.KeywordUtil    - Row 11:  | 11 | General Web Browsing | 13 : 09 : 23 | 6 | 1942 | 0 | Documentation Tools | 
2026-01-28 15:32:35.963 INFO  com.kms.katalon.core.util.KeywordUtil    - Row 12:  | 12 | CAST Application | 11 : 38 : 14 | 4 | 915 | +2 | Development Tools | 
2026-01-28 15:32:36.322 INFO  com.kms.katalon.core.util.KeywordUtil    - Row 13:  | 13 | Windows Components | 10 : 52 : 25 | 6 | 7372 | +2 | Support Tools | 
2026-01-28 15:32:36.654 INFO  com.kms.katalon.core.util.KeywordUtil    - Row 14:  | 14 | Advanced Rest Client | 07 : 08 : 58 | 4 | 1214 | 0 | Documentation Tools | 
2026-01-28 15:32:36.990 INFO  com.kms.katalon.core.util.KeywordUtil    - Row 15:  | 15 | Chat GPT | 06 : 21 : 05 | 6 | 1051 | +2 | Business Tools | 
2026-01-28 15:32:37.302 INFO  com.kms.katalon.core.util.KeywordUtil    - Row 16:  | 16 | Electron | 06 : 09 : 12 | 2 | 650 | +2 | Development Tools | 
2026-01-28 15:32:37.659 INFO  com.kms.katalon.core.util.KeywordUtil    - Row 17:  | 17 | Word | 05 : 23 : 07 | 2 | 395 | +2 | Documentation Tools | 
2026-01-28 15:32:38.020 INFO  com.kms.katalon.core.util.KeywordUtil    - Row 18:  | 18 | Customer Connect Apps | 04 : 58 : 58 | 5 | 314 | +2 | Support Tools | 
2026-01-28 15:32:38.354 INFO  com.kms.katalon.core.util.KeywordUtil    - Row 19:  | 19 | Techmate Application | 04 : 19 : 52 | 4 | 370 | +2 | Support Tools | 
2026-01-28 15:32:38.683 INFO  com.kms.katalon.core.util.KeywordUtil    - Row 20:  | 20 | Tutorials | 03 : 28 : 36 | 6 | 299 | +1 | Documentation Tools | 
2026-01-28 15:32:39.007 INFO  com.kms.katalon.core.util.KeywordUtil    - Row 21:  | 21 | MYSQL Server | 02 : 29 : 02 | 3 | 378 | +2 | Development Tools | 
2026-01-28 15:32:39.351 INFO  com.kms.katalon.core.util.KeywordUtil    - Row 22:  | 22 | Jenkins | 01 : 53 : 42 | 5 | 352 | +2 | Development Tools | 
2026-01-28 15:32:39.692 INFO  com.kms.katalon.core.util.KeywordUtil    - Row 23:  | 23 | MS Visual Studio | 00 : 51 : 06 | 2 | 83 | +2 | Development Tools | 
2026-01-28 15:32:40.048 INFO  com.kms.katalon.core.util.KeywordUtil    - Row 24:  | 24 | Browser Extensions and Addons | 00 : 45 : 47 | 4 | 115 | +2 | Development Tools | 
2026-01-28 15:32:40.389 INFO  com.kms.katalon.core.util.KeywordUtil    - Row 25:  | 25 | Unproductive Sites | 00 : 38 : 10 | 6 | 159 | -2 | Unproductive | 
2026-01-28 15:32:40.797 INFO  com.kms.katalon.core.util.KeywordUtil    - Row 26:  | 26 | License Portal | 00 : 29 : 05 | 6 | 137 | 0 | Documentation Tools | 
2026-01-28 15:32:41.180 INFO  com.kms.katalon.core.util.KeywordUtil    - Row 27:  | 27 | Power Point | 00 : 21 : 20 | 1 | 20 | +2 | Documentation Tools | 
2026-01-28 15:32:41.514 INFO  com.kms.katalon.core.util.KeywordUtil    - Row 28:  | 28 | Personal Time | 00 : 18 : 00 | 2 | 5 |  |  | 
2026-01-28 15:32:41.886 INFO  com.kms.katalon.core.util.KeywordUtil    - Row 29:  | 29 | Grey Tip HR | 00 : 14 : 15 | 3 | 29 | 0 | Internal Applications | 
2026-01-28 15:32:42.242 INFO  com.kms.katalon.core.util.KeywordUtil    - Row 30:  | 30 | IP Messenger | 00 : 09 : 37 | 2 | 36 | +1 | Communication Tools | 
2026-01-28 15:32:42.576 INFO  com.kms.katalon.core.util.KeywordUtil    - Row 31:  | 31 | LinkedIn | 00 : 01 : 54 | 1 | 10 | 0 | Communication Tools | 
2026-01-28 15:32:42.922 INFO  com.kms.katalon.core.util.KeywordUtil    - Row 32:  | 32 | MSSQL Server | 00 : 00 : 24 | 1 | 5 | +2 | Development Tools | 
2026-01-28 15:32:43.297 INFO  com.kms.katalon.core.util.KeywordUtil    - Row 33:  | 33 | Paint | 00 : 00 : 16 | 2 | 5 | 0 | Documentation Tools | 
2026-01-28 15:32:43.298 INFO  k.k.c.m.CustomKeywordDelegatingMetaClass - com.prohancewebapplication.webtable.Table.webTableDataWriter is PASSED
2026-01-28 15:32:43.299 DEBUG testcase.ActivityDashBoard               - 14: executeJavaScript("window.scrollTo(0, document.body.scrollHeight);", null)
2026-01-28 15:32:43.334 DEBUG testcase.ActivityDashBoard               - 15: com.prohancewebapplication.file.FileSizeFinder.exisitingFileDelete()
C:\Users\gopal.s\Downloads
2026-01-28 15:32:43.399 INFO  k.k.c.m.CustomKeywordDelegatingMetaClass - com.prohancewebapplication.file.FileSizeFinder.exisitingFileDelete is PASSED
2026-01-28 15:32:43.401 DEBUG testcase.ActivityDashBoard               - 16: explort = ((exportType != null)) ? exportType : false
2026-01-28 15:32:43.403 DEBUG testcase.ActivityDashBoard               - 17: browserName = getExecutedBrowser()
2026-01-28 15:32:43.408 DEBUG testcase.ActivityDashBoard               - 18: logInfo("Browser Name :" + " " + browserName)
2026-01-28 15:32:43.412 INFO  com.kms.katalon.core.util.KeywordUtil    - Browser Name : Chrome
2026-01-28 15:32:43.414 DEBUG testcase.ActivityDashBoard               - 19: xPath = com.prohanceebapplication.common.Export.export(explort)
2026-01-28 15:32:43.451 INFO  k.k.c.m.CustomKeywordDelegatingMetaClass - com.prohanceebapplication.common.Export.export is PASSED
2026-01-28 15:32:43.453 DEBUG testcase.ActivityDashBoard               - 20: out.println(xPath)
//span[.//img[@title='Export to Excel']]
2026-01-28 15:32:43.455 DEBUG testcase.ActivityDashBoard               - 21: if (xPath != null)
2026-01-28 15:32:43.459 DEBUG testcase.ActivityDashBoard               - 1: exportSpan = new com.kms.katalon.core.testobject.TestObject()
2026-01-28 15:32:43.461 DEBUG testcase.ActivityDashBoard               - 2: exportSpan.addProperty("xpath", EQUALS, xPath)
2026-01-28 15:32:43.475 DEBUG testcase.ActivityDashBoard               - 3: waitForElementPresent(exportSpan, Delay)
2026-01-28 15:32:43.848 DEBUG testcase.ActivityDashBoard               - 4: el = findWebElement(exportSpan, Delay)
2026-01-28 15:32:44.155 DEBUG testcase.ActivityDashBoard               - 5: executeJavaScript("arguments[0].scrollIntoView(true);", Arrays.asList(el))
2026-01-28 15:32:44.197 DEBUG testcase.ActivityDashBoard               - 6: executeJavaScript("arguments[0].click();", Arrays.asList(el))
2026-01-28 15:32:48.730 DEBUG testcase.ActivityDashBoard               - 22: com.prohancewebapplication.file.FileSizeFinder.fileSize()
2026-01-28 15:32:48.754 INFO  k.k.c.m.CustomKeywordDelegatingMetaClass - com.prohancewebapplication.file.FileSizeFinder.fileSize is PASSED
2026-01-28 15:32:48.762 DEBUG testcase.ActivityDashBoard               - 23: switchToDefaultContent()
2026-01-28 15:32:48.938 DEBUG testcase.ActivityDashBoard               - 24: closeWindowIndex(1)
2026-01-28 15:32:49.107 DEBUG testcase.ActivityDashBoard               - 25: switchToWindowIndex(0)
2026-01-28 15:32:49.184 INFO  c.k.katalon.core.main.TestCaseExecutor   - END Test Cases/ProhanceWeb/Organization Settings/Activity DashBoard/ActivityDashBoard
2026-01-28 15:32:49.202 INFO  c.k.katalon.core.main.TestCaseExecutor   - --------------------
2026-01-28 15:32:49.202 INFO  c.k.katalon.core.main.TestCaseExecutor   - START Test Cases/ProhanceWeb/LogOut_Page/LogOut
2026-01-28 15:32:49.438 DEBUG testcase.LogOut                          - 1: try
2026-01-28 15:32:49.446 DEBUG testcase.LogOut                          - 1: waitForElementPresent(findTestObject("Object Repository/Logout/userProfileIcon"), Delay)
2026-01-28 15:32:49.751 DEBUG testcase.LogOut                          - 2: click(findTestObject("Object Repository/Logout/userProfileIcon"), STOP_ON_FAILURE)
2026-01-28 15:32:50.154 DEBUG testcase.LogOut                          - 3: waitForElementPresent(findTestObject("Object Repository/Logout/logOut"), Delay)
2026-01-28 15:32:50.666 DEBUG testcase.LogOut                          - 4: click(findTestObject("Object Repository/Logout/logOut"), STOP_ON_FAILURE)
2026-01-28 15:32:51.303 INFO  c.k.katalon.core.main.TestCaseExecutor   - END Test Cases/ProhanceWeb/LogOut_Page/LogOut
2026-01-28 15:32:51.909 INFO  c.k.katalon.core.main.TestSuiteExecutor  - --------------------
2026-01-28 15:32:51.909 INFO  c.k.katalon.core.main.TestSuiteExecutor  - END Test Suites/Login_Genaral
2026-01-28 15:32:51.909 INFO  c.k.katalon.core.main.TestSuiteExecutor  - ====================
