2026-01-28 17:11:58.971 INFO  c.k.k.c.l.logback.LogbackConfigurator    - Logback default configuration initialized from: C:\Users\gopal.s\.katalon\packages\KSE-10.4.3\configuration\org.eclipse.osgi\133\0\.cp\resources\logback\logback-execution.xml
2026-01-28 17:11:58.979 INFO  c.k.k.c.l.logback.LogbackConfigurator    - Logback custom configuration initialized from: C:\Users\gopal.s\git\ProhanceWebApplication\Include\config\log.properties
Warning: NLS unused message: QTEST in: com.kms.katalon.constants.globalMessages
Warning: NLS missing message: QTEST_NAME in: com.kms.katalon.constants.globalMessages
2026-01-28 17:12:02.715 INFO  c.k.katalon.core.main.TestSuiteExecutor  - START Test Suites/general
2026-01-28 17:12:03.184 INFO  c.k.katalon.core.main.TestSuiteExecutor  - userFullName = Gopal
2026-01-28 17:12:03.186 INFO  c.k.katalon.core.main.TestSuiteExecutor  - projectName = ProhanceWebApplication
2026-01-28 17:12:03.186 INFO  c.k.katalon.core.main.TestSuiteExecutor  - hostName = gopal.s - JAMOCHA57.jamochahq.local
2026-01-28 17:12:03.188 INFO  c.k.katalon.core.main.TestSuiteExecutor  - os = Windows 11 64bit
2026-01-28 17:12:03.188 INFO  c.k.katalon.core.main.TestSuiteExecutor  - hostAddress = 10.10.10.136
2026-01-28 17:12:03.190 INFO  c.k.katalon.core.main.TestSuiteExecutor  - katalonVersion = 10.4.3.0
2026-01-28 17:12:05.774 INFO  c.k.katalon.core.main.TestCaseExecutor   - --------------------
2026-01-28 17:12:05.774 INFO  c.k.katalon.core.main.TestCaseExecutor   - START Test Cases/ProhanceWeb/General_TC/General_TC
2026-01-28 17:12:06.060 INFO  c.k.katalon.core.main.TestCaseExecutor   - userName = tsL9urF6O/D/xURRxzj/8w==
2026-01-28 17:12:06.100 INFO  c.k.katalon.core.main.TestCaseExecutor   - password = HeCM15nHKBI=
2026-01-28 17:12:06.102 INFO  c.k.katalon.core.main.TestCaseExecutor   - exportType = excel
2026-01-28 17:12:08.121 DEBUG testcase.General_TC                      - 1: callTestCase(findTestCase("Test Cases/ProhanceWeb/Login_Page/Login"), ["userName":userName, "password":password])
2026-01-28 17:12:08.537 INFO  c.k.katalon.core.main.TestCaseExecutor   - --------------------
2026-01-28 17:12:08.537 INFO  c.k.katalon.core.main.TestCaseExecutor   - CALL Test Cases/ProhanceWeb/Login_Page/Login
2026-01-28 17:12:08.859 INFO  c.k.katalon.core.main.TestCaseExecutor   - userName = tsL9urF6O/D/xURRxzj/8w==
2026-01-28 17:12:08.872 INFO  c.k.katalon.core.main.TestCaseExecutor   - password = HeCM15nHKBI=
2026-01-28 17:12:10.418 DEBUG testcase.Login                           - 1: openBrowser("")
2026-01-28 17:12:11.021 INFO  c.k.k.core.webui.driver.DriverFactory    - Starting 'Edge Chromium' driver
2026-01-28 17:12:11.206 INFO  c.k.k.core.webui.driver.DriverFactory    - Action delay is set to 0 milliseconds
Jan 28, 2026 5:13:40 PM org.openqa.selenium.devtools.CdpVersionFinder findNearestMatch
WARNING: Unable to find an exact match for CDP version 144, returning the closest version; found: 142; Please update to a Selenium version that supports CDP version 144
2026-01-28 17:13:41.371 INFO  c.k.k.core.webui.driver.DriverFactory    - sessionId = d8894d80407684e872198c901738fbd5
2026-01-28 17:13:41.372 INFO  c.k.k.core.webui.driver.DriverFactory    - browser = Edge Chromium 144.0.3719.92
2026-01-28 17:13:41.373 INFO  c.k.k.core.webui.driver.DriverFactory    - platform = Windows 11
2026-01-28 17:13:41.373 INFO  c.k.k.core.webui.driver.DriverFactory    - seleniumVersion = 4.34.0
2026-01-28 17:13:41.381 INFO  c.k.k.core.webui.driver.DriverFactory    - proxyInformation = ProxyInformation { proxyOption=NO_PROXY, proxyServerType=HTTP, username=, password=********, proxyServerAddress=, proxyServerPort=0, executionList="", isApplyToDesiredCapabilities=true }
2026-01-28 17:13:41.486 DEBUG testcase.Login                           - 2: maximizeWindow()
2026-01-28 17:13:41.629 DEBUG testcase.Login                           - 3: waitForPageLoad(Delay, CONTINUE_ON_FAILURE)
2026-01-28 17:13:42.075 DEBUG testcase.Login                           - 4: navigateToUrl(URL)
2026-01-28 17:15:16.576 DEBUG testcase.Login                           - 5: try
2026-01-28 17:15:16.584 DEBUG testcase.Login                           - 1: setEncryptedText(findTestObject("Object Repository/Login/userName"), userName)
2026-01-28 17:15:17.442 DEBUG testcase.Login                           - 2: setEncryptedText(findTestObject("Object Repository/Login/Password"), password)
2026-01-28 17:15:17.884 DEBUG testcase.Login                           - 3: waitForElementClickable(findTestObject("Object Repository/Login/login_btn"), Delay)
2026-01-28 17:15:18.259 DEBUG testcase.Login                           - 4: click(findTestObject("Object Repository/Login/login_btn"))
2026-01-28 17:15:18.743 DEBUG testcase.Login                           - 5: if (verifyElementPresent(findTestObject("Object Repository/Login/session_Distroysession"), Delay))
2026-01-28 17:15:59.323 ERROR c.k.k.core.keyword.internal.KeywordMain  - ❌ com.kms.katalon.core.webui.exception.WebElementNotFoundException: Web element with id: 'Object Repository/Login/session_Distroysession' located by 'By.xpath: //input[@id='distroysession']' not found (Root cause: com.kms.katalon.core.exception.StepFailedException: com.kms.katalon.core.webui.exception.WebElementNotFoundException: Web element with id: 'Object Repository/Login/session_Distroysession' located by 'By.xpath: //input[@id='distroysession']' not found
	at com.kms.katalon.core.webui.keyword.internal.WebUIKeywordMain.stepFailed(WebUIKeywordMain.groovy:177)
	at com.kms.katalon.core.webui.keyword.builtin.VerifyElementPresentKeyword$_verifyElementPresent_closure1.doCall(VerifyElementPresentKeyword.groovy:88)
	at com.kms.katalon.core.webui.keyword.builtin.VerifyElementPresentKeyword$_verifyElementPresent_closure1.call(VerifyElementPresentKeyword.groovy)
	at com.kms.katalon.core.webui.keyword.internal.WebUIKeywordMain.runKeyword(WebUIKeywordMain.groovy:41)
	at com.kms.katalon.core.webui.keyword.builtin.VerifyElementPresentKeyword.verifyElementPresent(VerifyElementPresentKeyword.groovy:95)
	at com.kms.katalon.core.webui.keyword.builtin.VerifyElementPresentKeyword.execute(VerifyElementPresentKeyword.groovy:68)
	at com.kms.katalon.core.keyword.internal.KeywordExecutor.executeKeywordForPlatform(KeywordExecutor.groovy:90)
	at com.kms.katalon.core.webui.keyword.WebUiBuiltInKeywords.verifyElementPresent(WebUiBuiltInKeywords.groovy:1565)
	at Login.run(Login:41)
	at com.kms.katalon.core.main.ScriptEngine.run(ScriptEngine.java:194)
	at com.kms.katalon.core.main.ScriptEngine.runScriptAsRawText(ScriptEngine.java:119)
	at com.kms.katalon.core.main.TestCaseExecutor.runScript(TestCaseExecutor.java:490)
	at com.kms.katalon.core.main.TestCaseExecutor.doExecute(TestCaseExecutor.java:481)
	at com.kms.katalon.core.main.TestCaseExecutor.processExecutionPhase(TestCaseExecutor.java:460)
	at com.kms.katalon.core.main.TestCaseExecutor.accessMainPhase(TestCaseExecutor.java:452)
	at com.kms.katalon.core.main.TestCaseExecutor.execute(TestCaseExecutor.java:322)
	at com.kms.katalon.core.main.TestCaseMain.runTestCase(TestCaseMain.java:151)
	at com.kms.katalon.core.keyword.builtin.CallTestCaseKeyword$_callTestCase_closure1.doCall(CallTestCaseKeyword.groovy:59)
	at com.kms.katalon.core.keyword.builtin.CallTestCaseKeyword$_callTestCase_closure1.call(CallTestCaseKeyword.groovy)
	at com.kms.katalon.core.keyword.internal.KeywordMain.runKeyword(KeywordMain.groovy:75)
	at com.kms.katalon.core.keyword.builtin.CallTestCaseKeyword.callTestCase(CallTestCaseKeyword.groovy:81)
	at com.kms.katalon.core.keyword.builtin.CallTestCaseKeyword.execute(CallTestCaseKeyword.groovy:44)
	at com.kms.katalon.core.keyword.internal.KeywordExecutor.executeKeywordForPlatform(KeywordExecutor.groovy:90)
	at com.kms.katalon.core.keyword.BuiltinKeywords.callTestCase(BuiltinKeywords.groovy:326)
	at java.base/jdk.internal.reflect.NativeMethodAccessorImpl.invoke0(Native Method)
	at java.base/jdk.internal.reflect.NativeMethodAccessorImpl.invoke(NativeMethodAccessorImpl.java:77)
	at java.base/jdk.internal.reflect.DelegatingMethodAccessorImpl.invoke(DelegatingMethodAccessorImpl.java:43)
	at General_TC.run(General_TC:20)
	at com.kms.katalon.core.main.ScriptEngine.run(ScriptEngine.java:194)
	at com.kms.katalon.core.main.ScriptEngine.runScriptAsRawText(ScriptEngine.java:119)
	at com.kms.katalon.core.main.TestCaseExecutor.runScript(TestCaseExecutor.java:490)
	at com.kms.katalon.core.main.TestCaseExecutor.doExecute(TestCaseExecutor.java:481)
	at com.kms.katalon.core.main.TestCaseExecutor.processExecutionPhase(TestCaseExecutor.java:460)
	at com.kms.katalon.core.main.TestCaseExecutor.accessMainPhase(TestCaseExecutor.java:452)
	at com.kms.katalon.core.main.TestCaseExecutor.execute(TestCaseExecutor.java:322)
	at com.kms.katalon.core.common.CommonExecutor.accessTestCaseMainPhase(CommonExecutor.java:71)
	at com.kms.katalon.core.main.TestSuiteExecutor.accessTestSuiteMainPhase(TestSuiteExecutor.java:153)
	at com.kms.katalon.core.main.TestSuiteExecutor.execute(TestSuiteExecutor.java:110)
	at com.kms.katalon.core.main.TestCaseMain.startTestSuite(TestCaseMain.java:205)
	at TempTestSuite1769600502730.run(TempTestSuite1769600502730.groovy:35)
	at java.base/jdk.internal.reflect.NativeMethodAccessorImpl.invoke0(Native Method)
	at java.base/jdk.internal.reflect.NativeMethodAccessorImpl.invoke(NativeMethodAccessorImpl.java:77)
	at java.base/jdk.internal.reflect.DelegatingMethodAccessorImpl.invoke(DelegatingMethodAccessorImpl.java:43)
)
2026-01-28 17:15:59.468 ERROR c.k.k.core.keyword.internal.KeywordMain  - ❌ Unable to verify object 'Object Repository/Login/session_Distroysession' is present (Root cause: com.kms.katalon.core.exception.StepFailedException: Unable to verify object 'Object Repository/Login/session_Distroysession' is present
	at com.kms.katalon.core.webui.keyword.internal.WebUIKeywordMain.stepFailed(WebUIKeywordMain.groovy:177)
	at com.kms.katalon.core.webui.keyword.internal.WebUIKeywordMain.runKeyword(WebUIKeywordMain.groovy:49)
	at com.kms.katalon.core.webui.keyword.builtin.VerifyElementPresentKeyword.verifyElementPresent(VerifyElementPresentKeyword.groovy:95)
	at com.kms.katalon.core.webui.keyword.builtin.VerifyElementPresentKeyword.execute(VerifyElementPresentKeyword.groovy:68)
	at com.kms.katalon.core.keyword.internal.KeywordExecutor.executeKeywordForPlatform(KeywordExecutor.groovy:90)
	at com.kms.katalon.core.webui.keyword.WebUiBuiltInKeywords.verifyElementPresent(WebUiBuiltInKeywords.groovy:1565)
	at Login.run(Login:41)
	at com.kms.katalon.core.main.ScriptEngine.run(ScriptEngine.java:194)
	at com.kms.katalon.core.main.ScriptEngine.runScriptAsRawText(ScriptEngine.java:119)
	at com.kms.katalon.core.main.TestCaseExecutor.runScript(TestCaseExecutor.java:490)
	at com.kms.katalon.core.main.TestCaseExecutor.doExecute(TestCaseExecutor.java:481)
	at com.kms.katalon.core.main.TestCaseExecutor.processExecutionPhase(TestCaseExecutor.java:460)
	at com.kms.katalon.core.main.TestCaseExecutor.accessMainPhase(TestCaseExecutor.java:452)
	at com.kms.katalon.core.main.TestCaseExecutor.execute(TestCaseExecutor.java:322)
	at com.kms.katalon.core.main.TestCaseMain.runTestCase(TestCaseMain.java:151)
	at com.kms.katalon.core.keyword.builtin.CallTestCaseKeyword$_callTestCase_closure1.doCall(CallTestCaseKeyword.groovy:59)
	at com.kms.katalon.core.keyword.builtin.CallTestCaseKeyword$_callTestCase_closure1.call(CallTestCaseKeyword.groovy)
	at com.kms.katalon.core.keyword.internal.KeywordMain.runKeyword(KeywordMain.groovy:75)
	at com.kms.katalon.core.keyword.builtin.CallTestCaseKeyword.callTestCase(CallTestCaseKeyword.groovy:81)
	at com.kms.katalon.core.keyword.builtin.CallTestCaseKeyword.execute(CallTestCaseKeyword.groovy:44)
	at com.kms.katalon.core.keyword.internal.KeywordExecutor.executeKeywordForPlatform(KeywordExecutor.groovy:90)
	at com.kms.katalon.core.keyword.BuiltinKeywords.callTestCase(BuiltinKeywords.groovy:326)
	at java.base/jdk.internal.reflect.NativeMethodAccessorImpl.invoke0(Native Method)
	at java.base/jdk.internal.reflect.NativeMethodAccessorImpl.invoke(NativeMethodAccessorImpl.java:77)
	at java.base/jdk.internal.reflect.DelegatingMethodAccessorImpl.invoke(DelegatingMethodAccessorImpl.java:43)
	at General_TC.run(General_TC:20)
	at com.kms.katalon.core.main.ScriptEngine.run(ScriptEngine.java:194)
	at com.kms.katalon.core.main.ScriptEngine.runScriptAsRawText(ScriptEngine.java:119)
	at com.kms.katalon.core.main.TestCaseExecutor.runScript(TestCaseExecutor.java:490)
	at com.kms.katalon.core.main.TestCaseExecutor.doExecute(TestCaseExecutor.java:481)
	at com.kms.katalon.core.main.TestCaseExecutor.processExecutionPhase(TestCaseExecutor.java:460)
	at com.kms.katalon.core.main.TestCaseExecutor.accessMainPhase(TestCaseExecutor.java:452)
	at com.kms.katalon.core.main.TestCaseExecutor.execute(TestCaseExecutor.java:322)
	at com.kms.katalon.core.common.CommonExecutor.accessTestCaseMainPhase(CommonExecutor.java:71)
	at com.kms.katalon.core.main.TestSuiteExecutor.accessTestSuiteMainPhase(TestSuiteExecutor.java:153)
	at com.kms.katalon.core.main.TestSuiteExecutor.execute(TestSuiteExecutor.java:110)
	at com.kms.katalon.core.main.TestCaseMain.startTestSuite(TestCaseMain.java:205)
	at TempTestSuite1769600502730.run(TempTestSuite1769600502730.groovy:35)
	at java.base/jdk.internal.reflect.NativeMethodAccessorImpl.invoke0(Native Method)
	at java.base/jdk.internal.reflect.NativeMethodAccessorImpl.invoke(NativeMethodAccessorImpl.java:77)
	at java.base/jdk.internal.reflect.DelegatingMethodAccessorImpl.invoke(DelegatingMethodAccessorImpl.java:43)
Caused by: com.kms.katalon.core.exception.StepFailedException: com.kms.katalon.core.webui.exception.WebElementNotFoundException: Web element with id: 'Object Repository/Login/session_Distroysession' located by 'By.xpath: //input[@id='distroysession']' not found
	at com.kms.katalon.core.webui.keyword.internal.WebUIKeywordMain.stepFailed(WebUIKeywordMain.groovy:177)
	at com.kms.katalon.core.webui.keyword.builtin.VerifyElementPresentKeyword$_verifyElementPresent_closure1.doCall(VerifyElementPresentKeyword.groovy:88)
	at com.kms.katalon.core.webui.keyword.builtin.VerifyElementPresentKeyword$_verifyElementPresent_closure1.call(VerifyElementPresentKeyword.groovy)
	at com.kms.katalon.core.webui.keyword.internal.WebUIKeywordMain.runKeyword(WebUIKeywordMain.groovy:41)
	... 39 more
)
2026-01-28 17:15:59.471 DEBUG testcase.Login                           - 6: catch (Exception e)
2026-01-28 17:15:59.472 DEBUG testcase.Login                           - 1: out.println(e.getMessage())
Unable to verify object 'Object Repository/Login/session_Distroysession' is present
2026-01-28 17:15:59.507 DEBUG testcase.Login                           - 2: timestamp = Date().format("yyyyMMdd_HHmmss")
2026-01-28 17:15:59.533 DEBUG testcase.Login                           - 7: Finally
2026-01-28 17:15:59.537 DEBUG testcase.Login                           - 1: timestamp = Date().format("yyyyMMdd_HHmmss")
2026-01-28 17:15:59.543 INFO  c.k.katalon.core.main.TestCaseExecutor   - END CALL Test Cases/ProhanceWeb/Login_Page/Login
2026-01-28 17:15:59.543 INFO  c.k.katalon.core.main.TestCaseExecutor   - --------------------
2026-01-28 17:15:59.559 DEBUG testcase.General_TC                      - 2: callTestCase(findTestCase("Test Cases/ProhanceWeb/Organization Settings/Activity DashBoard/ActivityDashBoard"), ["exportType":exportType])
2026-01-28 17:15:59.633 INFO  c.k.katalon.core.main.TestCaseExecutor   - --------------------
2026-01-28 17:15:59.634 INFO  c.k.katalon.core.main.TestCaseExecutor   - CALL Test Cases/ProhanceWeb/Organization Settings/Activity DashBoard/ActivityDashBoard
2026-01-28 17:16:00.138 INFO  c.k.katalon.core.main.TestCaseExecutor   - exportType = excel
2026-01-28 17:16:00.668 DEBUG testcase.ActivityDashBoard               - 1: explort = null
2026-01-28 17:16:00.670 DEBUG testcase.ActivityDashBoard               - 2: rows = null
2026-01-28 17:16:00.673 DEBUG testcase.ActivityDashBoard               - 3: if (verifyElementPresent(findTestObject("Object Repository/Organization Settings/New Folder/Page_ProHance/a_WORK TIME"), Delay))
2026-01-28 17:16:00.978 DEBUG testcase.ActivityDashBoard               - 1: waitForElementClickable(findTestObject("Object Repository/Organization Settings/New Folder/Page_ProHance/a_WORK TIME"), Delay)
2026-01-28 17:16:09.097 DEBUG testcase.ActivityDashBoard               - 2: click(findTestObject("Object Repository/Organization Settings/New Folder/Page_ProHance/a_WORK TIME"))
2026-01-28 17:16:09.483 DEBUG testcase.ActivityDashBoard               - 3: waitForElementClickable(findTestObject("Object Repository/Organization Settings/New Folder/Page_ProHance/a_ACTIVITY DASHBOARD"), Delay)
2026-01-28 17:16:09.789 DEBUG testcase.ActivityDashBoard               - 4: click(findTestObject("Object Repository/Organization Settings/New Folder/Page_ProHance/a_ACTIVITY DASHBOARD"))
2026-01-28 17:16:10.186 DEBUG testcase.ActivityDashBoard               - 5: waitForElementClickable(findTestObject("Object Repository/Organization Settings/New Folder/Page_ProHance/First_Container"), Delay, STOP_ON_FAILURE)
2026-01-28 17:16:11.448 DEBUG testcase.ActivityDashBoard               - 6: click(findTestObject("Object Repository/Organization Settings/New Folder/Page_ProHance/First_Container"))
2026-01-28 17:16:12.315 DEBUG testcase.ActivityDashBoard               - 7: waitForPageLoad(Delay, STOP_ON_FAILURE)
2026-01-28 17:16:12.352 DEBUG testcase.ActivityDashBoard               - 8: waitForElementClickable(findTestObject("Object Repository/Organization Settings/New Folder/Page_ProHance/span_Top Applications For All Groups_drilld_ef368b"), Delay)
2026-01-28 17:16:13.002 DEBUG testcase.ActivityDashBoard               - 9: click(findTestObject("Object Repository/Organization Settings/New Folder/Page_ProHance/span_Top Applications For All Groups_drilld_ef368b"))
2026-01-28 17:16:13.816 DEBUG testcase.ActivityDashBoard               - 10: switchToWindowIndex(1)
2026-01-28 17:16:14.136 DEBUG testcase.ActivityDashBoard               - 11: waitForPageLoad(Delay, STOP_ON_FAILURE)
2026-01-28 17:16:14.172 DEBUG testcase.ActivityDashBoard               - 12: rows = com.prohancewebapplication.webtable.Table.webTableDataReader(findTestObject("Object Repository/Organization Settings/Activity DashBoard/TopApplicationWebTable/FirstDrillDown/table_Id"), findTestObject("Object Repository/Organization Settings/Activity DashBoard/TopApplicationWebTable/FirstDrillDown/table_tr"))
2026-01-28 17:16:16.212 INFO  k.k.c.m.CustomKeywordDelegatingMetaClass - com.prohancewebapplication.webtable.Table.webTableDataReader is PASSED
2026-01-28 17:16:16.214 DEBUG testcase.ActivityDashBoard               - 13: if (rows != null)
2026-01-28 17:16:16.217 DEBUG testcase.ActivityDashBoard               - 1: com.prohancewebapplication.webtable.Table.webTableDataWriter(rows)
2026-01-28 17:16:16.881 INFO  com.kms.katalon.core.util.KeywordUtil    - Row 0:  | Rank | Activity | Duration | #Users | #Switches | Rating | Category | 
2026-01-28 17:16:17.238 INFO  com.kms.katalon.core.util.KeywordUtil    - Row 1:  | 1 | Eclipse | 8d 11 : 41 : 56 | 6 | 31942 | +2 | Development Tools | 
2026-01-28 17:16:17.681 INFO  com.kms.katalon.core.util.KeywordUtil    - Row 2:  | 2 | XCode | 5d 02 : 16 : 51 | 5 | 6492 | +2 | Development Tools | 
2026-01-28 17:16:18.030 INFO  com.kms.katalon.core.util.KeywordUtil    - Row 3:  | 3 | ProHance | 3d 22 : 46 : 36 | 6 | 16796 | +2 | Business Tools | 
2026-01-28 17:16:18.369 INFO  com.kms.katalon.core.util.KeywordUtil    - Row 4:  | 4 | Notepad | 2d 03 : 03 : 03 | 6 | 7549 | +2 | Development Tools | 
2026-01-28 17:16:18.701 INFO  com.kms.katalon.core.util.KeywordUtil    - Row 5:  | 5 | MS Teams | 2d 00 : 24 : 14 | 6 | 5308 | +2 | Communication Tools | 
2026-01-28 17:16:19.040 INFO  com.kms.katalon.core.util.KeywordUtil    - Row 6:  | 6 | UNKNOWN AOS | 1d 16 : 14 : 33 | 6 | 7178 |  |  | 
2026-01-28 17:16:19.382 INFO  com.kms.katalon.core.util.KeywordUtil    - Row 7:  | 7 | Email Applications | 1d 05 : 30 : 50 | 6 | 2553 | +2 | Communication Tools | 
2026-01-28 17:16:19.717 INFO  com.kms.katalon.core.util.KeywordUtil    - Row 8:  | 8 | Excel | 1d 02 : 53 : 56 | 6 | 6197 | +2 | Documentation Tools | 
2026-01-28 17:16:20.052 INFO  com.kms.katalon.core.util.KeywordUtil    - Row 9:  | 9 | Remote Desktop | 18 : 16 : 38 | 1 | 1348 | +1 | Support Tools | 
2026-01-28 17:16:20.384 INFO  com.kms.katalon.core.util.KeywordUtil    - Row 10:  | 10 | Files & Folders | 14 : 12 : 41 | 6 | 6212 | 0 | System Tools | 
2026-01-28 17:16:20.725 INFO  com.kms.katalon.core.util.KeywordUtil    - Row 11:  | 11 | General Web Browsing | 13 : 09 : 23 | 6 | 1942 | 0 | Documentation Tools | 
2026-01-28 17:16:21.072 INFO  com.kms.katalon.core.util.KeywordUtil    - Row 12:  | 12 | CAST Application | 11 : 38 : 14 | 4 | 915 | +2 | Development Tools | 
2026-01-28 17:16:21.411 INFO  com.kms.katalon.core.util.KeywordUtil    - Row 13:  | 13 | Windows Components | 10 : 52 : 25 | 6 | 7372 | +2 | Support Tools | 
2026-01-28 17:16:21.737 INFO  com.kms.katalon.core.util.KeywordUtil    - Row 14:  | 14 | Advanced Rest Client | 07 : 08 : 58 | 4 | 1214 | 0 | Documentation Tools | 
2026-01-28 17:16:22.094 INFO  com.kms.katalon.core.util.KeywordUtil    - Row 15:  | 15 | Chat GPT | 06 : 21 : 05 | 6 | 1051 | +2 | Business Tools | 
2026-01-28 17:16:22.446 INFO  com.kms.katalon.core.util.KeywordUtil    - Row 16:  | 16 | Electron | 06 : 09 : 12 | 2 | 650 | +2 | Development Tools | 
2026-01-28 17:16:22.788 INFO  com.kms.katalon.core.util.KeywordUtil    - Row 17:  | 17 | Word | 05 : 23 : 07 | 2 | 395 | +2 | Documentation Tools | 
2026-01-28 17:16:23.163 INFO  com.kms.katalon.core.util.KeywordUtil    - Row 18:  | 18 | Customer Connect Apps | 04 : 58 : 58 | 5 | 314 | +2 | Support Tools | 
2026-01-28 17:16:23.495 INFO  com.kms.katalon.core.util.KeywordUtil    - Row 19:  | 19 | Techmate Application | 04 : 19 : 52 | 4 | 370 | +2 | Support Tools | 
2026-01-28 17:16:23.836 INFO  com.kms.katalon.core.util.KeywordUtil    - Row 20:  | 20 | Tutorials | 03 : 28 : 36 | 6 | 299 | +1 | Documentation Tools | 
2026-01-28 17:16:24.363 INFO  com.kms.katalon.core.util.KeywordUtil    - Row 21:  | 21 | MYSQL Server | 02 : 29 : 02 | 3 | 378 | +2 | Development Tools | 
2026-01-28 17:16:24.719 INFO  com.kms.katalon.core.util.KeywordUtil    - Row 22:  | 22 | Jenkins | 01 : 53 : 42 | 5 | 352 | +2 | Development Tools | 
2026-01-28 17:16:25.089 INFO  com.kms.katalon.core.util.KeywordUtil    - Row 23:  | 23 | MS Visual Studio | 00 : 51 : 06 | 2 | 83 | +2 | Development Tools | 
2026-01-28 17:16:25.524 INFO  com.kms.katalon.core.util.KeywordUtil    - Row 24:  | 24 | Browser Extensions and Addons | 00 : 45 : 47 | 4 | 115 | +2 | Development Tools | 
2026-01-28 17:16:25.848 INFO  com.kms.katalon.core.util.KeywordUtil    - Row 25:  | 25 | Unproductive Sites | 00 : 38 : 10 | 6 | 159 | -2 | Unproductive | 
2026-01-28 17:16:26.235 INFO  com.kms.katalon.core.util.KeywordUtil    - Row 26:  | 26 | License Portal | 00 : 29 : 05 | 6 | 137 | 0 | Documentation Tools | 
2026-01-28 17:16:26.609 INFO  com.kms.katalon.core.util.KeywordUtil    - Row 27:  | 27 | Power Point | 00 : 21 : 20 | 1 | 20 | +2 | Documentation Tools | 
2026-01-28 17:16:26.957 INFO  com.kms.katalon.core.util.KeywordUtil    - Row 28:  | 28 | Personal Time | 00 : 18 : 00 | 2 | 5 |  |  | 
2026-01-28 17:16:27.292 INFO  com.kms.katalon.core.util.KeywordUtil    - Row 29:  | 29 | Grey Tip HR | 00 : 14 : 15 | 3 | 29 | 0 | Internal Applications | 
2026-01-28 17:16:27.652 INFO  com.kms.katalon.core.util.KeywordUtil    - Row 30:  | 30 | IP Messenger | 00 : 09 : 37 | 2 | 36 | +1 | Communication Tools | 
2026-01-28 17:16:28.015 INFO  com.kms.katalon.core.util.KeywordUtil    - Row 31:  | 31 | LinkedIn | 00 : 01 : 54 | 1 | 10 | 0 | Communication Tools | 
2026-01-28 17:16:28.376 INFO  com.kms.katalon.core.util.KeywordUtil    - Row 32:  | 32 | MSSQL Server | 00 : 00 : 24 | 1 | 5 | +2 | Development Tools | 
2026-01-28 17:16:28.732 INFO  com.kms.katalon.core.util.KeywordUtil    - Row 33:  | 33 | Paint | 00 : 00 : 16 | 2 | 5 | 0 | Documentation Tools | 
2026-01-28 17:16:28.733 INFO  k.k.c.m.CustomKeywordDelegatingMetaClass - com.prohancewebapplication.webtable.Table.webTableDataWriter is PASSED
2026-01-28 17:16:28.733 DEBUG testcase.ActivityDashBoard               - 14: executeJavaScript("window.scrollTo(0, document.body.scrollHeight);", null)
2026-01-28 17:16:28.771 DEBUG testcase.ActivityDashBoard               - 15: com.prohancewebapplication.file.FileSizeFinder.exisitingFileDelete()
C:\Users\gopal.s\Downloads
2026-01-28 17:16:28.802 INFO  k.k.c.m.CustomKeywordDelegatingMetaClass - com.prohancewebapplication.file.FileSizeFinder.exisitingFileDelete is PASSED
2026-01-28 17:16:28.804 DEBUG testcase.ActivityDashBoard               - 16: explort = ((exportType != null)) ? exportType : false
2026-01-28 17:16:28.806 DEBUG testcase.ActivityDashBoard               - 17: browserName = getExecutedBrowser()
2026-01-28 17:16:28.823 DEBUG testcase.ActivityDashBoard               - 18: logInfo("Browser Name :" + " " + browserName)
2026-01-28 17:16:28.832 INFO  com.kms.katalon.core.util.KeywordUtil    - Browser Name : Edge Chromium
2026-01-28 17:16:28.833 DEBUG testcase.ActivityDashBoard               - 19: xPath = com.prohanceebapplication.common.Export.export(explort)
2026-01-28 17:16:28.868 INFO  k.k.c.m.CustomKeywordDelegatingMetaClass - com.prohanceebapplication.common.Export.export is PASSED
2026-01-28 17:16:28.870 DEBUG testcase.ActivityDashBoard               - 20: out.println(xPath)
//span[.//img[@title='Export to Excel']]
2026-01-28 17:16:28.872 DEBUG testcase.ActivityDashBoard               - 21: if (xPath != null)
2026-01-28 17:16:28.874 DEBUG testcase.ActivityDashBoard               - 1: exportSpan = new com.kms.katalon.core.testobject.TestObject()
2026-01-28 17:16:28.878 DEBUG testcase.ActivityDashBoard               - 2: exportSpan.addProperty("xpath", EQUALS, xPath)
2026-01-28 17:16:28.907 DEBUG testcase.ActivityDashBoard               - 3: waitForElementPresent(exportSpan, Delay)
2026-01-28 17:16:29.187 DEBUG testcase.ActivityDashBoard               - 4: el = findWebElement(exportSpan, Delay)
2026-01-28 17:16:29.444 DEBUG testcase.ActivityDashBoard               - 5: executeJavaScript("arguments[0].scrollIntoView(true);", Arrays.asList(el))
2026-01-28 17:16:29.501 DEBUG testcase.ActivityDashBoard               - 6: executeJavaScript("arguments[0].click();", Arrays.asList(el))
2026-01-28 17:16:32.585 DEBUG testcase.ActivityDashBoard               - 22: com.prohancewebapplication.file.FileSizeFinder.fileSize()
2026-01-28 17:16:32.613 INFO  k.k.c.m.CustomKeywordDelegatingMetaClass - com.prohancewebapplication.file.FileSizeFinder.fileSize is PASSED
2026-01-28 17:16:32.617 DEBUG testcase.ActivityDashBoard               - 23: switchToDefaultContent()
2026-01-28 17:16:32.722 DEBUG testcase.ActivityDashBoard               - 24: closeWindowIndex(1)
2026-01-28 17:16:32.877 DEBUG testcase.ActivityDashBoard               - 25: switchToWindowIndex(0)
2026-01-28 17:16:32.898 INFO  c.k.katalon.core.main.TestCaseExecutor   - END CALL Test Cases/ProhanceWeb/Organization Settings/Activity DashBoard/ActivityDashBoard
2026-01-28 17:16:32.898 INFO  c.k.katalon.core.main.TestCaseExecutor   - --------------------
2026-01-28 17:16:32.904 DEBUG testcase.General_TC                      - 3: callTestCase(findTestCase("Test Cases/ProhanceWeb/LogOut_Page/LogOut"), [:])
2026-01-28 17:16:33.001 INFO  c.k.katalon.core.main.TestCaseExecutor   - --------------------
2026-01-28 17:16:33.001 INFO  c.k.katalon.core.main.TestCaseExecutor   - CALL Test Cases/ProhanceWeb/LogOut_Page/LogOut
2026-01-28 17:16:33.164 DEBUG testcase.LogOut                          - 1: try
2026-01-28 17:16:33.168 DEBUG testcase.LogOut                          - 1: waitForElementPresent(findTestObject("Object Repository/Logout/userProfileIcon"), Delay)
2026-01-28 17:16:33.730 DEBUG testcase.LogOut                          - 2: click(findTestObject("Object Repository/Logout/userProfileIcon"), STOP_ON_FAILURE)
2026-01-28 17:16:34.456 DEBUG testcase.LogOut                          - 3: waitForElementPresent(findTestObject("Object Repository/Logout/logOut"), Delay)
2026-01-28 17:16:34.856 DEBUG testcase.LogOut                          - 4: click(findTestObject("Object Repository/Logout/logOut"), STOP_ON_FAILURE)
2026-01-28 17:16:35.514 INFO  c.k.katalon.core.main.TestCaseExecutor   - END CALL Test Cases/ProhanceWeb/LogOut_Page/LogOut
2026-01-28 17:16:35.517 INFO  c.k.katalon.core.main.TestCaseExecutor   - --------------------
2026-01-28 17:16:35.523 INFO  c.k.katalon.core.main.TestCaseExecutor   - END Test Cases/ProhanceWeb/General_TC/General_TC
2026-01-28 17:16:36.224 INFO  c.k.katalon.core.main.TestSuiteExecutor  - --------------------
2026-01-28 17:16:36.224 INFO  c.k.katalon.core.main.TestSuiteExecutor  - END Test Suites/general
2026-01-28 17:16:36.224 INFO  c.k.katalon.core.main.TestSuiteExecutor  - ====================
