2026-01-27 18:54:40.293 INFO  c.k.k.c.l.logback.LogbackConfigurator    - Logback default configuration initialized from: C:\Users\gopal.s\.katalon\packages\KSE-10.4.3\configuration\org.eclipse.osgi\133\0\.cp\resources\logback\logback-execution.xml
2026-01-27 18:54:40.299 INFO  c.k.k.c.l.logback.LogbackConfigurator    - Logback custom configuration initialized from: C:\Users\gopal.s\git\ProhanceWebApplication\ProhanceWebApplication\Include\config\log.properties
2026-01-27 18:54:42.202 INFO  c.k.katalon.core.main.TestSuiteExecutor  - START Test Suites/Login_Genaral
2026-01-27 18:54:42.313 INFO  c.k.katalon.core.main.TestSuiteExecutor  - userFullName = Gopal
2026-01-27 18:54:42.317 INFO  c.k.katalon.core.main.TestSuiteExecutor  - projectName = ProhanceWebApplication
2026-01-27 18:54:42.320 INFO  c.k.katalon.core.main.TestSuiteExecutor  - hostName = gopal.s - JAMOCHA57.jamochahq.local
2026-01-27 18:54:42.321 INFO  c.k.katalon.core.main.TestSuiteExecutor  - os = Windows 11 64bit
2026-01-27 18:54:42.322 INFO  c.k.katalon.core.main.TestSuiteExecutor  - hostAddress = 10.10.10.136
2026-01-27 18:54:42.323 INFO  c.k.katalon.core.main.TestSuiteExecutor  - katalonVersion = 10.4.3.0
2026-01-27 18:54:43.089 INFO  c.k.katalon.core.main.TestCaseExecutor   - --------------------
2026-01-27 18:54:43.089 INFO  c.k.katalon.core.main.TestCaseExecutor   - START Test Cases/ProhanceWeb/Login_Page/Login
2026-01-27 18:54:43.218 INFO  c.k.katalon.core.main.TestCaseExecutor   - userName = tsL9urF6O/D/xURRxzj/8w==
2026-01-27 18:54:43.219 INFO  c.k.katalon.core.main.TestCaseExecutor   - password = tsL9urF6O/APwsPS+50KRA==
2026-01-27 18:54:43.743 DEBUG testcase.Login                           - 1: openBrowser("")
2026-01-27 18:54:44.039 INFO  c.k.k.core.webui.driver.DriverFactory    - Starting 'Chrome' driver
2026-01-27 18:54:44.110 INFO  c.k.k.core.webui.driver.DriverFactory    - Action delay is set to 0 milliseconds
Jan 27, 2026 6:55:51 PM org.openqa.selenium.devtools.CdpVersionFinder findNearestMatch
WARNING: Unable to find an exact match for CDP version 144, returning the closest version; found: 142; Please update to a Selenium version that supports CDP version 144
2026-01-27 18:55:51.757 INFO  c.k.k.core.webui.driver.DriverFactory    - sessionId = 3e32a37e6c9f669618aed41cec8f0cb0
2026-01-27 18:55:51.759 INFO  c.k.k.core.webui.driver.DriverFactory    - browser = Chrome 144.0.7559.97
2026-01-27 18:55:51.763 INFO  c.k.k.core.webui.driver.DriverFactory    - platform = Windows 11
2026-01-27 18:55:51.766 INFO  c.k.k.core.webui.driver.DriverFactory    - seleniumVersion = 4.34.0
2026-01-27 18:55:51.784 INFO  c.k.k.core.webui.driver.DriverFactory    - proxyInformation = ProxyInformation { proxyOption=NO_PROXY, proxyServerType=HTTP, username=, password=********, proxyServerAddress=, proxyServerPort=0, executionList="", isApplyToDesiredCapabilities=true }
2026-01-27 18:55:51.862 DEBUG testcase.Login                           - 2: maximizeWindow()
2026-01-27 18:55:51.960 DEBUG testcase.Login                           - 3: waitForPageLoad(Delay, CONTINUE_ON_FAILURE)
2026-01-27 18:55:52.214 DEBUG testcase.Login                           - 4: navigateToUrl(URL)
2026-01-27 18:56:12.733 DEBUG testcase.Login                           - 5: try
2026-01-27 18:56:12.740 DEBUG testcase.Login                           - 1: setEncryptedText(findTestObject("Object Repository/LoginOR/userName"), userName)
2026-01-27 18:56:16.540 DEBUG testcase.Login                           - 2: setEncryptedText(findTestObject("Object Repository/LoginOR/Password"), password)
2026-01-27 18:56:16.991 DEBUG testcase.Login                           - 3: waitForElementClickable(findTestObject("Object Repository/LoginOR/login_btn"), Delay)
2026-01-27 18:56:17.398 DEBUG testcase.Login                           - 4: click(findTestObject("Object Repository/LoginOR/login_btn"))
2026-01-27 18:56:17.912 DEBUG testcase.Login                           - 5: if (verifyElementPresent(findTestObject("Object Repository/LoginOR/session_Distroysession"), Dela))
2026-01-27 18:56:17.999 DEBUG testcase.Login                           - 6: catch (Exception e)
2026-01-27 18:56:18.013 DEBUG testcase.Login                           - 1: out.println(e.getMessage())
No such property: Dela for class: internal.GlobalVariable
2026-01-27 18:56:18.065 DEBUG testcase.Login                           - 2: timestamp = Date().format("yyyyMMdd_HHmmss")
2026-01-27 18:56:18.104 DEBUG testcase.Login                           - 7: Finally
2026-01-27 18:56:18.111 DEBUG testcase.Login                           - 1: timestamp = Date().format("yyyyMMdd_HHmmss")
2026-01-27 18:56:18.124 INFO  c.k.katalon.core.main.TestCaseExecutor   - END Test Cases/ProhanceWeb/Login_Page/Login
2026-01-27 18:56:18.186 INFO  c.k.katalon.core.main.TestCaseExecutor   - --------------------
2026-01-27 18:56:18.187 INFO  c.k.katalon.core.main.TestCaseExecutor   - START Test Cases/ProhanceWeb/Organization Settings/Activity DashBoard/ActivityDashBoard
2026-01-27 18:56:18.469 INFO  c.k.katalon.core.main.TestCaseExecutor   - exportType = Pdf
2026-01-27 18:56:18.726 DEBUG testcase.ActivityDashBoard               - 1: explort = null
2026-01-27 18:56:18.732 DEBUG testcase.ActivityDashBoard               - 2: if (verifyElementPresent(findTestObject("Object Repository/Organization Settings/New Folder/Page_ProHance/a_WORK TIME"), Delay))
2026-01-27 18:56:42.964 DEBUG testcase.ActivityDashBoard               - 1: waitForElementClickable(findTestObject("Object Repository/Organization Settings/New Folder/Page_ProHance/a_WORK TIME"), Delay)
2026-01-27 18:56:44.513 DEBUG testcase.ActivityDashBoard               - 2: click(findTestObject("Object Repository/Organization Settings/New Folder/Page_ProHance/a_WORK TIME"))
2026-01-27 18:56:44.910 DEBUG testcase.ActivityDashBoard               - 3: waitForElementClickable(findTestObject("Object Repository/Organization Settings/New Folder/Page_ProHance/a_ACTIVITY DASHBOARD"), Delay)
2026-01-27 18:56:45.232 DEBUG testcase.ActivityDashBoard               - 4: click(findTestObject("Object Repository/Organization Settings/New Folder/Page_ProHance/a_ACTIVITY DASHBOARD"))
2026-01-27 18:56:45.633 DEBUG testcase.ActivityDashBoard               - 5: waitForElementClickable(findTestObject("Object Repository/Organization Settings/New Folder/Page_ProHance/span_Top Applications For All Groups_drilld_ef368b"), Delay)
2026-01-27 18:56:47.349 DEBUG testcase.ActivityDashBoard               - 6: click(findTestObject("Object Repository/Organization Settings/New Folder/Page_ProHance/span_Top Applications For All Groups_drilld_ef368b"))
2026-01-27 18:56:48.544 DEBUG testcase.ActivityDashBoard               - 7: switchToWindowIndex(1)
2026-01-27 18:56:48.712 DEBUG testcase.ActivityDashBoard               - 8: waitForPageLoad(Delay, STOP_ON_FAILURE)
2026-01-27 18:56:48.796 DEBUG testcase.ActivityDashBoard               - 9: waitForElementVisible(TestObject().addProperty("xpath", EQUALS, "//table[@id ='topAppsDetailsList']"), Delay)
2026-01-27 18:56:50.721 DEBUG testcase.ActivityDashBoard               - 10: rows = findWebElements(TestObject().addProperty("xpath", EQUALS, "//table[@id='topAppsDetailsList']//tr"), Delay)
2026-01-27 18:56:50.977 DEBUG testcase.ActivityDashBoard               - 11: for ([i = 0, i < rows.size(), (i++)])
2026-01-27 18:56:50.977 DEBUG testcase.ActivityDashBoard               - 1: cols = get(i).findElements(By.tagName("td"))
2026-01-27 18:56:51.269 DEBUG testcase.ActivityDashBoard               - 2: if (cols.size() == 0)
2026-01-27 18:56:51.272 DEBUG testcase.ActivityDashBoard               - 1: cols = get(i).findElements(By.tagName("th"))
2026-01-27 18:56:51.520 DEBUG testcase.ActivityDashBoard               - 3: rowText = ""
2026-01-27 18:56:51.526 DEBUG testcase.ActivityDashBoard               - 4: for (org.openqa.selenium.WebElement col : cols)
2026-01-27 18:56:51.532 DEBUG testcase.ActivityDashBoard               - 1: rowText += col.getText() + " | "
2026-01-27 18:56:51.556 DEBUG testcase.ActivityDashBoard               - 1: rowText += col.getText() + " | "
2026-01-27 18:56:51.568 DEBUG testcase.ActivityDashBoard               - 1: rowText += col.getText() + " | "
2026-01-27 18:56:51.582 DEBUG testcase.ActivityDashBoard               - 1: rowText += col.getText() + " | "
2026-01-27 18:56:51.591 DEBUG testcase.ActivityDashBoard               - 1: rowText += col.getText() + " | "
2026-01-27 18:56:51.613 DEBUG testcase.ActivityDashBoard               - 1: rowText += col.getText() + " | "
2026-01-27 18:56:51.625 DEBUG testcase.ActivityDashBoard               - 1: rowText += col.getText() + " | "
2026-01-27 18:56:51.645 DEBUG testcase.ActivityDashBoard               - 1: rowText += col.getText() + " | "
2026-01-27 18:56:51.662 DEBUG testcase.ActivityDashBoard               - 5: logInfo("Row " + i + ": " + rowText)
2026-01-27 18:56:51.690 INFO  com.kms.katalon.core.util.KeywordUtil    - Row 0:  | Rank | Activity | Duration | #Users | #Switches | Rating | Category | 
2026-01-27 18:56:51.712 DEBUG testcase.ActivityDashBoard               - 1: cols = get(i).findElements(By.tagName("td"))
2026-01-27 18:56:51.960 DEBUG testcase.ActivityDashBoard               - 2: if (cols.size() == 0)
2026-01-27 18:56:51.961 DEBUG testcase.ActivityDashBoard               - 3: rowText = ""
2026-01-27 18:56:51.963 DEBUG testcase.ActivityDashBoard               - 4: for (org.openqa.selenium.WebElement col : cols)
2026-01-27 18:56:51.963 DEBUG testcase.ActivityDashBoard               - 1: rowText += col.getText() + " | "
2026-01-27 18:56:51.965 DEBUG testcase.ActivityDashBoard               - 1: rowText += col.getText() + " | "
2026-01-27 18:56:51.990 DEBUG testcase.ActivityDashBoard               - 1: rowText += col.getText() + " | "
2026-01-27 18:56:52.002 DEBUG testcase.ActivityDashBoard               - 1: rowText += col.getText() + " | "
2026-01-27 18:56:52.010 DEBUG testcase.ActivityDashBoard               - 1: rowText += col.getText() + " | "
2026-01-27 18:56:52.025 DEBUG testcase.ActivityDashBoard               - 1: rowText += col.getText() + " | "
2026-01-27 18:56:52.038 DEBUG testcase.ActivityDashBoard               - 1: rowText += col.getText() + " | "
2026-01-27 18:56:52.057 DEBUG testcase.ActivityDashBoard               - 1: rowText += col.getText() + " | "
2026-01-27 18:56:52.072 DEBUG testcase.ActivityDashBoard               - 5: logInfo("Row " + i + ": " + rowText)
2026-01-27 18:56:52.072 INFO  com.kms.katalon.core.util.KeywordUtil    - Row 1:  | 1 | Eclipse | 2270.26h | 42 | 455896 | +2 | Development Tools | 
2026-01-27 18:56:52.072 DEBUG testcase.ActivityDashBoard               - 1: cols = get(i).findElements(By.tagName("td"))
2026-01-27 18:56:52.338 DEBUG testcase.ActivityDashBoard               - 2: if (cols.size() == 0)
2026-01-27 18:56:52.343 DEBUG testcase.ActivityDashBoard               - 3: rowText = ""
2026-01-27 18:56:52.343 DEBUG testcase.ActivityDashBoard               - 4: for (org.openqa.selenium.WebElement col : cols)
2026-01-27 18:56:52.345 DEBUG testcase.ActivityDashBoard               - 1: rowText += col.getText() + " | "
2026-01-27 18:56:52.345 DEBUG testcase.ActivityDashBoard               - 1: rowText += col.getText() + " | "
2026-01-27 18:56:52.359 DEBUG testcase.ActivityDashBoard               - 1: rowText += col.getText() + " | "
2026-01-27 18:56:52.384 DEBUG testcase.ActivityDashBoard               - 1: rowText += col.getText() + " | "
2026-01-27 18:56:52.390 DEBUG testcase.ActivityDashBoard               - 1: rowText += col.getText() + " | "
2026-01-27 18:56:52.406 DEBUG testcase.ActivityDashBoard               - 1: rowText += col.getText() + " | "
2026-01-27 18:56:52.418 DEBUG testcase.ActivityDashBoard               - 1: rowText += col.getText() + " | "
2026-01-27 18:56:52.432 DEBUG testcase.ActivityDashBoard               - 1: rowText += col.getText() + " | "
2026-01-27 18:56:52.445 DEBUG testcase.ActivityDashBoard               - 5: logInfo("Row " + i + ": " + rowText)
2026-01-27 18:56:52.445 INFO  com.kms.katalon.core.util.KeywordUtil    - Row 2:  | 2 | ProHance | 2161.24h | 51 | 403891 | +2 | Business Tools | 
2026-01-27 18:56:52.445 DEBUG testcase.ActivityDashBoard               - 1: cols = get(i).findElements(By.tagName("td"))
2026-01-27 18:56:52.710 DEBUG testcase.ActivityDashBoard               - 2: if (cols.size() == 0)
2026-01-27 18:56:52.710 DEBUG testcase.ActivityDashBoard               - 3: rowText = ""
2026-01-27 18:56:52.716 DEBUG testcase.ActivityDashBoard               - 4: for (org.openqa.selenium.WebElement col : cols)
2026-01-27 18:56:52.718 DEBUG testcase.ActivityDashBoard               - 1: rowText += col.getText() + " | "
2026-01-27 18:56:52.738 DEBUG testcase.ActivityDashBoard               - 1: rowText += col.getText() + " | "
2026-01-27 18:56:52.746 DEBUG testcase.ActivityDashBoard               - 1: rowText += col.getText() + " | "
2026-01-27 18:56:52.765 DEBUG testcase.ActivityDashBoard               - 1: rowText += col.getText() + " | "
2026-01-27 18:56:52.774 DEBUG testcase.ActivityDashBoard               - 1: rowText += col.getText() + " | "
2026-01-27 18:56:52.792 DEBUG testcase.ActivityDashBoard               - 1: rowText += col.getText() + " | "
2026-01-27 18:56:52.811 DEBUG testcase.ActivityDashBoard               - 1: rowText += col.getText() + " | "
2026-01-27 18:56:52.821 DEBUG testcase.ActivityDashBoard               - 1: rowText += col.getText() + " | "
2026-01-27 18:56:52.838 DEBUG testcase.ActivityDashBoard               - 5: logInfo("Row " + i + ": " + rowText)
2026-01-27 18:56:52.840 INFO  com.kms.katalon.core.util.KeywordUtil    - Row 3:  | 3 | UNKNOWN AOS | 702.41h | 51 | 217733 |  |  | 
2026-01-27 18:56:52.840 DEBUG testcase.ActivityDashBoard               - 1: cols = get(i).findElements(By.tagName("td"))
2026-01-27 18:56:53.093 DEBUG testcase.ActivityDashBoard               - 2: if (cols.size() == 0)
2026-01-27 18:56:53.093 DEBUG testcase.ActivityDashBoard               - 3: rowText = ""
2026-01-27 18:56:53.097 DEBUG testcase.ActivityDashBoard               - 4: for (org.openqa.selenium.WebElement col : cols)
2026-01-27 18:56:53.099 DEBUG testcase.ActivityDashBoard               - 1: rowText += col.getText() + " | "
2026-01-27 18:56:53.121 DEBUG testcase.ActivityDashBoard               - 1: rowText += col.getText() + " | "
2026-01-27 18:56:53.140 DEBUG testcase.ActivityDashBoard               - 1: rowText += col.getText() + " | "
2026-01-27 18:56:53.150 DEBUG testcase.ActivityDashBoard               - 1: rowText += col.getText() + " | "
2026-01-27 18:56:53.156 DEBUG testcase.ActivityDashBoard               - 1: rowText += col.getText() + " | "
2026-01-27 18:56:53.176 DEBUG testcase.ActivityDashBoard               - 1: rowText += col.getText() + " | "
2026-01-27 18:56:53.188 DEBUG testcase.ActivityDashBoard               - 1: rowText += col.getText() + " | "
2026-01-27 18:56:53.199 DEBUG testcase.ActivityDashBoard               - 1: rowText += col.getText() + " | "
2026-01-27 18:56:53.211 DEBUG testcase.ActivityDashBoard               - 5: logInfo("Row " + i + ": " + rowText)
2026-01-27 18:56:53.213 INFO  com.kms.katalon.core.util.KeywordUtil    - Row 4:  | 4 | MS Teams | 555.87h | 51 | 112945 | +2 | Communication Tools | 
2026-01-27 18:56:53.215 DEBUG testcase.ActivityDashBoard               - 1: cols = get(i).findElements(By.tagName("td"))
2026-01-27 18:56:53.473 DEBUG testcase.ActivityDashBoard               - 2: if (cols.size() == 0)
2026-01-27 18:56:53.473 DEBUG testcase.ActivityDashBoard               - 3: rowText = ""
2026-01-27 18:56:53.473 DEBUG testcase.ActivityDashBoard               - 4: for (org.openqa.selenium.WebElement col : cols)
2026-01-27 18:56:53.484 DEBUG testcase.ActivityDashBoard               - 1: rowText += col.getText() + " | "
2026-01-27 18:56:53.489 DEBUG testcase.ActivityDashBoard               - 1: rowText += col.getText() + " | "
2026-01-27 18:56:53.508 DEBUG testcase.ActivityDashBoard               - 1: rowText += col.getText() + " | "
2026-01-27 18:56:53.521 DEBUG testcase.ActivityDashBoard               - 1: rowText += col.getText() + " | "
2026-01-27 18:56:53.541 DEBUG testcase.ActivityDashBoard               - 1: rowText += col.getText() + " | "
2026-01-27 18:56:53.552 DEBUG testcase.ActivityDashBoard               - 1: rowText += col.getText() + " | "
2026-01-27 18:56:53.552 DEBUG testcase.ActivityDashBoard               - 1: rowText += col.getText() + " | "
2026-01-27 18:56:53.576 DEBUG testcase.ActivityDashBoard               - 1: rowText += col.getText() + " | "
2026-01-27 18:56:53.585 DEBUG testcase.ActivityDashBoard               - 5: logInfo("Row " + i + ": " + rowText)
2026-01-27 18:56:53.596 INFO  com.kms.katalon.core.util.KeywordUtil    - Row 5:  | 5 | Notepad | 459.29h | 51 | 161416 | +2 | Development Tools | 
2026-01-27 18:56:53.596 DEBUG testcase.ActivityDashBoard               - 1: cols = get(i).findElements(By.tagName("td"))
2026-01-27 18:56:53.853 DEBUG testcase.ActivityDashBoard               - 2: if (cols.size() == 0)
2026-01-27 18:56:53.853 DEBUG testcase.ActivityDashBoard               - 3: rowText = ""
2026-01-27 18:56:53.853 DEBUG testcase.ActivityDashBoard               - 4: for (org.openqa.selenium.WebElement col : cols)
2026-01-27 18:56:53.853 DEBUG testcase.ActivityDashBoard               - 1: rowText += col.getText() + " | "
2026-01-27 18:56:53.869 DEBUG testcase.ActivityDashBoard               - 1: rowText += col.getText() + " | "
2026-01-27 18:56:53.884 DEBUG testcase.ActivityDashBoard               - 1: rowText += col.getText() + " | "
2026-01-27 18:56:53.901 DEBUG testcase.ActivityDashBoard               - 1: rowText += col.getText() + " | "
2026-01-27 18:56:53.901 DEBUG testcase.ActivityDashBoard               - 1: rowText += col.getText() + " | "
2026-01-27 18:56:53.924 DEBUG testcase.ActivityDashBoard               - 1: rowText += col.getText() + " | "
2026-01-27 18:56:53.938 DEBUG testcase.ActivityDashBoard               - 1: rowText += col.getText() + " | "
2026-01-27 18:56:53.955 DEBUG testcase.ActivityDashBoard               - 1: rowText += col.getText() + " | "
2026-01-27 18:56:53.964 DEBUG testcase.ActivityDashBoard               - 5: logInfo("Row " + i + ": " + rowText)
2026-01-27 18:56:53.965 INFO  com.kms.katalon.core.util.KeywordUtil    - Row 6:  | 6 | Windows Components | 323.96h | 51 | 277667 | +2 | Support Tools | 
2026-01-27 18:56:53.966 DEBUG testcase.ActivityDashBoard               - 1: cols = get(i).findElements(By.tagName("td"))
2026-01-27 18:56:54.240 DEBUG testcase.ActivityDashBoard               - 2: if (cols.size() == 0)
2026-01-27 18:56:54.240 DEBUG testcase.ActivityDashBoard               - 3: rowText = ""
2026-01-27 18:56:54.240 DEBUG testcase.ActivityDashBoard               - 4: for (org.openqa.selenium.WebElement col : cols)
2026-01-27 18:56:54.240 DEBUG testcase.ActivityDashBoard               - 1: rowText += col.getText() + " | "
2026-01-27 18:56:54.274 DEBUG testcase.ActivityDashBoard               - 1: rowText += col.getText() + " | "
2026-01-27 18:56:54.296 DEBUG testcase.ActivityDashBoard               - 1: rowText += col.getText() + " | "
2026-01-27 18:56:54.310 DEBUG testcase.ActivityDashBoard               - 1: rowText += col.getText() + " | "
2026-01-27 18:56:54.324 DEBUG testcase.ActivityDashBoard               - 1: rowText += col.getText() + " | "
2026-01-27 18:56:54.337 DEBUG testcase.ActivityDashBoard               - 1: rowText += col.getText() + " | "
2026-01-27 18:56:54.351 DEBUG testcase.ActivityDashBoard               - 1: rowText += col.getText() + " | "
2026-01-27 18:56:54.368 DEBUG testcase.ActivityDashBoard               - 1: rowText += col.getText() + " | "
2026-01-27 18:56:54.376 DEBUG testcase.ActivityDashBoard               - 5: logInfo("Row " + i + ": " + rowText)
2026-01-27 18:56:54.376 INFO  com.kms.katalon.core.util.KeywordUtil    - Row 7:  | 7 | Chat GPT | 188.63h | 47 | 27535 | +2 | Business Tools | 
2026-01-27 18:56:54.382 DEBUG testcase.ActivityDashBoard               - 1: cols = get(i).findElements(By.tagName("td"))
2026-01-27 18:56:54.621 DEBUG testcase.ActivityDashBoard               - 2: if (cols.size() == 0)
2026-01-27 18:56:54.636 DEBUG testcase.ActivityDashBoard               - 3: rowText = ""
2026-01-27 18:56:54.637 DEBUG testcase.ActivityDashBoard               - 4: for (org.openqa.selenium.WebElement col : cols)
2026-01-27 18:56:54.637 DEBUG testcase.ActivityDashBoard               - 1: rowText += col.getText() + " | "
2026-01-27 18:56:54.652 DEBUG testcase.ActivityDashBoard               - 1: rowText += col.getText() + " | "
2026-01-27 18:56:54.666 DEBUG testcase.ActivityDashBoard               - 1: rowText += col.getText() + " | "
2026-01-27 18:56:54.674 DEBUG testcase.ActivityDashBoard               - 1: rowText += col.getText() + " | "
2026-01-27 18:56:54.693 DEBUG testcase.ActivityDashBoard               - 1: rowText += col.getText() + " | "
2026-01-27 18:56:54.700 DEBUG testcase.ActivityDashBoard               - 1: rowText += col.getText() + " | "
2026-01-27 18:56:54.715 DEBUG testcase.ActivityDashBoard               - 1: rowText += col.getText() + " | "
2026-01-27 18:56:54.731 DEBUG testcase.ActivityDashBoard               - 1: rowText += col.getText() + " | "
2026-01-27 18:56:54.747 DEBUG testcase.ActivityDashBoard               - 5: logInfo("Row " + i + ": " + rowText)
2026-01-27 18:56:54.747 INFO  com.kms.katalon.core.util.KeywordUtil    - Row 8:  | 8 | MS Visual Studio | 163.85h | 3 | 16893 | +2 | Development Tools | 
2026-01-27 18:56:54.747 DEBUG testcase.ActivityDashBoard               - 1: cols = get(i).findElements(By.tagName("td"))
2026-01-27 18:56:54.973 DEBUG testcase.ActivityDashBoard               - 2: if (cols.size() == 0)
2026-01-27 18:56:54.973 DEBUG testcase.ActivityDashBoard               - 3: rowText = ""
2026-01-27 18:56:54.973 DEBUG testcase.ActivityDashBoard               - 4: for (org.openqa.selenium.WebElement col : cols)
2026-01-27 18:56:54.973 DEBUG testcase.ActivityDashBoard               - 1: rowText += col.getText() + " | "
2026-01-27 18:56:55.012 DEBUG testcase.ActivityDashBoard               - 1: rowText += col.getText() + " | "
2026-01-27 18:56:55.020 DEBUG testcase.ActivityDashBoard               - 1: rowText += col.getText() + " | "
2026-01-27 18:56:55.036 DEBUG testcase.ActivityDashBoard               - 1: rowText += col.getText() + " | "
2026-01-27 18:56:55.052 DEBUG testcase.ActivityDashBoard               - 1: rowText += col.getText() + " | "
2026-01-27 18:56:55.068 DEBUG testcase.ActivityDashBoard               - 1: rowText += col.getText() + " | "
2026-01-27 18:56:55.083 DEBUG testcase.ActivityDashBoard               - 1: rowText += col.getText() + " | "
2026-01-27 18:56:55.099 DEBUG testcase.ActivityDashBoard               - 1: rowText += col.getText() + " | "
2026-01-27 18:56:55.109 DEBUG testcase.ActivityDashBoard               - 5: logInfo("Row " + i + ": " + rowText)
2026-01-27 18:56:55.109 INFO  com.kms.katalon.core.util.KeywordUtil    - Row 9:  | 9 | Email Applications | 151.62h | 51 | 28704 | +2 | Communication Tools | 
2026-01-27 18:56:55.109 DEBUG testcase.ActivityDashBoard               - 1: cols = get(i).findElements(By.tagName("td"))
2026-01-27 18:56:55.387 DEBUG testcase.ActivityDashBoard               - 2: if (cols.size() == 0)
2026-01-27 18:56:55.395 DEBUG testcase.ActivityDashBoard               - 3: rowText = ""
2026-01-27 18:56:55.395 DEBUG testcase.ActivityDashBoard               - 4: for (org.openqa.selenium.WebElement col : cols)
2026-01-27 18:56:55.398 DEBUG testcase.ActivityDashBoard               - 1: rowText += col.getText() + " | "
2026-01-27 18:56:55.410 DEBUG testcase.ActivityDashBoard               - 1: rowText += col.getText() + " | "
2026-01-27 18:56:55.432 DEBUG testcase.ActivityDashBoard               - 1: rowText += col.getText() + " | "
2026-01-27 18:56:55.441 DEBUG testcase.ActivityDashBoard               - 1: rowText += col.getText() + " | "
2026-01-27 18:56:55.451 DEBUG testcase.ActivityDashBoard               - 1: rowText += col.getText() + " | "
2026-01-27 18:56:55.467 DEBUG testcase.ActivityDashBoard               - 1: rowText += col.getText() + " | "
2026-01-27 18:56:55.483 DEBUG testcase.ActivityDashBoard               - 1: rowText += col.getText() + " | "
2026-01-27 18:56:55.483 DEBUG testcase.ActivityDashBoard               - 1: rowText += col.getText() + " | "
2026-01-27 18:56:55.506 DEBUG testcase.ActivityDashBoard               - 5: logInfo("Row " + i + ": " + rowText)
2026-01-27 18:56:55.508 INFO  com.kms.katalon.core.util.KeywordUtil    - Row 10:  | 10 | MYSQL Server | 114.50h | 43 | 15941 | +2 | Development Tools | 
2026-01-27 18:56:55.510 DEBUG testcase.ActivityDashBoard               - 1: cols = get(i).findElements(By.tagName("td"))
2026-01-27 18:56:55.788 DEBUG testcase.ActivityDashBoard               - 2: if (cols.size() == 0)
2026-01-27 18:56:55.790 DEBUG testcase.ActivityDashBoard               - 3: rowText = ""
2026-01-27 18:56:55.790 DEBUG testcase.ActivityDashBoard               - 4: for (org.openqa.selenium.WebElement col : cols)
2026-01-27 18:56:55.790 DEBUG testcase.ActivityDashBoard               - 1: rowText += col.getText() + " | "
2026-01-27 18:56:55.807 DEBUG testcase.ActivityDashBoard               - 1: rowText += col.getText() + " | "
2026-01-27 18:56:55.818 DEBUG testcase.ActivityDashBoard               - 1: rowText += col.getText() + " | "
2026-01-27 18:56:55.831 DEBUG testcase.ActivityDashBoard               - 1: rowText += col.getText() + " | "
2026-01-27 18:56:55.849 DEBUG testcase.ActivityDashBoard               - 1: rowText += col.getText() + " | "
2026-01-27 18:56:55.865 DEBUG testcase.ActivityDashBoard               - 1: rowText += col.getText() + " | "
2026-01-27 18:56:55.868 DEBUG testcase.ActivityDashBoard               - 1: rowText += col.getText() + " | "
2026-01-27 18:56:55.883 DEBUG testcase.ActivityDashBoard               - 1: rowText += col.getText() + " | "
2026-01-27 18:56:55.899 DEBUG testcase.ActivityDashBoard               - 5: logInfo("Row " + i + ": " + rowText)
2026-01-27 18:56:55.899 INFO  com.kms.katalon.core.util.KeywordUtil    - Row 11:  | 11 | Remote Desktop | 90.38h | 37 | 5824 | +1 | Support Tools | 
2026-01-27 18:56:55.901 DEBUG testcase.ActivityDashBoard               - 1: cols = get(i).findElements(By.tagName("td"))
2026-01-27 18:56:56.183 DEBUG testcase.ActivityDashBoard               - 2: if (cols.size() == 0)
2026-01-27 18:56:56.183 DEBUG testcase.ActivityDashBoard               - 3: rowText = ""
2026-01-27 18:56:56.183 DEBUG testcase.ActivityDashBoard               - 4: for (org.openqa.selenium.WebElement col : cols)
2026-01-27 18:56:56.187 DEBUG testcase.ActivityDashBoard               - 1: rowText += col.getText() + " | "
2026-01-27 18:56:56.201 DEBUG testcase.ActivityDashBoard               - 1: rowText += col.getText() + " | "
2026-01-27 18:56:56.215 DEBUG testcase.ActivityDashBoard               - 1: rowText += col.getText() + " | "
2026-01-27 18:56:56.237 DEBUG testcase.ActivityDashBoard               - 1: rowText += col.getText() + " | "
2026-01-27 18:56:56.249 DEBUG testcase.ActivityDashBoard               - 1: rowText += col.getText() + " | "
2026-01-27 18:56:56.262 DEBUG testcase.ActivityDashBoard               - 1: rowText += col.getText() + " | "
2026-01-27 18:56:56.262 DEBUG testcase.ActivityDashBoard               - 1: rowText += col.getText() + " | "
2026-01-27 18:56:56.321 DEBUG testcase.ActivityDashBoard               - 1: rowText += col.getText() + " | "
2026-01-27 18:56:56.340 DEBUG testcase.ActivityDashBoard               - 5: logInfo("Row " + i + ": " + rowText)
2026-01-27 18:56:56.342 INFO  com.kms.katalon.core.util.KeywordUtil    - Row 12:  | 12 | Techmate Application | 85.51h | 37 | 13238 | +2 | Support Tools | 
2026-01-27 18:56:56.342 DEBUG testcase.ActivityDashBoard               - 1: cols = get(i).findElements(By.tagName("td"))
2026-01-27 18:56:56.625 DEBUG testcase.ActivityDashBoard               - 2: if (cols.size() == 0)
2026-01-27 18:56:56.625 DEBUG testcase.ActivityDashBoard               - 3: rowText = ""
2026-01-27 18:56:56.625 DEBUG testcase.ActivityDashBoard               - 4: for (org.openqa.selenium.WebElement col : cols)
2026-01-27 18:56:56.625 DEBUG testcase.ActivityDashBoard               - 1: rowText += col.getText() + " | "
2026-01-27 18:56:56.647 DEBUG testcase.ActivityDashBoard               - 1: rowText += col.getText() + " | "
2026-01-27 18:56:56.663 DEBUG testcase.ActivityDashBoard               - 1: rowText += col.getText() + " | "
2026-01-27 18:56:56.688 DEBUG testcase.ActivityDashBoard               - 1: rowText += col.getText() + " | "
2026-01-27 18:56:56.704 DEBUG testcase.ActivityDashBoard               - 1: rowText += col.getText() + " | "
2026-01-27 18:56:56.704 DEBUG testcase.ActivityDashBoard               - 1: rowText += col.getText() + " | "
2026-01-27 18:56:56.720 DEBUG testcase.ActivityDashBoard               - 1: rowText += col.getText() + " | "
2026-01-27 18:56:56.738 DEBUG testcase.ActivityDashBoard               - 1: rowText += col.getText() + " | "
2026-01-27 18:56:56.751 DEBUG testcase.ActivityDashBoard               - 5: logInfo("Row " + i + ": " + rowText)
2026-01-27 18:56:56.751 INFO  com.kms.katalon.core.util.KeywordUtil    - Row 13:  | 13 | XCode | 79.89h | 4 | 3910 | +2 | Development Tools | 
2026-01-27 18:56:56.756 DEBUG testcase.ActivityDashBoard               - 1: cols = get(i).findElements(By.tagName("td"))
2026-01-27 18:56:57.029 DEBUG testcase.ActivityDashBoard               - 2: if (cols.size() == 0)
2026-01-27 18:56:57.029 DEBUG testcase.ActivityDashBoard               - 3: rowText = ""
2026-01-27 18:56:57.029 DEBUG testcase.ActivityDashBoard               - 4: for (org.openqa.selenium.WebElement col : cols)
2026-01-27 18:56:57.029 DEBUG testcase.ActivityDashBoard               - 1: rowText += col.getText() + " | "
2026-01-27 18:56:57.045 DEBUG testcase.ActivityDashBoard               - 1: rowText += col.getText() + " | "
2026-01-27 18:56:57.061 DEBUG testcase.ActivityDashBoard               - 1: rowText += col.getText() + " | "
2026-01-27 18:56:57.071 DEBUG testcase.ActivityDashBoard               - 1: rowText += col.getText() + " | "
2026-01-27 18:56:57.077 DEBUG testcase.ActivityDashBoard               - 1: rowText += col.getText() + " | "
2026-01-27 18:56:57.093 DEBUG testcase.ActivityDashBoard               - 1: rowText += col.getText() + " | "
2026-01-27 18:56:57.093 DEBUG testcase.ActivityDashBoard               - 1: rowText += col.getText() + " | "
2026-01-27 18:56:57.108 DEBUG testcase.ActivityDashBoard               - 1: rowText += col.getText() + " | "
2026-01-27 18:56:57.124 DEBUG testcase.ActivityDashBoard               - 5: logInfo("Row " + i + ": " + rowText)
2026-01-27 18:56:57.124 INFO  com.kms.katalon.core.util.KeywordUtil    - Row 14:  | 14 | Personal Time | 64.89h | 33 | 227 |  |  | 
2026-01-27 18:56:57.131 DEBUG testcase.ActivityDashBoard               - 1: cols = get(i).findElements(By.tagName("td"))
2026-01-27 18:56:57.379 DEBUG testcase.ActivityDashBoard               - 2: if (cols.size() == 0)
2026-01-27 18:56:57.379 DEBUG testcase.ActivityDashBoard               - 3: rowText = ""
2026-01-27 18:56:57.379 DEBUG testcase.ActivityDashBoard               - 4: for (org.openqa.selenium.WebElement col : cols)
2026-01-27 18:56:57.379 DEBUG testcase.ActivityDashBoard               - 1: rowText += col.getText() + " | "
2026-01-27 18:56:57.397 DEBUG testcase.ActivityDashBoard               - 1: rowText += col.getText() + " | "
2026-01-27 18:56:57.410 DEBUG testcase.ActivityDashBoard               - 1: rowText += col.getText() + " | "
2026-01-27 18:56:57.426 DEBUG testcase.ActivityDashBoard               - 1: rowText += col.getText() + " | "
2026-01-27 18:56:57.448 DEBUG testcase.ActivityDashBoard               - 1: rowText += col.getText() + " | "
2026-01-27 18:56:57.457 DEBUG testcase.ActivityDashBoard               - 1: rowText += col.getText() + " | "
2026-01-27 18:56:57.475 DEBUG testcase.ActivityDashBoard               - 1: rowText += col.getText() + " | "
2026-01-27 18:56:57.489 DEBUG testcase.ActivityDashBoard               - 1: rowText += col.getText() + " | "
2026-01-27 18:56:57.504 DEBUG testcase.ActivityDashBoard               - 5: logInfo("Row " + i + ": " + rowText)
2026-01-27 18:56:57.504 INFO  com.kms.katalon.core.util.KeywordUtil    - Row 15:  | 15 | Customer Connect Apps | 53.74h | 48 | 7713 | +2 | Support Tools | 
2026-01-27 18:56:57.504 DEBUG testcase.ActivityDashBoard               - 1: cols = get(i).findElements(By.tagName("td"))
2026-01-27 18:56:57.744 DEBUG testcase.ActivityDashBoard               - 2: if (cols.size() == 0)
2026-01-27 18:56:57.744 DEBUG testcase.ActivityDashBoard               - 3: rowText = ""
2026-01-27 18:56:57.744 DEBUG testcase.ActivityDashBoard               - 4: for (org.openqa.selenium.WebElement col : cols)
2026-01-27 18:56:57.744 DEBUG testcase.ActivityDashBoard               - 1: rowText += col.getText() + " | "
2026-01-27 18:56:57.762 DEBUG testcase.ActivityDashBoard               - 1: rowText += col.getText() + " | "
2026-01-27 18:56:57.775 DEBUG testcase.ActivityDashBoard               - 1: rowText += col.getText() + " | "
2026-01-27 18:56:57.791 DEBUG testcase.ActivityDashBoard               - 1: rowText += col.getText() + " | "
2026-01-27 18:56:57.801 DEBUG testcase.ActivityDashBoard               - 1: rowText += col.getText() + " | "
2026-01-27 18:56:57.807 DEBUG testcase.ActivityDashBoard               - 1: rowText += col.getText() + " | "
2026-01-27 18:56:57.823 DEBUG testcase.ActivityDashBoard               - 1: rowText += col.getText() + " | "
2026-01-27 18:56:57.838 DEBUG testcase.ActivityDashBoard               - 1: rowText += col.getText() + " | "
2026-01-27 18:56:57.854 DEBUG testcase.ActivityDashBoard               - 5: logInfo("Row " + i + ": " + rowText)
2026-01-27 18:56:57.854 INFO  com.kms.katalon.core.util.KeywordUtil    - Row 16:  | 16 | Excel | 52.45h | 49 | 13152 | +2 | Documentation Tools | 
2026-01-27 18:56:57.854 DEBUG testcase.ActivityDashBoard               - 1: cols = get(i).findElements(By.tagName("td"))
2026-01-27 18:56:58.130 DEBUG testcase.ActivityDashBoard               - 2: if (cols.size() == 0)
2026-01-27 18:56:58.130 DEBUG testcase.ActivityDashBoard               - 3: rowText = ""
2026-01-27 18:56:58.136 DEBUG testcase.ActivityDashBoard               - 4: for (org.openqa.selenium.WebElement col : cols)
2026-01-27 18:56:58.138 DEBUG testcase.ActivityDashBoard               - 1: rowText += col.getText() + " | "
2026-01-27 18:56:58.152 DEBUG testcase.ActivityDashBoard               - 1: rowText += col.getText() + " | "
2026-01-27 18:56:58.164 DEBUG testcase.ActivityDashBoard               - 1: rowText += col.getText() + " | "
2026-01-27 18:56:58.182 DEBUG testcase.ActivityDashBoard               - 1: rowText += col.getText() + " | "
2026-01-27 18:56:58.196 DEBUG testcase.ActivityDashBoard               - 1: rowText += col.getText() + " | "
2026-01-27 18:56:58.211 DEBUG testcase.ActivityDashBoard               - 1: rowText += col.getText() + " | "
2026-01-27 18:56:58.221 DEBUG testcase.ActivityDashBoard               - 1: rowText += col.getText() + " | "
2026-01-27 18:56:58.231 DEBUG testcase.ActivityDashBoard               - 1: rowText += col.getText() + " | "
2026-01-27 18:56:58.241 DEBUG testcase.ActivityDashBoard               - 5: logInfo("Row " + i + ": " + rowText)
2026-01-27 18:56:58.241 INFO  com.kms.katalon.core.util.KeywordUtil    - Row 17:  | 17 | Tutorials | 51.07h | 38 | 6376 | +1 | Documentation Tools | 
2026-01-27 18:56:58.241 DEBUG testcase.ActivityDashBoard               - 1: cols = get(i).findElements(By.tagName("td"))
2026-01-27 18:56:58.515 DEBUG testcase.ActivityDashBoard               - 2: if (cols.size() == 0)
2026-01-27 18:56:58.519 DEBUG testcase.ActivityDashBoard               - 3: rowText = ""
2026-01-27 18:56:58.519 DEBUG testcase.ActivityDashBoard               - 4: for (org.openqa.selenium.WebElement col : cols)
2026-01-27 18:56:58.519 DEBUG testcase.ActivityDashBoard               - 1: rowText += col.getText() + " | "
2026-01-27 18:56:58.535 DEBUG testcase.ActivityDashBoard               - 1: rowText += col.getText() + " | "
2026-01-27 18:56:58.559 DEBUG testcase.ActivityDashBoard               - 1: rowText += col.getText() + " | "
2026-01-27 18:56:58.576 DEBUG testcase.ActivityDashBoard               - 1: rowText += col.getText() + " | "
2026-01-27 18:56:58.576 DEBUG testcase.ActivityDashBoard               - 1: rowText += col.getText() + " | "
2026-01-27 18:56:58.590 DEBUG testcase.ActivityDashBoard               - 1: rowText += col.getText() + " | "
2026-01-27 18:56:58.608 DEBUG testcase.ActivityDashBoard               - 1: rowText += col.getText() + " | "
2026-01-27 18:56:58.620 DEBUG testcase.ActivityDashBoard               - 1: rowText += col.getText() + " | "
2026-01-27 18:56:58.624 DEBUG testcase.ActivityDashBoard               - 5: logInfo("Row " + i + ": " + rowText)
2026-01-27 18:56:58.624 INFO  com.kms.katalon.core.util.KeywordUtil    - Row 18:  | 18 | MSSQL Server | 46.53h | 42 | 12352 | +2 | Development Tools | 
2026-01-27 18:56:58.624 DEBUG testcase.ActivityDashBoard               - 1: cols = get(i).findElements(By.tagName("td"))
2026-01-27 18:56:58.925 DEBUG testcase.ActivityDashBoard               - 2: if (cols.size() == 0)
2026-01-27 18:56:58.925 DEBUG testcase.ActivityDashBoard               - 3: rowText = ""
2026-01-27 18:56:58.930 DEBUG testcase.ActivityDashBoard               - 4: for (org.openqa.selenium.WebElement col : cols)
2026-01-27 18:56:58.930 DEBUG testcase.ActivityDashBoard               - 1: rowText += col.getText() + " | "
2026-01-27 18:56:58.957 DEBUG testcase.ActivityDashBoard               - 1: rowText += col.getText() + " | "
2026-01-27 18:56:58.977 DEBUG testcase.ActivityDashBoard               - 1: rowText += col.getText() + " | "
2026-01-27 18:56:58.987 DEBUG testcase.ActivityDashBoard               - 1: rowText += col.getText() + " | "
2026-01-27 18:56:59.002 DEBUG testcase.ActivityDashBoard               - 1: rowText += col.getText() + " | "
2026-01-27 18:56:59.005 DEBUG testcase.ActivityDashBoard               - 1: rowText += col.getText() + " | "
2026-01-27 18:56:59.018 DEBUG testcase.ActivityDashBoard               - 1: rowText += col.getText() + " | "
2026-01-27 18:56:59.033 DEBUG testcase.ActivityDashBoard               - 1: rowText += col.getText() + " | "
2026-01-27 18:56:59.033 DEBUG testcase.ActivityDashBoard               - 5: logInfo("Row " + i + ": " + rowText)
2026-01-27 18:56:59.033 INFO  com.kms.katalon.core.util.KeywordUtil    - Row 19:  | 19 | Advanced Rest Client | 36.44h | 30 | 9010 | +2 | Documentation Tools | 
2026-01-27 18:56:59.047 DEBUG testcase.ActivityDashBoard               - 1: cols = get(i).findElements(By.tagName("td"))
2026-01-27 18:56:59.305 DEBUG testcase.ActivityDashBoard               - 2: if (cols.size() == 0)
2026-01-27 18:56:59.307 DEBUG testcase.ActivityDashBoard               - 3: rowText = ""
2026-01-27 18:56:59.309 DEBUG testcase.ActivityDashBoard               - 4: for (org.openqa.selenium.WebElement col : cols)
2026-01-27 18:56:59.309 DEBUG testcase.ActivityDashBoard               - 1: rowText += col.getText() + " | "
2026-01-27 18:56:59.320 DEBUG testcase.ActivityDashBoard               - 1: rowText += col.getText() + " | "
2026-01-27 18:56:59.332 DEBUG testcase.ActivityDashBoard               - 1: rowText += col.getText() + " | "
2026-01-27 18:56:59.354 DEBUG testcase.ActivityDashBoard               - 1: rowText += col.getText() + " | "
2026-01-27 18:56:59.368 DEBUG testcase.ActivityDashBoard               - 1: rowText += col.getText() + " | "
2026-01-27 18:56:59.368 DEBUG testcase.ActivityDashBoard               - 1: rowText += col.getText() + " | "
2026-01-27 18:56:59.384 DEBUG testcase.ActivityDashBoard               - 1: rowText += col.getText() + " | "
2026-01-27 18:56:59.401 DEBUG testcase.ActivityDashBoard               - 1: rowText += col.getText() + " | "
2026-01-27 18:56:59.415 DEBUG testcase.ActivityDashBoard               - 5: logInfo("Row " + i + ": " + rowText)
2026-01-27 18:56:59.415 INFO  com.kms.katalon.core.util.KeywordUtil    - Row 20:  | 20 | General Web Browsing | 36.13h | 51 | 12572 | 0 | Documentation Tools | 
2026-01-27 18:56:59.415 DEBUG testcase.ActivityDashBoard               - 1: cols = get(i).findElements(By.tagName("td"))
2026-01-27 18:56:59.686 DEBUG testcase.ActivityDashBoard               - 2: if (cols.size() == 0)
2026-01-27 18:56:59.686 DEBUG testcase.ActivityDashBoard               - 3: rowText = ""
2026-01-27 18:56:59.692 DEBUG testcase.ActivityDashBoard               - 4: for (org.openqa.selenium.WebElement col : cols)
2026-01-27 18:56:59.692 DEBUG testcase.ActivityDashBoard               - 1: rowText += col.getText() + " | "
2026-01-27 18:56:59.715 DEBUG testcase.ActivityDashBoard               - 1: rowText += col.getText() + " | "
2026-01-27 18:56:59.738 DEBUG testcase.ActivityDashBoard               - 1: rowText += col.getText() + " | "
2026-01-27 18:56:59.750 DEBUG testcase.ActivityDashBoard               - 1: rowText += col.getText() + " | "
2026-01-27 18:56:59.765 DEBUG testcase.ActivityDashBoard               - 1: rowText += col.getText() + " | "
2026-01-27 18:56:59.765 DEBUG testcase.ActivityDashBoard               - 1: rowText += col.getText() + " | "
2026-01-27 18:56:59.793 DEBUG testcase.ActivityDashBoard               - 1: rowText += col.getText() + " | "
2026-01-27 18:56:59.797 DEBUG testcase.ActivityDashBoard               - 1: rowText += col.getText() + " | "
2026-01-27 18:56:59.813 DEBUG testcase.ActivityDashBoard               - 5: logInfo("Row " + i + ": " + rowText)
2026-01-27 18:56:59.813 INFO  com.kms.katalon.core.util.KeywordUtil    - Row 21:  | 21 | License Portal | 25.09h | 49 | 6358 | +2 | Documentation Tools | 
2026-01-27 18:56:59.820 DEBUG testcase.ActivityDashBoard               - 1: cols = get(i).findElements(By.tagName("td"))
2026-01-27 18:57:00.072 DEBUG testcase.ActivityDashBoard               - 2: if (cols.size() == 0)
2026-01-27 18:57:00.072 DEBUG testcase.ActivityDashBoard               - 3: rowText = ""
2026-01-27 18:57:00.072 DEBUG testcase.ActivityDashBoard               - 4: for (org.openqa.selenium.WebElement col : cols)
2026-01-27 18:57:00.072 DEBUG testcase.ActivityDashBoard               - 1: rowText += col.getText() + " | "
2026-01-27 18:57:00.094 DEBUG testcase.ActivityDashBoard               - 1: rowText += col.getText() + " | "
2026-01-27 18:57:00.107 DEBUG testcase.ActivityDashBoard               - 1: rowText += col.getText() + " | "
2026-01-27 18:57:00.119 DEBUG testcase.ActivityDashBoard               - 1: rowText += col.getText() + " | "
2026-01-27 18:57:00.129 DEBUG testcase.ActivityDashBoard               - 1: rowText += col.getText() + " | "
2026-01-27 18:57:00.135 DEBUG testcase.ActivityDashBoard               - 1: rowText += col.getText() + " | "
2026-01-27 18:57:00.151 DEBUG testcase.ActivityDashBoard               - 1: rowText += col.getText() + " | "
2026-01-27 18:57:00.173 DEBUG testcase.ActivityDashBoard               - 1: rowText += col.getText() + " | "
2026-01-27 18:57:00.184 DEBUG testcase.ActivityDashBoard               - 5: logInfo("Row " + i + ": " + rowText)
2026-01-27 18:57:00.184 INFO  com.kms.katalon.core.util.KeywordUtil    - Row 22:  | 22 | Paint | 16.72h | 44 | 7468 | 0 | Documentation Tools | 
2026-01-27 18:57:00.184 DEBUG testcase.ActivityDashBoard               - 1: cols = get(i).findElements(By.tagName("td"))
2026-01-27 18:57:00.459 DEBUG testcase.ActivityDashBoard               - 2: if (cols.size() == 0)
2026-01-27 18:57:00.459 DEBUG testcase.ActivityDashBoard               - 3: rowText = ""
2026-01-27 18:57:00.459 DEBUG testcase.ActivityDashBoard               - 4: for (org.openqa.selenium.WebElement col : cols)
2026-01-27 18:57:00.459 DEBUG testcase.ActivityDashBoard               - 1: rowText += col.getText() + " | "
2026-01-27 18:57:00.476 DEBUG testcase.ActivityDashBoard               - 1: rowText += col.getText() + " | "
2026-01-27 18:57:00.492 DEBUG testcase.ActivityDashBoard               - 1: rowText += col.getText() + " | "
2026-01-27 18:57:00.501 DEBUG testcase.ActivityDashBoard               - 1: rowText += col.getText() + " | "
2026-01-27 18:57:00.501 DEBUG testcase.ActivityDashBoard               - 1: rowText += col.getText() + " | "
2026-01-27 18:57:00.524 DEBUG testcase.ActivityDashBoard               - 1: rowText += col.getText() + " | "
2026-01-27 18:57:00.532 DEBUG testcase.ActivityDashBoard               - 1: rowText += col.getText() + " | "
2026-01-27 18:57:00.548 DEBUG testcase.ActivityDashBoard               - 1: rowText += col.getText() + " | "
2026-01-27 18:57:00.554 DEBUG testcase.ActivityDashBoard               - 5: logInfo("Row " + i + ": " + rowText)
2026-01-27 18:57:00.554 INFO  com.kms.katalon.core.util.KeywordUtil    - Row 23:  | 23 | Python | 16.50h | 1 | 3664 | +2 | Development Tools | 
2026-01-27 18:57:00.564 DEBUG testcase.ActivityDashBoard               - 1: cols = get(i).findElements(By.tagName("td"))
2026-01-27 18:57:00.818 DEBUG testcase.ActivityDashBoard               - 2: if (cols.size() == 0)
2026-01-27 18:57:00.818 DEBUG testcase.ActivityDashBoard               - 3: rowText = ""
2026-01-27 18:57:00.818 DEBUG testcase.ActivityDashBoard               - 4: for (org.openqa.selenium.WebElement col : cols)
2026-01-27 18:57:00.828 DEBUG testcase.ActivityDashBoard               - 1: rowText += col.getText() + " | "
2026-01-27 18:57:00.835 DEBUG testcase.ActivityDashBoard               - 1: rowText += col.getText() + " | "
2026-01-27 18:57:00.849 DEBUG testcase.ActivityDashBoard               - 1: rowText += col.getText() + " | "
2026-01-27 18:57:00.849 DEBUG testcase.ActivityDashBoard               - 1: rowText += col.getText() + " | "
2026-01-27 18:57:00.868 DEBUG testcase.ActivityDashBoard               - 1: rowText += col.getText() + " | "
2026-01-27 18:57:00.881 DEBUG testcase.ActivityDashBoard               - 1: rowText += col.getText() + " | "
2026-01-27 18:57:00.881 DEBUG testcase.ActivityDashBoard               - 1: rowText += col.getText() + " | "
2026-01-27 18:57:00.903 DEBUG testcase.ActivityDashBoard               - 1: rowText += col.getText() + " | "
2026-01-27 18:57:00.920 DEBUG testcase.ActivityDashBoard               - 5: logInfo("Row " + i + ": " + rowText)
2026-01-27 18:57:00.920 INFO  com.kms.katalon.core.util.KeywordUtil    - Row 24:  | 24 | Files & Folders | 15.50h | 12 | 5252 | 0 | System Tools | 
2026-01-27 18:57:00.920 DEBUG testcase.ActivityDashBoard               - 1: cols = get(i).findElements(By.tagName("td"))
2026-01-27 18:57:01.202 DEBUG testcase.ActivityDashBoard               - 2: if (cols.size() == 0)
2026-01-27 18:57:01.202 DEBUG testcase.ActivityDashBoard               - 3: rowText = ""
2026-01-27 18:57:01.209 DEBUG testcase.ActivityDashBoard               - 4: for (org.openqa.selenium.WebElement col : cols)
2026-01-27 18:57:01.209 DEBUG testcase.ActivityDashBoard               - 1: rowText += col.getText() + " | "
2026-01-27 18:57:01.218 DEBUG testcase.ActivityDashBoard               - 1: rowText += col.getText() + " | "
2026-01-27 18:57:01.241 DEBUG testcase.ActivityDashBoard               - 1: rowText += col.getText() + " | "
2026-01-27 18:57:01.252 DEBUG testcase.ActivityDashBoard               - 1: rowText += col.getText() + " | "
2026-01-27 18:57:01.266 DEBUG testcase.ActivityDashBoard               - 1: rowText += col.getText() + " | "
2026-01-27 18:57:01.266 DEBUG testcase.ActivityDashBoard               - 1: rowText += col.getText() + " | "
2026-01-27 18:57:01.290 DEBUG testcase.ActivityDashBoard               - 1: rowText += col.getText() + " | "
2026-01-27 18:57:01.302 DEBUG testcase.ActivityDashBoard               - 1: rowText += col.getText() + " | "
2026-01-27 18:57:01.315 DEBUG testcase.ActivityDashBoard               - 5: logInfo("Row " + i + ": " + rowText)
2026-01-27 18:57:01.315 INFO  com.kms.katalon.core.util.KeywordUtil    - Row 25:  | 25 | IP Messenger | 10.21h | 43 | 4111 | +1 | Communication Tools | 
2026-01-27 18:57:01.315 DEBUG testcase.ActivityDashBoard               - 1: cols = get(i).findElements(By.tagName("td"))
2026-01-27 18:57:01.586 DEBUG testcase.ActivityDashBoard               - 2: if (cols.size() == 0)
2026-01-27 18:57:01.586 DEBUG testcase.ActivityDashBoard               - 3: rowText = ""
2026-01-27 18:57:01.590 DEBUG testcase.ActivityDashBoard               - 4: for (org.openqa.selenium.WebElement col : cols)
2026-01-27 18:57:01.590 DEBUG testcase.ActivityDashBoard               - 1: rowText += col.getText() + " | "
2026-01-27 18:57:01.606 DEBUG testcase.ActivityDashBoard               - 1: rowText += col.getText() + " | "
2026-01-27 18:57:01.620 DEBUG testcase.ActivityDashBoard               - 1: rowText += col.getText() + " | "
2026-01-27 18:57:01.634 DEBUG testcase.ActivityDashBoard               - 1: rowText += col.getText() + " | "
2026-01-27 18:57:01.647 DEBUG testcase.ActivityDashBoard               - 1: rowText += col.getText() + " | "
2026-01-27 18:57:01.658 DEBUG testcase.ActivityDashBoard               - 1: rowText += col.getText() + " | "
2026-01-27 18:57:01.671 DEBUG testcase.ActivityDashBoard               - 1: rowText += col.getText() + " | "
2026-01-27 18:57:01.693 DEBUG testcase.ActivityDashBoard               - 1: rowText += col.getText() + " | "
2026-01-27 18:57:01.705 DEBUG testcase.ActivityDashBoard               - 5: logInfo("Row " + i + ": " + rowText)
2026-01-27 18:57:01.705 INFO  com.kms.katalon.core.util.KeywordUtil    - Row 26:  | 26 | Automation Robot | 08.75h | 4 | 3377 | +2 | Development Tools | 
2026-01-27 18:57:01.707 DEBUG testcase.ActivityDashBoard               - 1: cols = get(i).findElements(By.tagName("td"))
2026-01-27 18:57:01.979 DEBUG testcase.ActivityDashBoard               - 2: if (cols.size() == 0)
2026-01-27 18:57:01.979 DEBUG testcase.ActivityDashBoard               - 3: rowText = ""
2026-01-27 18:57:01.980 DEBUG testcase.ActivityDashBoard               - 4: for (org.openqa.selenium.WebElement col : cols)
2026-01-27 18:57:01.980 DEBUG testcase.ActivityDashBoard               - 1: rowText += col.getText() + " | "
2026-01-27 18:57:01.992 DEBUG testcase.ActivityDashBoard               - 1: rowText += col.getText() + " | "
2026-01-27 18:57:01.998 DEBUG testcase.ActivityDashBoard               - 1: rowText += col.getText() + " | "
2026-01-27 18:57:02.013 DEBUG testcase.ActivityDashBoard               - 1: rowText += col.getText() + " | "
2026-01-27 18:57:02.013 DEBUG testcase.ActivityDashBoard               - 1: rowText += col.getText() + " | "
2026-01-27 18:57:02.037 DEBUG testcase.ActivityDashBoard               - 1: rowText += col.getText() + " | "
2026-01-27 18:57:02.046 DEBUG testcase.ActivityDashBoard               - 1: rowText += col.getText() + " | "
2026-01-27 18:57:02.062 DEBUG testcase.ActivityDashBoard               - 1: rowText += col.getText() + " | "
2026-01-27 18:57:02.066 DEBUG testcase.ActivityDashBoard               - 5: logInfo("Row " + i + ": " + rowText)
2026-01-27 18:57:02.066 INFO  com.kms.katalon.core.util.KeywordUtil    - Row 27:  | 27 | Jenkins | 08.26h | 47 | 4064 | +2 | Development Tools | 
2026-01-27 18:57:02.076 DEBUG testcase.ActivityDashBoard               - 1: cols = get(i).findElements(By.tagName("td"))
2026-01-27 18:57:02.315 DEBUG testcase.ActivityDashBoard               - 2: if (cols.size() == 0)
2026-01-27 18:57:02.315 DEBUG testcase.ActivityDashBoard               - 3: rowText = ""
2026-01-27 18:57:02.315 DEBUG testcase.ActivityDashBoard               - 4: for (org.openqa.selenium.WebElement col : cols)
2026-01-27 18:57:02.330 DEBUG testcase.ActivityDashBoard               - 1: rowText += col.getText() + " | "
2026-01-27 18:57:02.332 DEBUG testcase.ActivityDashBoard               - 1: rowText += col.getText() + " | "
2026-01-27 18:57:02.352 DEBUG testcase.ActivityDashBoard               - 1: rowText += col.getText() + " | "
2026-01-27 18:57:02.362 DEBUG testcase.ActivityDashBoard               - 1: rowText += col.getText() + " | "
2026-01-27 18:57:02.369 DEBUG testcase.ActivityDashBoard               - 1: rowText += col.getText() + " | "
2026-01-27 18:57:02.378 DEBUG testcase.ActivityDashBoard               - 1: rowText += col.getText() + " | "
2026-01-27 18:57:02.393 DEBUG testcase.ActivityDashBoard               - 1: rowText += col.getText() + " | "
2026-01-27 18:57:02.409 DEBUG testcase.ActivityDashBoard               - 1: rowText += col.getText() + " | "
2026-01-27 18:57:02.418 DEBUG testcase.ActivityDashBoard               - 5: logInfo("Row " + i + ": " + rowText)
2026-01-27 18:57:01.979 DEBUG testcase.ActivityDashBoard               - 2: if (cols.size() == 0)
2026-01-27 18:57:01.979 DEBUG testcase.ActivityDashBoard               - 3: rowText = ""
2026-01-27 18:57:01.980 DEBUG testcase.ActivityDashBoard               - 4: for (org.openqa.selenium.WebElement col : cols)
2026-01-27 18:57:01.980 DEBUG testcase.ActivityDashBoard               - 1: rowText += col.getText() + " | "
2026-01-27 18:57:01.992 DEBUG testcase.ActivityDashBoard               - 1: rowText += col.getText() + " | "
2026-01-27 18:57:01.998 DEBUG testcase.ActivityDashBoard               - 1: rowText += col.getText() + " | "
2026-01-27 18:57:02.013 DEBUG testcase.ActivityDashBoard               - 1: rowText += col.getText() + " | "
2026-01-27 18:57:02.013 DEBUG testcase.ActivityDashBoard               - 1: rowText += col.getText() + " | "
2026-01-27 18:57:02.037 DEBUG testcase.ActivityDashBoard               - 1: rowText += col.getText() + " | "
2026-01-27 18:57:02.046 DEBUG testcase.ActivityDashBoard               - 1: rowText += col.getText() + " | "
2026-01-27 18:57:02.062 DEBUG testcase.ActivityDashBoard               - 1: rowText += col.getText() + " | "
2026-01-27 18:57:02.066 DEBUG testcase.ActivityDashBoard               - 5: logInfo("Row " + i + ": " + rowText)
2026-01-27 18:57:02.066 INFO  com.kms.katalon.core.util.KeywordUtil    - Row 27:  | 27 | Jenkins | 08.26h | 47 | 4064 | +2 | Development Tools | 
2026-01-27 18:57:02.076 DEBUG testcase.ActivityDashBoard               - 1: cols = get(i).findElements(By.tagName("td"))
2026-01-27 18:57:02.315 DEBUG testcase.ActivityDashBoard               - 2: if (cols.size() == 0)
2026-01-27 18:57:02.315 DEBUG testcase.ActivityDashBoard               - 3: rowText = ""
2026-01-27 18:57:02.315 DEBUG testcase.ActivityDashBoard               - 4: for (org.openqa.selenium.WebElement col : cols)
2026-01-27 18:57:02.330 DEBUG testcase.ActivityDashBoard               - 1: rowText += col.getText() + " | "
2026-01-27 18:57:02.332 DEBUG testcase.ActivityDashBoard               - 1: rowText += col.getText() + " | "
2026-01-27 18:57:02.352 DEBUG testcase.ActivityDashBoard               - 1: rowText += col.getText() + " | "
2026-01-27 18:57:02.362 DEBUG testcase.ActivityDashBoard               - 1: rowText += col.getText() + " | "
2026-01-27 18:57:02.369 DEBUG testcase.ActivityDashBoard               - 1: rowText += col.getText() + " | "
2026-01-27 18:57:02.378 DEBUG testcase.ActivityDashBoard               - 1: rowText += col.getText() + " | "
2026-01-27 18:57:02.393 DEBUG testcase.ActivityDashBoard               - 1: rowText += col.getText() + " | "
2026-01-27 18:57:02.409 DEBUG testcase.ActivityDashBoard               - 1: rowText += col.getText() + " | "
2026-01-27 18:57:02.418 DEBUG testcase.ActivityDashBoard               - 5: logInfo("Row " + i + ": " + rowText)
2026-01-27 18:57:02.425 INFO  com.kms.katalon.core.util.KeywordUtil    - Row 28:  | 28 | Unproductive Sites | 08.26h | 40 | 1379 | 0 | Unproductive | 
2026-01-27 18:57:01.979 DEBUG testcase.ActivityDashBoard               - 2: if (cols.size() == 0)
2026-01-27 18:57:01.979 DEBUG testcase.ActivityDashBoard               - 3: rowText = ""
2026-01-27 18:57:01.980 DEBUG testcase.ActivityDashBoard               - 4: for (org.openqa.selenium.WebElement col : cols)
2026-01-27 18:57:01.980 DEBUG testcase.ActivityDashBoard               - 1: rowText += col.getText() + " | "
2026-01-27 18:57:01.992 DEBUG testcase.ActivityDashBoard               - 1: rowText += col.getText() + " | "
2026-01-27 18:57:01.998 DEBUG testcase.ActivityDashBoard               - 1: rowText += col.getText() + " | "
2026-01-27 18:57:02.013 DEBUG testcase.ActivityDashBoard               - 1: rowText += col.getText() + " | "
2026-01-27 18:57:02.013 DEBUG testcase.ActivityDashBoard               - 1: rowText += col.getText() + " | "
2026-01-27 18:57:02.037 DEBUG testcase.ActivityDashBoard               - 1: rowText += col.getText() + " | "
2026-01-27 18:57:02.046 DEBUG testcase.ActivityDashBoard               - 1: rowText += col.getText() + " | "
2026-01-27 18:57:02.062 DEBUG testcase.ActivityDashBoard               - 1: rowText += col.getText() + " | "
2026-01-27 18:57:02.066 DEBUG testcase.ActivityDashBoard               - 5: logInfo("Row " + i + ": " + rowText)
2026-01-27 18:57:02.066 INFO  com.kms.katalon.core.util.KeywordUtil    - Row 27:  | 27 | Jenkins | 08.26h | 47 | 4064 | +2 | Development Tools | 
2026-01-27 18:57:02.076 DEBUG testcase.ActivityDashBoard               - 1: cols = get(i).findElements(By.tagName("td"))
2026-01-27 18:57:02.315 DEBUG testcase.ActivityDashBoard               - 2: if (cols.size() == 0)
2026-01-27 18:57:02.315 DEBUG testcase.ActivityDashBoard               - 3: rowText = ""
2026-01-27 18:57:02.315 DEBUG testcase.ActivityDashBoard               - 4: for (org.openqa.selenium.WebElement col : cols)
2026-01-27 18:57:02.330 DEBUG testcase.ActivityDashBoard               - 1: rowText += col.getText() + " | "
2026-01-27 18:57:02.332 DEBUG testcase.ActivityDashBoard               - 1: rowText += col.getText() + " | "
2026-01-27 18:57:02.352 DEBUG testcase.ActivityDashBoard               - 1: rowText += col.getText() + " | "
2026-01-27 18:57:02.362 DEBUG testcase.ActivityDashBoard               - 1: rowText += col.getText() + " | "
2026-01-27 18:57:02.369 DEBUG testcase.ActivityDashBoard               - 1: rowText += col.getText() + " | "
2026-01-27 18:57:02.378 DEBUG testcase.ActivityDashBoard               - 1: rowText += col.getText() + " | "
2026-01-27 18:57:02.393 DEBUG testcase.ActivityDashBoard               - 1: rowText += col.getText() + " | "
2026-01-27 18:57:02.409 DEBUG testcase.ActivityDashBoard               - 1: rowText += col.getText() + " | "
2026-01-27 18:57:02.418 DEBUG testcase.ActivityDashBoard               - 5: logInfo("Row " + i + ": " + rowText)
2026-01-27 18:57:02.425 INFO  com.kms.katalon.core.util.KeywordUtil    - Row 28:  | 28 | Unproductive Sites | 08.26h | 40 | 1379 | 0 | Unproductive | 
2026-01-27 18:57:02.425 DEBUG testcase.ActivityDashBoard               - 1: cols = get(i).findElements(By.tagName("td"))
2026-01-27 18:57:02.653 DEBUG testcase.ActivityDashBoard               - 2: if (cols.size() == 0)
2026-01-27 18:57:02.653 DEBUG testcase.ActivityDashBoard               - 3: rowText = ""
2026-01-27 18:57:02.653 DEBUG testcase.ActivityDashBoard               - 4: for (org.openqa.selenium.WebElement col : cols)
2026-01-27 18:57:02.653 DEBUG testcase.ActivityDashBoard               - 1: rowText += col.getText() + " | "
2026-01-27 18:57:02.672 DEBUG testcase.ActivityDashBoard               - 1: rowText += col.getText() + " | "
2026-01-27 18:57:02.682 DEBUG testcase.ActivityDashBoard               - 1: rowText += col.getText() + " | "
2026-01-27 18:57:02.702 DEBUG testcase.ActivityDashBoard               - 1: rowText += col.getText() + " | "
2026-01-27 18:57:02.709 DEBUG testcase.ActivityDashBoard               - 1: rowText += col.getText() + " | "
2026-01-27 18:57:02.727 DEBUG testcase.ActivityDashBoard               - 1: rowText += col.getText() + " | "
2026-01-27 18:57:02.741 DEBUG testcase.ActivityDashBoard               - 1: rowText += col.getText() + " | "
2026-01-27 18:57:02.753 DEBUG testcase.ActivityDashBoard               - 1: rowText += col.getText() + " | "
2026-01-27 18:57:02.757 DEBUG testcase.ActivityDashBoard               - 5: logInfo("Row " + i + ": " + rowText)
2026-01-27 18:57:02.757 INFO  com.kms.katalon.core.util.KeywordUtil    - Row 29:  | 29 | Word | 07.45h | 9 | 1355 | +2 | Documentation Tools | 
2026-01-27 18:57:02.757 DEBUG testcase.ActivityDashBoard               - 1: cols = get(i).findElements(By.tagName("td"))
2026-01-27 18:57:03.029 DEBUG testcase.ActivityDashBoard               - 2: if (cols.size() == 0)
2026-01-27 18:57:03.030 DEBUG testcase.ActivityDashBoard               - 3: rowText = ""
2026-01-27 18:57:03.031 DEBUG testcase.ActivityDashBoard               - 4: for (org.openqa.selenium.WebElement col : cols)
2026-01-27 18:57:03.031 DEBUG testcase.ActivityDashBoard               - 1: rowText += col.getText() + " | "
2026-01-27 18:57:03.041 DEBUG testcase.ActivityDashBoard               - 1: rowText += col.getText() + " | "
2026-01-27 18:57:03.053 DEBUG testcase.ActivityDashBoard               - 1: rowText += col.getText() + " | "
2026-01-27 18:57:03.065 DEBUG testcase.ActivityDashBoard               - 1: rowText += col.getText() + " | "
2026-01-27 18:57:03.079 DEBUG testcase.ActivityDashBoard               - 1: rowText += col.getText() + " | "
2026-01-27 18:57:03.109 DEBUG testcase.ActivityDashBoard               - 1: rowText += col.getText() + " | "
2026-01-27 18:57:03.124 DEBUG testcase.ActivityDashBoard               - 1: rowText += col.getText() + " | "
2026-01-27 18:57:03.139 DEBUG testcase.ActivityDashBoard               - 1: rowText += col.getText() + " | "
2026-01-27 18:57:03.149 DEBUG testcase.ActivityDashBoard               - 5: logInfo("Row " + i + ": " + rowText)
2026-01-27 18:57:03.150 INFO  com.kms.katalon.core.util.KeywordUtil    - Row 30:  | 30 | Grey Tip HR | 06.64h | 42 | 1106 | +2 | Internal Applications | 
2026-01-27 18:57:03.150 DEBUG testcase.ActivityDashBoard               - 1: cols = get(i).findElements(By.tagName("td"))
2026-01-27 18:57:03.500 DEBUG testcase.ActivityDashBoard               - 2: if (cols.size() == 0)
2026-01-27 18:57:03.501 DEBUG testcase.ActivityDashBoard               - 3: rowText = ""
2026-01-27 18:57:03.501 DEBUG testcase.ActivityDashBoard               - 4: for (org.openqa.selenium.WebElement col : cols)
2026-01-27 18:57:03.501 DEBUG testcase.ActivityDashBoard               - 1: rowText += col.getText() + " | "
2026-01-27 18:57:03.513 DEBUG testcase.ActivityDashBoard               - 1: rowText += col.getText() + " | "
2026-01-27 18:57:03.528 DEBUG testcase.ActivityDashBoard               - 1: rowText += col.getText() + " | "
2026-01-27 18:57:03.541 DEBUG testcase.ActivityDashBoard               - 1: rowText += col.getText() + " | "
2026-01-27 18:57:03.551 DEBUG testcase.ActivityDashBoard               - 1: rowText += col.getText() + " | "
2026-01-27 18:57:03.562 DEBUG testcase.ActivityDashBoard               - 1: rowText += col.getText() + " | "
2026-01-27 18:57:03.578 DEBUG testcase.ActivityDashBoard               - 1: rowText += col.getText() + " | "
2026-01-27 18:57:03.589 DEBUG testcase.ActivityDashBoard               - 1: rowText += col.getText() + " | "
2026-01-27 18:57:03.601 DEBUG testcase.ActivityDashBoard               - 5: logInfo("Row " + i + ": " + rowText)
2026-01-27 18:57:03.607 INFO  com.kms.katalon.core.util.KeywordUtil    - Row 31:  | 31 | Browser Extensions and Addons | 02.89h | 8 | 616 | +2 | Development Tools | 
2026-01-27 18:57:03.607 DEBUG testcase.ActivityDashBoard               - 1: cols = get(i).findElements(By.tagName("td"))
2026-01-27 18:57:03.856 DEBUG testcase.ActivityDashBoard               - 2: if (cols.size() == 0)
2026-01-27 18:57:03.856 DEBUG testcase.ActivityDashBoard               - 3: rowText = ""
2026-01-27 18:57:03.856 DEBUG testcase.ActivityDashBoard               - 4: for (org.openqa.selenium.WebElement col : cols)
2026-01-27 18:57:03.856 DEBUG testcase.ActivityDashBoard               - 1: rowText += col.getText() + " | "
2026-01-27 18:57:03.874 DEBUG testcase.ActivityDashBoard               - 1: rowText += col.getText() + " | "
2026-01-27 18:57:03.891 DEBUG testcase.ActivityDashBoard               - 1: rowText += col.getText() + " | "
2026-01-27 18:57:03.933 DEBUG testcase.ActivityDashBoard               - 1: rowText += col.getText() + " | "
2026-01-27 18:57:03.979 DEBUG testcase.ActivityDashBoard               - 1: rowText += col.getText() + " | "
2026-01-27 18:57:04.032 DEBUG testcase.ActivityDashBoard               - 1: rowText += col.getText() + " | "
2026-01-27 18:57:04.046 DEBUG testcase.ActivityDashBoard               - 1: rowText += col.getText() + " | "
2026-01-27 18:57:04.052 DEBUG testcase.ActivityDashBoard               - 1: rowText += col.getText() + " | "
2026-01-27 18:57:04.067 DEBUG testcase.ActivityDashBoard               - 5: logInfo("Row " + i + ": " + rowText)
2026-01-27 18:57:04.067 INFO  com.kms.katalon.core.util.KeywordUtil    - Row 32:  | 32 | Mouse Jiggles | 02.85h | 2 | 422 | 0 | Unproductive | 
2026-01-27 18:57:04.067 DEBUG testcase.ActivityDashBoard               - 1: cols = get(i).findElements(By.tagName("td"))
2026-01-27 18:57:04.325 DEBUG testcase.ActivityDashBoard               - 2: if (cols.size() == 0)
2026-01-27 18:57:04.325 DEBUG testcase.ActivityDashBoard               - 3: rowText = ""
2026-01-27 18:57:04.327 DEBUG testcase.ActivityDashBoard               - 4: for (org.openqa.selenium.WebElement col : cols)
2026-01-27 18:57:04.327 DEBUG testcase.ActivityDashBoard               - 1: rowText += col.getText() + " | "
2026-01-27 18:57:04.339 DEBUG testcase.ActivityDashBoard               - 1: rowText += col.getText() + " | "
2026-01-27 18:57:04.351 DEBUG testcase.ActivityDashBoard               - 1: rowText += col.getText() + " | "
2026-01-27 18:57:04.370 DEBUG testcase.ActivityDashBoard               - 1: rowText += col.getText() + " | "
2026-01-27 18:57:04.393 DEBUG testcase.ActivityDashBoard               - 1: rowText += col.getText() + " | "
2026-01-27 18:57:04.403 DEBUG testcase.ActivityDashBoard               - 1: rowText += col.getText() + " | "
2026-01-27 18:57:04.419 DEBUG testcase.ActivityDashBoard               - 1: rowText += col.getText() + " | "
2026-01-27 18:57:04.429 DEBUG testcase.ActivityDashBoard               - 1: rowText += col.getText() + " | "
2026-01-27 18:57:04.445 DEBUG testcase.ActivityDashBoard               - 5: logInfo("Row " + i + ": " + rowText)
2026-01-27 18:57:04.445 INFO  com.kms.katalon.core.util.KeywordUtil    - Row 33:  | 33 | Compress Utilities | 01.81h | 37 | 2123 | +1 | System Tools | 
2026-01-27 18:57:04.447 DEBUG testcase.ActivityDashBoard               - 1: cols = get(i).findElements(By.tagName("td"))
2026-01-27 18:57:04.718 DEBUG testcase.ActivityDashBoard               - 2: if (cols.size() == 0)
2026-01-27 18:57:04.724 DEBUG testcase.ActivityDashBoard               - 3: rowText = ""
2026-01-27 18:57:04.726 DEBUG testcase.ActivityDashBoard               - 4: for (org.openqa.selenium.WebElement col : cols)
2026-01-27 18:57:04.730 DEBUG testcase.ActivityDashBoard               - 1: rowText += col.getText() + " | "
2026-01-27 18:57:04.756 DEBUG testcase.ActivityDashBoard               - 1: rowText += col.getText() + " | "
2026-01-27 18:57:04.788 DEBUG testcase.ActivityDashBoard               - 1: rowText += col.getText() + " | "
2026-01-27 18:57:04.833 DEBUG testcase.ActivityDashBoard               - 1: rowText += col.getText() + " | "
2026-01-27 18:57:04.862 DEBUG testcase.ActivityDashBoard               - 1: rowText += col.getText() + " | "
2026-01-27 18:57:04.880 DEBUG testcase.ActivityDashBoard               - 1: rowText += col.getText() + " | "
2026-01-27 18:57:04.891 DEBUG testcase.ActivityDashBoard               - 1: rowText += col.getText() + " | "
2026-01-27 18:57:04.901 DEBUG testcase.ActivityDashBoard               - 1: rowText += col.getText() + " | "
2026-01-27 18:57:04.913 DEBUG testcase.ActivityDashBoard               - 5: logInfo("Row " + i + ": " + rowText)
2026-01-27 18:57:04.914 INFO  com.kms.katalon.core.util.KeywordUtil    - Row 34:  | 34 | LinkedIn | 01.52h | 12 | 250 | 0 | Communication Tools | 
2026-01-27 18:57:04.915 DEBUG testcase.ActivityDashBoard               - 1: cols = get(i).findElements(By.tagName("td"))
2026-01-27 18:57:05.166 DEBUG testcase.ActivityDashBoard               - 2: if (cols.size() == 0)
2026-01-27 18:57:05.166 DEBUG testcase.ActivityDashBoard               - 3: rowText = ""
2026-01-27 18:57:05.167 DEBUG testcase.ActivityDashBoard               - 4: for (org.openqa.selenium.WebElement col : cols)
2026-01-27 18:57:05.167 DEBUG testcase.ActivityDashBoard               - 1: rowText += col.getText() + " | "
2026-01-27 18:57:05.180 DEBUG testcase.ActivityDashBoard               - 1: rowText += col.getText() + " | "
2026-01-27 18:57:05.197 DEBUG testcase.ActivityDashBoard               - 1: rowText += col.getText() + " | "
2026-01-27 18:57:05.213 DEBUG testcase.ActivityDashBoard               - 1: rowText += col.getText() + " | "
2026-01-27 18:57:05.222 DEBUG testcase.ActivityDashBoard               - 1: rowText += col.getText() + " | "
2026-01-27 18:57:05.236 DEBUG testcase.ActivityDashBoard               - 1: rowText += col.getText() + " | "
2026-01-27 18:57:05.252 DEBUG testcase.ActivityDashBoard               - 1: rowText += col.getText() + " | "
2026-01-27 18:57:05.271 DEBUG testcase.ActivityDashBoard               - 1: rowText += col.getText() + " | "
2026-01-27 18:57:05.286 DEBUG testcase.ActivityDashBoard               - 5: logInfo("Row " + i + ": " + rowText)
2026-01-27 18:57:05.288 INFO  com.kms.katalon.core.util.KeywordUtil    - Row 35:  | 35 | Power Point | 01.19h | 4 | 433 | +2 | Documentation Tools | 
2026-01-27 18:57:05.293 DEBUG testcase.ActivityDashBoard               - 1: cols = get(i).findElements(By.tagName("td"))
2026-01-27 18:57:05.552 DEBUG testcase.ActivityDashBoard               - 2: if (cols.size() == 0)
2026-01-27 18:57:05.552 DEBUG testcase.ActivityDashBoard               - 3: rowText = ""
2026-01-27 18:57:05.553 DEBUG testcase.ActivityDashBoard               - 4: for (org.openqa.selenium.WebElement col : cols)
2026-01-27 18:57:05.553 DEBUG testcase.ActivityDashBoard               - 1: rowText += col.getText() + " | "
2026-01-27 18:57:05.565 DEBUG testcase.ActivityDashBoard               - 1: rowText += col.getText() + " | "
2026-01-27 18:57:05.580 DEBUG testcase.ActivityDashBoard               - 1: rowText += col.getText() + " | "
2026-01-27 18:57:05.596 DEBUG testcase.ActivityDashBoard               - 1: rowText += col.getText() + " | "
2026-01-27 18:57:05.610 DEBUG testcase.ActivityDashBoard               - 1: rowText += col.getText() + " | "
2026-01-27 18:57:05.627 DEBUG testcase.ActivityDashBoard               - 1: rowText += col.getText() + " | "
2026-01-27 18:57:05.643 DEBUG testcase.ActivityDashBoard               - 1: rowText += col.getText() + " | "
2026-01-27 18:57:05.658 DEBUG testcase.ActivityDashBoard               - 1: rowText += col.getText() + " | "
2026-01-27 18:57:05.669 DEBUG testcase.ActivityDashBoard               - 5: logInfo("Row " + i + ": " + rowText)
2026-01-27 18:57:05.670 INFO  com.kms.katalon.core.util.KeywordUtil    - Row 36:  | 36 | Electron | 00.26h | 2 | 11 | +2 | Development Tools | 
2026-01-27 18:57:05.671 DEBUG testcase.ActivityDashBoard               - 1: cols = get(i).findElements(By.tagName("td"))
2026-01-27 18:57:05.910 DEBUG testcase.ActivityDashBoard               - 2: if (cols.size() == 0)
2026-01-27 18:57:05.911 DEBUG testcase.ActivityDashBoard               - 3: rowText = ""
2026-01-27 18:57:05.912 DEBUG testcase.ActivityDashBoard               - 4: for (org.openqa.selenium.WebElement col : cols)
2026-01-27 18:57:05.913 DEBUG testcase.ActivityDashBoard               - 1: rowText += col.getText() + " | "
2026-01-27 18:57:05.927 DEBUG testcase.ActivityDashBoard               - 1: rowText += col.getText() + " | "
2026-01-27 18:57:05.949 DEBUG testcase.ActivityDashBoard               - 1: rowText += col.getText() + " | "
2026-01-27 18:57:05.970 DEBUG testcase.ActivityDashBoard               - 1: rowText += col.getText() + " | "
2026-01-27 18:57:05.987 DEBUG testcase.ActivityDashBoard               - 1: rowText += col.getText() + " | "
2026-01-27 18:57:06.003 DEBUG testcase.ActivityDashBoard               - 1: rowText += col.getText() + " | "
2026-01-27 18:57:06.013 DEBUG testcase.ActivityDashBoard               - 1: rowText += col.getText() + " | "
2026-01-27 18:57:06.024 DEBUG testcase.ActivityDashBoard               - 1: rowText += col.getText() + " | "
2026-01-27 18:57:06.034 DEBUG testcase.ActivityDashBoard               - 5: logInfo("Row " + i + ": " + rowText)
2026-01-27 18:57:06.035 INFO  com.kms.katalon.core.util.KeywordUtil    - Row 37:  | 37 | Whatsapp | 00.23h | 4 | 64 | 0 | Unproductive | 
2026-01-27 18:57:06.035 DEBUG testcase.ActivityDashBoard               - 1: cols = get(i).findElements(By.tagName("td"))
2026-01-27 18:57:06.292 DEBUG testcase.ActivityDashBoard               - 2: if (cols.size() == 0)
2026-01-27 18:57:06.292 DEBUG testcase.ActivityDashBoard               - 3: rowText = ""
2026-01-27 18:57:06.292 DEBUG testcase.ActivityDashBoard               - 4: for (org.openqa.selenium.WebElement col : cols)
2026-01-27 18:57:06.293 DEBUG testcase.ActivityDashBoard               - 1: rowText += col.getText() + " | "
2026-01-27 18:57:06.303 DEBUG testcase.ActivityDashBoard               - 1: rowText += col.getText() + " | "
2026-01-27 18:57:06.320 DEBUG testcase.ActivityDashBoard               - 1: rowText += col.getText() + " | "
2026-01-27 18:57:06.331 DEBUG testcase.ActivityDashBoard               - 1: rowText += col.getText() + " | "
2026-01-27 18:57:06.343 DEBUG testcase.ActivityDashBoard               - 1: rowText += col.getText() + " | "
2026-01-27 18:57:06.356 DEBUG testcase.ActivityDashBoard               - 1: rowText += col.getText() + " | "
2026-01-27 18:57:06.368 DEBUG testcase.ActivityDashBoard               - 1: rowText += col.getText() + " | "
2026-01-27 18:57:06.380 DEBUG testcase.ActivityDashBoard               - 1: rowText += col.getText() + " | "
2026-01-27 18:57:06.390 DEBUG testcase.ActivityDashBoard               - 5: logInfo("Row " + i + ": " + rowText)
2026-01-27 18:57:06.391 INFO  com.kms.katalon.core.util.KeywordUtil    - Row 38:  | 38 | Internet Information Services (IIS) Manager | 00.21h | 2 | 84 | +2 | Development Tools | 
2026-01-27 18:57:06.391 DEBUG testcase.ActivityDashBoard               - 1: cols = get(i).findElements(By.tagName("td"))
2026-01-27 18:57:06.632 DEBUG testcase.ActivityDashBoard               - 2: if (cols.size() == 0)
2026-01-27 18:57:06.633 DEBUG testcase.ActivityDashBoard               - 3: rowText = ""
2026-01-27 18:57:06.634 DEBUG testcase.ActivityDashBoard               - 4: for (org.openqa.selenium.WebElement col : cols)
2026-01-27 18:57:06.634 DEBUG testcase.ActivityDashBoard               - 1: rowText += col.getText() + " | "
2026-01-27 18:57:06.645 DEBUG testcase.ActivityDashBoard               - 1: rowText += col.getText() + " | "
2026-01-27 18:57:06.677 DEBUG testcase.ActivityDashBoard               - 1: rowText += col.getText() + " | "
2026-01-27 18:57:06.692 DEBUG testcase.ActivityDashBoard               - 1: rowText += col.getText() + " | "
2026-01-27 18:57:06.708 DEBUG testcase.ActivityDashBoard               - 1: rowText += col.getText() + " | "
2026-01-27 18:57:06.721 DEBUG testcase.ActivityDashBoard               - 1: rowText += col.getText() + " | "
2026-01-27 18:57:06.732 DEBUG testcase.ActivityDashBoard               - 1: rowText += col.getText() + " | "
2026-01-27 18:57:06.743 DEBUG testcase.ActivityDashBoard               - 1: rowText += col.getText() + " | "
2026-01-27 18:57:06.754 DEBUG testcase.ActivityDashBoard               - 5: logInfo("Row " + i + ": " + rowText)
2026-01-27 18:57:06.754 INFO  com.kms.katalon.core.util.KeywordUtil    - Row 39:  | 39 | Jira | 00.13h | 18 | 72 | +2 | Documentation Tools | 
2026-01-27 18:57:06.756 DEBUG testcase.ActivityDashBoard               - 12: executeJavaScript("window.scrollTo(0, document.body.scrollHeight);", null)
2026-01-27 18:57:06.796 DEBUG testcase.ActivityDashBoard               - 13: com.prohancewebapplication.file.FileSizeFinder.exisitingFileDelete()
C:\Users\gopal.s\Downloads
2026-01-27 18:57:06.829 INFO  k.k.c.m.CustomKeywordDelegatingMetaClass - com.prohancewebapplication.file.FileSizeFinder.exisitingFileDelete is PASSED
2026-01-27 18:57:06.831 DEBUG testcase.ActivityDashBoard               - 14: explort = ((exportType != null)) ? exportType : false
2026-01-27 18:57:06.835 DEBUG testcase.ActivityDashBoard               - 15: browserName = getExecutedBrowser()
2026-01-27 18:57:06.837 DEBUG testcase.ActivityDashBoard               - 16: logInfo("Browser Name :" + " " + browserName)
2026-01-27 18:57:06.839 INFO  com.kms.katalon.core.util.KeywordUtil    - Browser Name : Chrome
2026-01-27 18:57:06.842 DEBUG testcase.ActivityDashBoard               - 17: xPath = com.prohanceebapplication.common.Export.export(explort)
2026-01-27 18:57:06.859 INFO  k.k.c.m.CustomKeywordDelegatingMetaClass - com.prohanceebapplication.common.Export.export is PASSED
2026-01-27 18:57:06.862 DEBUG testcase.ActivityDashBoard               - 18: out.println(xPath)
//span[.//img[@title='Export to PDF']]
2026-01-27 18:57:06.871 DEBUG testcase.ActivityDashBoard               - 19: if (xPath != null)
2026-01-27 18:57:06.875 DEBUG testcase.ActivityDashBoard               - 1: exportSpan = new com.kms.katalon.core.testobject.TestObject()
2026-01-27 18:57:06.877 DEBUG testcase.ActivityDashBoard               - 2: exportSpan.addProperty("xpath", EQUALS, xPath)
2026-01-27 18:57:06.881 DEBUG testcase.ActivityDashBoard               - 3: waitForElementPresent(exportSpan, Delay)
2026-01-27 18:57:07.175 DEBUG testcase.ActivityDashBoard               - 4: el = findWebElement(exportSpan, Delay)
2026-01-27 18:57:07.462 DEBUG testcase.ActivityDashBoard               - 5: executeJavaScript("arguments[0].scrollIntoView(true);", Arrays.asList(el))
2026-01-27 18:57:07.484 DEBUG testcase.ActivityDashBoard               - 6: executeJavaScript("arguments[0].click();", Arrays.asList(el))
2026-01-27 18:57:08.842 DEBUG testcase.ActivityDashBoard               - 20: com.prohancewebapplication.file.FileSizeFinder.fileSize()
2026-01-27 18:57:08.853 INFO  k.k.c.m.CustomKeywordDelegatingMetaClass - com.prohancewebapplication.file.FileSizeFinder.fileSize is PASSED
2026-01-27 18:57:08.854 DEBUG testcase.ActivityDashBoard               - 21: switchToDefaultContent()
2026-01-27 18:57:08.919 DEBUG testcase.ActivityDashBoard               - 22: closeWindowIndex(1)
2026-01-27 18:57:09.102 DEBUG testcase.ActivityDashBoard               - 23: delay(2)
2026-01-27 18:57:11.143 INFO  c.k.katalon.core.main.TestCaseExecutor   - END Test Cases/ProhanceWeb/Organization Settings/Activity DashBoard/ActivityDashBoard
2026-01-27 18:57:11.146 INFO  c.k.katalon.core.main.TestCaseExecutor   - --------------------
2026-01-27 18:57:11.146 INFO  c.k.katalon.core.main.TestCaseExecutor   - START Test Cases/ProhanceWeb/LogOut_Page/LogOut
2026-01-27 18:57:11.293 DEBUG testcase.LogOut                          - 1: try
2026-01-27 18:57:11.295 DEBUG testcase.LogOut                          - 1: waitForElementPresent(findTestObject("Object Repository/LogoutOR/logOut"), Delay)
2026-01-27 18:57:51.324 WARN  c.k.k.c.w.h.s.WebUIScreenCaptor          - Cannot take screenshot
2026-01-27 18:57:51.327 ERROR c.k.k.core.keyword.internal.KeywordMain  - ❌ Unable to wait for object 'Object Repository/LogoutOR/logOut' to be present (Root cause: com.kms.katalon.core.exception.StepFailedException: Unable to wait for object 'Object Repository/LogoutOR/logOut' to be present
	at com.kms.katalon.core.webui.keyword.internal.WebUIKeywordMain.stepFailed(WebUIKeywordMain.groovy:177)
	at com.kms.katalon.core.webui.keyword.internal.WebUIKeywordMain.runKeyword(WebUIKeywordMain.groovy:49)
	at com.kms.katalon.core.webui.keyword.internal.WebUIKeywordMain.runKeywordUntilTimeout(WebUIKeywordMain.groovy:152)
	at com.kms.katalon.core.webui.keyword.builtin.WaitForElementPresentKeyword.waitForElementPresent(WaitForElementPresentKeyword.groovy:68)
	at com.kms.katalon.core.webui.keyword.builtin.WaitForElementPresentKeyword.execute(WaitForElementPresentKeyword.groovy:38)
	at com.kms.katalon.core.keyword.internal.KeywordExecutor.executeKeywordForPlatform(KeywordExecutor.groovy:90)
	at com.kms.katalon.core.webui.keyword.WebUiBuiltInKeywords.waitForElementPresent(WebUiBuiltInKeywords.groovy:423)
	at LogOut.run(LogOut:23)
	at com.kms.katalon.core.main.ScriptEngine.run(ScriptEngine.java:194)
	at com.kms.katalon.core.main.ScriptEngine.runScriptAsRawText(ScriptEngine.java:119)
	at com.kms.katalon.core.main.TestCaseExecutor.runScript(TestCaseExecutor.java:490)
	at com.kms.katalon.core.main.TestCaseExecutor.doExecute(TestCaseExecutor.java:481)
	at com.kms.katalon.core.main.TestCaseExecutor.processExecutionPhase(TestCaseExecutor.java:460)
	at com.kms.katalon.core.main.TestCaseExecutor.accessMainPhase(TestCaseExecutor.java:452)
	at com.kms.katalon.core.main.TestCaseExecutor.execute(TestCaseExecutor.java:322)
	at com.kms.katalon.core.common.CommonExecutor.accessTestCaseMainPhase(CommonExecutor.java:71)
	at com.kms.katalon.core.main.TestSuiteExecutor.accessTestSuiteMainPhase(TestSuiteExecutor.java:153)
	at com.kms.katalon.core.main.TestSuiteExecutor.execute(TestSuiteExecutor.java:110)
	at com.kms.katalon.core.main.TestCaseMain.startTestSuite(TestCaseMain.java:205)
	at TempTestSuite1769520268977.run(TempTestSuite1769520268977.groovy:35)
	at java.base/jdk.internal.reflect.NativeMethodAccessorImpl.invoke0(Native Method)
	at java.base/jdk.internal.reflect.NativeMethodAccessorImpl.invoke(NativeMethodAccessorImpl.java:77)
	at java.base/jdk.internal.reflect.DelegatingMethodAccessorImpl.invoke(DelegatingMethodAccessorImpl.java:43)
Caused by: org.openqa.selenium.NoSuchWindowException: no such window: target window already closed
from unknown error: web view not found
  (Session info: chrome=144.0.7559.97)
Build info: version: '4.34.0', revision: '707dcb4246*'
System info: os.name: 'Windows 11', os.arch: 'amd64', os.version: '10.0', java.version: '17.0.14'
Driver info: com.kms.katalon.selenium.driver.CChromeDriver
Command: [3e32a37e6c9f669618aed41cec8f0cb0, findElements {using=xpath, value=}]
Capabilities {acceptInsecureCerts: false, browserName: chrome, browserVersion: 144.0.7559.97, chrome: {chromedriverVersion: 144.0.7559.96 (d7b80622cfab..., userDataDir: C:\Users\gopal.s\AppData\Lo...}, fedcm:accounts: true, goog:chromeOptions: {debuggerAddress: localhost:65381}, goog:processID: 6932, networkConnectionEnabled: false, pageLoadStrategy: normal, platformName: windows, proxy: Proxy(), se:cdp: ws://localhost:65381/devtoo..., se:cdpVersion: 144.0.7559.97, setWindowRect: true, strictFileInteractability: false, timeouts: {implicit: 0, pageLoad: 300000, script: 30000}, unhandledPromptBehavior: {alert: ignore, beforeUnload: ignore, confirm: ignore, default: ignore, file: ignore, prompt: ignore}, webSocketUrl: ws://localhost:12841/sessio..., webauthn:extension:credBlob: true, webauthn:extension:largeBlob: true, webauthn:extension:minPinLength: true, webauthn:extension:prf: true, webauthn:virtualAuthenticators: true}
Session ID: 3e32a37e6c9f669618aed41cec8f0cb0
	at jdk.internal.reflect.GeneratedConstructorAccessor33.newInstance(Unknown Source)
	at java.base/jdk.internal.reflect.DelegatingConstructorAccessorImpl.newInstance(DelegatingConstructorAccessorImpl.java:45)
	at org.openqa.selenium.remote.ErrorCodec.decode(ErrorCodec.java:167)
	at org.openqa.selenium.remote.codec.w3c.W3CHttpResponseCodec.decode(W3CHttpResponseCodec.java:138)
	at org.openqa.selenium.remote.codec.w3c.W3CHttpResponseCodec.decode(W3CHttpResponseCodec.java:50)
	at org.openqa.selenium.remote.HttpCommandExecutor.execute(HttpCommandExecutor.java:215)
	at org.openqa.selenium.remote.service.DriverCommandExecutor.invokeExecute(DriverCommandExecutor.java:216)
	at org.openqa.selenium.remote.service.DriverCommandExecutor.execute(DriverCommandExecutor.java:174)
	at org.openqa.selenium.remote.RemoteWebDriver.execute(RemoteWebDriver.java:544)
	at org.openqa.selenium.remote.ElementLocation$ElementFinder$2.findElements(ElementLocation.java:182)
	at org.openqa.selenium.remote.ElementLocation.findElements(ElementLocation.java:103)
	at org.openqa.selenium.remote.RemoteWebDriver.findElements(RemoteWebDriver.java:380)
	at org.openqa.selenium.remote.RemoteWebDriver.findElements(RemoteWebDriver.java:374)
	at jdk.internal.reflect.GeneratedMethodAccessor16.invoke(Unknown Source)
	at java.base/jdk.internal.reflect.DelegatingMethodAccessorImpl.invoke(DelegatingMethodAccessorImpl.java:43)
	at org.openqa.selenium.support.decorators.WebDriverDecorator.call(WebDriverDecorator.java:315)
	at org.openqa.selenium.support.decorators.DefaultDecorated.call(DefaultDecorated.java:48)
	at org.openqa.selenium.support.decorators.WebDriverDecorator.lambda$createProxyFactory$3(WebDriverDecorator.java:405)
	at org.openqa.selenium.remote.RemoteWebDriver$ByteBuddy$Aj3JguHi.findElements(Unknown Source)
	at com.kms.katalon.core.webui.model.WebUiElementFinder.findElementByNormalMethods(WebUiElementFinder.java:185)
	at com.kms.katalon.core.webui.model.WebUiElementFinder.findElementsBySelectedMethod(WebUiElementFinder.java:86)
	at com.kms.katalon.core.webui.model.WebUiElementFinder.findElementsBySelectedMethod(WebUiElementFinder.java:74)
	at com.kms.katalon.core.webui.model.WebUiElementFinder.findElementsBySelectedMethod(WebUiElementFinder.java:69)
	at com.kms.katalon.core.webui.model.WebUiElementFinder.findElement(WebUiElementFinder.java:43)
	at com.kms.katalon.core.webui.model.WebUiElementFinderWithTimeout.basicFindElement(WebUiElementFinderWithTimeout.java:50)
	at com.kms.katalon.core.webui.model.WebUiElementFinderWithTimeout.lambda$0(WebUiElementFinderWithTimeout.java:29)
	at com.kms.katalon.core.webui.model.SeleniumActionRetryController.performAction(SeleniumActionRetryController.java:96)
	at com.kms.katalon.core.webui.model.SeleniumActionRetryController.performAction(SeleniumActionRetryController.java:83)
	at com.kms.katalon.core.webui.model.WebUiElementFinderWithTimeout.findElement(WebUiElementFinderWithTimeout.java:28)
	at com.kms.katalon.core.webui.keyword.internal.WebUIAbstractKeyword$_findWebElement_closure2.doCall(WebUIAbstractKeyword.groovy:104)
	at java.base/jdk.internal.reflect.NativeMethodAccessorImpl.invoke0(Native Method)
	at java.base/jdk.internal.reflect.NativeMethodAccessorImpl.invoke(NativeMethodAccessorImpl.java:77)
	at java.base/jdk.internal.reflect.DelegatingMethodAccessorImpl.invoke(DelegatingMethodAccessorImpl.java:43)
	at jdk.proxy2/jdk.proxy2.$Proxy50.execute(Unknown Source)
	at com.kms.katalon.core.webui.model.SeleniumActionRetryController.performAction(SeleniumActionRetryController.java:96)
	at com.kms.katalon.core.webui.model.SeleniumActionRetryController.performAction(SeleniumActionRetryController.java:83)
	at com.kms.katalon.core.webui.model.SeleniumActionRetryController.retry(SeleniumActionRetryController.java:49)
	at com.kms.katalon.core.webui.model.SeleniumActionRetryController.retry(SeleniumActionRetryController.java:44)
	at com.kms.katalon.core.webui.keyword.internal.WebUIAbstractKeyword.findWebElement(WebUIAbstractKeyword.groovy:101)
	at com.kms.katalon.core.webui.keyword.builtin.WaitForElementPresentKeyword$_waitForElementPresent_closure1.doCall(WaitForElementPresentKeyword.groovy:54)
	at java.base/jdk.internal.reflect.NativeMethodAccessorImpl.invoke0(Native Method)
	at java.base/jdk.internal.reflect.NativeMethodAccessorImpl.invoke(NativeMethodAccessorImpl.java:77)
	at java.base/jdk.internal.reflect.DelegatingMethodAccessorImpl.invoke(DelegatingMethodAccessorImpl.java:43)
	at jdk.proxy2/jdk.proxy2.$Proxy50.execute(Unknown Source)
	at com.kms.katalon.core.webui.model.SeleniumActionRetryController.performAction(SeleniumActionRetryController.java:96)
	at com.kms.katalon.core.webui.model.SeleniumActionRetryController.performAction(SeleniumActionRetryController.java:83)
	at com.kms.katalon.core.webui.keyword.internal.WebUIKeywordMain$_runKeywordUntilTimeout_closure2.doCall(WebUIKeywordMain.groovy:155)
	at com.kms.katalon.core.webui.keyword.internal.WebUIKeywordMain$_runKeywordUntilTimeout_closure2.call(WebUIKeywordMain.groovy)
	at com.kms.katalon.core.webui.keyword.internal.WebUIKeywordMain.runKeyword(WebUIKeywordMain.groovy:41)
	at com.kms.katalon.core.webui.keyword.internal.WebUIKeywordMain.runKeywordUntilTimeout(WebUIKeywordMain.groovy:152)
	at com.kms.katalon.core.webui.keyword.builtin.WaitForElementPresentKeyword.waitForElementPresent(WaitForElementPresentKeyword.groovy:68)
	at com.kms.katalon.core.webui.keyword.builtin.WaitForElementPresentKeyword.execute(WaitForElementPresentKeyword.groovy:38)
	at com.kms.katalon.core.keyword.internal.KeywordExecutor.executeKeywordForPlatform(KeywordExecutor.groovy:90)
	at com.kms.katalon.core.webui.keyword.WebUiBuiltInKeywords.waitForElementPresent(WebUiBuiltInKeywords.groovy:423)
	at Script1767513449298.run(Script1767513449298.groovy:23)
	... 15 more
)
2026-01-27 18:57:51.330 DEBUG testcase.LogOut                          - 2: catch (Exception e)
2026-01-27 18:57:51.332 DEBUG testcase.LogOut                          - 1: markError("Logout Failure : " + e.getMessage())
2026-01-27 18:57:51.339 ERROR c.k.katalon.core.main.TestCaseExecutor   - ❌ Test Cases/ProhanceWeb/LogOut_Page/LogOut FAILED.
Reason:
com.kms.katalon.core.exception.StepErrorException: Logout Failure : Unable to wait for object 'Object Repository/LogoutOR/logOut' to be present
	at com.kms.katalon.core.util.KeywordUtil.markError(KeywordUtil.java:67)
	at LogOut.run(LogOut:32)
	at com.kms.katalon.core.main.ScriptEngine.run(ScriptEngine.java:194)
	at com.kms.katalon.core.main.ScriptEngine.runScriptAsRawText(ScriptEngine.java:119)
	at com.kms.katalon.core.main.TestCaseExecutor.runScript(TestCaseExecutor.java:490)
	at com.kms.katalon.core.main.TestCaseExecutor.doExecute(TestCaseExecutor.java:481)
	at com.kms.katalon.core.main.TestCaseExecutor.processExecutionPhase(TestCaseExecutor.java:460)
	at com.kms.katalon.core.main.TestCaseExecutor.accessMainPhase(TestCaseExecutor.java:452)
	at com.kms.katalon.core.main.TestCaseExecutor.execute(TestCaseExecutor.java:322)
	at com.kms.katalon.core.common.CommonExecutor.accessTestCaseMainPhase(CommonExecutor.java:71)
	at com.kms.katalon.core.main.TestSuiteExecutor.accessTestSuiteMainPhase(TestSuiteExecutor.java:153)
	at com.kms.katalon.core.main.TestSuiteExecutor.execute(TestSuiteExecutor.java:110)
	at com.kms.katalon.core.main.TestCaseMain.startTestSuite(TestCaseMain.java:205)
	at TempTestSuite1769520268977.run(TempTestSuite1769520268977.groovy:35)
	at java.base/jdk.internal.reflect.NativeMethodAccessorImpl.invoke0(Native Method)
	at java.base/jdk.internal.reflect.NativeMethodAccessorImpl.invoke(NativeMethodAccessorImpl.java:77)
	at java.base/jdk.internal.reflect.DelegatingMethodAccessorImpl.invoke(DelegatingMethodAccessorImpl.java:43)

2026-01-27 18:57:51.341 ERROR c.k.katalon.core.main.TestCaseExecutor   - ❌ Test Cases/ProhanceWeb/LogOut_Page/LogOut FAILED.
Reason:
com.kms.katalon.core.exception.StepErrorException: Logout Failure : Unable to wait for object 'Object Repository/LogoutOR/logOut' to be present
	at com.kms.katalon.core.util.KeywordUtil.markError(KeywordUtil.java:67)
	at LogOut.run(LogOut:32)
	at com.kms.katalon.core.main.ScriptEngine.run(ScriptEngine.java:194)
	at com.kms.katalon.core.main.ScriptEngine.runScriptAsRawText(ScriptEngine.java:119)
	at com.kms.katalon.core.main.TestCaseExecutor.runScript(TestCaseExecutor.java:490)
	at com.kms.katalon.core.main.TestCaseExecutor.doExecute(TestCaseExecutor.java:481)
	at com.kms.katalon.core.main.TestCaseExecutor.processExecutionPhase(TestCaseExecutor.java:460)
	at com.kms.katalon.core.main.TestCaseExecutor.accessMainPhase(TestCaseExecutor.java:452)
	at com.kms.katalon.core.main.TestCaseExecutor.execute(TestCaseExecutor.java:322)
	at com.kms.katalon.core.common.CommonExecutor.accessTestCaseMainPhase(CommonExecutor.java:71)
	at com.kms.katalon.core.main.TestSuiteExecutor.accessTestSuiteMainPhase(TestSuiteExecutor.java:153)
	at com.kms.katalon.core.main.TestSuiteExecutor.execute(TestSuiteExecutor.java:110)
	at com.kms.katalon.core.main.TestCaseMain.startTestSuite(TestCaseMain.java:205)
	at TempTestSuite1769520268977.run(TempTestSuite1769520268977.groovy:35)
	at java.base/jdk.internal.reflect.NativeMethodAccessorImpl.invoke0(Native Method)
	at java.base/jdk.internal.reflect.NativeMethodAccessorImpl.invoke(NativeMethodAccessorImpl.java:77)
	at java.base/jdk.internal.reflect.DelegatingMethodAccessorImpl.invoke(DelegatingMethodAccessorImpl.java:43)

2026-01-27 18:57:51.341 INFO  c.k.katalon.core.main.TestCaseExecutor   - END Test Cases/ProhanceWeb/LogOut_Page/LogOut
2026-01-27 18:57:51.345 INFO  c.k.katalon.core.main.TestCaseExecutor   - --------------------
2026-01-27 18:57:51.345 INFO  c.k.katalon.core.main.TestCaseExecutor   - START Test Cases/ProhanceWeb/LogOut_Page/LogOut
2026-01-27 18:57:51.369 DEBUG testcase.LogOut                          - 1: try
2026-01-27 18:57:51.370 DEBUG testcase.LogOut                          - 1: waitForElementPresent(findTestObject("Object Repository/LogoutOR/logOut"), Delay)
