2026-01-27 23:12:20.219 INFO  c.k.k.c.l.logback.LogbackConfigurator    - Logback default configuration initialized from: C:\Users\KRISHNA\.katalon\packages\KSE-10.4.3\configuration\org.eclipse.osgi\133\0\.cp\resources\logback\logback-execution.xml
2026-01-27 23:12:20.227 INFO  c.k.k.c.l.logback.LogbackConfigurator    - Logback custom configuration initialized from: C:\Users\KRISHNA\git\ProhanceWebApplication\Include\config\log.properties
2026-01-27 23:12:21.122 INFO  c.k.katalon.core.main.TestSuiteExecutor  - START Test Suites/Login_Genaral
2026-01-27 23:12:21.297 INFO  c.k.katalon.core.main.TestSuiteExecutor  - userFullName = Gopal
2026-01-27 23:12:21.299 INFO  c.k.katalon.core.main.TestSuiteExecutor  - projectName = ProhanceWebApplication
2026-01-27 23:12:21.300 INFO  c.k.katalon.core.main.TestSuiteExecutor  - hostName = KRISHNA - krishna
2026-01-27 23:12:21.301 INFO  c.k.katalon.core.main.TestSuiteExecutor  - os = Windows 11 64bit
2026-01-27 23:12:21.301 INFO  c.k.katalon.core.main.TestSuiteExecutor  - hostAddress = 192.168.0.9
2026-01-27 23:12:21.302 INFO  c.k.katalon.core.main.TestSuiteExecutor  - katalonVersion = 10.4.3.0
2026-01-27 23:12:22.401 INFO  c.k.katalon.core.main.TestCaseExecutor   - --------------------
2026-01-27 23:12:22.401 INFO  c.k.katalon.core.main.TestCaseExecutor   - START Test Cases/ProhanceWeb/Login_Page/Login
2026-01-27 23:12:22.546 INFO  c.k.katalon.core.main.TestCaseExecutor   - userName = tsL9urF6O/D/xURRxzj/8w==
2026-01-27 23:12:22.547 INFO  c.k.katalon.core.main.TestCaseExecutor   - password = tsL9urF6O/APwsPS+50KRA==
2026-01-27 23:12:23.382 DEBUG testcase.Login                           - 1: openBrowser("")
2026-01-27 23:12:23.900 INFO  c.k.k.core.webui.driver.DriverFactory    - Starting 'Chrome' driver
2026-01-27 23:12:24.016 INFO  c.k.k.core.webui.driver.DriverFactory    - Action delay is set to 0 milliseconds
Jan 27, 2026 11:12:25 PM org.openqa.selenium.devtools.CdpVersionFinder findNearestMatch
WARNING: Unable to find an exact match for CDP version 144, returning the closest version; found: 142; Please update to a Selenium version that supports CDP version 144
2026-01-27 23:12:26.675 INFO  c.k.k.core.webui.driver.DriverFactory    - sessionId = 0131a384fa6f1be34690a1d6e744ab83
2026-01-27 23:12:26.677 INFO  c.k.k.core.webui.driver.DriverFactory    - browser = Chrome 144.0.7559.97
2026-01-27 23:12:26.678 INFO  c.k.k.core.webui.driver.DriverFactory    - platform = Windows 11
2026-01-27 23:12:26.694 INFO  c.k.k.core.webui.driver.DriverFactory    - seleniumVersion = 4.34.0
2026-01-27 23:12:26.705 INFO  c.k.k.core.webui.driver.DriverFactory    - proxyInformation = ProxyInformation { proxyOption=NO_PROXY, proxyServerType=HTTP, username=, password=********, proxyServerAddress=, proxyServerPort=0, executionList="", isApplyToDesiredCapabilities=true }
2026-01-27 23:12:26.781 DEBUG testcase.Login                           - 2: maximizeWindow()
2026-01-27 23:12:26.861 DEBUG testcase.Login                           - 3: waitForPageLoad(Delay, CONTINUE_ON_FAILURE)
2026-01-27 23:12:27.249 DEBUG testcase.Login                           - 4: navigateToUrl(URL)
2026-01-27 23:12:27.810 DEBUG testcase.Login                           - 5: try
2026-01-27 23:12:27.814 DEBUG testcase.Login                           - 1: setEncryptedText(findTestObject("Object Repository/LoginOR/userName"), userName)
2026-01-27 23:12:28.475 DEBUG testcase.Login                           - 2: setEncryptedText(findTestObject("Object Repository/LoginOR/Password"), password)
2026-01-27 23:12:28.881 DEBUG testcase.Login                           - 3: waitForElementClickable(findTestObject("Object Repository/LoginOR/login_btn"), Delay)
2026-01-27 23:12:29.282 DEBUG testcase.Login                           - 4: click(findTestObject("Object Repository/LoginOR/login_btn"))
2026-01-27 23:12:29.707 DEBUG testcase.Login                           - 5: if (verifyElementPresent(findTestObject("Object Repository/LoginOR/session_Distroysession"), Dela))
2026-01-27 23:12:29.721 DEBUG testcase.Login                           - 6: catch (Exception e)
2026-01-27 23:12:29.725 DEBUG testcase.Login                           - 1: out.println(e.getMessage())
No such property: Dela for class: internal.GlobalVariable
2026-01-27 23:12:29.769 DEBUG testcase.Login                           - 2: timestamp = Date().format("yyyyMMdd_HHmmss")
2026-01-27 23:12:29.784 DEBUG testcase.Login                           - 7: Finally
2026-01-27 23:12:29.786 DEBUG testcase.Login                           - 1: timestamp = Date().format("yyyyMMdd_HHmmss")
2026-01-27 23:12:29.790 INFO  c.k.katalon.core.main.TestCaseExecutor   - END Test Cases/ProhanceWeb/Login_Page/Login
2026-01-27 23:12:29.823 INFO  c.k.katalon.core.main.TestCaseExecutor   - --------------------
2026-01-27 23:12:29.823 INFO  c.k.katalon.core.main.TestCaseExecutor   - START Test Cases/ProhanceWeb/Organization Settings/Activity DashBoard/ActivityDashBoard
2026-01-27 23:12:30.072 INFO  c.k.katalon.core.main.TestCaseExecutor   - exportType = Pdf
2026-01-27 23:12:30.430 DEBUG testcase.ActivityDashBoard               - 1: explort = null
2026-01-27 23:12:30.432 DEBUG testcase.ActivityDashBoard               - 2: if (verifyElementPresent(findTestObject("Object Repository/Organization Settings/New Folder/Page_ProHance/a_WORK TIME"), Delay))
2026-01-27 23:12:31.009 DEBUG testcase.ActivityDashBoard               - 1: waitForElementClickable(findTestObject("Object Repository/Organization Settings/New Folder/Page_ProHance/a_WORK TIME"), Delay)
2026-01-27 23:12:49.769 DEBUG testcase.ActivityDashBoard               - 2: click(findTestObject("Object Repository/Organization Settings/New Folder/Page_ProHance/a_WORK TIME"))
2026-01-27 23:12:50.172 DEBUG testcase.ActivityDashBoard               - 3: waitForElementClickable(findTestObject("Object Repository/Organization Settings/New Folder/Page_ProHance/a_ACTIVITY DASHBOARD"), Delay)
2026-01-27 23:12:50.621 DEBUG testcase.ActivityDashBoard               - 4: click(findTestObject("Object Repository/Organization Settings/New Folder/Page_ProHance/a_ACTIVITY DASHBOARD"))
2026-01-27 23:12:50.982 DEBUG testcase.ActivityDashBoard               - 5: waitForElementClickable(findTestObject("Object Repository/Organization Settings/New Folder/Page_ProHance/span_Top Applications For All Groups_drilld_ef368b"), Delay)
2026-01-27 23:13:00.080 DEBUG testcase.ActivityDashBoard               - 6: click(findTestObject("Object Repository/Organization Settings/New Folder/Page_ProHance/span_Top Applications For All Groups_drilld_ef368b"))
2026-01-27 23:13:01.163 DEBUG testcase.ActivityDashBoard               - 7: switchToWindowIndex(1)
2026-01-27 23:13:01.333 DEBUG testcase.ActivityDashBoard               - 8: waitForPageLoad(Delay, STOP_ON_FAILURE)
2026-01-27 23:13:01.711 DEBUG testcase.ActivityDashBoard               - 9: waitForElementVisible(TestObject().addProperty("xpath", EQUALS, "//table[@id ='topAppsDetailsList']"), Delay)
2026-01-27 23:13:07.319 DEBUG testcase.ActivityDashBoard               - 10: rows = findWebElements(TestObject().addProperty("xpath", EQUALS, "//table[@id='topAppsDetailsList']//tr"), Delay)
2026-01-27 23:13:07.600 DEBUG testcase.ActivityDashBoard               - 11: for ([i = 0, i < rows.size(), (i++)])
2026-01-27 23:13:07.604 DEBUG testcase.ActivityDashBoard               - 1: cols = get(i).findElements(By.tagName("td"))
2026-01-27 23:13:07.889 DEBUG testcase.ActivityDashBoard               - 2: if (cols.size() == 0)
2026-01-27 23:13:07.892 DEBUG testcase.ActivityDashBoard               - 1: cols = get(i).findElements(By.tagName("th"))
2026-01-27 23:13:08.155 DEBUG testcase.ActivityDashBoard               - 3: rowText = ""
2026-01-27 23:13:08.157 DEBUG testcase.ActivityDashBoard               - 4: for (org.openqa.selenium.WebElement col : cols)
2026-01-27 23:13:08.159 DEBUG testcase.ActivityDashBoard               - 1: rowText += col.getText() + " | "
2026-01-27 23:13:08.179 DEBUG testcase.ActivityDashBoard               - 1: rowText += col.getText() + " | "
2026-01-27 23:13:08.194 DEBUG testcase.ActivityDashBoard               - 1: rowText += col.getText() + " | "
2026-01-27 23:13:08.210 DEBUG testcase.ActivityDashBoard               - 1: rowText += col.getText() + " | "
2026-01-27 23:13:08.226 DEBUG testcase.ActivityDashBoard               - 1: rowText += col.getText() + " | "
2026-01-27 23:13:08.239 DEBUG testcase.ActivityDashBoard               - 1: rowText += col.getText() + " | "
2026-01-27 23:13:08.256 DEBUG testcase.ActivityDashBoard               - 1: rowText += col.getText() + " | "
2026-01-27 23:13:08.271 DEBUG testcase.ActivityDashBoard               - 1: rowText += col.getText() + " | "
2026-01-27 23:13:08.289 DEBUG testcase.ActivityDashBoard               - 5: logInfo("Row " + i + ": " + rowText)
2026-01-27 23:13:08.301 INFO  com.kms.katalon.core.util.KeywordUtil    - Row 0:  | Rank | Activity | Duration | #Users | #Switches | Rating | Category | 
2026-01-27 23:13:08.313 DEBUG testcase.ActivityDashBoard               - 1: cols = get(i).findElements(By.tagName("td"))
2026-01-27 23:13:08.565 DEBUG testcase.ActivityDashBoard               - 2: if (cols.size() == 0)
2026-01-27 23:13:08.566 DEBUG testcase.ActivityDashBoard               - 3: rowText = ""
2026-01-27 23:13:08.567 DEBUG testcase.ActivityDashBoard               - 4: for (org.openqa.selenium.WebElement col : cols)
2026-01-27 23:13:08.568 DEBUG testcase.ActivityDashBoard               - 1: rowText += col.getText() + " | "
2026-01-27 23:13:08.582 DEBUG testcase.ActivityDashBoard               - 1: rowText += col.getText() + " | "
2026-01-27 23:13:08.595 DEBUG testcase.ActivityDashBoard               - 1: rowText += col.getText() + " | "
2026-01-27 23:13:08.610 DEBUG testcase.ActivityDashBoard               - 1: rowText += col.getText() + " | "
2026-01-27 23:13:08.621 DEBUG testcase.ActivityDashBoard               - 1: rowText += col.getText() + " | "
2026-01-27 23:13:08.635 DEBUG testcase.ActivityDashBoard               - 1: rowText += col.getText() + " | "
2026-01-27 23:13:08.647 DEBUG testcase.ActivityDashBoard               - 1: rowText += col.getText() + " | "
2026-01-27 23:13:08.658 DEBUG testcase.ActivityDashBoard               - 1: rowText += col.getText() + " | "
2026-01-27 23:13:08.669 DEBUG testcase.ActivityDashBoard               - 5: logInfo("Row " + i + ": " + rowText)
2026-01-27 23:13:08.669 INFO  com.kms.katalon.core.util.KeywordUtil    - Row 1:  | 1 | Eclipse | 2270.26h | 42 | 455896 | +2 | Development Tools | 
2026-01-27 23:13:08.671 DEBUG testcase.ActivityDashBoard               - 1: cols = get(i).findElements(By.tagName("td"))
2026-01-27 23:13:08.919 DEBUG testcase.ActivityDashBoard               - 2: if (cols.size() == 0)
2026-01-27 23:13:08.921 DEBUG testcase.ActivityDashBoard               - 3: rowText = ""
2026-01-27 23:13:08.923 DEBUG testcase.ActivityDashBoard               - 4: for (org.openqa.selenium.WebElement col : cols)
2026-01-27 23:13:08.924 DEBUG testcase.ActivityDashBoard               - 1: rowText += col.getText() + " | "
2026-01-27 23:13:08.941 DEBUG testcase.ActivityDashBoard               - 1: rowText += col.getText() + " | "
2026-01-27 23:13:08.958 DEBUG testcase.ActivityDashBoard               - 1: rowText += col.getText() + " | "
2026-01-27 23:13:08.972 DEBUG testcase.ActivityDashBoard               - 1: rowText += col.getText() + " | "
2026-01-27 23:13:08.988 DEBUG testcase.ActivityDashBoard               - 1: rowText += col.getText() + " | "
2026-01-27 23:13:09.004 DEBUG testcase.ActivityDashBoard               - 1: rowText += col.getText() + " | "
2026-01-27 23:13:09.017 DEBUG testcase.ActivityDashBoard               - 1: rowText += col.getText() + " | "
2026-01-27 23:13:09.033 DEBUG testcase.ActivityDashBoard               - 1: rowText += col.getText() + " | "
2026-01-27 23:13:09.047 DEBUG testcase.ActivityDashBoard               - 5: logInfo("Row " + i + ": " + rowText)
2026-01-27 23:13:09.049 INFO  com.kms.katalon.core.util.KeywordUtil    - Row 2:  | 2 | ProHance | 2161.24h | 51 | 403891 | +2 | Business Tools | 
2026-01-27 23:13:09.049 DEBUG testcase.ActivityDashBoard               - 1: cols = get(i).findElements(By.tagName("td"))
2026-01-27 23:13:09.309 DEBUG testcase.ActivityDashBoard               - 2: if (cols.size() == 0)
2026-01-27 23:13:09.310 DEBUG testcase.ActivityDashBoard               - 3: rowText = ""
2026-01-27 23:13:09.311 DEBUG testcase.ActivityDashBoard               - 4: for (org.openqa.selenium.WebElement col : cols)
2026-01-27 23:13:09.313 DEBUG testcase.ActivityDashBoard               - 1: rowText += col.getText() + " | "
2026-01-27 23:13:09.326 DEBUG testcase.ActivityDashBoard               - 1: rowText += col.getText() + " | "
2026-01-27 23:13:09.347 DEBUG testcase.ActivityDashBoard               - 1: rowText += col.getText() + " | "
2026-01-27 23:13:09.363 DEBUG testcase.ActivityDashBoard               - 1: rowText += col.getText() + " | "
2026-01-27 23:13:09.378 DEBUG testcase.ActivityDashBoard               - 1: rowText += col.getText() + " | "
2026-01-27 23:13:09.393 DEBUG testcase.ActivityDashBoard               - 1: rowText += col.getText() + " | "
2026-01-27 23:13:09.430 DEBUG testcase.ActivityDashBoard               - 1: rowText += col.getText() + " | "
2026-01-27 23:13:09.466 DEBUG testcase.ActivityDashBoard               - 1: rowText += col.getText() + " | "
2026-01-27 23:13:09.476 DEBUG testcase.ActivityDashBoard               - 5: logInfo("Row " + i + ": " + rowText)
2026-01-27 23:13:09.477 INFO  com.kms.katalon.core.util.KeywordUtil    - Row 3:  | 3 | UNKNOWN AOS | 702.41h | 51 | 217733 |  |  | 
2026-01-27 23:13:09.477 DEBUG testcase.ActivityDashBoard               - 1: cols = get(i).findElements(By.tagName("td"))
2026-01-27 23:13:09.731 DEBUG testcase.ActivityDashBoard               - 2: if (cols.size() == 0)
2026-01-27 23:13:09.732 DEBUG testcase.ActivityDashBoard               - 3: rowText = ""
2026-01-27 23:13:09.734 DEBUG testcase.ActivityDashBoard               - 4: for (org.openqa.selenium.WebElement col : cols)
2026-01-27 23:13:09.734 DEBUG testcase.ActivityDashBoard               - 1: rowText += col.getText() + " | "
2026-01-27 23:13:09.749 DEBUG testcase.ActivityDashBoard               - 1: rowText += col.getText() + " | "
2026-01-27 23:13:09.761 DEBUG testcase.ActivityDashBoard               - 1: rowText += col.getText() + " | "
2026-01-27 23:13:09.771 DEBUG testcase.ActivityDashBoard               - 1: rowText += col.getText() + " | "
2026-01-27 23:13:09.785 DEBUG testcase.ActivityDashBoard               - 1: rowText += col.getText() + " | "
2026-01-27 23:13:09.798 DEBUG testcase.ActivityDashBoard               - 1: rowText += col.getText() + " | "
2026-01-27 23:13:09.808 DEBUG testcase.ActivityDashBoard               - 1: rowText += col.getText() + " | "
2026-01-27 23:13:09.819 DEBUG testcase.ActivityDashBoard               - 1: rowText += col.getText() + " | "
2026-01-27 23:13:09.832 DEBUG testcase.ActivityDashBoard               - 5: logInfo("Row " + i + ": " + rowText)
2026-01-27 23:13:09.833 INFO  com.kms.katalon.core.util.KeywordUtil    - Row 4:  | 4 | MS Teams | 555.87h | 51 | 112945 | +2 | Communication Tools | 
2026-01-27 23:13:09.833 DEBUG testcase.ActivityDashBoard               - 1: cols = get(i).findElements(By.tagName("td"))
2026-01-27 23:13:10.088 DEBUG testcase.ActivityDashBoard               - 2: if (cols.size() == 0)
2026-01-27 23:13:10.092 DEBUG testcase.ActivityDashBoard               - 3: rowText = ""
2026-01-27 23:13:10.104 DEBUG testcase.ActivityDashBoard               - 4: for (org.openqa.selenium.WebElement col : cols)
2026-01-27 23:13:10.106 DEBUG testcase.ActivityDashBoard               - 1: rowText += col.getText() + " | "
2026-01-27 23:13:10.124 DEBUG testcase.ActivityDashBoard               - 1: rowText += col.getText() + " | "
2026-01-27 23:13:10.136 DEBUG testcase.ActivityDashBoard               - 1: rowText += col.getText() + " | "
2026-01-27 23:13:10.150 DEBUG testcase.ActivityDashBoard               - 1: rowText += col.getText() + " | "
2026-01-27 23:13:10.165 DEBUG testcase.ActivityDashBoard               - 1: rowText += col.getText() + " | "
2026-01-27 23:13:10.180 DEBUG testcase.ActivityDashBoard               - 1: rowText += col.getText() + " | "
2026-01-27 23:13:10.195 DEBUG testcase.ActivityDashBoard               - 1: rowText += col.getText() + " | "
2026-01-27 23:13:10.209 DEBUG testcase.ActivityDashBoard               - 1: rowText += col.getText() + " | "
2026-01-27 23:13:10.222 DEBUG testcase.ActivityDashBoard               - 5: logInfo("Row " + i + ": " + rowText)
2026-01-27 23:13:10.224 INFO  com.kms.katalon.core.util.KeywordUtil    - Row 5:  | 5 | Notepad | 459.29h | 51 | 161416 | +2 | Development Tools | 
2026-01-27 23:13:10.224 DEBUG testcase.ActivityDashBoard               - 1: cols = get(i).findElements(By.tagName("td"))
2026-01-27 23:13:10.473 DEBUG testcase.ActivityDashBoard               - 2: if (cols.size() == 0)
2026-01-27 23:13:10.474 DEBUG testcase.ActivityDashBoard               - 3: rowText = ""
2026-01-27 23:13:10.475 DEBUG testcase.ActivityDashBoard               - 4: for (org.openqa.selenium.WebElement col : cols)
2026-01-27 23:13:10.476 DEBUG testcase.ActivityDashBoard               - 1: rowText += col.getText() + " | "
2026-01-27 23:13:10.490 DEBUG testcase.ActivityDashBoard               - 1: rowText += col.getText() + " | "
2026-01-27 23:13:10.502 DEBUG testcase.ActivityDashBoard               - 1: rowText += col.getText() + " | "
2026-01-27 23:13:10.517 DEBUG testcase.ActivityDashBoard               - 1: rowText += col.getText() + " | "
2026-01-27 23:13:10.531 DEBUG testcase.ActivityDashBoard               - 1: rowText += col.getText() + " | "
2026-01-27 23:13:10.547 DEBUG testcase.ActivityDashBoard               - 1: rowText += col.getText() + " | "
2026-01-27 23:13:10.562 DEBUG testcase.ActivityDashBoard               - 1: rowText += col.getText() + " | "
2026-01-27 23:13:10.576 DEBUG testcase.ActivityDashBoard               - 1: rowText += col.getText() + " | "
2026-01-27 23:13:10.590 DEBUG testcase.ActivityDashBoard               - 5: logInfo("Row " + i + ": " + rowText)
2026-01-27 23:13:10.591 INFO  com.kms.katalon.core.util.KeywordUtil    - Row 6:  | 6 | Windows Components | 323.96h | 51 | 277667 | +2 | Support Tools | 
2026-01-27 23:13:10.592 DEBUG testcase.ActivityDashBoard               - 1: cols = get(i).findElements(By.tagName("td"))
2026-01-27 23:13:10.830 DEBUG testcase.ActivityDashBoard               - 2: if (cols.size() == 0)
2026-01-27 23:13:10.831 DEBUG testcase.ActivityDashBoard               - 3: rowText = ""
2026-01-27 23:13:10.832 DEBUG testcase.ActivityDashBoard               - 4: for (org.openqa.selenium.WebElement col : cols)
2026-01-27 23:13:10.833 DEBUG testcase.ActivityDashBoard               - 1: rowText += col.getText() + " | "
2026-01-27 23:13:10.843 DEBUG testcase.ActivityDashBoard               - 1: rowText += col.getText() + " | "
2026-01-27 23:13:10.855 DEBUG testcase.ActivityDashBoard               - 1: rowText += col.getText() + " | "
2026-01-27 23:13:10.867 DEBUG testcase.ActivityDashBoard               - 1: rowText += col.getText() + " | "
2026-01-27 23:13:10.878 DEBUG testcase.ActivityDashBoard               - 1: rowText += col.getText() + " | "
2026-01-27 23:13:10.888 DEBUG testcase.ActivityDashBoard               - 1: rowText += col.getText() + " | "
2026-01-27 23:13:10.897 DEBUG testcase.ActivityDashBoard               - 1: rowText += col.getText() + " | "
2026-01-27 23:13:10.909 DEBUG testcase.ActivityDashBoard               - 1: rowText += col.getText() + " | "
2026-01-27 23:13:10.922 DEBUG testcase.ActivityDashBoard               - 5: logInfo("Row " + i + ": " + rowText)
2026-01-27 23:13:10.923 INFO  com.kms.katalon.core.util.KeywordUtil    - Row 7:  | 7 | Chat GPT | 188.63h | 47 | 27535 | +2 | Business Tools | 
2026-01-27 23:13:10.923 DEBUG testcase.ActivityDashBoard               - 1: cols = get(i).findElements(By.tagName("td"))
2026-01-27 23:13:11.179 DEBUG testcase.ActivityDashBoard               - 2: if (cols.size() == 0)
2026-01-27 23:13:11.180 DEBUG testcase.ActivityDashBoard               - 3: rowText = ""
2026-01-27 23:13:11.182 DEBUG testcase.ActivityDashBoard               - 4: for (org.openqa.selenium.WebElement col : cols)
2026-01-27 23:13:11.183 DEBUG testcase.ActivityDashBoard               - 1: rowText += col.getText() + " | "
2026-01-27 23:13:11.196 DEBUG testcase.ActivityDashBoard               - 1: rowText += col.getText() + " | "
2026-01-27 23:13:11.206 DEBUG testcase.ActivityDashBoard               - 1: rowText += col.getText() + " | "
2026-01-27 23:13:11.218 DEBUG testcase.ActivityDashBoard               - 1: rowText += col.getText() + " | "
2026-01-27 23:13:11.229 DEBUG testcase.ActivityDashBoard               - 1: rowText += col.getText() + " | "
2026-01-27 23:13:11.239 DEBUG testcase.ActivityDashBoard               - 1: rowText += col.getText() + " | "
2026-01-27 23:13:11.249 DEBUG testcase.ActivityDashBoard               - 1: rowText += col.getText() + " | "
2026-01-27 23:13:11.265 DEBUG testcase.ActivityDashBoard               - 1: rowText += col.getText() + " | "
2026-01-27 23:13:11.274 DEBUG testcase.ActivityDashBoard               - 5: logInfo("Row " + i + ": " + rowText)
2026-01-27 23:13:11.275 INFO  com.kms.katalon.core.util.KeywordUtil    - Row 8:  | 8 | MS Visual Studio | 163.85h | 3 | 16893 | +2 | Development Tools | 
2026-01-27 23:13:11.276 DEBUG testcase.ActivityDashBoard               - 1: cols = get(i).findElements(By.tagName("td"))
2026-01-27 23:13:11.520 DEBUG testcase.ActivityDashBoard               - 2: if (cols.size() == 0)
2026-01-27 23:13:11.521 DEBUG testcase.ActivityDashBoard               - 3: rowText = ""
2026-01-27 23:13:11.521 DEBUG testcase.ActivityDashBoard               - 4: for (org.openqa.selenium.WebElement col : cols)
2026-01-27 23:13:11.522 DEBUG testcase.ActivityDashBoard               - 1: rowText += col.getText() + " | "
2026-01-27 23:13:11.535 DEBUG testcase.ActivityDashBoard               - 1: rowText += col.getText() + " | "
2026-01-27 23:13:11.547 DEBUG testcase.ActivityDashBoard               - 1: rowText += col.getText() + " | "
2026-01-27 23:13:11.569 DEBUG testcase.ActivityDashBoard               - 1: rowText += col.getText() + " | "
2026-01-27 23:13:11.582 DEBUG testcase.ActivityDashBoard               - 1: rowText += col.getText() + " | "
2026-01-27 23:13:11.593 DEBUG testcase.ActivityDashBoard               - 1: rowText += col.getText() + " | "
2026-01-27 23:13:11.608 DEBUG testcase.ActivityDashBoard               - 1: rowText += col.getText() + " | "
2026-01-27 23:13:11.620 DEBUG testcase.ActivityDashBoard               - 1: rowText += col.getText() + " | "
2026-01-27 23:13:11.631 DEBUG testcase.ActivityDashBoard               - 5: logInfo("Row " + i + ": " + rowText)
2026-01-27 23:13:11.632 INFO  com.kms.katalon.core.util.KeywordUtil    - Row 9:  | 9 | Email Applications | 151.62h | 51 | 28704 | +2 | Communication Tools | 
2026-01-27 23:13:11.632 DEBUG testcase.ActivityDashBoard               - 1: cols = get(i).findElements(By.tagName("td"))
2026-01-27 23:13:11.895 DEBUG testcase.ActivityDashBoard               - 2: if (cols.size() == 0)
2026-01-27 23:13:11.895 DEBUG testcase.ActivityDashBoard               - 3: rowText = ""
2026-01-27 23:13:11.900 DEBUG testcase.ActivityDashBoard               - 4: for (org.openqa.selenium.WebElement col : cols)
2026-01-27 23:13:11.900 DEBUG testcase.ActivityDashBoard               - 1: rowText += col.getText() + " | "
2026-01-27 23:13:11.912 DEBUG testcase.ActivityDashBoard               - 1: rowText += col.getText() + " | "
2026-01-27 23:13:11.923 DEBUG testcase.ActivityDashBoard               - 1: rowText += col.getText() + " | "
2026-01-27 23:13:11.946 DEBUG testcase.ActivityDashBoard               - 1: rowText += col.getText() + " | "
2026-01-27 23:13:11.959 DEBUG testcase.ActivityDashBoard               - 1: rowText += col.getText() + " | "
2026-01-27 23:13:11.972 DEBUG testcase.ActivityDashBoard               - 1: rowText += col.getText() + " | "
2026-01-27 23:13:11.985 DEBUG testcase.ActivityDashBoard               - 1: rowText += col.getText() + " | "
2026-01-27 23:13:11.998 DEBUG testcase.ActivityDashBoard               - 1: rowText += col.getText() + " | "
2026-01-27 23:13:12.017 DEBUG testcase.ActivityDashBoard               - 5: logInfo("Row " + i + ": " + rowText)
2026-01-27 23:13:12.018 INFO  com.kms.katalon.core.util.KeywordUtil    - Row 10:  | 10 | MYSQL Server | 114.50h | 43 | 15941 | +2 | Development Tools | 
2026-01-27 23:13:12.019 DEBUG testcase.ActivityDashBoard               - 1: cols = get(i).findElements(By.tagName("td"))
2026-01-27 23:13:12.276 DEBUG testcase.ActivityDashBoard               - 2: if (cols.size() == 0)
2026-01-27 23:13:12.277 DEBUG testcase.ActivityDashBoard               - 3: rowText = ""
2026-01-27 23:13:12.277 DEBUG testcase.ActivityDashBoard               - 4: for (org.openqa.selenium.WebElement col : cols)
2026-01-27 23:13:12.278 DEBUG testcase.ActivityDashBoard               - 1: rowText += col.getText() + " | "
2026-01-27 23:13:12.289 DEBUG testcase.ActivityDashBoard               - 1: rowText += col.getText() + " | "
2026-01-27 23:13:12.302 DEBUG testcase.ActivityDashBoard               - 1: rowText += col.getText() + " | "
2026-01-27 23:13:12.312 DEBUG testcase.ActivityDashBoard               - 1: rowText += col.getText() + " | "
2026-01-27 23:13:12.324 DEBUG testcase.ActivityDashBoard               - 1: rowText += col.getText() + " | "
2026-01-27 23:13:12.336 DEBUG testcase.ActivityDashBoard               - 1: rowText += col.getText() + " | "
2026-01-27 23:13:12.347 DEBUG testcase.ActivityDashBoard               - 1: rowText += col.getText() + " | "
2026-01-27 23:13:12.358 DEBUG testcase.ActivityDashBoard               - 1: rowText += col.getText() + " | "
2026-01-27 23:13:12.367 DEBUG testcase.ActivityDashBoard               - 5: logInfo("Row " + i + ": " + rowText)
2026-01-27 23:13:12.368 INFO  com.kms.katalon.core.util.KeywordUtil    - Row 11:  | 11 | Remote Desktop | 90.38h | 37 | 5824 | +1 | Support Tools | 
2026-01-27 23:13:12.368 DEBUG testcase.ActivityDashBoard               - 1: cols = get(i).findElements(By.tagName("td"))
2026-01-27 23:13:12.600 DEBUG testcase.ActivityDashBoard               - 2: if (cols.size() == 0)
2026-01-27 23:13:12.601 DEBUG testcase.ActivityDashBoard               - 3: rowText = ""
2026-01-27 23:13:12.601 DEBUG testcase.ActivityDashBoard               - 4: for (org.openqa.selenium.WebElement col : cols)
2026-01-27 23:13:12.602 DEBUG testcase.ActivityDashBoard               - 1: rowText += col.getText() + " | "
2026-01-27 23:13:12.614 DEBUG testcase.ActivityDashBoard               - 1: rowText += col.getText() + " | "
2026-01-27 23:13:12.623 DEBUG testcase.ActivityDashBoard               - 1: rowText += col.getText() + " | "
2026-01-27 23:13:12.634 DEBUG testcase.ActivityDashBoard               - 1: rowText += col.getText() + " | "
2026-01-27 23:13:12.645 DEBUG testcase.ActivityDashBoard               - 1: rowText += col.getText() + " | "
2026-01-27 23:13:12.657 DEBUG testcase.ActivityDashBoard               - 1: rowText += col.getText() + " | "
2026-01-27 23:13:12.667 DEBUG testcase.ActivityDashBoard               - 1: rowText += col.getText() + " | "
2026-01-27 23:13:12.679 DEBUG testcase.ActivityDashBoard               - 1: rowText += col.getText() + " | "
2026-01-27 23:13:12.691 DEBUG testcase.ActivityDashBoard               - 5: logInfo("Row " + i + ": " + rowText)
2026-01-27 23:13:12.692 INFO  com.kms.katalon.core.util.KeywordUtil    - Row 12:  | 12 | Techmate Application | 85.51h | 37 | 13238 | +2 | Support Tools | 
2026-01-27 23:13:12.693 DEBUG testcase.ActivityDashBoard               - 1: cols = get(i).findElements(By.tagName("td"))
2026-01-27 23:13:12.944 DEBUG testcase.ActivityDashBoard               - 2: if (cols.size() == 0)
2026-01-27 23:13:12.945 DEBUG testcase.ActivityDashBoard               - 3: rowText = ""
2026-01-27 23:13:12.946 DEBUG testcase.ActivityDashBoard               - 4: for (org.openqa.selenium.WebElement col : cols)
2026-01-27 23:13:12.947 DEBUG testcase.ActivityDashBoard               - 1: rowText += col.getText() + " | "
2026-01-27 23:13:12.956 DEBUG testcase.ActivityDashBoard               - 1: rowText += col.getText() + " | "
2026-01-27 23:13:12.967 DEBUG testcase.ActivityDashBoard               - 1: rowText += col.getText() + " | "
2026-01-27 23:13:12.978 DEBUG testcase.ActivityDashBoard               - 1: rowText += col.getText() + " | "
2026-01-27 23:13:12.988 DEBUG testcase.ActivityDashBoard               - 1: rowText += col.getText() + " | "
2026-01-27 23:13:13.004 DEBUG testcase.ActivityDashBoard               - 1: rowText += col.getText() + " | "
2026-01-27 23:13:13.015 DEBUG testcase.ActivityDashBoard               - 1: rowText += col.getText() + " | "
2026-01-27 23:13:13.028 DEBUG testcase.ActivityDashBoard               - 1: rowText += col.getText() + " | "
2026-01-27 23:13:13.039 DEBUG testcase.ActivityDashBoard               - 5: logInfo("Row " + i + ": " + rowText)
2026-01-27 23:13:13.039 INFO  com.kms.katalon.core.util.KeywordUtil    - Row 13:  | 13 | XCode | 79.89h | 4 | 3910 | +2 | Development Tools | 
2026-01-27 23:13:13.041 DEBUG testcase.ActivityDashBoard               - 1: cols = get(i).findElements(By.tagName("td"))
2026-01-27 23:13:13.282 DEBUG testcase.ActivityDashBoard               - 2: if (cols.size() == 0)
2026-01-27 23:13:13.284 DEBUG testcase.ActivityDashBoard               - 3: rowText = ""
2026-01-27 23:13:13.284 DEBUG testcase.ActivityDashBoard               - 4: for (org.openqa.selenium.WebElement col : cols)
2026-01-27 23:13:13.285 DEBUG testcase.ActivityDashBoard               - 1: rowText += col.getText() + " | "
2026-01-27 23:13:13.315 DEBUG testcase.ActivityDashBoard               - 1: rowText += col.getText() + " | "
2026-01-27 23:13:13.334 DEBUG testcase.ActivityDashBoard               - 1: rowText += col.getText() + " | "
2026-01-27 23:13:13.345 DEBUG testcase.ActivityDashBoard               - 1: rowText += col.getText() + " | "
2026-01-27 23:13:13.358 DEBUG testcase.ActivityDashBoard               - 1: rowText += col.getText() + " | "
2026-01-27 23:13:13.370 DEBUG testcase.ActivityDashBoard               - 1: rowText += col.getText() + " | "
2026-01-27 23:13:13.382 DEBUG testcase.ActivityDashBoard               - 1: rowText += col.getText() + " | "
2026-01-27 23:13:13.393 DEBUG testcase.ActivityDashBoard               - 1: rowText += col.getText() + " | "
2026-01-27 23:13:13.403 DEBUG testcase.ActivityDashBoard               - 5: logInfo("Row " + i + ": " + rowText)
2026-01-27 23:13:13.404 INFO  com.kms.katalon.core.util.KeywordUtil    - Row 14:  | 14 | Personal Time | 64.89h | 33 | 227 |  |  | 
2026-01-27 23:13:13.404 DEBUG testcase.ActivityDashBoard               - 1: cols = get(i).findElements(By.tagName("td"))
2026-01-27 23:13:13.643 DEBUG testcase.ActivityDashBoard               - 2: if (cols.size() == 0)
2026-01-27 23:13:13.644 DEBUG testcase.ActivityDashBoard               - 3: rowText = ""
2026-01-27 23:13:13.644 DEBUG testcase.ActivityDashBoard               - 4: for (org.openqa.selenium.WebElement col : cols)
2026-01-27 23:13:13.645 DEBUG testcase.ActivityDashBoard               - 1: rowText += col.getText() + " | "
2026-01-27 23:13:13.655 DEBUG testcase.ActivityDashBoard               - 1: rowText += col.getText() + " | "
2026-01-27 23:13:13.666 DEBUG testcase.ActivityDashBoard               - 1: rowText += col.getText() + " | "
2026-01-27 23:13:13.675 DEBUG testcase.ActivityDashBoard               - 1: rowText += col.getText() + " | "
2026-01-27 23:13:13.685 DEBUG testcase.ActivityDashBoard               - 1: rowText += col.getText() + " | "
2026-01-27 23:13:13.697 DEBUG testcase.ActivityDashBoard               - 1: rowText += col.getText() + " | "
2026-01-27 23:13:13.707 DEBUG testcase.ActivityDashBoard               - 1: rowText += col.getText() + " | "
2026-01-27 23:13:13.717 DEBUG testcase.ActivityDashBoard               - 1: rowText += col.getText() + " | "
2026-01-27 23:13:13.729 DEBUG testcase.ActivityDashBoard               - 5: logInfo("Row " + i + ": " + rowText)
2026-01-27 23:13:13.730 INFO  com.kms.katalon.core.util.KeywordUtil    - Row 15:  | 15 | Customer Connect Apps | 53.74h | 48 | 7713 | +2 | Support Tools | 
2026-01-27 23:13:13.731 DEBUG testcase.ActivityDashBoard               - 1: cols = get(i).findElements(By.tagName("td"))
2026-01-27 23:13:13.969 DEBUG testcase.ActivityDashBoard               - 2: if (cols.size() == 0)
2026-01-27 23:13:13.970 DEBUG testcase.ActivityDashBoard               - 3: rowText = ""
2026-01-27 23:13:13.970 DEBUG testcase.ActivityDashBoard               - 4: for (org.openqa.selenium.WebElement col : cols)
2026-01-27 23:13:13.971 DEBUG testcase.ActivityDashBoard               - 1: rowText += col.getText() + " | "
2026-01-27 23:13:13.980 DEBUG testcase.ActivityDashBoard               - 1: rowText += col.getText() + " | "
2026-01-27 23:13:13.989 DEBUG testcase.ActivityDashBoard               - 1: rowText += col.getText() + " | "
2026-01-27 23:13:13.999 DEBUG testcase.ActivityDashBoard               - 1: rowText += col.getText() + " | "
2026-01-27 23:13:14.007 DEBUG testcase.ActivityDashBoard               - 1: rowText += col.getText() + " | "
2026-01-27 23:13:14.018 DEBUG testcase.ActivityDashBoard               - 1: rowText += col.getText() + " | "
2026-01-27 23:13:14.027 DEBUG testcase.ActivityDashBoard               - 1: rowText += col.getText() + " | "
2026-01-27 23:13:14.037 DEBUG testcase.ActivityDashBoard               - 1: rowText += col.getText() + " | "
2026-01-27 23:13:14.046 DEBUG testcase.ActivityDashBoard               - 5: logInfo("Row " + i + ": " + rowText)
2026-01-27 23:13:14.047 INFO  com.kms.katalon.core.util.KeywordUtil    - Row 16:  | 16 | Excel | 52.45h | 49 | 13152 | +2 | Documentation Tools | 
2026-01-27 23:13:14.047 DEBUG testcase.ActivityDashBoard               - 1: cols = get(i).findElements(By.tagName("td"))
2026-01-27 23:13:14.296 DEBUG testcase.ActivityDashBoard               - 2: if (cols.size() == 0)
2026-01-27 23:13:14.297 DEBUG testcase.ActivityDashBoard               - 3: rowText = ""
2026-01-27 23:13:14.297 DEBUG testcase.ActivityDashBoard               - 4: for (org.openqa.selenium.WebElement col : cols)
2026-01-27 23:13:14.298 DEBUG testcase.ActivityDashBoard               - 1: rowText += col.getText() + " | "
2026-01-27 23:13:14.306 DEBUG testcase.ActivityDashBoard               - 1: rowText += col.getText() + " | "
2026-01-27 23:13:14.317 DEBUG testcase.ActivityDashBoard               - 1: rowText += col.getText() + " | "
2026-01-27 23:13:14.327 DEBUG testcase.ActivityDashBoard               - 1: rowText += col.getText() + " | "
2026-01-27 23:13:14.337 DEBUG testcase.ActivityDashBoard               - 1: rowText += col.getText() + " | "
2026-01-27 23:13:14.347 DEBUG testcase.ActivityDashBoard               - 1: rowText += col.getText() + " | "
2026-01-27 23:13:14.356 DEBUG testcase.ActivityDashBoard               - 1: rowText += col.getText() + " | "
2026-01-27 23:13:14.366 DEBUG testcase.ActivityDashBoard               - 1: rowText += col.getText() + " | "
2026-01-27 23:13:14.375 DEBUG testcase.ActivityDashBoard               - 5: logInfo("Row " + i + ": " + rowText)
2026-01-27 23:13:14.376 INFO  com.kms.katalon.core.util.KeywordUtil    - Row 17:  | 17 | Tutorials | 51.07h | 38 | 6376 | +1 | Documentation Tools | 
2026-01-27 23:13:14.377 DEBUG testcase.ActivityDashBoard               - 1: cols = get(i).findElements(By.tagName("td"))
2026-01-27 23:13:14.605 DEBUG testcase.ActivityDashBoard               - 2: if (cols.size() == 0)
2026-01-27 23:13:14.605 DEBUG testcase.ActivityDashBoard               - 3: rowText = ""
2026-01-27 23:13:14.606 DEBUG testcase.ActivityDashBoard               - 4: for (org.openqa.selenium.WebElement col : cols)
2026-01-27 23:13:14.606 DEBUG testcase.ActivityDashBoard               - 1: rowText += col.getText() + " | "
2026-01-27 23:13:14.616 DEBUG testcase.ActivityDashBoard               - 1: rowText += col.getText() + " | "
2026-01-27 23:13:14.628 DEBUG testcase.ActivityDashBoard               - 1: rowText += col.getText() + " | "
2026-01-27 23:13:14.637 DEBUG testcase.ActivityDashBoard               - 1: rowText += col.getText() + " | "
2026-01-27 23:13:14.648 DEBUG testcase.ActivityDashBoard               - 1: rowText += col.getText() + " | "
2026-01-27 23:13:14.658 DEBUG testcase.ActivityDashBoard               - 1: rowText += col.getText() + " | "
2026-01-27 23:13:14.670 DEBUG testcase.ActivityDashBoard               - 1: rowText += col.getText() + " | "
2026-01-27 23:13:14.682 DEBUG testcase.ActivityDashBoard               - 1: rowText += col.getText() + " | "
2026-01-27 23:13:14.690 DEBUG testcase.ActivityDashBoard               - 5: logInfo("Row " + i + ": " + rowText)
2026-01-27 23:13:14.691 INFO  com.kms.katalon.core.util.KeywordUtil    - Row 18:  | 18 | MSSQL Server | 46.53h | 42 | 12352 | +2 | Development Tools | 
2026-01-27 23:13:14.692 DEBUG testcase.ActivityDashBoard               - 1: cols = get(i).findElements(By.tagName("td"))
2026-01-27 23:13:14.934 DEBUG testcase.ActivityDashBoard               - 2: if (cols.size() == 0)
2026-01-27 23:13:14.935 DEBUG testcase.ActivityDashBoard               - 3: rowText = ""
2026-01-27 23:13:14.935 DEBUG testcase.ActivityDashBoard               - 4: for (org.openqa.selenium.WebElement col : cols)
2026-01-27 23:13:14.936 DEBUG testcase.ActivityDashBoard               - 1: rowText += col.getText() + " | "
2026-01-27 23:13:14.947 DEBUG testcase.ActivityDashBoard               - 1: rowText += col.getText() + " | "
2026-01-27 23:13:14.958 DEBUG testcase.ActivityDashBoard               - 1: rowText += col.getText() + " | "
2026-01-27 23:13:14.969 DEBUG testcase.ActivityDashBoard               - 1: rowText += col.getText() + " | "
2026-01-27 23:13:14.980 DEBUG testcase.ActivityDashBoard               - 1: rowText += col.getText() + " | "
2026-01-27 23:13:14.990 DEBUG testcase.ActivityDashBoard               - 1: rowText += col.getText() + " | "
2026-01-27 23:13:15.001 DEBUG testcase.ActivityDashBoard               - 1: rowText += col.getText() + " | "
2026-01-27 23:13:15.013 DEBUG testcase.ActivityDashBoard               - 1: rowText += col.getText() + " | "
2026-01-27 23:13:15.024 DEBUG testcase.ActivityDashBoard               - 5: logInfo("Row " + i + ": " + rowText)
2026-01-27 23:13:15.025 INFO  com.kms.katalon.core.util.KeywordUtil    - Row 19:  | 19 | Advanced Rest Client | 36.44h | 30 | 9010 | +2 | Documentation Tools | 
2026-01-27 23:13:15.025 DEBUG testcase.ActivityDashBoard               - 1: cols = get(i).findElements(By.tagName("td"))
2026-01-27 23:13:15.263 DEBUG testcase.ActivityDashBoard               - 2: if (cols.size() == 0)
2026-01-27 23:13:15.264 DEBUG testcase.ActivityDashBoard               - 3: rowText = ""
2026-01-27 23:13:15.265 DEBUG testcase.ActivityDashBoard               - 4: for (org.openqa.selenium.WebElement col : cols)
2026-01-27 23:13:15.265 DEBUG testcase.ActivityDashBoard               - 1: rowText += col.getText() + " | "
2026-01-27 23:13:15.274 DEBUG testcase.ActivityDashBoard               - 1: rowText += col.getText() + " | "
2026-01-27 23:13:15.288 DEBUG testcase.ActivityDashBoard               - 1: rowText += col.getText() + " | "
2026-01-27 23:13:15.303 DEBUG testcase.ActivityDashBoard               - 1: rowText += col.getText() + " | "
2026-01-27 23:13:15.325 DEBUG testcase.ActivityDashBoard               - 1: rowText += col.getText() + " | "
2026-01-27 23:13:15.347 DEBUG testcase.ActivityDashBoard               - 1: rowText += col.getText() + " | "
2026-01-27 23:13:15.356 DEBUG testcase.ActivityDashBoard               - 1: rowText += col.getText() + " | "
2026-01-27 23:13:15.369 DEBUG testcase.ActivityDashBoard               - 1: rowText += col.getText() + " | "
2026-01-27 23:13:15.380 DEBUG testcase.ActivityDashBoard               - 5: logInfo("Row " + i + ": " + rowText)
2026-01-27 23:13:15.381 INFO  com.kms.katalon.core.util.KeywordUtil    - Row 20:  | 20 | General Web Browsing | 36.13h | 51 | 12572 | 0 | Documentation Tools | 
2026-01-27 23:13:15.381 DEBUG testcase.ActivityDashBoard               - 1: cols = get(i).findElements(By.tagName("td"))
2026-01-27 23:13:15.620 DEBUG testcase.ActivityDashBoard               - 2: if (cols.size() == 0)
2026-01-27 23:13:15.621 DEBUG testcase.ActivityDashBoard               - 3: rowText = ""
2026-01-27 23:13:15.622 DEBUG testcase.ActivityDashBoard               - 4: for (org.openqa.selenium.WebElement col : cols)
2026-01-27 23:13:15.623 DEBUG testcase.ActivityDashBoard               - 1: rowText += col.getText() + " | "
2026-01-27 23:13:15.634 DEBUG testcase.ActivityDashBoard               - 1: rowText += col.getText() + " | "
2026-01-27 23:13:15.646 DEBUG testcase.ActivityDashBoard               - 1: rowText += col.getText() + " | "
2026-01-27 23:13:15.662 DEBUG testcase.ActivityDashBoard               - 1: rowText += col.getText() + " | "
2026-01-27 23:13:15.673 DEBUG testcase.ActivityDashBoard               - 1: rowText += col.getText() + " | "
2026-01-27 23:13:15.682 DEBUG testcase.ActivityDashBoard               - 1: rowText += col.getText() + " | "
2026-01-27 23:13:15.692 DEBUG testcase.ActivityDashBoard               - 1: rowText += col.getText() + " | "
2026-01-27 23:13:15.704 DEBUG testcase.ActivityDashBoard               - 1: rowText += col.getText() + " | "
2026-01-27 23:13:15.715 DEBUG testcase.ActivityDashBoard               - 5: logInfo("Row " + i + ": " + rowText)
2026-01-27 23:13:15.715 INFO  com.kms.katalon.core.util.KeywordUtil    - Row 21:  | 21 | License Portal | 25.09h | 49 | 6358 | +2 | Documentation Tools | 
2026-01-27 23:13:15.716 DEBUG testcase.ActivityDashBoard               - 1: cols = get(i).findElements(By.tagName("td"))
2026-01-27 23:13:15.961 DEBUG testcase.ActivityDashBoard               - 2: if (cols.size() == 0)
2026-01-27 23:13:15.962 DEBUG testcase.ActivityDashBoard               - 3: rowText = ""
2026-01-27 23:13:15.962 DEBUG testcase.ActivityDashBoard               - 4: for (org.openqa.selenium.WebElement col : cols)
2026-01-27 23:13:15.963 DEBUG testcase.ActivityDashBoard               - 1: rowText += col.getText() + " | "
2026-01-27 23:13:15.976 DEBUG testcase.ActivityDashBoard               - 1: rowText += col.getText() + " | "
2026-01-27 23:13:15.991 DEBUG testcase.ActivityDashBoard               - 1: rowText += col.getText() + " | "
2026-01-27 23:13:16.003 DEBUG testcase.ActivityDashBoard               - 1: rowText += col.getText() + " | "
2026-01-27 23:13:16.013 DEBUG testcase.ActivityDashBoard               - 1: rowText += col.getText() + " | "
2026-01-27 23:13:16.024 DEBUG testcase.ActivityDashBoard               - 1: rowText += col.getText() + " | "
2026-01-27 23:13:16.035 DEBUG testcase.ActivityDashBoard               - 1: rowText += col.getText() + " | "
2026-01-27 23:13:16.047 DEBUG testcase.ActivityDashBoard               - 1: rowText += col.getText() + " | "
2026-01-27 23:13:16.059 DEBUG testcase.ActivityDashBoard               - 5: logInfo("Row " + i + ": " + rowText)
2026-01-27 23:13:16.059 INFO  com.kms.katalon.core.util.KeywordUtil    - Row 22:  | 22 | Paint | 16.72h | 44 | 7468 | 0 | Documentation Tools | 
2026-01-27 23:13:16.061 DEBUG testcase.ActivityDashBoard               - 1: cols = get(i).findElements(By.tagName("td"))
2026-01-27 23:13:16.307 DEBUG testcase.ActivityDashBoard               - 2: if (cols.size() == 0)
2026-01-27 23:13:16.308 DEBUG testcase.ActivityDashBoard               - 3: rowText = ""
2026-01-27 23:13:16.308 DEBUG testcase.ActivityDashBoard               - 4: for (org.openqa.selenium.WebElement col : cols)
2026-01-27 23:13:16.308 DEBUG testcase.ActivityDashBoard               - 1: rowText += col.getText() + " | "
2026-01-27 23:13:16.318 DEBUG testcase.ActivityDashBoard               - 1: rowText += col.getText() + " | "
2026-01-27 23:13:16.338 DEBUG testcase.ActivityDashBoard               - 1: rowText += col.getText() + " | "
2026-01-27 23:13:16.349 DEBUG testcase.ActivityDashBoard               - 1: rowText += col.getText() + " | "
2026-01-27 23:13:16.359 DEBUG testcase.ActivityDashBoard               - 1: rowText += col.getText() + " | "
2026-01-27 23:13:16.373 DEBUG testcase.ActivityDashBoard               - 1: rowText += col.getText() + " | "
2026-01-27 23:13:16.384 DEBUG testcase.ActivityDashBoard               - 1: rowText += col.getText() + " | "
2026-01-27 23:13:16.395 DEBUG testcase.ActivityDashBoard               - 1: rowText += col.getText() + " | "
2026-01-27 23:13:16.404 DEBUG testcase.ActivityDashBoard               - 5: logInfo("Row " + i + ": " + rowText)
2026-01-27 23:13:16.405 INFO  com.kms.katalon.core.util.KeywordUtil    - Row 23:  | 23 | Python | 16.50h | 1 | 3664 | +2 | Development Tools | 
2026-01-27 23:13:16.405 DEBUG testcase.ActivityDashBoard               - 1: cols = get(i).findElements(By.tagName("td"))
2026-01-27 23:13:16.635 DEBUG testcase.ActivityDashBoard               - 2: if (cols.size() == 0)
2026-01-27 23:13:16.636 DEBUG testcase.ActivityDashBoard               - 3: rowText = ""
2026-01-27 23:13:16.636 DEBUG testcase.ActivityDashBoard               - 4: for (org.openqa.selenium.WebElement col : cols)
2026-01-27 23:13:16.636 DEBUG testcase.ActivityDashBoard               - 1: rowText += col.getText() + " | "
2026-01-27 23:13:16.647 DEBUG testcase.ActivityDashBoard               - 1: rowText += col.getText() + " | "
2026-01-27 23:13:16.657 DEBUG testcase.ActivityDashBoard               - 1: rowText += col.getText() + " | "
2026-01-27 23:13:16.666 DEBUG testcase.ActivityDashBoard               - 1: rowText += col.getText() + " | "
2026-01-27 23:13:16.680 DEBUG testcase.ActivityDashBoard               - 1: rowText += col.getText() + " | "
2026-01-27 23:13:16.692 DEBUG testcase.ActivityDashBoard               - 1: rowText += col.getText() + " | "
2026-01-27 23:13:16.701 DEBUG testcase.ActivityDashBoard               - 1: rowText += col.getText() + " | "
2026-01-27 23:13:16.713 DEBUG testcase.ActivityDashBoard               - 1: rowText += col.getText() + " | "
2026-01-27 23:13:16.722 DEBUG testcase.ActivityDashBoard               - 5: logInfo("Row " + i + ": " + rowText)
2026-01-27 23:13:16.723 INFO  com.kms.katalon.core.util.KeywordUtil    - Row 24:  | 24 | Files & Folders | 15.50h | 12 | 5252 | 0 | System Tools | 
2026-01-27 23:13:16.723 DEBUG testcase.ActivityDashBoard               - 1: cols = get(i).findElements(By.tagName("td"))
2026-01-27 23:13:16.958 DEBUG testcase.ActivityDashBoard               - 2: if (cols.size() == 0)
2026-01-27 23:13:16.959 DEBUG testcase.ActivityDashBoard               - 3: rowText = ""
2026-01-27 23:13:16.959 DEBUG testcase.ActivityDashBoard               - 4: for (org.openqa.selenium.WebElement col : cols)
2026-01-27 23:13:16.960 DEBUG testcase.ActivityDashBoard               - 1: rowText += col.getText() + " | "
2026-01-27 23:13:16.970 DEBUG testcase.ActivityDashBoard               - 1: rowText += col.getText() + " | "
2026-01-27 23:13:16.981 DEBUG testcase.ActivityDashBoard               - 1: rowText += col.getText() + " | "
2026-01-27 23:13:16.991 DEBUG testcase.ActivityDashBoard               - 1: rowText += col.getText() + " | "
2026-01-27 23:13:17.002 DEBUG testcase.ActivityDashBoard               - 1: rowText += col.getText() + " | "
2026-01-27 23:13:17.013 DEBUG testcase.ActivityDashBoard               - 1: rowText += col.getText() + " | "
2026-01-27 23:13:17.025 DEBUG testcase.ActivityDashBoard               - 1: rowText += col.getText() + " | "
2026-01-27 23:13:17.036 DEBUG testcase.ActivityDashBoard               - 1: rowText += col.getText() + " | "
2026-01-27 23:13:17.045 DEBUG testcase.ActivityDashBoard               - 5: logInfo("Row " + i + ": " + rowText)
2026-01-27 23:13:17.046 INFO  com.kms.katalon.core.util.KeywordUtil    - Row 25:  | 25 | IP Messenger | 10.21h | 43 | 4111 | +1 | Communication Tools | 
2026-01-27 23:13:17.046 DEBUG testcase.ActivityDashBoard               - 1: cols = get(i).findElements(By.tagName("td"))
2026-01-27 23:13:17.301 DEBUG testcase.ActivityDashBoard               - 2: if (cols.size() == 0)
2026-01-27 23:13:17.302 DEBUG testcase.ActivityDashBoard               - 3: rowText = ""
2026-01-27 23:13:17.303 DEBUG testcase.ActivityDashBoard               - 4: for (org.openqa.selenium.WebElement col : cols)
2026-01-27 23:13:17.303 DEBUG testcase.ActivityDashBoard               - 1: rowText += col.getText() + " | "
2026-01-27 23:13:17.315 DEBUG testcase.ActivityDashBoard               - 1: rowText += col.getText() + " | "
2026-01-27 23:13:17.326 DEBUG testcase.ActivityDashBoard               - 1: rowText += col.getText() + " | "
2026-01-27 23:13:17.341 DEBUG testcase.ActivityDashBoard               - 1: rowText += col.getText() + " | "
2026-01-27 23:13:17.352 DEBUG testcase.ActivityDashBoard               - 1: rowText += col.getText() + " | "
2026-01-27 23:13:17.363 DEBUG testcase.ActivityDashBoard               - 1: rowText += col.getText() + " | "
2026-01-27 23:13:17.373 DEBUG testcase.ActivityDashBoard               - 1: rowText += col.getText() + " | "
2026-01-27 23:13:17.385 DEBUG testcase.ActivityDashBoard               - 1: rowText += col.getText() + " | "
2026-01-27 23:13:17.394 DEBUG testcase.ActivityDashBoard               - 5: logInfo("Row " + i + ": " + rowText)
2026-01-27 23:13:17.395 INFO  com.kms.katalon.core.util.KeywordUtil    - Row 26:  | 26 | Automation Robot | 08.75h | 4 | 3377 | +2 | Development Tools | 
2026-01-27 23:13:17.395 DEBUG testcase.ActivityDashBoard               - 1: cols = get(i).findElements(By.tagName("td"))
2026-01-27 23:13:17.627 DEBUG testcase.ActivityDashBoard               - 2: if (cols.size() == 0)
2026-01-27 23:13:17.627 DEBUG testcase.ActivityDashBoard               - 3: rowText = ""
2026-01-27 23:13:17.629 DEBUG testcase.ActivityDashBoard               - 4: for (org.openqa.selenium.WebElement col : cols)
2026-01-27 23:13:17.629 DEBUG testcase.ActivityDashBoard               - 1: rowText += col.getText() + " | "
2026-01-27 23:13:17.639 DEBUG testcase.ActivityDashBoard               - 1: rowText += col.getText() + " | "
2026-01-27 23:13:17.651 DEBUG testcase.ActivityDashBoard               - 1: rowText += col.getText() + " | "
2026-01-27 23:13:17.666 DEBUG testcase.ActivityDashBoard               - 1: rowText += col.getText() + " | "
2026-01-27 23:13:17.679 DEBUG testcase.ActivityDashBoard               - 1: rowText += col.getText() + " | "
2026-01-27 23:13:17.692 DEBUG testcase.ActivityDashBoard               - 1: rowText += col.getText() + " | "
2026-01-27 23:13:17.705 DEBUG testcase.ActivityDashBoard               - 1: rowText += col.getText() + " | "
2026-01-27 23:13:17.718 DEBUG testcase.ActivityDashBoard               - 1: rowText += col.getText() + " | "
2026-01-27 23:13:17.728 DEBUG testcase.ActivityDashBoard               - 5: logInfo("Row " + i + ": " + rowText)
2026-01-27 23:13:17.729 INFO  com.kms.katalon.core.util.KeywordUtil    - Row 27:  | 27 | Jenkins | 08.26h | 47 | 4064 | +2 | Development Tools | 
2026-01-27 23:13:17.729 DEBUG testcase.ActivityDashBoard               - 1: cols = get(i).findElements(By.tagName("td"))
2026-01-27 23:13:17.965 DEBUG testcase.ActivityDashBoard               - 2: if (cols.size() == 0)
2026-01-27 23:13:17.966 DEBUG testcase.ActivityDashBoard               - 3: rowText = ""
2026-01-27 23:13:17.966 DEBUG testcase.ActivityDashBoard               - 4: for (org.openqa.selenium.WebElement col : cols)
2026-01-27 23:13:17.966 DEBUG testcase.ActivityDashBoard               - 1: rowText += col.getText() + " | "
2026-01-27 23:13:17.977 DEBUG testcase.ActivityDashBoard               - 1: rowText += col.getText() + " | "
2026-01-27 23:13:17.987 DEBUG testcase.ActivityDashBoard               - 1: rowText += col.getText() + " | "
2026-01-27 23:13:17.998 DEBUG testcase.ActivityDashBoard               - 1: rowText += col.getText() + " | "
2026-01-27 23:13:18.010 DEBUG testcase.ActivityDashBoard               - 1: rowText += col.getText() + " | "
2026-01-27 23:13:18.019 DEBUG testcase.ActivityDashBoard               - 1: rowText += col.getText() + " | "
2026-01-27 23:13:18.028 DEBUG testcase.ActivityDashBoard               - 1: rowText += col.getText() + " | "
2026-01-27 23:13:18.039 DEBUG testcase.ActivityDashBoard               - 1: rowText += col.getText() + " | "
2026-01-27 23:13:18.049 DEBUG testcase.ActivityDashBoard               - 5: logInfo("Row " + i + ": " + rowText)
2026-01-27 23:13:18.050 INFO  com.kms.katalon.core.util.KeywordUtil    - Row 28:  | 28 | Unproductive Sites | 08.26h | 40 | 1379 | 0 | Unproductive | 
2026-01-27 23:13:18.050 DEBUG testcase.ActivityDashBoard               - 1: cols = get(i).findElements(By.tagName("td"))
2026-01-27 23:13:18.278 DEBUG testcase.ActivityDashBoard               - 2: if (cols.size() == 0)
2026-01-27 23:13:18.278 DEBUG testcase.ActivityDashBoard               - 3: rowText = ""
2026-01-27 23:13:18.279 DEBUG testcase.ActivityDashBoard               - 4: for (org.openqa.selenium.WebElement col : cols)
2026-01-27 23:13:18.279 DEBUG testcase.ActivityDashBoard               - 1: rowText += col.getText() + " | "
2026-01-27 23:13:18.291 DEBUG testcase.ActivityDashBoard               - 1: rowText += col.getText() + " | "
2026-01-27 23:13:18.304 DEBUG testcase.ActivityDashBoard               - 1: rowText += col.getText() + " | "
2026-01-27 23:13:18.314 DEBUG testcase.ActivityDashBoard               - 1: rowText += col.getText() + " | "
2026-01-27 23:13:18.324 DEBUG testcase.ActivityDashBoard               - 1: rowText += col.getText() + " | "
2026-01-27 23:13:18.334 DEBUG testcase.ActivityDashBoard               - 1: rowText += col.getText() + " | "
2026-01-27 23:13:18.344 DEBUG testcase.ActivityDashBoard               - 1: rowText += col.getText() + " | "
2026-01-27 23:13:18.354 DEBUG testcase.ActivityDashBoard               - 1: rowText += col.getText() + " | "
2026-01-27 23:13:18.365 DEBUG testcase.ActivityDashBoard               - 5: logInfo("Row " + i + ": " + rowText)
2026-01-27 23:13:18.366 INFO  com.kms.katalon.core.util.KeywordUtil    - Row 29:  | 29 | Word | 07.45h | 9 | 1355 | +2 | Documentation Tools | 
2026-01-27 23:13:18.366 DEBUG testcase.ActivityDashBoard               - 1: cols = get(i).findElements(By.tagName("td"))
2026-01-27 23:13:18.605 DEBUG testcase.ActivityDashBoard               - 2: if (cols.size() == 0)
2026-01-27 23:13:18.606 DEBUG testcase.ActivityDashBoard               - 3: rowText = ""
2026-01-27 23:13:18.606 DEBUG testcase.ActivityDashBoard               - 4: for (org.openqa.selenium.WebElement col : cols)
2026-01-27 23:13:18.606 DEBUG testcase.ActivityDashBoard               - 1: rowText += col.getText() + " | "
2026-01-27 23:13:18.619 DEBUG testcase.ActivityDashBoard               - 1: rowText += col.getText() + " | "
2026-01-27 23:13:18.631 DEBUG testcase.ActivityDashBoard               - 1: rowText += col.getText() + " | "
2026-01-27 23:13:18.641 DEBUG testcase.ActivityDashBoard               - 1: rowText += col.getText() + " | "
2026-01-27 23:13:18.650 DEBUG testcase.ActivityDashBoard               - 1: rowText += col.getText() + " | "
2026-01-27 23:13:18.661 DEBUG testcase.ActivityDashBoard               - 1: rowText += col.getText() + " | "
2026-01-27 23:13:18.670 DEBUG testcase.ActivityDashBoard               - 1: rowText += col.getText() + " | "
2026-01-27 23:13:18.680 DEBUG testcase.ActivityDashBoard               - 1: rowText += col.getText() + " | "
2026-01-27 23:13:18.689 DEBUG testcase.ActivityDashBoard               - 5: logInfo("Row " + i + ": " + rowText)
2026-01-27 23:13:18.690 INFO  com.kms.katalon.core.util.KeywordUtil    - Row 30:  | 30 | Grey Tip HR | 06.64h | 42 | 1106 | +2 | Internal Applications | 
2026-01-27 23:13:18.690 DEBUG testcase.ActivityDashBoard               - 1: cols = get(i).findElements(By.tagName("td"))
2026-01-27 23:13:18.933 DEBUG testcase.ActivityDashBoard               - 2: if (cols.size() == 0)
2026-01-27 23:13:18.933 DEBUG testcase.ActivityDashBoard               - 3: rowText = ""
2026-01-27 23:13:18.933 DEBUG testcase.ActivityDashBoard               - 4: for (org.openqa.selenium.WebElement col : cols)
2026-01-27 23:13:18.934 DEBUG testcase.ActivityDashBoard               - 1: rowText += col.getText() + " | "
2026-01-27 23:13:18.944 DEBUG testcase.ActivityDashBoard               - 1: rowText += col.getText() + " | "
2026-01-27 23:13:18.954 DEBUG testcase.ActivityDashBoard               - 1: rowText += col.getText() + " | "
2026-01-27 23:13:18.965 DEBUG testcase.ActivityDashBoard               - 1: rowText += col.getText() + " | "
2026-01-27 23:13:18.979 DEBUG testcase.ActivityDashBoard               - 1: rowText += col.getText() + " | "
2026-01-27 23:13:18.988 DEBUG testcase.ActivityDashBoard               - 1: rowText += col.getText() + " | "
2026-01-27 23:13:18.998 DEBUG testcase.ActivityDashBoard               - 1: rowText += col.getText() + " | "
2026-01-27 23:13:19.009 DEBUG testcase.ActivityDashBoard               - 1: rowText += col.getText() + " | "
2026-01-27 23:13:19.025 DEBUG testcase.ActivityDashBoard               - 5: logInfo("Row " + i + ": " + rowText)
2026-01-27 23:13:19.025 INFO  com.kms.katalon.core.util.KeywordUtil    - Row 31:  | 31 | Browser Extensions and Addons | 02.89h | 8 | 616 | +2 | Development Tools | 
2026-01-27 23:13:19.026 DEBUG testcase.ActivityDashBoard               - 1: cols = get(i).findElements(By.tagName("td"))
2026-01-27 23:13:19.272 DEBUG testcase.ActivityDashBoard               - 2: if (cols.size() == 0)
2026-01-27 23:13:19.273 DEBUG testcase.ActivityDashBoard               - 3: rowText = ""
2026-01-27 23:13:19.274 DEBUG testcase.ActivityDashBoard               - 4: for (org.openqa.selenium.WebElement col : cols)
2026-01-27 23:13:19.274 DEBUG testcase.ActivityDashBoard               - 1: rowText += col.getText() + " | "
2026-01-27 23:13:19.290 DEBUG testcase.ActivityDashBoard               - 1: rowText += col.getText() + " | "
2026-01-27 23:13:19.302 DEBUG testcase.ActivityDashBoard               - 1: rowText += col.getText() + " | "
2026-01-27 23:13:19.314 DEBUG testcase.ActivityDashBoard               - 1: rowText += col.getText() + " | "
2026-01-27 23:13:19.326 DEBUG testcase.ActivityDashBoard               - 1: rowText += col.getText() + " | "
2026-01-27 23:13:19.338 DEBUG testcase.ActivityDashBoard               - 1: rowText += col.getText() + " | "
2026-01-27 23:13:19.351 DEBUG testcase.ActivityDashBoard               - 1: rowText += col.getText() + " | "
2026-01-27 23:13:19.363 DEBUG testcase.ActivityDashBoard               - 1: rowText += col.getText() + " | "
2026-01-27 23:13:19.378 DEBUG testcase.ActivityDashBoard               - 5: logInfo("Row " + i + ": " + rowText)
2026-01-27 23:13:19.379 INFO  com.kms.katalon.core.util.KeywordUtil    - Row 32:  | 32 | Mouse Jiggles | 02.85h | 2 | 422 | 0 | Unproductive | 
2026-01-27 23:13:19.379 DEBUG testcase.ActivityDashBoard               - 1: cols = get(i).findElements(By.tagName("td"))
2026-01-27 23:13:19.630 DEBUG testcase.ActivityDashBoard               - 2: if (cols.size() == 0)
2026-01-27 23:13:19.631 DEBUG testcase.ActivityDashBoard               - 3: rowText = ""
2026-01-27 23:13:19.632 DEBUG testcase.ActivityDashBoard               - 4: for (org.openqa.selenium.WebElement col : cols)
2026-01-27 23:13:19.632 DEBUG testcase.ActivityDashBoard               - 1: rowText += col.getText() + " | "
2026-01-27 23:13:19.644 DEBUG testcase.ActivityDashBoard               - 1: rowText += col.getText() + " | "
2026-01-27 23:13:19.662 DEBUG testcase.ActivityDashBoard               - 1: rowText += col.getText() + " | "
2026-01-27 23:13:19.673 DEBUG testcase.ActivityDashBoard               - 1: rowText += col.getText() + " | "
2026-01-27 23:13:19.684 DEBUG testcase.ActivityDashBoard               - 1: rowText += col.getText() + " | "
2026-01-27 23:13:19.696 DEBUG testcase.ActivityDashBoard               - 1: rowText += col.getText() + " | "
2026-01-27 23:13:19.705 DEBUG testcase.ActivityDashBoard               - 1: rowText += col.getText() + " | "
2026-01-27 23:13:19.716 DEBUG testcase.ActivityDashBoard               - 1: rowText += col.getText() + " | "
2026-01-27 23:13:19.726 DEBUG testcase.ActivityDashBoard               - 5: logInfo("Row " + i + ": " + rowText)
2026-01-27 23:13:19.727 INFO  com.kms.katalon.core.util.KeywordUtil    - Row 33:  | 33 | Compress Utilities | 01.81h | 37 | 2123 | +1 | System Tools | 
2026-01-27 23:13:19.727 DEBUG testcase.ActivityDashBoard               - 1: cols = get(i).findElements(By.tagName("td"))
2026-01-27 23:13:19.972 DEBUG testcase.ActivityDashBoard               - 2: if (cols.size() == 0)
2026-01-27 23:13:19.973 DEBUG testcase.ActivityDashBoard               - 3: rowText = ""
2026-01-27 23:13:19.973 DEBUG testcase.ActivityDashBoard               - 4: for (org.openqa.selenium.WebElement col : cols)
2026-01-27 23:13:19.974 DEBUG testcase.ActivityDashBoard               - 1: rowText += col.getText() + " | "
2026-01-27 23:13:19.983 DEBUG testcase.ActivityDashBoard               - 1: rowText += col.getText() + " | "
2026-01-27 23:13:19.996 DEBUG testcase.ActivityDashBoard               - 1: rowText += col.getText() + " | "
2026-01-27 23:13:20.007 DEBUG testcase.ActivityDashBoard               - 1: rowText += col.getText() + " | "
2026-01-27 23:13:20.022 DEBUG testcase.ActivityDashBoard               - 1: rowText += col.getText() + " | "
2026-01-27 23:13:20.036 DEBUG testcase.ActivityDashBoard               - 1: rowText += col.getText() + " | "
2026-01-27 23:13:20.046 DEBUG testcase.ActivityDashBoard               - 1: rowText += col.getText() + " | "
2026-01-27 23:13:20.057 DEBUG testcase.ActivityDashBoard               - 1: rowText += col.getText() + " | "
2026-01-27 23:13:20.068 DEBUG testcase.ActivityDashBoard               - 5: logInfo("Row " + i + ": " + rowText)
2026-01-27 23:13:20.069 INFO  com.kms.katalon.core.util.KeywordUtil    - Row 34:  | 34 | LinkedIn | 01.52h | 12 | 250 | 0 | Communication Tools | 
2026-01-27 23:13:20.071 DEBUG testcase.ActivityDashBoard               - 1: cols = get(i).findElements(By.tagName("td"))
2026-01-27 23:13:20.310 DEBUG testcase.ActivityDashBoard               - 2: if (cols.size() == 0)
2026-01-27 23:13:20.310 DEBUG testcase.ActivityDashBoard               - 3: rowText = ""
2026-01-27 23:13:20.311 DEBUG testcase.ActivityDashBoard               - 4: for (org.openqa.selenium.WebElement col : cols)
2026-01-27 23:13:20.311 DEBUG testcase.ActivityDashBoard               - 1: rowText += col.getText() + " | "
2026-01-27 23:13:20.351 DEBUG testcase.ActivityDashBoard               - 1: rowText += col.getText() + " | "
2026-01-27 23:13:20.361 DEBUG testcase.ActivityDashBoard               - 1: rowText += col.getText() + " | "
2026-01-27 23:13:20.371 DEBUG testcase.ActivityDashBoard               - 1: rowText += col.getText() + " | "
2026-01-27 23:13:20.381 DEBUG testcase.ActivityDashBoard               - 1: rowText += col.getText() + " | "
2026-01-27 23:13:20.391 DEBUG testcase.ActivityDashBoard               - 1: rowText += col.getText() + " | "
2026-01-27 23:13:20.401 DEBUG testcase.ActivityDashBoard               - 1: rowText += col.getText() + " | "
2026-01-27 23:13:20.412 DEBUG testcase.ActivityDashBoard               - 1: rowText += col.getText() + " | "
2026-01-27 23:13:20.424 DEBUG testcase.ActivityDashBoard               - 5: logInfo("Row " + i + ": " + rowText)
2026-01-27 23:13:20.425 INFO  com.kms.katalon.core.util.KeywordUtil    - Row 35:  | 35 | Power Point | 01.19h | 4 | 433 | +2 | Documentation Tools | 
2026-01-27 23:13:20.425 DEBUG testcase.ActivityDashBoard               - 1: cols = get(i).findElements(By.tagName("td"))
2026-01-27 23:13:20.669 DEBUG testcase.ActivityDashBoard               - 2: if (cols.size() == 0)
2026-01-27 23:13:20.669 DEBUG testcase.ActivityDashBoard               - 3: rowText = ""
2026-01-27 23:13:20.670 DEBUG testcase.ActivityDashBoard               - 4: for (org.openqa.selenium.WebElement col : cols)
2026-01-27 23:13:20.670 DEBUG testcase.ActivityDashBoard               - 1: rowText += col.getText() + " | "
2026-01-27 23:13:20.681 DEBUG testcase.ActivityDashBoard               - 1: rowText += col.getText() + " | "
2026-01-27 23:13:20.689 DEBUG testcase.ActivityDashBoard               - 1: rowText += col.getText() + " | "
2026-01-27 23:13:20.701 DEBUG testcase.ActivityDashBoard               - 1: rowText += col.getText() + " | "
2026-01-27 23:13:20.711 DEBUG testcase.ActivityDashBoard               - 1: rowText += col.getText() + " | "
2026-01-27 23:13:20.719 DEBUG testcase.ActivityDashBoard               - 1: rowText += col.getText() + " | "
2026-01-27 23:13:20.731 DEBUG testcase.ActivityDashBoard               - 1: rowText += col.getText() + " | "
2026-01-27 23:13:20.740 DEBUG testcase.ActivityDashBoard               - 1: rowText += col.getText() + " | "
2026-01-27 23:13:20.752 DEBUG testcase.ActivityDashBoard               - 5: logInfo("Row " + i + ": " + rowText)
2026-01-27 23:13:20.753 INFO  com.kms.katalon.core.util.KeywordUtil    - Row 36:  | 36 | Electron | 00.26h | 2 | 11 | +2 | Development Tools | 
2026-01-27 23:13:20.753 DEBUG testcase.ActivityDashBoard               - 1: cols = get(i).findElements(By.tagName("td"))
2026-01-27 23:13:21.000 DEBUG testcase.ActivityDashBoard               - 2: if (cols.size() == 0)
2026-01-27 23:13:21.001 DEBUG testcase.ActivityDashBoard               - 3: rowText = ""
2026-01-27 23:13:21.001 DEBUG testcase.ActivityDashBoard               - 4: for (org.openqa.selenium.WebElement col : cols)
2026-01-27 23:13:21.002 DEBUG testcase.ActivityDashBoard               - 1: rowText += col.getText() + " | "
2026-01-27 23:13:21.012 DEBUG testcase.ActivityDashBoard               - 1: rowText += col.getText() + " | "
2026-01-27 23:13:21.021 DEBUG testcase.ActivityDashBoard               - 1: rowText += col.getText() + " | "
2026-01-27 23:13:21.039 DEBUG testcase.ActivityDashBoard               - 1: rowText += col.getText() + " | "
2026-01-27 23:13:21.051 DEBUG testcase.ActivityDashBoard               - 1: rowText += col.getText() + " | "
2026-01-27 23:13:21.062 DEBUG testcase.ActivityDashBoard               - 1: rowText += col.getText() + " | "
2026-01-27 23:13:21.072 DEBUG testcase.ActivityDashBoard               - 1: rowText += col.getText() + " | "
2026-01-27 23:13:21.082 DEBUG testcase.ActivityDashBoard               - 1: rowText += col.getText() + " | "
2026-01-27 23:13:21.094 DEBUG testcase.ActivityDashBoard               - 5: logInfo("Row " + i + ": " + rowText)
2026-01-27 23:13:21.095 INFO  com.kms.katalon.core.util.KeywordUtil    - Row 37:  | 37 | Whatsapp | 00.23h | 4 | 64 | 0 | Unproductive | 
2026-01-27 23:13:21.095 DEBUG testcase.ActivityDashBoard               - 1: cols = get(i).findElements(By.tagName("td"))
2026-01-27 23:13:21.327 DEBUG testcase.ActivityDashBoard               - 2: if (cols.size() == 0)
2026-01-27 23:13:21.327 DEBUG testcase.ActivityDashBoard               - 3: rowText = ""
2026-01-27 23:13:21.328 DEBUG testcase.ActivityDashBoard               - 4: for (org.openqa.selenium.WebElement col : cols)
2026-01-27 23:13:21.328 DEBUG testcase.ActivityDashBoard               - 1: rowText += col.getText() + " | "
2026-01-27 23:13:21.337 DEBUG testcase.ActivityDashBoard               - 1: rowText += col.getText() + " | "
2026-01-27 23:13:21.349 DEBUG testcase.ActivityDashBoard               - 1: rowText += col.getText() + " | "
2026-01-27 23:13:21.358 DEBUG testcase.ActivityDashBoard               - 1: rowText += col.getText() + " | "
2026-01-27 23:13:21.368 DEBUG testcase.ActivityDashBoard               - 1: rowText += col.getText() + " | "
2026-01-27 23:13:21.379 DEBUG testcase.ActivityDashBoard               - 1: rowText += col.getText() + " | "
2026-01-27 23:13:21.387 DEBUG testcase.ActivityDashBoard               - 1: rowText += col.getText() + " | "
2026-01-27 23:13:21.396 DEBUG testcase.ActivityDashBoard               - 1: rowText += col.getText() + " | "
2026-01-27 23:13:21.406 DEBUG testcase.ActivityDashBoard               - 5: logInfo("Row " + i + ": " + rowText)
2026-01-27 23:13:21.406 INFO  com.kms.katalon.core.util.KeywordUtil    - Row 38:  | 38 | Internet Information Services (IIS) Manager | 00.21h | 2 | 84 | +2 | Development Tools | 
2026-01-27 23:13:21.407 DEBUG testcase.ActivityDashBoard               - 1: cols = get(i).findElements(By.tagName("td"))
2026-01-27 23:13:21.640 DEBUG testcase.ActivityDashBoard               - 2: if (cols.size() == 0)
2026-01-27 23:13:21.641 DEBUG testcase.ActivityDashBoard               - 3: rowText = ""
2026-01-27 23:13:21.641 DEBUG testcase.ActivityDashBoard               - 4: for (org.openqa.selenium.WebElement col : cols)
2026-01-27 23:13:21.641 DEBUG testcase.ActivityDashBoard               - 1: rowText += col.getText() + " | "
2026-01-27 23:13:21.651 DEBUG testcase.ActivityDashBoard               - 1: rowText += col.getText() + " | "
2026-01-27 23:13:21.661 DEBUG testcase.ActivityDashBoard               - 1: rowText += col.getText() + " | "
2026-01-27 23:13:21.671 DEBUG testcase.ActivityDashBoard               - 1: rowText += col.getText() + " | "
2026-01-27 23:13:21.681 DEBUG testcase.ActivityDashBoard               - 1: rowText += col.getText() + " | "
2026-01-27 23:13:21.690 DEBUG testcase.ActivityDashBoard               - 1: rowText += col.getText() + " | "
2026-01-27 23:13:21.699 DEBUG testcase.ActivityDashBoard               - 1: rowText += col.getText() + " | "
2026-01-27 23:13:21.710 DEBUG testcase.ActivityDashBoard               - 1: rowText += col.getText() + " | "
2026-01-27 23:13:21.721 DEBUG testcase.ActivityDashBoard               - 5: logInfo("Row " + i + ": " + rowText)
2026-01-27 23:13:21.721 INFO  com.kms.katalon.core.util.KeywordUtil    - Row 39:  | 39 | Jira | 00.13h | 18 | 72 | +2 | Documentation Tools | 
2026-01-27 23:13:21.723 DEBUG testcase.ActivityDashBoard               - 12: executeJavaScript("window.scrollTo(0, document.body.scrollHeight);", null)
2026-01-27 23:13:21.753 DEBUG testcase.ActivityDashBoard               - 13: com.prohancewebapplication.file.FileSizeFinder.exisitingFileDelete()
C:\Users\KRISHNA\Downloads
2026-01-27 23:13:21.790 INFO  k.k.c.m.CustomKeywordDelegatingMetaClass - com.prohancewebapplication.file.FileSizeFinder.exisitingFileDelete is PASSED
2026-01-27 23:13:21.791 DEBUG testcase.ActivityDashBoard               - 14: explort = ((exportType != null)) ? exportType : false
2026-01-27 23:13:21.795 DEBUG testcase.ActivityDashBoard               - 15: browserName = getExecutedBrowser()
2026-01-27 23:13:21.798 DEBUG testcase.ActivityDashBoard               - 16: logInfo("Browser Name :" + " " + browserName)
2026-01-27 23:13:21.803 INFO  com.kms.katalon.core.util.KeywordUtil    - Browser Name : Chrome
2026-01-27 23:13:21.804 DEBUG testcase.ActivityDashBoard               - 17: xPath = com.prohanceebapplication.common.Export.export(explort)
2026-01-27 23:13:21.822 INFO  k.k.c.m.CustomKeywordDelegatingMetaClass - com.prohanceebapplication.common.Export.export is PASSED
2026-01-27 23:13:21.824 DEBUG testcase.ActivityDashBoard               - 18: out.println(xPath)
//span[.//img[@title='Export to PDF']]
2026-01-27 23:13:21.828 DEBUG testcase.ActivityDashBoard               - 19: if (xPath != null)
2026-01-27 23:13:21.829 DEBUG testcase.ActivityDashBoard               - 1: exportSpan = new com.kms.katalon.core.testobject.TestObject()
2026-01-27 23:13:21.834 DEBUG testcase.ActivityDashBoard               - 2: exportSpan.addProperty("xpath", EQUALS, xPath)
2026-01-27 23:13:21.840 DEBUG testcase.ActivityDashBoard               - 3: waitForElementPresent(exportSpan, Delay)
2026-01-27 23:13:22.132 DEBUG testcase.ActivityDashBoard               - 4: el = findWebElement(exportSpan, Delay)
2026-01-27 23:13:22.387 DEBUG testcase.ActivityDashBoard               - 5: executeJavaScript("arguments[0].scrollIntoView(true);", Arrays.asList(el))
2026-01-27 23:13:22.416 DEBUG testcase.ActivityDashBoard               - 6: executeJavaScript("arguments[0].click();", Arrays.asList(el))
2026-01-27 23:13:23.936 DEBUG testcase.ActivityDashBoard               - 20: com.prohancewebapplication.file.FileSizeFinder.fileSize()
2026-01-27 23:13:23.946 INFO  k.k.c.m.CustomKeywordDelegatingMetaClass - com.prohancewebapplication.file.FileSizeFinder.fileSize is PASSED
2026-01-27 23:13:23.947 DEBUG testcase.ActivityDashBoard               - 21: switchToDefaultContent()
2026-01-27 23:13:23.993 DEBUG testcase.ActivityDashBoard               - 22: closeWindowIndex(1)
2026-01-27 23:13:24.093 INFO  c.k.katalon.core.main.TestCaseExecutor   - END Test Cases/ProhanceWeb/Organization Settings/Activity DashBoard/ActivityDashBoard
2026-01-27 23:13:24.101 INFO  c.k.katalon.core.main.TestCaseExecutor   - --------------------
2026-01-27 23:13:24.101 INFO  c.k.katalon.core.main.TestCaseExecutor   - START Test Cases/ProhanceWeb/LogOut_Page/LogOut
2026-01-27 23:13:24.320 DEBUG testcase.LogOut                          - 1: try
2026-01-27 23:13:24.322 DEBUG testcase.LogOut                          - 1: waitForElementPresent(findTestObject("Object Repository/LogoutOR/userProfileIcon"), Delay)
2026-01-27 23:14:04.351 WARN  c.k.k.c.w.h.s.WebUIScreenCaptor          - Cannot take screenshot
2026-01-27 23:14:04.356 ERROR c.k.k.core.keyword.internal.KeywordMain  - ❌ Unable to wait for object 'Object Repository/LogoutOR/userProfileIcon' to be present (Root cause: com.kms.katalon.core.exception.StepFailedException: Unable to wait for object 'Object Repository/LogoutOR/userProfileIcon' to be present
	at com.kms.katalon.core.webui.keyword.internal.WebUIKeywordMain.stepFailed(WebUIKeywordMain.groovy:177)
	at com.kms.katalon.core.webui.keyword.internal.WebUIKeywordMain.runKeyword(WebUIKeywordMain.groovy:49)
	at com.kms.katalon.core.webui.keyword.internal.WebUIKeywordMain.runKeywordUntilTimeout(WebUIKeywordMain.groovy:152)
	at com.kms.katalon.core.webui.keyword.builtin.WaitForElementPresentKeyword.waitForElementPresent(WaitForElementPresentKeyword.groovy:68)
	at com.kms.katalon.core.webui.keyword.builtin.WaitForElementPresentKeyword.execute(WaitForElementPresentKeyword.groovy:38)
	at com.kms.katalon.core.keyword.internal.KeywordExecutor.executeKeywordForPlatform(KeywordExecutor.groovy:90)
	at com.kms.katalon.core.webui.keyword.WebUiBuiltInKeywords.waitForElementPresent(WebUiBuiltInKeywords.groovy:423)
	at LogOut.run(LogOut:23)
	at com.kms.katalon.core.main.ScriptEngine.run(ScriptEngine.java:194)
	at com.kms.katalon.core.main.ScriptEngine.runScriptAsRawText(ScriptEngine.java:119)
	at com.kms.katalon.core.main.TestCaseExecutor.runScript(TestCaseExecutor.java:490)
	at com.kms.katalon.core.main.TestCaseExecutor.doExecute(TestCaseExecutor.java:481)
	at com.kms.katalon.core.main.TestCaseExecutor.processExecutionPhase(TestCaseExecutor.java:460)
	at com.kms.katalon.core.main.TestCaseExecutor.accessMainPhase(TestCaseExecutor.java:452)
	at com.kms.katalon.core.main.TestCaseExecutor.execute(TestCaseExecutor.java:322)
	at com.kms.katalon.core.common.CommonExecutor.accessTestCaseMainPhase(CommonExecutor.java:71)
	at com.kms.katalon.core.main.TestSuiteExecutor.accessTestSuiteMainPhase(TestSuiteExecutor.java:153)
	at com.kms.katalon.core.main.TestSuiteExecutor.execute(TestSuiteExecutor.java:110)
	at com.kms.katalon.core.main.TestCaseMain.startTestSuite(TestCaseMain.java:205)
	at TempTestSuite1769535736350.run(TempTestSuite1769535736350.groovy:35)
	at java.base/jdk.internal.reflect.NativeMethodAccessorImpl.invoke0(Native Method)
	at java.base/jdk.internal.reflect.NativeMethodAccessorImpl.invoke(NativeMethodAccessorImpl.java:77)
	at java.base/jdk.internal.reflect.DelegatingMethodAccessorImpl.invoke(DelegatingMethodAccessorImpl.java:43)
Caused by: org.openqa.selenium.NoSuchWindowException: no such window: target window already closed
from unknown error: web view not found
  (Session info: chrome=144.0.7559.97)
Build info: version: '4.34.0', revision: '707dcb4246*'
System info: os.name: 'Windows 11', os.arch: 'amd64', os.version: '10.0', java.version: '17.0.14'
Driver info: com.kms.katalon.selenium.driver.CChromeDriver
Command: [0131a384fa6f1be34690a1d6e744ab83, findElements {value=//a[@id='userProfileDropdown'], using=xpath}]
Capabilities {acceptInsecureCerts: false, browserName: chrome, browserVersion: 144.0.7559.97, chrome: {chromedriverVersion: 144.0.7559.31 (18537d992890..., userDataDir: C:\Users\KRISHNA\AppData\Lo...}, fedcm:accounts: true, goog:chromeOptions: {debuggerAddress: localhost:57511}, goog:processID: 16804, networkConnectionEnabled: false, pageLoadStrategy: normal, platformName: windows, proxy: Proxy(), se:cdp: ws://localhost:57511/devtoo..., se:cdpVersion: 144.0.7559.97, setWindowRect: true, strictFileInteractability: false, timeouts: {implicit: 0, pageLoad: 300000, script: 30000}, unhandledPromptBehavior: {alert: ignore, beforeUnload: ignore, confirm: ignore, default: ignore, file: ignore, prompt: ignore}, webSocketUrl: ws://localhost:3232/session..., webauthn:extension:credBlob: true, webauthn:extension:largeBlob: true, webauthn:extension:minPinLength: true, webauthn:extension:prf: true, webauthn:virtualAuthenticators: true}
Session ID: 0131a384fa6f1be34690a1d6e744ab83
	at jdk.internal.reflect.GeneratedConstructorAccessor33.newInstance(Unknown Source)
	at java.base/jdk.internal.reflect.DelegatingConstructorAccessorImpl.newInstance(DelegatingConstructorAccessorImpl.java:45)
	at org.openqa.selenium.remote.ErrorCodec.decode(ErrorCodec.java:167)
	at org.openqa.selenium.remote.codec.w3c.W3CHttpResponseCodec.decode(W3CHttpResponseCodec.java:138)
	at org.openqa.selenium.remote.codec.w3c.W3CHttpResponseCodec.decode(W3CHttpResponseCodec.java:50)
	at org.openqa.selenium.remote.HttpCommandExecutor.execute(HttpCommandExecutor.java:215)
	at org.openqa.selenium.remote.service.DriverCommandExecutor.invokeExecute(DriverCommandExecutor.java:216)
	at org.openqa.selenium.remote.service.DriverCommandExecutor.execute(DriverCommandExecutor.java:174)
	at org.openqa.selenium.remote.RemoteWebDriver.execute(RemoteWebDriver.java:544)
	at org.openqa.selenium.remote.ElementLocation$ElementFinder$2.findElements(ElementLocation.java:182)
	at org.openqa.selenium.remote.ElementLocation.findElements(ElementLocation.java:103)
	at org.openqa.selenium.remote.RemoteWebDriver.findElements(RemoteWebDriver.java:380)
	at org.openqa.selenium.remote.RemoteWebDriver.findElements(RemoteWebDriver.java:374)
	at jdk.internal.reflect.GeneratedMethodAccessor23.invoke(Unknown Source)
	at java.base/jdk.internal.reflect.DelegatingMethodAccessorImpl.invoke(DelegatingMethodAccessorImpl.java:43)
	at org.openqa.selenium.support.decorators.WebDriverDecorator.call(WebDriverDecorator.java:315)
	at org.openqa.selenium.support.decorators.DefaultDecorated.call(DefaultDecorated.java:48)
	at org.openqa.selenium.support.decorators.WebDriverDecorator.lambda$createProxyFactory$3(WebDriverDecorator.java:405)
	at org.openqa.selenium.remote.RemoteWebDriver$ByteBuddy$hqgjNKK6.findElements(Unknown Source)
	at com.kms.katalon.core.webui.model.WebUiElementFinder.findElementByNormalMethods(WebUiElementFinder.java:185)
	at com.kms.katalon.core.webui.model.WebUiElementFinder.findElementsBySelectedMethod(WebUiElementFinder.java:91)
	at com.kms.katalon.core.webui.model.WebUiElementFinder.findElementsBySelectedMethod(WebUiElementFinder.java:74)
	at com.kms.katalon.core.webui.model.WebUiElementFinder.findElementsBySelectedMethod(WebUiElementFinder.java:69)
	at com.kms.katalon.core.webui.model.WebUiElementFinder.findElement(WebUiElementFinder.java:43)
	at com.kms.katalon.core.webui.model.WebUiElementFinderWithTimeout.basicFindElement(WebUiElementFinderWithTimeout.java:50)
	at com.kms.katalon.core.webui.model.WebUiElementFinderWithTimeout.lambda$0(WebUiElementFinderWithTimeout.java:29)
	at com.kms.katalon.core.webui.model.SeleniumActionRetryController.performAction(SeleniumActionRetryController.java:96)
	at com.kms.katalon.core.webui.model.SeleniumActionRetryController.performAction(SeleniumActionRetryController.java:83)
	at com.kms.katalon.core.webui.model.WebUiElementFinderWithTimeout.findElement(WebUiElementFinderWithTimeout.java:28)
	at com.kms.katalon.core.webui.keyword.internal.WebUIAbstractKeyword$_findWebElement_closure2.doCall(WebUIAbstractKeyword.groovy:104)
	at java.base/jdk.internal.reflect.NativeMethodAccessorImpl.invoke0(Native Method)
	at java.base/jdk.internal.reflect.NativeMethodAccessorImpl.invoke(NativeMethodAccessorImpl.java:77)
	at java.base/jdk.internal.reflect.DelegatingMethodAccessorImpl.invoke(DelegatingMethodAccessorImpl.java:43)
	at jdk.proxy2/jdk.proxy2.$Proxy50.execute(Unknown Source)
	at com.kms.katalon.core.webui.model.SeleniumActionRetryController.performAction(SeleniumActionRetryController.java:96)
	at com.kms.katalon.core.webui.model.SeleniumActionRetryController.performAction(SeleniumActionRetryController.java:83)
	at com.kms.katalon.core.webui.model.SeleniumActionRetryController.retry(SeleniumActionRetryController.java:49)
	at com.kms.katalon.core.webui.model.SeleniumActionRetryController.retry(SeleniumActionRetryController.java:44)
	at com.kms.katalon.core.webui.keyword.internal.WebUIAbstractKeyword.findWebElement(WebUIAbstractKeyword.groovy:101)
	at com.kms.katalon.core.webui.keyword.builtin.WaitForElementPresentKeyword$_waitForElementPresent_closure1.doCall(WaitForElementPresentKeyword.groovy:54)
	at java.base/jdk.internal.reflect.NativeMethodAccessorImpl.invoke0(Native Method)
	at java.base/jdk.internal.reflect.NativeMethodAccessorImpl.invoke(NativeMethodAccessorImpl.java:77)
	at java.base/jdk.internal.reflect.DelegatingMethodAccessorImpl.invoke(DelegatingMethodAccessorImpl.java:43)
	at jdk.proxy2/jdk.proxy2.$Proxy50.execute(Unknown Source)
	at com.kms.katalon.core.webui.model.SeleniumActionRetryController.performAction(SeleniumActionRetryController.java:96)
	at com.kms.katalon.core.webui.model.SeleniumActionRetryController.performAction(SeleniumActionRetryController.java:83)
	at com.kms.katalon.core.webui.keyword.internal.WebUIKeywordMain$_runKeywordUntilTimeout_closure2.doCall(WebUIKeywordMain.groovy:155)
	at com.kms.katalon.core.webui.keyword.internal.WebUIKeywordMain$_runKeywordUntilTimeout_closure2.call(WebUIKeywordMain.groovy)
	at com.kms.katalon.core.webui.keyword.internal.WebUIKeywordMain.runKeyword(WebUIKeywordMain.groovy:41)
	at com.kms.katalon.core.webui.keyword.internal.WebUIKeywordMain.runKeywordUntilTimeout(WebUIKeywordMain.groovy:152)
	at com.kms.katalon.core.webui.keyword.builtin.WaitForElementPresentKeyword.waitForElementPresent(WaitForElementPresentKeyword.groovy:68)
	at com.kms.katalon.core.webui.keyword.builtin.WaitForElementPresentKeyword.execute(WaitForElementPresentKeyword.groovy:38)
	at com.kms.katalon.core.keyword.internal.KeywordExecutor.executeKeywordForPlatform(KeywordExecutor.groovy:90)
	at com.kms.katalon.core.webui.keyword.WebUiBuiltInKeywords.waitForElementPresent(WebUiBuiltInKeywords.groovy:423)
	at Script1767513449298.run(Script1767513449298.groovy:23)
	... 15 more
)
2026-01-27 23:14:04.361 DEBUG testcase.LogOut                          - 2: catch (Exception e)
2026-01-27 23:14:04.363 DEBUG testcase.LogOut                          - 1: markError("Logout Failure : " + e.getMessage())
2026-01-27 23:14:04.369 ERROR c.k.katalon.core.main.TestCaseExecutor   - ❌ Test Cases/ProhanceWeb/LogOut_Page/LogOut FAILED.
Reason:
com.kms.katalon.core.exception.StepErrorException: Logout Failure : Unable to wait for object 'Object Repository/LogoutOR/userProfileIcon' to be present
	at com.kms.katalon.core.util.KeywordUtil.markError(KeywordUtil.java:67)
	at LogOut.run(LogOut:32)
	at com.kms.katalon.core.main.ScriptEngine.run(ScriptEngine.java:194)
	at com.kms.katalon.core.main.ScriptEngine.runScriptAsRawText(ScriptEngine.java:119)
	at com.kms.katalon.core.main.TestCaseExecutor.runScript(TestCaseExecutor.java:490)
	at com.kms.katalon.core.main.TestCaseExecutor.doExecute(TestCaseExecutor.java:481)
	at com.kms.katalon.core.main.TestCaseExecutor.processExecutionPhase(TestCaseExecutor.java:460)
	at com.kms.katalon.core.main.TestCaseExecutor.accessMainPhase(TestCaseExecutor.java:452)
	at com.kms.katalon.core.main.TestCaseExecutor.execute(TestCaseExecutor.java:322)
	at com.kms.katalon.core.common.CommonExecutor.accessTestCaseMainPhase(CommonExecutor.java:71)
	at com.kms.katalon.core.main.TestSuiteExecutor.accessTestSuiteMainPhase(TestSuiteExecutor.java:153)
	at com.kms.katalon.core.main.TestSuiteExecutor.execute(TestSuiteExecutor.java:110)
	at com.kms.katalon.core.main.TestCaseMain.startTestSuite(TestCaseMain.java:205)
	at TempTestSuite1769535736350.run(TempTestSuite1769535736350.groovy:35)
	at java.base/jdk.internal.reflect.NativeMethodAccessorImpl.invoke0(Native Method)
	at java.base/jdk.internal.reflect.NativeMethodAccessorImpl.invoke(NativeMethodAccessorImpl.java:77)
	at java.base/jdk.internal.reflect.DelegatingMethodAccessorImpl.invoke(DelegatingMethodAccessorImpl.java:43)

2026-01-27 23:14:04.375 ERROR c.k.katalon.core.main.TestCaseExecutor   - ❌ Test Cases/ProhanceWeb/LogOut_Page/LogOut FAILED.
Reason:
com.kms.katalon.core.exception.StepErrorException: Logout Failure : Unable to wait for object 'Object Repository/LogoutOR/userProfileIcon' to be present
	at com.kms.katalon.core.util.KeywordUtil.markError(KeywordUtil.java:67)
	at LogOut.run(LogOut:32)
	at com.kms.katalon.core.main.ScriptEngine.run(ScriptEngine.java:194)
	at com.kms.katalon.core.main.ScriptEngine.runScriptAsRawText(ScriptEngine.java:119)
	at com.kms.katalon.core.main.TestCaseExecutor.runScript(TestCaseExecutor.java:490)
	at com.kms.katalon.core.main.TestCaseExecutor.doExecute(TestCaseExecutor.java:481)
	at com.kms.katalon.core.main.TestCaseExecutor.processExecutionPhase(TestCaseExecutor.java:460)
	at com.kms.katalon.core.main.TestCaseExecutor.accessMainPhase(TestCaseExecutor.java:452)
	at com.kms.katalon.core.main.TestCaseExecutor.execute(TestCaseExecutor.java:322)
	at com.kms.katalon.core.common.CommonExecutor.accessTestCaseMainPhase(CommonExecutor.java:71)
	at com.kms.katalon.core.main.TestSuiteExecutor.accessTestSuiteMainPhase(TestSuiteExecutor.java:153)
	at com.kms.katalon.core.main.TestSuiteExecutor.execute(TestSuiteExecutor.java:110)
	at com.kms.katalon.core.main.TestCaseMain.startTestSuite(TestCaseMain.java:205)
	at TempTestSuite1769535736350.run(TempTestSuite1769535736350.groovy:35)
	at java.base/jdk.internal.reflect.NativeMethodAccessorImpl.invoke0(Native Method)
	at java.base/jdk.internal.reflect.NativeMethodAccessorImpl.invoke(NativeMethodAccessorImpl.java:77)
	at java.base/jdk.internal.reflect.DelegatingMethodAccessorImpl.invoke(DelegatingMethodAccessorImpl.java:43)

2026-01-27 23:14:04.377 INFO  c.k.katalon.core.main.TestCaseExecutor   - END Test Cases/ProhanceWeb/LogOut_Page/LogOut
2026-01-27 23:14:04.380 INFO  c.k.katalon.core.main.TestCaseExecutor   - --------------------
2026-01-27 23:14:04.381 INFO  c.k.katalon.core.main.TestCaseExecutor   - START Test Cases/ProhanceWeb/LogOut_Page/LogOut
2026-01-27 23:14:04.402 DEBUG testcase.LogOut                          - 1: try
2026-01-27 23:14:04.402 DEBUG testcase.LogOut                          - 1: waitForElementPresent(findTestObject("Object Repository/LogoutOR/userProfileIcon"), Delay)
