2026-01-29 11:04:17.155 INFO  c.k.k.c.l.logback.LogbackConfigurator    - Logback default configuration initialized from: C:\Users\gopal.s\.katalon\packages\KSE-10.4.3\configuration\org.eclipse.osgi\133\0\.cp\resources\logback\logback-execution.xml
2026-01-29 11:04:17.155 INFO  c.k.k.c.l.logback.LogbackConfigurator    - Logback custom configuration initialized from: C:\Users\gopal.s\git\ProhanceWebApplication\Include\config\log.properties
2026-01-29 11:04:20.760 INFO  c.k.katalon.core.main.TestSuiteExecutor  - START Test Suites/Login_Genaral
2026-01-29 11:04:22.076 INFO  c.k.katalon.core.main.TestSuiteExecutor  - userFullName = Gopal
2026-01-29 11:04:22.084 INFO  c.k.katalon.core.main.TestSuiteExecutor  - projectName = ProhanceWebApplication
2026-01-29 11:04:22.088 INFO  c.k.katalon.core.main.TestSuiteExecutor  - hostName = gopal.s - JAMOCHA57.jamochahq.local
2026-01-29 11:04:22.092 INFO  c.k.katalon.core.main.TestSuiteExecutor  - os = Windows 11 64bit
2026-01-29 11:04:22.092 INFO  c.k.katalon.core.main.TestSuiteExecutor  - hostAddress = 10.10.10.136
2026-01-29 11:04:22.092 INFO  c.k.katalon.core.main.TestSuiteExecutor  - katalonVersion = 10.4.3.0
2026-01-29 11:04:23.393 INFO  c.k.katalon.core.main.TestCaseExecutor   - --------------------
2026-01-29 11:04:23.395 INFO  c.k.katalon.core.main.TestCaseExecutor   - START Test Cases/ProhanceWeb/Login_Page/Login
2026-01-29 11:04:23.586 INFO  c.k.katalon.core.main.TestCaseExecutor   - userName = tsL9urF6O/D/xURRxzj/8w==
2026-01-29 11:04:23.590 INFO  c.k.katalon.core.main.TestCaseExecutor   - password = HeCM15nHKBI=
2026-01-29 11:04:24.819 DEBUG testcase.Login                           - 1: openBrowser("")
2026-01-29 11:04:25.299 INFO  c.k.k.core.webui.driver.DriverFactory    - Starting 'Chrome' driver
2026-01-29 11:04:25.361 INFO  c.k.k.core.webui.driver.DriverFactory    - Action delay is set to 0 milliseconds
Jan 29, 2026 11:05:31 AM org.openqa.selenium.devtools.CdpVersionFinder findNearestMatch
WARNING: Unable to find an exact match for CDP version 144, returning the closest version; found: 142; Please update to a Selenium version that supports CDP version 144
2026-01-29 11:05:32.522 INFO  c.k.k.core.webui.driver.DriverFactory    - sessionId = 1f4a52bf975ce612a3b7cd5a500a9369
2026-01-29 11:05:32.528 INFO  c.k.k.core.webui.driver.DriverFactory    - browser = Chrome 144.0.7559.98
2026-01-29 11:05:32.530 INFO  c.k.k.core.webui.driver.DriverFactory    - platform = Windows 11
2026-01-29 11:05:32.533 INFO  c.k.k.core.webui.driver.DriverFactory    - seleniumVersion = 4.34.0
2026-01-29 11:05:32.540 INFO  c.k.k.core.webui.driver.DriverFactory    - proxyInformation = ProxyInformation { proxyOption=NO_PROXY, proxyServerType=HTTP, username=, password=********, proxyServerAddress=, proxyServerPort=0, executionList="", isApplyToDesiredCapabilities=true }
2026-01-29 11:05:32.596 DEBUG testcase.Login                           - 2: maximizeWindow()
2026-01-29 11:05:32.711 DEBUG testcase.Login                           - 3: waitForPageLoad(Delay, CONTINUE_ON_FAILURE)
2026-01-29 11:05:33.104 DEBUG testcase.Login                           - 4: navigateToUrl(URL)
2026-01-29 11:06:18.451 DEBUG testcase.Login                           - 5: try
2026-01-29 11:06:18.462 DEBUG testcase.Login                           - 1: setEncryptedText(findTestObject("Object Repository/Login/userName"), userName)
2026-01-29 11:06:19.660 DEBUG testcase.Login                           - 2: setEncryptedText(findTestObject("Object Repository/Login/Password"), password)
2026-01-29 11:06:20.172 DEBUG testcase.Login                           - 3: waitForElementClickable(findTestObject("Object Repository/Login/login_btn"), Delay)
2026-01-29 11:06:20.638 DEBUG testcase.Login                           - 4: click(findTestObject("Object Repository/Login/login_btn"))
2026-01-29 11:06:21.223 DEBUG testcase.Login                           - 5: if (verifyElementPresent(findTestObject("Object Repository/Login/session_Distroysession"), Delay, OPTIONAL))
2026-01-29 11:06:22.014 DEBUG testcase.Login                           - 1: waitForElementClickable(findTestObject("Object Repository/Login/session_Distroysession"), Delay, OPTIONAL)
2026-01-29 11:06:22.311 DEBUG testcase.Login                           - 2: click(findTestObject("Object Repository/Login/session_Distroysession"))
2026-01-29 11:06:22.681 DEBUG testcase.Login                           - 6: if (verifyElementPresent(findTestObject("Object Repository/Common/Accept Cookies"), Delay, OPTIONAL))
2026-01-29 11:06:24.322 DEBUG testcase.Login                           - 1: waitForElementClickable(findTestObject("Object Repository/Common/Accept Cookies"), Delay, OPTIONAL)
2026-01-29 11:06:24.627 DEBUG testcase.Login                           - 2: click(findTestObject("Object Repository/Common/Accept Cookies"))
2026-01-29 11:06:25.006 DEBUG testcase.Login                           - 7: Finally
2026-01-29 11:06:25.006 DEBUG testcase.Login                           - 1: timestamp = Date().format("yyyyMMdd_HHmmss")
2026-01-29 11:06:25.023 INFO  c.k.katalon.core.main.TestCaseExecutor   - END Test Cases/ProhanceWeb/Login_Page/Login
2026-01-29 11:06:25.036 INFO  c.k.katalon.core.main.TestCaseExecutor   - --------------------
2026-01-29 11:06:25.036 INFO  c.k.katalon.core.main.TestCaseExecutor   - START Test Cases/ProhanceWeb/Organization Settings/Activity DashBoard/ActivityDashBoard
2026-01-29 11:06:25.227 INFO  c.k.katalon.core.main.TestCaseExecutor   - exportType = excel
2026-01-29 11:06:25.463 DEBUG testcase.ActivityDashBoard               - 1: explort = null
2026-01-29 11:06:25.463 DEBUG testcase.ActivityDashBoard               - 2: rows = null
2026-01-29 11:06:25.477 DEBUG testcase.ActivityDashBoard               - 3: webData = []
2026-01-29 11:06:25.477 DEBUG testcase.ActivityDashBoard               - 4: if (verifyElementPresent(findTestObject("Object Repository/Organization Settings/New Folder/Page_ProHance/a_WORK TIME"), Delay))
2026-01-29 11:06:25.771 DEBUG testcase.ActivityDashBoard               - 1: waitForElementClickable(findTestObject("Object Repository/Organization Settings/New Folder/Page_ProHance/a_WORK TIME"), Delay)
2026-01-29 11:06:26.084 DEBUG testcase.ActivityDashBoard               - 2: click(findTestObject("Object Repository/Organization Settings/New Folder/Page_ProHance/a_WORK TIME"))
2026-01-29 11:06:26.499 DEBUG testcase.ActivityDashBoard               - 3: waitForElementClickable(findTestObject("Object Repository/Organization Settings/New Folder/Page_ProHance/a_ACTIVITY DASHBOARD"), Delay)
2026-01-29 11:06:26.785 DEBUG testcase.ActivityDashBoard               - 4: click(findTestObject("Object Repository/Organization Settings/New Folder/Page_ProHance/a_ACTIVITY DASHBOARD"))
2026-01-29 11:06:27.250 DEBUG testcase.ActivityDashBoard               - 5: waitForElementClickable(findTestObject("Object Repository/Organization Settings/New Folder/Page_ProHance/First_Container"), Delay, STOP_ON_FAILURE)
2026-01-29 11:06:28.378 DEBUG testcase.ActivityDashBoard               - 6: click(findTestObject("Object Repository/Organization Settings/New Folder/Page_ProHance/First_Container"))
2026-01-29 11:06:28.958 DEBUG testcase.ActivityDashBoard               - 7: waitForPageLoad(Delay, STOP_ON_FAILURE)
2026-01-29 11:06:29.000 DEBUG testcase.ActivityDashBoard               - 8: waitForElementClickable(findTestObject("Object Repository/Organization Settings/New Folder/Page_ProHance/span_Top Applications For All Groups_drilld_ef368b"), Delay)
2026-01-29 11:06:29.566 DEBUG testcase.ActivityDashBoard               - 9: click(findTestObject("Object Repository/Organization Settings/New Folder/Page_ProHance/span_Top Applications For All Groups_drilld_ef368b"))
2026-01-29 11:06:30.160 DEBUG testcase.ActivityDashBoard               - 10: switchToWindowIndex(1)
2026-01-29 11:06:30.326 DEBUG testcase.ActivityDashBoard               - 11: waitForPageLoad(Delay, STOP_ON_FAILURE)
2026-01-29 11:06:30.414 DEBUG testcase.ActivityDashBoard               - 12: rows = com.prohancewebapplication.webtable.Table.webTableDataReader(findTestObject("Object Repository/Organization Settings/Activity DashBoard/TopApplicationWebTable/FirstDrillDown/table_Id"), findTestObject("Object Repository/Organization Settings/Activity DashBoard/TopApplicationWebTable/FirstDrillDown/table_tr"))
2026-01-29 11:06:32.359 INFO  k.k.c.m.CustomKeywordDelegatingMetaClass - com.prohancewebapplication.webtable.Table.webTableDataReader is PASSED
2026-01-29 11:06:32.359 DEBUG testcase.ActivityDashBoard               - 13: executeJavaScript("window.scrollTo(0, document.body.scrollHeight);", null)
2026-01-29 11:06:32.420 DEBUG testcase.ActivityDashBoard               - 14: com.prohancewebapplication.file.FileSizeFinder.exisitingFileDelete()
C:\Users\gopal.s\Downloads
2026-01-29 11:06:32.465 INFO  k.k.c.m.CustomKeywordDelegatingMetaClass - com.prohancewebapplication.file.FileSizeFinder.exisitingFileDelete is PASSED
2026-01-29 11:06:32.467 DEBUG testcase.ActivityDashBoard               - 15: explort = ((exportType != null)) ? exportType : false
2026-01-29 11:06:32.470 DEBUG testcase.ActivityDashBoard               - 16: browserName = getExecutedBrowser()
2026-01-29 11:06:32.472 DEBUG testcase.ActivityDashBoard               - 17: logInfo("Browser Name :" + " " + browserName)
2026-01-29 11:06:32.486 INFO  com.kms.katalon.core.util.KeywordUtil    - Browser Name : Chrome
2026-01-29 11:06:32.488 DEBUG testcase.ActivityDashBoard               - 18: xPath = com.prohanceebapplication.common.Export.export(explort)
2026-01-29 11:06:32.499 INFO  k.k.c.m.CustomKeywordDelegatingMetaClass - com.prohanceebapplication.common.Export.export is PASSED
2026-01-29 11:06:32.501 DEBUG testcase.ActivityDashBoard               - 19: out.println(xPath)
//span[.//img[@title='Export to Excel']]
2026-01-29 11:06:32.503 DEBUG testcase.ActivityDashBoard               - 20: if (xPath != null)
2026-01-29 11:06:32.507 DEBUG testcase.ActivityDashBoard               - 1: exportSpan = new com.kms.katalon.core.testobject.TestObject()
2026-01-29 11:06:32.514 DEBUG testcase.ActivityDashBoard               - 2: exportSpan.addProperty("xpath", EQUALS, xPath)
2026-01-29 11:06:32.516 DEBUG testcase.ActivityDashBoard               - 3: waitForElementPresent(exportSpan, Delay)
2026-01-29 11:06:32.811 DEBUG testcase.ActivityDashBoard               - 4: el = findWebElement(exportSpan, Delay)
2026-01-29 11:06:33.059 DEBUG testcase.ActivityDashBoard               - 5: executeJavaScript("arguments[0].scrollIntoView(true);", Arrays.asList(el))
2026-01-29 11:06:33.092 DEBUG testcase.ActivityDashBoard               - 6: executeJavaScript("arguments[0].click();", Arrays.asList(el))
2026-01-29 11:06:35.500 DEBUG testcase.ActivityDashBoard               - 21: delay(3)
2026-01-29 11:06:38.534 DEBUG testcase.ActivityDashBoard               - 22: if (rows != null)
2026-01-29 11:06:38.537 DEBUG testcase.ActivityDashBoard               - 23: com.prohancewebapplication.file.FileSizeFinder.fileSize()
2026-01-29 11:06:38.542 INFO  com.kms.katalon.core.util.KeywordUtil    - Top Applications Details Report.xlsx.crdownload 7016
2026-01-29 11:06:38.542 INFO  k.k.c.m.CustomKeywordDelegatingMetaClass - com.prohancewebapplication.file.FileSizeFinder.fileSize is PASSED
2026-01-29 11:06:38.544 DEBUG testcase.ActivityDashBoard               - 24: switchToDefaultContent()
2026-01-29 11:06:38.575 DEBUG testcase.ActivityDashBoard               - 25: closeWindowIndex(1)
2026-01-29 11:06:38.671 DEBUG testcase.ActivityDashBoard               - 26: switchToWindowIndex(0)
2026-01-29 11:06:38.703 INFO  c.k.katalon.core.main.TestCaseExecutor   - END Test Cases/ProhanceWeb/Organization Settings/Activity DashBoard/ActivityDashBoard
2026-01-29 11:06:38.707 INFO  c.k.katalon.core.main.TestCaseExecutor   - --------------------
2026-01-29 11:06:38.707 INFO  c.k.katalon.core.main.TestCaseExecutor   - START Test Cases/ProhanceWeb/LogOut_Page/LogOut
2026-01-29 11:06:38.882 DEBUG testcase.LogOut                          - 1: try
2026-01-29 11:06:38.882 DEBUG testcase.LogOut                          - 1: waitForElementPresent(findTestObject("Object Repository/Logout/userProfileIcon"), Delay)
2026-01-29 11:06:39.181 DEBUG testcase.LogOut                          - 2: click(findTestObject("Object Repository/Logout/userProfileIcon"), STOP_ON_FAILURE)
2026-01-29 11:06:39.956 DEBUG testcase.LogOut                          - 3: waitForElementPresent(findTestObject("Object Repository/Logout/logOut"), Delay)
2026-01-29 11:06:40.387 DEBUG testcase.LogOut                          - 4: click(findTestObject("Object Repository/Logout/logOut"), STOP_ON_FAILURE)
2026-01-29 11:06:41.036 INFO  c.k.katalon.core.main.TestCaseExecutor   - END Test Cases/ProhanceWeb/LogOut_Page/LogOut
2026-01-29 11:06:41.465 INFO  c.k.katalon.core.main.TestSuiteExecutor  - --------------------
2026-01-29 11:06:41.465 INFO  c.k.katalon.core.main.TestSuiteExecutor  - END Test Suites/Login_Genaral
2026-01-29 11:06:41.465 INFO  c.k.katalon.core.main.TestSuiteExecutor  - ====================
